-- The C compiler identification is GNU 13.3.0
-- The CXX compiler identification is GNU 13.3.0
-- Detecting C compiler ABI info
-- Detecting C compiler ABI info - done
-- Check for working C compiler: /usr/bin/cc - skipped
-- Detecting C compile features
-- Detecting C compile features - done
-- Detecting CXX compiler ABI info
-- Detecting CXX compiler ABI info - done
-- Check for working CXX compiler: /usr/bin/c++ - skipped
-- Detecting CXX compile features
-- Detecting CXX compile features - done
-- Found ament_cmake: 2.5.4 (/opt/ros/jazzy/share/ament_cmake/cmake)
-- Found Python3: /usr/bin/python3 (found version "3.12.3") found components: Interpreter 
-- Override CMake install command with custom implementation using symlinks instead of copying resources
-- Found rosidl_default_generators: 1.6.0 (/opt/ros/jazzy/share/rosidl_default_generators/cmake)
-- Using all available rosidl_typesupport_c: rosidl_typesupport_fastrtps_c;rosidl_typesupport_introspection_c
-- Using all available rosidl_typesupport_cpp: rosidl_typesupport_fastrtps_cpp;rosidl_typesupport_introspection_cpp
-- Found rosidl_adapter: 4.6.6 (/opt/ros/jazzy/share/rosidl_adapter/cmake)
-- Found std_msgs: 5.3.6 (/opt/ros/jazzy/share/std_msgs/cmake)
-- Found ament_cmake_ros: 0.12.0 (/opt/ros/jazzy/share/ament_cmake_ros/cmake)
-- Using all available rosidl_typesupport_c: rosidl_typesupport_fastrtps_c;rosidl_typesupport_introspection_c
-- Using all available rosidl_typesupport_cpp: rosidl_typesupport_fastrtps_cpp;rosidl_typesupport_introspection_cpp
-- Found python_cmake_module: 0.11.1 (/opt/ros/jazzy/share/python_cmake_module/cmake)
-- Found PythonExtra: /usr/bin/python3  
-- Found Python3: /usr/bin/python3 (found version "3.12.3") found components: Interpreter Development NumPy Development.Module Development.Embed 
-- Configuring done (3.0s)
-- Generating done (0.0s)
-- Build files have been written to: /home/hisham/BFMC/Brain_DEI/brain/build/utils
[  1%] Generating type hashes for ROS interfaces
[  1%] Built target ament_cmake_python_symlink_utils
running egg_info
creating utils.egg-info
writing utils.egg-info/PKG-INFO
writing dependency_links to utils.egg-info/dependency_links.txt
writing top-level names to utils.egg-info/top_level.txt
writing manifest file 'utils.egg-info/SOURCES.txt'
reading manifest file 'utils.egg-info/SOURCES.txt'
writing manifest file 'utils.egg-info/SOURCES.txt'
[  1%] Built target utils__rosidl_generator_type_description
[  2%] Generating C code for ROS interfaces
[  2%] Generating C++ code for ROS interfaces
[  2%] Built target ament_cmake_python_build_utils_egg
[  2%] Built target utils__cpp
[  3%] Building C object CMakeFiles/utils__rosidl_generator_c.dir/rosidl_generator_c/utils/msg/detail/imu__functions.c.o
[  3%] Building C object CMakeFiles/utils__rosidl_generator_c.dir/rosidl_generator_c/utils/msg/detail/localisation__functions.c.o
[  3%] Building C object CMakeFiles/utils__rosidl_generator_c.dir/rosidl_generator_c/utils/msg/detail/imu__description.c.o
[  5%] Building C object CMakeFiles/utils__rosidl_generator_c.dir/rosidl_generator_c/utils/msg/detail/localisation__description.c.o
[  5%] Building C object CMakeFiles/utils__rosidl_generator_c.dir/rosidl_generator_c/utils/msg/detail/imu__type_support.c.o
[  6%] Building C object CMakeFiles/utils__rosidl_generator_c.dir/rosidl_generator_c/utils/msg/detail/vehicles__description.c.o
[  6%] Building C object CMakeFiles/utils__rosidl_generator_c.dir/rosidl_generator_c/utils/msg/detail/vehicles__type_support.c.o
[  7%] Building C object CMakeFiles/utils__rosidl_generator_c.dir/rosidl_generator_c/utils/msg/detail/vehicles__functions.c.o
[  9%] Building C object CMakeFiles/utils__rosidl_generator_c.dir/rosidl_generator_c/utils/msg/detail/environmental__functions.c.o
[  9%] Building C object CMakeFiles/utils__rosidl_generator_c.dir/rosidl_generator_c/utils/msg/detail/localisation__type_support.c.o
[ 11%] Building C object CMakeFiles/utils__rosidl_generator_c.dir/rosidl_generator_c/utils/msg/detail/environmental__description.c.o
[ 11%] Building C object CMakeFiles/utils__rosidl_generator_c.dir/rosidl_generator_c/utils/msg/detail/environmental__type_support.c.o
[ 11%] Building C object CMakeFiles/utils__rosidl_generator_c.dir/rosidl_generator_c/utils/msg/detail/log__description.c.o
[ 13%] Building C object CMakeFiles/utils__rosidl_generator_c.dir/rosidl_generator_c/utils/msg/detail/log__functions.c.o
[ 13%] Building C object CMakeFiles/utils__rosidl_generator_c.dir/rosidl_generator_c/utils/msg/detail/log__type_support.c.o
[ 14%] Building C object CMakeFiles/utils__rosidl_generator_c.dir/rosidl_generator_c/utils/msg/detail/topic_info__description.c.o
[ 16%] Building C object CMakeFiles/utils__rosidl_generator_c.dir/rosidl_generator_c/utils/msg/detail/semaphore__functions.c.o
[ 16%] Building C object CMakeFiles/utils__rosidl_generator_c.dir/rosidl_generator_c/utils/msg/detail/topic_info__functions.c.o
[ 16%] Building C object CMakeFiles/utils__rosidl_generator_c.dir/rosidl_generator_c/utils/msg/detail/semaphore__description.c.o
[ 17%] Building C object CMakeFiles/utils__rosidl_generator_c.dir/rosidl_generator_c/utils/msg/detail/topic_info__type_support.c.o
[ 17%] Building C object CMakeFiles/utils__rosidl_generator_c.dir/rosidl_generator_c/utils/msg/detail/semaphore__type_support.c.o
[ 20%] Building C object CMakeFiles/utils__rosidl_generator_c.dir/rosidl_generator_c/utils/msg/detail/conditions__description.c.o
[ 20%] Building C object CMakeFiles/utils__rosidl_generator_c.dir/rosidl_generator_c/utils/msg/detail/conditions__type_support.c.o
[ 20%] Building C object CMakeFiles/utils__rosidl_generator_c.dir/rosidl_generator_c/utils/msg/detail/conditions__functions.c.o
[ 21%] Building C object CMakeFiles/utils__rosidl_generator_c.dir/rosidl_generator_c/utils/msg/detail/trafficsignprediction__functions.c.o
[ 22%] Building C object CMakeFiles/utils__rosidl_generator_c.dir/rosidl_generator_c/utils/msg/detail/trafficsignprediction__type_support.c.o
[ 22%] Building C object CMakeFiles/utils__rosidl_generator_c.dir/rosidl_generator_c/utils/msg/detail/trafficsignprediction__description.c.o
[ 23%] Building C object CMakeFiles/utils__rosidl_generator_c.dir/rosidl_generator_c/utils/srv/detail/subscribing__description.c.o
[ 23%] Building C object CMakeFiles/utils__rosidl_generator_c.dir/rosidl_generator_c/utils/srv/detail/subscribing__functions.c.o
[ 24%] Building C object CMakeFiles/utils__rosidl_generator_c.dir/rosidl_generator_c/utils/srv/detail/subscribing__type_support.c.o
[ 25%] Building C object CMakeFiles/utils__rosidl_generator_c.dir/rosidl_generator_c/utils/srv/detail/request_param__description.c.o
[ 25%] Building C object CMakeFiles/utils__rosidl_generator_c.dir/rosidl_generator_c/utils/srv/detail/request_param__type_support.c.o
[ 26%] Building C object CMakeFiles/utils__rosidl_generator_c.dir/rosidl_generator_c/utils/srv/detail/request_param__functions.c.o
[ 27%] Linking C shared library libutils__rosidl_generator_c.so
[ 27%] Built target utils__rosidl_generator_c
[ 31%] Generating C type support for eProsima Fast-RTPS
[ 31%] Generating C++ type support for eProsima Fast-RTPS
[ 31%] Generating C type support dispatch for ROS interfaces
[ 31%] Generating C++ introspection for ROS interfaces
[ 31%] Generating C++ type support dispatch for ROS interfaces
[ 31%] Generating C introspection for ROS interfaces
[ 34%] Building CXX object CMakeFiles/utils__rosidl_typesupport_c.dir/rosidl_typesupport_c/utils/msg/topic_info__type_support.cpp.o
[ 33%] Building CXX object CMakeFiles/utils__rosidl_typesupport_c.dir/rosidl_typesupport_c/utils/msg/environmental__type_support.cpp.o
[ 34%] Building CXX object CMakeFiles/utils__rosidl_typesupport_c.dir/rosidl_typesupport_c/utils/msg/imu__type_support.cpp.o
[ 34%] Building CXX object CMakeFiles/utils__rosidl_typesupport_c.dir/rosidl_typesupport_c/utils/msg/log__type_support.cpp.o
[ 34%] Building CXX object CMakeFiles/utils__rosidl_typesupport_c.dir/rosidl_typesupport_c/utils/msg/vehicles__type_support.cpp.o
[ 35%] Building CXX object CMakeFiles/utils__rosidl_typesupport_c.dir/rosidl_typesupport_c/utils/msg/localisation__type_support.cpp.o
[ 36%] Building CXX object CMakeFiles/utils__rosidl_typesupport_c.dir/rosidl_typesupport_c/utils/msg/semaphore__type_support.cpp.o
[ 37%] Building CXX object CMakeFiles/utils__rosidl_typesupport_cpp.dir/rosidl_typesupport_cpp/utils/msg/imu__type_support.cpp.o
[ 41%] Building CXX object CMakeFiles/utils__rosidl_typesupport_cpp.dir/rosidl_typesupport_cpp/utils/msg/localisation__type_support.cpp.o
[ 41%] Building CXX object CMakeFiles/utils__rosidl_typesupport_cpp.dir/rosidl_typesupport_cpp/utils/msg/vehicles__type_support.cpp.o
[ 39%] Building CXX object CMakeFiles/utils__rosidl_typesupport_c.dir/rosidl_typesupport_c/utils/msg/conditions__type_support.cpp.o
[ 41%] Building CXX object CMakeFiles/utils__rosidl_typesupport_c.dir/rosidl_typesupport_c/utils/msg/trafficsignprediction__type_support.cpp.o
[ 41%] Building CXX object CMakeFiles/utils__rosidl_typesupport_c.dir/rosidl_typesupport_c/utils/srv/request_param__type_support.cpp.o
[ 42%] Building CXX object CMakeFiles/utils__rosidl_typesupport_cpp.dir/rosidl_typesupport_cpp/utils/msg/environmental__type_support.cpp.o
[ 42%] Building CXX object CMakeFiles/utils__rosidl_typesupport_c.dir/rosidl_typesupport_c/utils/srv/subscribing__type_support.cpp.o
[ 43%] Building CXX object CMakeFiles/utils__rosidl_typesupport_cpp.dir/rosidl_typesupport_cpp/utils/msg/log__type_support.cpp.o
[ 44%] Building CXX object CMakeFiles/utils__rosidl_typesupport_cpp.dir/rosidl_typesupport_cpp/utils/msg/topic_info__type_support.cpp.o
[ 44%] Building CXX object CMakeFiles/utils__rosidl_typesupport_cpp.dir/rosidl_typesupport_cpp/utils/msg/semaphore__type_support.cpp.o
[ 45%] Linking CXX shared library libutils__rosidl_typesupport_c.so
[ 45%] Built target utils__rosidl_typesupport_c
[ 46%] Building CXX object CMakeFiles/utils__rosidl_typesupport_cpp.dir/rosidl_typesupport_cpp/utils/msg/conditions__type_support.cpp.o
[ 47%] Building C object CMakeFiles/utils__rosidl_typesupport_introspection_c.dir/rosidl_typesupport_introspection_c/utils/msg/detail/imu__type_support.c.o
[ 48%] Building C object CMakeFiles/utils__rosidl_typesupport_introspection_c.dir/rosidl_typesupport_introspection_c/utils/msg/detail/localisation__type_support.c.o
[ 49%] Building C object CMakeFiles/utils__rosidl_typesupport_introspection_c.dir/rosidl_typesupport_introspection_c/utils/msg/detail/vehicles__type_support.c.o
[ 49%] Building C object CMakeFiles/utils__rosidl_typesupport_introspection_c.dir/rosidl_typesupport_introspection_c/utils/msg/detail/environmental__type_support.c.o
[ 50%] Building C object CMakeFiles/utils__rosidl_typesupport_introspection_c.dir/rosidl_typesupport_introspection_c/utils/msg/detail/log__type_support.c.o
[ 51%] Building C object CMakeFiles/utils__rosidl_typesupport_introspection_c.dir/rosidl_typesupport_introspection_c/utils/msg/detail/topic_info__type_support.c.o
[ 52%] Building CXX object CMakeFiles/utils__rosidl_typesupport_cpp.dir/rosidl_typesupport_cpp/utils/msg/trafficsignprediction__type_support.cpp.o
[ 53%] Building CXX object CMakeFiles/utils__rosidl_typesupport_introspection_cpp.dir/rosidl_typesupport_introspection_cpp/utils/msg/detail/imu__type_support.cpp.o
[ 54%] Building C object CMakeFiles/utils__rosidl_typesupport_introspection_c.dir/rosidl_typesupport_introspection_c/utils/msg/detail/semaphore__type_support.c.o
[ 54%] Building C object CMakeFiles/utils__rosidl_typesupport_introspection_c.dir/rosidl_typesupport_introspection_c/utils/msg/detail/conditions__type_support.c.o
[ 55%] Building CXX object CMakeFiles/utils__rosidl_typesupport_introspection_cpp.dir/rosidl_typesupport_introspection_cpp/utils/msg/detail/localisation__type_support.cpp.o
[ 55%] Building CXX object CMakeFiles/utils__rosidl_typesupport_introspection_cpp.dir/rosidl_typesupport_introspection_cpp/utils/msg/detail/vehicles__type_support.cpp.o
[ 56%] Building CXX object CMakeFiles/utils__rosidl_typesupport_cpp.dir/rosidl_typesupport_cpp/utils/srv/subscribing__type_support.cpp.o
[ 57%] Building C object CMakeFiles/utils__rosidl_typesupport_introspection_c.dir/rosidl_typesupport_introspection_c/utils/msg/detail/trafficsignprediction__type_support.c.o
[ 57%] Building CXX object CMakeFiles/utils__rosidl_typesupport_cpp.dir/rosidl_typesupport_cpp/utils/srv/request_param__type_support.cpp.o
[ 58%] Building CXX object CMakeFiles/utils__rosidl_typesupport_introspection_cpp.dir/rosidl_typesupport_introspection_cpp/utils/msg/detail/environmental__type_support.cpp.o
[ 59%] Building CXX object CMakeFiles/utils__rosidl_typesupport_introspection_cpp.dir/rosidl_typesupport_introspection_cpp/utils/msg/detail/log__type_support.cpp.o
[ 60%] Building C object CMakeFiles/utils__rosidl_typesupport_introspection_c.dir/rosidl_typesupport_introspection_c/utils/srv/detail/subscribing__type_support.c.o
[ 61%] Building C object CMakeFiles/utils__rosidl_typesupport_introspection_c.dir/rosidl_typesupport_introspection_c/utils/srv/detail/request_param__type_support.c.o
[ 62%] Building CXX object CMakeFiles/utils__rosidl_typesupport_introspection_cpp.dir/rosidl_typesupport_introspection_cpp/utils/msg/detail/topic_info__type_support.cpp.o
[ 62%] Building CXX object CMakeFiles/utils__rosidl_typesupport_fastrtps_cpp.dir/rosidl_typesupport_fastrtps_cpp/utils/msg/detail/dds_fastrtps/imu__type_support.cpp.o
[ 62%] Linking C shared library libutils__rosidl_typesupport_introspection_c.so
[ 62%] Built target utils__rosidl_typesupport_introspection_c
[ 62%] Building CXX object CMakeFiles/utils__rosidl_typesupport_introspection_cpp.dir/rosidl_typesupport_introspection_cpp/utils/msg/detail/semaphore__type_support.cpp.o
[ 63%] Building CXX object CMakeFiles/utils__rosidl_typesupport_fastrtps_c.dir/rosidl_typesupport_fastrtps_c/utils/msg/detail/imu__type_support_c.cpp.o
[ 64%] Building CXX object CMakeFiles/utils__rosidl_typesupport_introspection_cpp.dir/rosidl_typesupport_introspection_cpp/utils/msg/detail/conditions__type_support.cpp.o
[ 64%] Building CXX object CMakeFiles/utils__rosidl_typesupport_fastrtps_c.dir/rosidl_typesupport_fastrtps_c/utils/msg/detail/localisation__type_support_c.cpp.o
[ 65%] Building CXX object CMakeFiles/utils__rosidl_typesupport_fastrtps_cpp.dir/rosidl_typesupport_fastrtps_cpp/utils/msg/detail/dds_fastrtps/localisation__type_support.cpp.o
[ 66%] Building CXX object CMakeFiles/utils__rosidl_typesupport_fastrtps_cpp.dir/rosidl_typesupport_fastrtps_cpp/utils/msg/detail/dds_fastrtps/vehicles__type_support.cpp.o
[ 67%] Building CXX object CMakeFiles/utils__rosidl_typesupport_fastrtps_cpp.dir/rosidl_typesupport_fastrtps_cpp/utils/msg/detail/dds_fastrtps/environmental__type_support.cpp.o
[ 67%] Building CXX object CMakeFiles/utils__rosidl_typesupport_fastrtps_cpp.dir/rosidl_typesupport_fastrtps_cpp/utils/msg/detail/dds_fastrtps/log__type_support.cpp.o
[ 68%] Building CXX object CMakeFiles/utils__rosidl_typesupport_fastrtps_cpp.dir/rosidl_typesupport_fastrtps_cpp/utils/msg/detail/dds_fastrtps/topic_info__type_support.cpp.o
[ 69%] Building CXX object CMakeFiles/utils__rosidl_typesupport_fastrtps_c.dir/rosidl_typesupport_fastrtps_c/utils/msg/detail/vehicles__type_support_c.cpp.o
[ 70%] Linking CXX shared library libutils__rosidl_typesupport_cpp.so
[ 71%] Building CXX object CMakeFiles/utils__rosidl_typesupport_introspection_cpp.dir/rosidl_typesupport_introspection_cpp/utils/msg/detail/trafficsignprediction__type_support.cpp.o
[ 71%] Built target utils__rosidl_typesupport_cpp
[ 72%] Building CXX object CMakeFiles/utils__rosidl_typesupport_fastrtps_c.dir/rosidl_typesupport_fastrtps_c/utils/msg/detail/environmental__type_support_c.cpp.o
[ 73%] Building CXX object CMakeFiles/utils__rosidl_typesupport_fastrtps_cpp.dir/rosidl_typesupport_fastrtps_cpp/utils/msg/detail/dds_fastrtps/semaphore__type_support.cpp.o
[ 74%] Building CXX object CMakeFiles/utils__rosidl_typesupport_fastrtps_c.dir/rosidl_typesupport_fastrtps_c/utils/msg/detail/log__type_support_c.cpp.o
[ 74%] Building CXX object CMakeFiles/utils__rosidl_typesupport_fastrtps_c.dir/rosidl_typesupport_fastrtps_c/utils/msg/detail/topic_info__type_support_c.cpp.o
[ 75%] Building CXX object CMakeFiles/utils__rosidl_typesupport_fastrtps_c.dir/rosidl_typesupport_fastrtps_c/utils/msg/detail/semaphore__type_support_c.cpp.o
[ 76%] Building CXX object CMakeFiles/utils__rosidl_typesupport_introspection_cpp.dir/rosidl_typesupport_introspection_cpp/utils/srv/detail/subscribing__type_support.cpp.o
[ 77%] Building CXX object CMakeFiles/utils__rosidl_typesupport_fastrtps_cpp.dir/rosidl_typesupport_fastrtps_cpp/utils/msg/detail/dds_fastrtps/conditions__type_support.cpp.o
[ 77%] Building CXX object CMakeFiles/utils__rosidl_typesupport_introspection_cpp.dir/rosidl_typesupport_introspection_cpp/utils/srv/detail/request_param__type_support.cpp.o
[ 78%] Building CXX object CMakeFiles/utils__rosidl_typesupport_fastrtps_c.dir/rosidl_typesupport_fastrtps_c/utils/msg/detail/conditions__type_support_c.cpp.o
[ 78%] Building CXX object CMakeFiles/utils__rosidl_typesupport_fastrtps_cpp.dir/rosidl_typesupport_fastrtps_cpp/utils/msg/detail/dds_fastrtps/trafficsignprediction__type_support.cpp.o
[ 79%] Building CXX object CMakeFiles/utils__rosidl_typesupport_fastrtps_cpp.dir/rosidl_typesupport_fastrtps_cpp/utils/srv/detail/dds_fastrtps/subscribing__type_support.cpp.o
[ 80%] Building CXX object CMakeFiles/utils__rosidl_typesupport_fastrtps_c.dir/rosidl_typesupport_fastrtps_c/utils/msg/detail/trafficsignprediction__type_support_c.cpp.o
[ 81%] Building CXX object CMakeFiles/utils__rosidl_typesupport_fastrtps_cpp.dir/rosidl_typesupport_fastrtps_cpp/utils/srv/detail/dds_fastrtps/request_param__type_support.cpp.o
[ 81%] Building CXX object CMakeFiles/utils__rosidl_typesupport_fastrtps_c.dir/rosidl_typesupport_fastrtps_c/utils/srv/detail/subscribing__type_support_c.cpp.o
[ 82%] Building CXX object CMakeFiles/utils__rosidl_typesupport_fastrtps_c.dir/rosidl_typesupport_fastrtps_c/utils/srv/detail/request_param__type_support_c.cpp.o
[ 83%] Linking CXX shared library libutils__rosidl_typesupport_introspection_cpp.so
[ 83%] Built target utils__rosidl_typesupport_introspection_cpp
[ 84%] Linking CXX shared library libutils__rosidl_typesupport_fastrtps_c.so
[ 84%] Built target utils__rosidl_typesupport_fastrtps_c
[ 85%] Linking CXX shared library libutils__rosidl_typesupport_fastrtps_cpp.so
[ 85%] Built target utils__rosidl_typesupport_fastrtps_cpp
[ 85%] Built target utils
[ 86%] Generating Python code for ROS interfaces
[ 86%] Built target utils__py
[ 89%] Building C object CMakeFiles/utils__rosidl_generator_py.dir/rosidl_generator_py/utils/msg/_environmental_s.c.o
[ 89%] Building C object CMakeFiles/utils__rosidl_generator_py.dir/rosidl_generator_py/utils/msg/_localisation_s.c.o
[ 90%] Building C object CMakeFiles/utils__rosidl_generator_py.dir/rosidl_generator_py/utils/msg/_semaphore_s.c.o
[ 90%] Building C object CMakeFiles/utils__rosidl_generator_py.dir/rosidl_generator_py/utils/msg/_log_s.c.o
[ 89%] Building C object CMakeFiles/utils__rosidl_generator_py.dir/rosidl_generator_py/utils/msg/_topic_info_s.c.o
[ 90%] Building C object CMakeFiles/utils__rosidl_generator_py.dir/rosidl_generator_py/utils/msg/_vehicles_s.c.o
[ 91%] Building C object CMakeFiles/utils__rosidl_generator_py.dir/rosidl_generator_py/utils/msg/_imu_s.c.o
[ 91%] Building C object CMakeFiles/utils__rosidl_generator_py.dir/rosidl_generator_py/utils/srv/_request_param_s.c.o
[ 92%] Building C object CMakeFiles/utils__rosidl_generator_py.dir/rosidl_generator_py/utils/msg/_conditions_s.c.o
[ 93%] Building C object CMakeFiles/utils__rosidl_generator_py.dir/rosidl_generator_py/utils/srv/_subscribing_s.c.o
[ 94%] Building C object CMakeFiles/utils__rosidl_generator_py.dir/rosidl_generator_py/utils/msg/_trafficsignprediction_s.c.o
[ 95%] Linking C shared library libutils__rosidl_generator_py.so
[ 95%] Built target utils__rosidl_generator_py
[ 96%] Building C object CMakeFiles/utils_s__rosidl_typesupport_fastrtps_c.dir/rosidl_generator_py/utils/_utils_s.ep.rosidl_typesupport_fastrtps_c.c.o
[ 96%] Building C object CMakeFiles/utils_s__rosidl_typesupport_introspection_c.dir/rosidl_generator_py/utils/_utils_s.ep.rosidl_typesupport_introspection_c.c.o
[ 97%] Building C object CMakeFiles/utils_s__rosidl_typesupport_c.dir/rosidl_generator_py/utils/_utils_s.ep.rosidl_typesupport_c.c.o
[ 98%] Linking C shared module rosidl_generator_py/utils/utils_s__rosidl_typesupport_c.so
[ 99%] Linking C shared module rosidl_generator_py/utils/utils_s__rosidl_typesupport_introspection_c.so
[100%] Linking C shared module rosidl_generator_py/utils/utils_s__rosidl_typesupport_fastrtps_c.so
[100%] Built target utils_s__rosidl_typesupport_introspection_c
[100%] Built target utils_s__rosidl_typesupport_c
[100%] Built target utils_s__rosidl_typesupport_fastrtps_c
-- Install configuration: ""
-- Execute custom install script
-- Symlinking: /home/hisham/BFMC/Brain_DEI/brain/install/utils/share/ament_index/resource_index/rosidl_interfaces/utils
-- Symlinking: /home/hisham/BFMC/Brain_DEI/brain/install/utils/share/utils/msg/IMU.json
-- Symlinking: /home/hisham/BFMC/Brain_DEI/brain/install/utils/share/utils/msg/Localisation.json
-- Symlinking: /home/hisham/BFMC/Brain_DEI/brain/install/utils/share/utils/msg/Vehicles.json
-- Symlinking: /home/hisham/BFMC/Brain_DEI/brain/install/utils/share/utils/msg/Environmental.json
-- Symlinking: /home/hisham/BFMC/Brain_DEI/brain/install/utils/share/utils/msg/Log.json
-- Symlinking: /home/hisham/BFMC/Brain_DEI/brain/install/utils/share/utils/msg/TopicInfo.json
-- Symlinking: /home/hisham/BFMC/Brain_DEI/brain/install/utils/share/utils/msg/Semaphore.json
-- Symlinking: /home/hisham/BFMC/Brain_DEI/brain/install/utils/share/utils/msg/Conditions.json
-- Symlinking: /home/hisham/BFMC/Brain_DEI/brain/install/utils/share/utils/msg/Trafficsignprediction.json
-- Symlinking: /home/hisham/BFMC/Brain_DEI/brain/install/utils/share/utils/srv/Subscribing.json
-- Symlinking: /home/hisham/BFMC/Brain_DEI/brain/install/utils/share/utils/srv/RequestParam.json
-- Symlinking: /home/hisham/BFMC/Brain_DEI/brain/install/utils/include/utils/utils/msg/conditions.h
-- Symlinking: /home/hisham/BFMC/Brain_DEI/brain/install/utils/include/utils/utils/msg/detail/conditions__functions.h
-- Symlinking: /home/hisham/BFMC/Brain_DEI/brain/install/utils/include/utils/utils/msg/detail/conditions__struct.h
-- Symlinking: /home/hisham/BFMC/Brain_DEI/brain/install/utils/include/utils/utils/msg/detail/conditions__type_support.h
-- Symlinking: /home/hisham/BFMC/Brain_DEI/brain/install/utils/include/utils/utils/msg/detail/environmental__functions.h
-- Symlinking: /home/hisham/BFMC/Brain_DEI/brain/install/utils/include/utils/utils/msg/detail/environmental__struct.h
-- Symlinking: /home/hisham/BFMC/Brain_DEI/brain/install/utils/include/utils/utils/msg/detail/environmental__type_support.h
-- Symlinking: /home/hisham/BFMC/Brain_DEI/brain/install/utils/include/utils/utils/msg/detail/imu__functions.h
-- Symlinking: /home/hisham/BFMC/Brain_DEI/brain/install/utils/include/utils/utils/msg/detail/imu__struct.h
-- Symlinking: /home/hisham/BFMC/Brain_DEI/brain/install/utils/include/utils/utils/msg/detail/imu__type_support.h
-- Symlinking: /home/hisham/BFMC/Brain_DEI/brain/install/utils/include/utils/utils/msg/detail/localisation__functions.h
-- Symlinking: /home/hisham/BFMC/Brain_DEI/brain/install/utils/include/utils/utils/msg/detail/localisation__struct.h
-- Symlinking: /home/hisham/BFMC/Brain_DEI/brain/install/utils/include/utils/utils/msg/detail/localisation__type_support.h
-- Symlinking: /home/hisham/BFMC/Brain_DEI/brain/install/utils/include/utils/utils/msg/detail/log__functions.h
-- Symlinking: /home/hisham/BFMC/Brain_DEI/brain/install/utils/include/utils/utils/msg/detail/log__struct.h
-- Symlinking: /home/hisham/BFMC/Brain_DEI/brain/install/utils/include/utils/utils/msg/detail/log__type_support.h
-- Symlinking: /home/hisham/BFMC/Brain_DEI/brain/install/utils/include/utils/utils/msg/detail/semaphore__functions.h
-- Symlinking: /home/hisham/BFMC/Brain_DEI/brain/install/utils/include/utils/utils/msg/detail/semaphore__struct.h
-- Symlinking: /home/hisham/BFMC/Brain_DEI/brain/install/utils/include/utils/utils/msg/detail/semaphore__type_support.h
-- Symlinking: /home/hisham/BFMC/Brain_DEI/brain/install/utils/include/utils/utils/msg/detail/topic_info__functions.h
-- Symlinking: /home/hisham/BFMC/Brain_DEI/brain/install/utils/include/utils/utils/msg/detail/topic_info__struct.h
-- Symlinking: /home/hisham/BFMC/Brain_DEI/brain/install/utils/include/utils/utils/msg/detail/topic_info__type_support.h
-- Symlinking: /home/hisham/BFMC/Brain_DEI/brain/install/utils/include/utils/utils/msg/detail/trafficsignprediction__functions.h
-- Symlinking: /home/hisham/BFMC/Brain_DEI/brain/install/utils/include/utils/utils/msg/detail/trafficsignprediction__struct.h
-- Symlinking: /home/hisham/BFMC/Brain_DEI/brain/install/utils/include/utils/utils/msg/detail/trafficsignprediction__type_support.h
-- Symlinking: /home/hisham/BFMC/Brain_DEI/brain/install/utils/include/utils/utils/msg/detail/vehicles__functions.h
-- Symlinking: /home/hisham/BFMC/Brain_DEI/brain/install/utils/include/utils/utils/msg/detail/vehicles__struct.h
-- Symlinking: /home/hisham/BFMC/Brain_DEI/brain/install/utils/include/utils/utils/msg/detail/vehicles__type_support.h
-- Symlinking: /home/hisham/BFMC/Brain_DEI/brain/install/utils/include/utils/utils/msg/environmental.h
-- Symlinking: /home/hisham/BFMC/Brain_DEI/brain/install/utils/include/utils/utils/msg/imu.h
-- Symlinking: /home/hisham/BFMC/Brain_DEI/brain/install/utils/include/utils/utils/msg/localisation.h
-- Symlinking: /home/hisham/BFMC/Brain_DEI/brain/install/utils/include/utils/utils/msg/log.h
-- Symlinking: /home/hisham/BFMC/Brain_DEI/brain/install/utils/include/utils/utils/msg/rosidl_generator_c__visibility_control.h
-- Symlinking: /home/hisham/BFMC/Brain_DEI/brain/install/utils/include/utils/utils/msg/semaphore.h
-- Symlinking: /home/hisham/BFMC/Brain_DEI/brain/install/utils/include/utils/utils/msg/topic_info.h
-- Symlinking: /home/hisham/BFMC/Brain_DEI/brain/install/utils/include/utils/utils/msg/trafficsignprediction.h
-- Symlinking: /home/hisham/BFMC/Brain_DEI/brain/install/utils/include/utils/utils/msg/vehicles.h
-- Symlinking: /home/hisham/BFMC/Brain_DEI/brain/install/utils/include/utils/utils/srv/detail/request_param__functions.h
-- Symlinking: /home/hisham/BFMC/Brain_DEI/brain/install/utils/include/utils/utils/srv/detail/request_param__struct.h
-- Symlinking: /home/hisham/BFMC/Brain_DEI/brain/install/utils/include/utils/utils/srv/detail/request_param__type_support.h
-- Symlinking: /home/hisham/BFMC/Brain_DEI/brain/install/utils/include/utils/utils/srv/detail/subscribing__functions.h
-- Symlinking: /home/hisham/BFMC/Brain_DEI/brain/install/utils/include/utils/utils/srv/detail/subscribing__struct.h
-- Symlinking: /home/hisham/BFMC/Brain_DEI/brain/install/utils/include/utils/utils/srv/detail/subscribing__type_support.h
-- Symlinking: /home/hisham/BFMC/Brain_DEI/brain/install/utils/include/utils/utils/srv/request_param.h
-- Symlinking: /home/hisham/BFMC/Brain_DEI/brain/install/utils/include/utils/utils/srv/subscribing.h
-- Symlinking: /home/hisham/BFMC/Brain_DEI/brain/install/utils/share/utils/environment/library_path.sh
-- Symlinking: /home/hisham/BFMC/Brain_DEI/brain/install/utils/share/utils/environment/library_path.dsv
-- Symlinking: /home/hisham/BFMC/Brain_DEI/brain/install/utils/include/utils/utils/msg/detail/conditions__rosidl_typesupport_fastrtps_c.h
-- Symlinking: /home/hisham/BFMC/Brain_DEI/brain/install/utils/include/utils/utils/msg/detail/environmental__rosidl_typesupport_fastrtps_c.h
-- Symlinking: /home/hisham/BFMC/Brain_DEI/brain/install/utils/include/utils/utils/msg/detail/imu__rosidl_typesupport_fastrtps_c.h
-- Symlinking: /home/hisham/BFMC/Brain_DEI/brain/install/utils/include/utils/utils/msg/detail/localisation__rosidl_typesupport_fastrtps_c.h
-- Symlinking: /home/hisham/BFMC/Brain_DEI/brain/install/utils/include/utils/utils/msg/detail/log__rosidl_typesupport_fastrtps_c.h
-- Symlinking: /home/hisham/BFMC/Brain_DEI/brain/install/utils/include/utils/utils/msg/detail/semaphore__rosidl_typesupport_fastrtps_c.h
-- Symlinking: /home/hisham/BFMC/Brain_DEI/brain/install/utils/include/utils/utils/msg/detail/topic_info__rosidl_typesupport_fastrtps_c.h
-- Symlinking: /home/hisham/BFMC/Brain_DEI/brain/install/utils/include/utils/utils/msg/detail/trafficsignprediction__rosidl_typesupport_fastrtps_c.h
-- Symlinking: /home/hisham/BFMC/Brain_DEI/brain/install/utils/include/utils/utils/msg/detail/vehicles__rosidl_typesupport_fastrtps_c.h
-- Symlinking: /home/hisham/BFMC/Brain_DEI/brain/install/utils/include/utils/utils/msg/rosidl_typesupport_fastrtps_c__visibility_control.h
-- Symlinking: /home/hisham/BFMC/Brain_DEI/brain/install/utils/include/utils/utils/srv/detail/request_param__rosidl_typesupport_fastrtps_c.h
-- Symlinking: /home/hisham/BFMC/Brain_DEI/brain/install/utils/include/utils/utils/srv/detail/subscribing__rosidl_typesupport_fastrtps_c.h
-- Symlinking: /home/hisham/BFMC/Brain_DEI/brain/install/utils/include/utils/utils/msg/detail/conditions__rosidl_typesupport_introspection_c.h
-- Symlinking: /home/hisham/BFMC/Brain_DEI/brain/install/utils/include/utils/utils/msg/detail/environmental__rosidl_typesupport_introspection_c.h
-- Symlinking: /home/hisham/BFMC/Brain_DEI/brain/install/utils/include/utils/utils/msg/detail/imu__rosidl_typesupport_introspection_c.h
-- Symlinking: /home/hisham/BFMC/Brain_DEI/brain/install/utils/include/utils/utils/msg/detail/localisation__rosidl_typesupport_introspection_c.h
-- Symlinking: /home/hisham/BFMC/Brain_DEI/brain/install/utils/include/utils/utils/msg/detail/log__rosidl_typesupport_introspection_c.h
-- Symlinking: /home/hisham/BFMC/Brain_DEI/brain/install/utils/include/utils/utils/msg/detail/semaphore__rosidl_typesupport_introspection_c.h
-- Symlinking: /home/hisham/BFMC/Brain_DEI/brain/install/utils/include/utils/utils/msg/detail/topic_info__rosidl_typesupport_introspection_c.h
-- Symlinking: /home/hisham/BFMC/Brain_DEI/brain/install/utils/include/utils/utils/msg/detail/trafficsignprediction__rosidl_typesupport_introspection_c.h
-- Symlinking: /home/hisham/BFMC/Brain_DEI/brain/install/utils/include/utils/utils/msg/detail/vehicles__rosidl_typesupport_introspection_c.h
-- Symlinking: /home/hisham/BFMC/Brain_DEI/brain/install/utils/include/utils/utils/msg/rosidl_typesupport_introspection_c__visibility_control.h
-- Symlinking: /home/hisham/BFMC/Brain_DEI/brain/install/utils/include/utils/utils/srv/detail/request_param__rosidl_typesupport_introspection_c.h
-- Symlinking: /home/hisham/BFMC/Brain_DEI/brain/install/utils/include/utils/utils/srv/detail/subscribing__rosidl_typesupport_introspection_c.h
-- Symlinking: /home/hisham/BFMC/Brain_DEI/brain/install/utils/include/utils/utils/msg/conditions.hpp
-- Symlinking: /home/hisham/BFMC/Brain_DEI/brain/install/utils/include/utils/utils/msg/detail/conditions__builder.hpp
-- Symlinking: /home/hisham/BFMC/Brain_DEI/brain/install/utils/include/utils/utils/msg/detail/conditions__struct.hpp
-- Symlinking: /home/hisham/BFMC/Brain_DEI/brain/install/utils/include/utils/utils/msg/detail/conditions__traits.hpp
-- Symlinking: /home/hisham/BFMC/Brain_DEI/brain/install/utils/include/utils/utils/msg/detail/conditions__type_support.hpp
-- Symlinking: /home/hisham/BFMC/Brain_DEI/brain/install/utils/include/utils/utils/msg/detail/environmental__builder.hpp
-- Symlinking: /home/hisham/BFMC/Brain_DEI/brain/install/utils/include/utils/utils/msg/detail/environmental__struct.hpp
-- Symlinking: /home/hisham/BFMC/Brain_DEI/brain/install/utils/include/utils/utils/msg/detail/environmental__traits.hpp
-- Symlinking: /home/hisham/BFMC/Brain_DEI/brain/install/utils/include/utils/utils/msg/detail/environmental__type_support.hpp
-- Symlinking: /home/hisham/BFMC/Brain_DEI/brain/install/utils/include/utils/utils/msg/detail/imu__builder.hpp
-- Symlinking: /home/hisham/BFMC/Brain_DEI/brain/install/utils/include/utils/utils/msg/detail/imu__struct.hpp
-- Symlinking: /home/hisham/BFMC/Brain_DEI/brain/install/utils/include/utils/utils/msg/detail/imu__traits.hpp
-- Symlinking: /home/hisham/BFMC/Brain_DEI/brain/install/utils/include/utils/utils/msg/detail/imu__type_support.hpp
-- Symlinking: /home/hisham/BFMC/Brain_DEI/brain/install/utils/include/utils/utils/msg/detail/localisation__builder.hpp
-- Symlinking: /home/hisham/BFMC/Brain_DEI/brain/install/utils/include/utils/utils/msg/detail/localisation__struct.hpp
-- Symlinking: /home/hisham/BFMC/Brain_DEI/brain/install/utils/include/utils/utils/msg/detail/localisation__traits.hpp
-- Symlinking: /home/hisham/BFMC/Brain_DEI/brain/install/utils/include/utils/utils/msg/detail/localisation__type_support.hpp
-- Symlinking: /home/hisham/BFMC/Brain_DEI/brain/install/utils/include/utils/utils/msg/detail/log__builder.hpp
-- Symlinking: /home/hisham/BFMC/Brain_DEI/brain/install/utils/include/utils/utils/msg/detail/log__struct.hpp
-- Symlinking: /home/hisham/BFMC/Brain_DEI/brain/install/utils/include/utils/utils/msg/detail/log__traits.hpp
-- Symlinking: /home/hisham/BFMC/Brain_DEI/brain/install/utils/include/utils/utils/msg/detail/log__type_support.hpp
-- Symlinking: /home/hisham/BFMC/Brain_DEI/brain/install/utils/include/utils/utils/msg/detail/semaphore__builder.hpp
-- Symlinking: /home/hisham/BFMC/Brain_DEI/brain/install/utils/include/utils/utils/msg/detail/semaphore__struct.hpp
-- Symlinking: /home/hisham/BFMC/Brain_DEI/brain/install/utils/include/utils/utils/msg/detail/semaphore__traits.hpp
-- Symlinking: /home/hisham/BFMC/Brain_DEI/brain/install/utils/include/utils/utils/msg/detail/semaphore__type_support.hpp
-- Symlinking: /home/hisham/BFMC/Brain_DEI/brain/install/utils/include/utils/utils/msg/detail/topic_info__builder.hpp
-- Symlinking: /home/hisham/BFMC/Brain_DEI/brain/install/utils/include/utils/utils/msg/detail/topic_info__struct.hpp
-- Symlinking: /home/hisham/BFMC/Brain_DEI/brain/install/utils/include/utils/utils/msg/detail/topic_info__traits.hpp
-- Symlinking: /home/hisham/BFMC/Brain_DEI/brain/install/utils/include/utils/utils/msg/detail/topic_info__type_support.hpp
-- Symlinking: /home/hisham/BFMC/Brain_DEI/brain/install/utils/include/utils/utils/msg/detail/trafficsignprediction__builder.hpp
-- Symlinking: /home/hisham/BFMC/Brain_DEI/brain/install/utils/include/utils/utils/msg/detail/trafficsignprediction__struct.hpp
-- Symlinking: /home/hisham/BFMC/Brain_DEI/brain/install/utils/include/utils/utils/msg/detail/trafficsignprediction__traits.hpp
-- Symlinking: /home/hisham/BFMC/Brain_DEI/brain/install/utils/include/utils/utils/msg/detail/trafficsignprediction__type_support.hpp
-- Symlinking: /home/hisham/BFMC/Brain_DEI/brain/install/utils/include/utils/utils/msg/detail/vehicles__builder.hpp
-- Symlinking: /home/hisham/BFMC/Brain_DEI/brain/install/utils/include/utils/utils/msg/detail/vehicles__struct.hpp
-- Symlinking: /home/hisham/BFMC/Brain_DEI/brain/install/utils/include/utils/utils/msg/detail/vehicles__traits.hpp
-- Symlinking: /home/hisham/BFMC/Brain_DEI/brain/install/utils/include/utils/utils/msg/detail/vehicles__type_support.hpp
-- Symlinking: /home/hisham/BFMC/Brain_DEI/brain/install/utils/include/utils/utils/msg/environmental.hpp
-- Symlinking: /home/hisham/BFMC/Brain_DEI/brain/install/utils/include/utils/utils/msg/imu.hpp
-- Symlinking: /home/hisham/BFMC/Brain_DEI/brain/install/utils/include/utils/utils/msg/localisation.hpp
-- Symlinking: /home/hisham/BFMC/Brain_DEI/brain/install/utils/include/utils/utils/msg/log.hpp
-- Symlinking: /home/hisham/BFMC/Brain_DEI/brain/install/utils/include/utils/utils/msg/rosidl_generator_cpp__visibility_control.hpp
-- Symlinking: /home/hisham/BFMC/Brain_DEI/brain/install/utils/include/utils/utils/msg/semaphore.hpp
-- Symlinking: /home/hisham/BFMC/Brain_DEI/brain/install/utils/include/utils/utils/msg/topic_info.hpp
-- Symlinking: /home/hisham/BFMC/Brain_DEI/brain/install/utils/include/utils/utils/msg/trafficsignprediction.hpp
-- Symlinking: /home/hisham/BFMC/Brain_DEI/brain/install/utils/include/utils/utils/msg/vehicles.hpp
-- Symlinking: /home/hisham/BFMC/Brain_DEI/brain/install/utils/include/utils/utils/srv/detail/request_param__builder.hpp
-- Symlinking: /home/hisham/BFMC/Brain_DEI/brain/install/utils/include/utils/utils/srv/detail/request_param__struct.hpp
-- Symlinking: /home/hisham/BFMC/Brain_DEI/brain/install/utils/include/utils/utils/srv/detail/request_param__traits.hpp
-- Symlinking: /home/hisham/BFMC/Brain_DEI/brain/install/utils/include/utils/utils/srv/detail/request_param__type_support.hpp
-- Symlinking: /home/hisham/BFMC/Brain_DEI/brain/install/utils/include/utils/utils/srv/detail/subscribing__builder.hpp
-- Symlinking: /home/hisham/BFMC/Brain_DEI/brain/install/utils/include/utils/utils/srv/detail/subscribing__struct.hpp
-- Symlinking: /home/hisham/BFMC/Brain_DEI/brain/install/utils/include/utils/utils/srv/detail/subscribing__traits.hpp
-- Symlinking: /home/hisham/BFMC/Brain_DEI/brain/install/utils/include/utils/utils/srv/detail/subscribing__type_support.hpp
-- Symlinking: /home/hisham/BFMC/Brain_DEI/brain/install/utils/include/utils/utils/srv/request_param.hpp
-- Symlinking: /home/hisham/BFMC/Brain_DEI/brain/install/utils/include/utils/utils/srv/subscribing.hpp
-- Symlinking: /home/hisham/BFMC/Brain_DEI/brain/install/utils/include/utils/utils/msg/detail/conditions__rosidl_typesupport_fastrtps_cpp.hpp
-- Symlinking: /home/hisham/BFMC/Brain_DEI/brain/install/utils/include/utils/utils/msg/detail/environmental__rosidl_typesupport_fastrtps_cpp.hpp
-- Symlinking: /home/hisham/BFMC/Brain_DEI/brain/install/utils/include/utils/utils/msg/detail/imu__rosidl_typesupport_fastrtps_cpp.hpp
-- Symlinking: /home/hisham/BFMC/Brain_DEI/brain/install/utils/include/utils/utils/msg/detail/localisation__rosidl_typesupport_fastrtps_cpp.hpp
-- Symlinking: /home/hisham/BFMC/Brain_DEI/brain/install/utils/include/utils/utils/msg/detail/log__rosidl_typesupport_fastrtps_cpp.hpp
-- Symlinking: /home/hisham/BFMC/Brain_DEI/brain/install/utils/include/utils/utils/msg/detail/semaphore__rosidl_typesupport_fastrtps_cpp.hpp
-- Symlinking: /home/hisham/BFMC/Brain_DEI/brain/install/utils/include/utils/utils/msg/detail/topic_info__rosidl_typesupport_fastrtps_cpp.hpp
-- Symlinking: /home/hisham/BFMC/Brain_DEI/brain/install/utils/include/utils/utils/msg/detail/trafficsignprediction__rosidl_typesupport_fastrtps_cpp.hpp
-- Symlinking: /home/hisham/BFMC/Brain_DEI/brain/install/utils/include/utils/utils/msg/detail/vehicles__rosidl_typesupport_fastrtps_cpp.hpp
-- Symlinking: /home/hisham/BFMC/Brain_DEI/brain/install/utils/include/utils/utils/msg/rosidl_typesupport_fastrtps_cpp__visibility_control.h
-- Symlinking: /home/hisham/BFMC/Brain_DEI/brain/install/utils/include/utils/utils/srv/detail/request_param__rosidl_typesupport_fastrtps_cpp.hpp
-- Symlinking: /home/hisham/BFMC/Brain_DEI/brain/install/utils/include/utils/utils/srv/detail/subscribing__rosidl_typesupport_fastrtps_cpp.hpp
-- Symlinking: /home/hisham/BFMC/Brain_DEI/brain/install/utils/include/utils/utils/msg/detail/conditions__rosidl_typesupport_introspection_cpp.hpp
-- Symlinking: /home/hisham/BFMC/Brain_DEI/brain/install/utils/include/utils/utils/msg/detail/environmental__rosidl_typesupport_introspection_cpp.hpp
-- Symlinking: /home/hisham/BFMC/Brain_DEI/brain/install/utils/include/utils/utils/msg/detail/imu__rosidl_typesupport_introspection_cpp.hpp
-- Symlinking: /home/hisham/BFMC/Brain_DEI/brain/install/utils/include/utils/utils/msg/detail/localisation__rosidl_typesupport_introspection_cpp.hpp
-- Symlinking: /home/hisham/BFMC/Brain_DEI/brain/install/utils/include/utils/utils/msg/detail/log__rosidl_typesupport_introspection_cpp.hpp
-- Symlinking: /home/hisham/BFMC/Brain_DEI/brain/install/utils/include/utils/utils/msg/detail/semaphore__rosidl_typesupport_introspection_cpp.hpp
-- Symlinking: /home/hisham/BFMC/Brain_DEI/brain/install/utils/include/utils/utils/msg/detail/topic_info__rosidl_typesupport_introspection_cpp.hpp
-- Symlinking: /home/hisham/BFMC/Brain_DEI/brain/install/utils/include/utils/utils/msg/detail/trafficsignprediction__rosidl_typesupport_introspection_cpp.hpp
-- Symlinking: /home/hisham/BFMC/Brain_DEI/brain/install/utils/include/utils/utils/msg/detail/vehicles__rosidl_typesupport_introspection_cpp.hpp
-- Symlinking: /home/hisham/BFMC/Brain_DEI/brain/install/utils/include/utils/utils/srv/detail/request_param__rosidl_typesupport_introspection_cpp.hpp
-- Symlinking: /home/hisham/BFMC/Brain_DEI/brain/install/utils/include/utils/utils/srv/detail/subscribing__rosidl_typesupport_introspection_cpp.hpp
-- Symlinking: /home/hisham/BFMC/Brain_DEI/brain/install/utils/share/utils/environment/pythonpath.sh
-- Symlinking: /home/hisham/BFMC/Brain_DEI/brain/install/utils/share/utils/environment/pythonpath.dsv
-- Symlinking: /home/hisham/BFMC/Brain_DEI/brain/install/utils/lib/python3.12/site-packages/utils-0.0.0-py3.12.egg-info/PKG-INFO
-- Symlinking: /home/hisham/BFMC/Brain_DEI/brain/install/utils/lib/python3.12/site-packages/utils-0.0.0-py3.12.egg-info/SOURCES.txt
-- Symlinking: /home/hisham/BFMC/Brain_DEI/brain/install/utils/lib/python3.12/site-packages/utils-0.0.0-py3.12.egg-info/dependency_links.txt
-- Symlinking: /home/hisham/BFMC/Brain_DEI/brain/install/utils/lib/python3.12/site-packages/utils-0.0.0-py3.12.egg-info/top_level.txt
-- Symlinking: /home/hisham/BFMC/Brain_DEI/brain/install/utils/lib/python3.12/site-packages/utils/__init__.py
-- Symlinking: /home/hisham/BFMC/Brain_DEI/brain/install/utils/lib/python3.12/site-packages/utils/_utils_s.ep.rosidl_typesupport_c.c
-- Symlinking: /home/hisham/BFMC/Brain_DEI/brain/install/utils/lib/python3.12/site-packages/utils/_utils_s.ep.rosidl_typesupport_fastrtps_c.c
-- Symlinking: /home/hisham/BFMC/Brain_DEI/brain/install/utils/lib/python3.12/site-packages/utils/_utils_s.ep.rosidl_typesupport_introspection_c.c
-- Symlinking: /home/hisham/BFMC/Brain_DEI/brain/install/utils/lib/python3.12/site-packages/utils/msg/__init__.py
-- Symlinking: /home/hisham/BFMC/Brain_DEI/brain/install/utils/lib/python3.12/site-packages/utils/msg/_conditions.py
-- Symlinking: /home/hisham/BFMC/Brain_DEI/brain/install/utils/lib/python3.12/site-packages/utils/msg/_conditions_s.c
-- Symlinking: /home/hisham/BFMC/Brain_DEI/brain/install/utils/lib/python3.12/site-packages/utils/msg/_environmental.py
-- Symlinking: /home/hisham/BFMC/Brain_DEI/brain/install/utils/lib/python3.12/site-packages/utils/msg/_environmental_s.c
-- Symlinking: /home/hisham/BFMC/Brain_DEI/brain/install/utils/lib/python3.12/site-packages/utils/msg/_imu.py
-- Symlinking: /home/hisham/BFMC/Brain_DEI/brain/install/utils/lib/python3.12/site-packages/utils/msg/_imu_s.c
-- Symlinking: /home/hisham/BFMC/Brain_DEI/brain/install/utils/lib/python3.12/site-packages/utils/msg/_localisation.py
-- Symlinking: /home/hisham/BFMC/Brain_DEI/brain/install/utils/lib/python3.12/site-packages/utils/msg/_localisation_s.c
-- Symlinking: /home/hisham/BFMC/Brain_DEI/brain/install/utils/lib/python3.12/site-packages/utils/msg/_log.py
-- Symlinking: /home/hisham/BFMC/Brain_DEI/brain/install/utils/lib/python3.12/site-packages/utils/msg/_log_s.c
-- Symlinking: /home/hisham/BFMC/Brain_DEI/brain/install/utils/lib/python3.12/site-packages/utils/msg/_semaphore.py
-- Symlinking: /home/hisham/BFMC/Brain_DEI/brain/install/utils/lib/python3.12/site-packages/utils/msg/_semaphore_s.c
-- Symlinking: /home/hisham/BFMC/Brain_DEI/brain/install/utils/lib/python3.12/site-packages/utils/msg/_topic_info.py
-- Symlinking: /home/hisham/BFMC/Brain_DEI/brain/install/utils/lib/python3.12/site-packages/utils/msg/_topic_info_s.c
-- Symlinking: /home/hisham/BFMC/Brain_DEI/brain/install/utils/lib/python3.12/site-packages/utils/msg/_trafficsignprediction.py
-- Symlinking: /home/hisham/BFMC/Brain_DEI/brain/install/utils/lib/python3.12/site-packages/utils/msg/_trafficsignprediction_s.c
-- Symlinking: /home/hisham/BFMC/Brain_DEI/brain/install/utils/lib/python3.12/site-packages/utils/msg/_vehicles.py
-- Symlinking: /home/hisham/BFMC/Brain_DEI/brain/install/utils/lib/python3.12/site-packages/utils/msg/_vehicles_s.c
-- Symlinking: /home/hisham/BFMC/Brain_DEI/brain/install/utils/lib/python3.12/site-packages/utils/srv/__init__.py
-- Symlinking: /home/hisham/BFMC/Brain_DEI/brain/install/utils/lib/python3.12/site-packages/utils/srv/_request_param.py
-- Symlinking: /home/hisham/BFMC/Brain_DEI/brain/install/utils/lib/python3.12/site-packages/utils/srv/_request_param_s.c
-- Symlinking: /home/hisham/BFMC/Brain_DEI/brain/install/utils/lib/python3.12/site-packages/utils/srv/_subscribing.py
-- Symlinking: /home/hisham/BFMC/Brain_DEI/brain/install/utils/lib/python3.12/site-packages/utils/srv/_subscribing_s.c
-- Symlinking: /home/hisham/BFMC/Brain_DEI/brain/install/utils/lib/python3.12/site-packages/utils/utils_s__rosidl_typesupport_c.so
-- Symlinking: /home/hisham/BFMC/Brain_DEI/brain/install/utils/lib/python3.12/site-packages/utils/utils_s__rosidl_typesupport_fastrtps_c.so
-- Symlinking: /home/hisham/BFMC/Brain_DEI/brain/install/utils/lib/python3.12/site-packages/utils/utils_s__rosidl_typesupport_introspection_c.so
-- Up-to-date symlink: /home/hisham/BFMC/Brain_DEI/brain/install/utils/lib/python3.12/site-packages/utils/utils_s__rosidl_typesupport_fastrtps_c.so
-- Up-to-date symlink: /home/hisham/BFMC/Brain_DEI/brain/install/utils/lib/python3.12/site-packages/utils/utils_s__rosidl_typesupport_introspection_c.so
-- Up-to-date symlink: /home/hisham/BFMC/Brain_DEI/brain/install/utils/lib/python3.12/site-packages/utils/utils_s__rosidl_typesupport_c.so
-- Symlinking: /home/hisham/BFMC/Brain_DEI/brain/install/utils/share/utils/msg/IMU.idl
-- Symlinking: /home/hisham/BFMC/Brain_DEI/brain/install/utils/share/utils/msg/Localisation.idl
-- Symlinking: /home/hisham/BFMC/Brain_DEI/brain/install/utils/share/utils/msg/Vehicles.idl
-- Symlinking: /home/hisham/BFMC/Brain_DEI/brain/install/utils/share/utils/msg/Environmental.idl
-- Symlinking: /home/hisham/BFMC/Brain_DEI/brain/install/utils/share/utils/msg/Log.idl
-- Symlinking: /home/hisham/BFMC/Brain_DEI/brain/install/utils/share/utils/msg/TopicInfo.idl
-- Symlinking: /home/hisham/BFMC/Brain_DEI/brain/install/utils/share/utils/msg/Semaphore.idl
-- Symlinking: /home/hisham/BFMC/Brain_DEI/brain/install/utils/share/utils/msg/Conditions.idl
-- Symlinking: /home/hisham/BFMC/Brain_DEI/brain/install/utils/share/utils/msg/Trafficsignprediction.idl
-- Symlinking: /home/hisham/BFMC/Brain_DEI/brain/install/utils/share/utils/srv/Subscribing.idl
-- Symlinking: /home/hisham/BFMC/Brain_DEI/brain/install/utils/share/utils/srv/RequestParam.idl
-- Symlinking: /home/hisham/BFMC/Brain_DEI/brain/install/utils/share/utils/msg/IMU.msg
-- Symlinking: /home/hisham/BFMC/Brain_DEI/brain/install/utils/share/utils/msg/Localisation.msg
-- Symlinking: /home/hisham/BFMC/Brain_DEI/brain/install/utils/share/utils/msg/Vehicles.msg
-- Symlinking: /home/hisham/BFMC/Brain_DEI/brain/install/utils/share/utils/msg/Environmental.msg
-- Symlinking: /home/hisham/BFMC/Brain_DEI/brain/install/utils/share/utils/msg/Log.msg
-- Symlinking: /home/hisham/BFMC/Brain_DEI/brain/install/utils/share/utils/msg/TopicInfo.msg
-- Symlinking: /home/hisham/BFMC/Brain_DEI/brain/install/utils/share/utils/msg/Semaphore.msg
-- Symlinking: /home/hisham/BFMC/Brain_DEI/brain/install/utils/share/utils/msg/Conditions.msg
-- Symlinking: /home/hisham/BFMC/Brain_DEI/brain/install/utils/share/utils/msg/Trafficsignprediction.msg
-- Symlinking: /home/hisham/BFMC/Brain_DEI/brain/install/utils/share/utils/srv/Subscribing.srv
-- Symlinking: /home/hisham/BFMC/Brain_DEI/brain/install/utils/share/utils/srv/RequestParam.srv
-- Symlinking: /home/hisham/BFMC/Brain_DEI/brain/install/utils/share/utils/launch/run_automobile.launch.py
-- Symlinking: /home/hisham/BFMC/Brain_DEI/brain/install/utils/share/ament_index/resource_index/package_run_dependencies/utils
-- Symlinking: /home/hisham/BFMC/Brain_DEI/brain/install/utils/share/ament_index/resource_index/parent_prefix_path/utils
-- Symlinking: /home/hisham/BFMC/Brain_DEI/brain/install/utils/share/utils/environment/ament_prefix_path.sh
-- Symlinking: /home/hisham/BFMC/Brain_DEI/brain/install/utils/share/utils/environment/ament_prefix_path.dsv
-- Symlinking: /home/hisham/BFMC/Brain_DEI/brain/install/utils/share/utils/environment/path.sh
-- Symlinking: /home/hisham/BFMC/Brain_DEI/brain/install/utils/share/utils/environment/path.dsv
-- Symlinking: /home/hisham/BFMC/Brain_DEI/brain/install/utils/share/utils/local_setup.bash
-- Symlinking: /home/hisham/BFMC/Brain_DEI/brain/install/utils/share/utils/local_setup.sh
-- Symlinking: /home/hisham/BFMC/Brain_DEI/brain/install/utils/share/utils/local_setup.zsh
-- Symlinking: /home/hisham/BFMC/Brain_DEI/brain/install/utils/share/utils/local_setup.dsv
-- Symlinking: /home/hisham/BFMC/Brain_DEI/brain/install/utils/share/utils/package.dsv
-- Symlinking: /home/hisham/BFMC/Brain_DEI/brain/install/utils/share/ament_index/resource_index/packages/utils
-- Symlinking: /home/hisham/BFMC/Brain_DEI/brain/install/utils/share/utils/cmake/rosidl_cmake-extras.cmake
-- Symlinking: /home/hisham/BFMC/Brain_DEI/brain/install/utils/share/utils/cmake/ament_cmake_export_dependencies-extras.cmake
-- Symlinking: /home/hisham/BFMC/Brain_DEI/brain/install/utils/share/utils/cmake/ament_cmake_export_include_directories-extras.cmake
-- Symlinking: /home/hisham/BFMC/Brain_DEI/brain/install/utils/share/utils/cmake/ament_cmake_export_libraries-extras.cmake
-- Symlinking: /home/hisham/BFMC/Brain_DEI/brain/install/utils/share/utils/cmake/ament_cmake_export_targets-extras.cmake
-- Symlinking: /home/hisham/BFMC/Brain_DEI/brain/install/utils/share/utils/cmake/rosidl_cmake_export_typesupport_targets-extras.cmake
-- Symlinking: /home/hisham/BFMC/Brain_DEI/brain/install/utils/share/utils/cmake/rosidl_cmake_export_typesupport_libraries-extras.cmake
-- Symlinking: /home/hisham/BFMC/Brain_DEI/brain/install/utils/share/utils/cmake/utilsConfig.cmake
-- Symlinking: /home/hisham/BFMC/Brain_DEI/brain/install/utils/share/utils/cmake/utilsConfig-version.cmake
-- Symlinking: /home/hisham/BFMC/Brain_DEI/brain/install/utils/share/utils/package.xml
-- Installing: /home/hisham/BFMC/Brain_DEI/brain/install/utils/lib/libutils__rosidl_generator_c.so
-- Set non-toolchain portion of runtime path of "/home/hisham/BFMC/Brain_DEI/brain/install/utils/lib/libutils__rosidl_generator_c.so" to ""
-- Installing: /home/hisham/BFMC/Brain_DEI/brain/install/utils/lib/libutils__rosidl_typesupport_fastrtps_c.so
-- Set non-toolchain portion of runtime path of "/home/hisham/BFMC/Brain_DEI/brain/install/utils/lib/libutils__rosidl_typesupport_fastrtps_c.so" to ""
-- Installing: /home/hisham/BFMC/Brain_DEI/brain/install/utils/lib/libutils__rosidl_typesupport_introspection_c.so
-- Set non-toolchain portion of runtime path of "/home/hisham/BFMC/Brain_DEI/brain/install/utils/lib/libutils__rosidl_typesupport_introspection_c.so" to ""
-- Installing: /home/hisham/BFMC/Brain_DEI/brain/install/utils/lib/libutils__rosidl_typesupport_c.so
-- Set non-toolchain portion of runtime path of "/home/hisham/BFMC/Brain_DEI/brain/install/utils/lib/libutils__rosidl_typesupport_c.so" to ""
-- Installing: /home/hisham/BFMC/Brain_DEI/brain/install/utils/lib/libutils__rosidl_typesupport_fastrtps_cpp.so
-- Set non-toolchain portion of runtime path of "/home/hisham/BFMC/Brain_DEI/brain/install/utils/lib/libutils__rosidl_typesupport_fastrtps_cpp.so" to ""
-- Installing: /home/hisham/BFMC/Brain_DEI/brain/install/utils/lib/libutils__rosidl_typesupport_introspection_cpp.so
-- Set non-toolchain portion of runtime path of "/home/hisham/BFMC/Brain_DEI/brain/install/utils/lib/libutils__rosidl_typesupport_introspection_cpp.so" to ""
-- Installing: /home/hisham/BFMC/Brain_DEI/brain/install/utils/lib/libutils__rosidl_typesupport_cpp.so
-- Set non-toolchain portion of runtime path of "/home/hisham/BFMC/Brain_DEI/brain/install/utils/lib/libutils__rosidl_typesupport_cpp.so" to ""
Listing '/home/hisham/BFMC/Brain_DEI/brain/install/utils/lib/python3.12/site-packages/utils'...
Compiling '/home/hisham/BFMC/Brain_DEI/brain/install/utils/lib/python3.12/site-packages/utils/__init__.py'...
Listing '/home/hisham/BFMC/Brain_DEI/brain/install/utils/lib/python3.12/site-packages/utils/msg'...
Compiling '/home/hisham/BFMC/Brain_DEI/brain/install/utils/lib/python3.12/site-packages/utils/msg/__init__.py'...
Compiling '/home/hisham/BFMC/Brain_DEI/brain/install/utils/lib/python3.12/site-packages/utils/msg/_conditions.py'...
Compiling '/home/hisham/BFMC/Brain_DEI/brain/install/utils/lib/python3.12/site-packages/utils/msg/_environmental.py'...
Compiling '/home/hisham/BFMC/Brain_DEI/brain/install/utils/lib/python3.12/site-packages/utils/msg/_imu.py'...
Compiling '/home/hisham/BFMC/Brain_DEI/brain/install/utils/lib/python3.12/site-packages/utils/msg/_localisation.py'...
Compiling '/home/hisham/BFMC/Brain_DEI/brain/install/utils/lib/python3.12/site-packages/utils/msg/_log.py'...
Compiling '/home/hisham/BFMC/Brain_DEI/brain/install/utils/lib/python3.12/site-packages/utils/msg/_semaphore.py'...
Compiling '/home/hisham/BFMC/Brain_DEI/brain/install/utils/lib/python3.12/site-packages/utils/msg/_topic_info.py'...
Compiling '/home/hisham/BFMC/Brain_DEI/brain/install/utils/lib/python3.12/site-packages/utils/msg/_trafficsignprediction.py'...
Compiling '/home/hisham/BFMC/Brain_DEI/brain/install/utils/lib/python3.12/site-packages/utils/msg/_vehicles.py'...
Listing '/home/hisham/BFMC/Brain_DEI/brain/install/utils/lib/python3.12/site-packages/utils/srv'...
Compiling '/home/hisham/BFMC/Brain_DEI/brain/install/utils/lib/python3.12/site-packages/utils/srv/__init__.py'...
Compiling '/home/hisham/BFMC/Brain_DEI/brain/install/utils/lib/python3.12/site-packages/utils/srv/_request_param.py'...
Compiling '/home/hisham/BFMC/Brain_DEI/brain/install/utils/lib/python3.12/site-packages/utils/srv/_subscribing.py'...
-- Installing: /home/hisham/BFMC/Brain_DEI/brain/install/utils/lib/libutils__rosidl_generator_py.so
-- Set non-toolchain portion of runtime path of "/home/hisham/BFMC/Brain_DEI/brain/install/utils/lib/libutils__rosidl_generator_py.so" to ""
-- Installing: /home/hisham/BFMC/Brain_DEI/brain/install/utils/share/utils/cmake/export_utils__rosidl_generator_cExport.cmake
-- Installing: /home/hisham/BFMC/Brain_DEI/brain/install/utils/share/utils/cmake/export_utils__rosidl_generator_cExport-noconfig.cmake
-- Installing: /home/hisham/BFMC/Brain_DEI/brain/install/utils/share/utils/cmake/export_utils__rosidl_typesupport_fastrtps_cExport.cmake
-- Installing: /home/hisham/BFMC/Brain_DEI/brain/install/utils/share/utils/cmake/export_utils__rosidl_typesupport_fastrtps_cExport-noconfig.cmake
-- Installing: /home/hisham/BFMC/Brain_DEI/brain/install/utils/share/utils/cmake/utils__rosidl_typesupport_introspection_cExport.cmake
-- Installing: /home/hisham/BFMC/Brain_DEI/brain/install/utils/share/utils/cmake/utils__rosidl_typesupport_introspection_cExport-noconfig.cmake
-- Installing: /home/hisham/BFMC/Brain_DEI/brain/install/utils/share/utils/cmake/utils__rosidl_typesupport_cExport.cmake
-- Installing: /home/hisham/BFMC/Brain_DEI/brain/install/utils/share/utils/cmake/utils__rosidl_typesupport_cExport-noconfig.cmake
-- Installing: /home/hisham/BFMC/Brain_DEI/brain/install/utils/share/utils/cmake/export_utils__rosidl_generator_cppExport.cmake
-- Installing: /home/hisham/BFMC/Brain_DEI/brain/install/utils/share/utils/cmake/export_utils__rosidl_typesupport_fastrtps_cppExport.cmake
-- Installing: /home/hisham/BFMC/Brain_DEI/brain/install/utils/share/utils/cmake/export_utils__rosidl_typesupport_fastrtps_cppExport-noconfig.cmake
-- Installing: /home/hisham/BFMC/Brain_DEI/brain/install/utils/share/utils/cmake/utils__rosidl_typesupport_introspection_cppExport.cmake
-- Installing: /home/hisham/BFMC/Brain_DEI/brain/install/utils/share/utils/cmake/utils__rosidl_typesupport_introspection_cppExport-noconfig.cmake
-- Installing: /home/hisham/BFMC/Brain_DEI/brain/install/utils/share/utils/cmake/utils__rosidl_typesupport_cppExport.cmake
-- Installing: /home/hisham/BFMC/Brain_DEI/brain/install/utils/share/utils/cmake/utils__rosidl_typesupport_cppExport-noconfig.cmake
-- Installing: /home/hisham/BFMC/Brain_DEI/brain/install/utils/share/utils/cmake/export_utils__rosidl_generator_pyExport.cmake
-- Installing: /home/hisham/BFMC/Brain_DEI/brain/install/utils/share/utils/cmake/export_utils__rosidl_generator_pyExport-noconfig.cmake
