[0.015s] Invoking command in '/home/davide-pillon/Desktop/Brain_DEII/brain/build/utils': CMAKE_PREFIX_PATH=${CMAKE_PREFIX_PATH}:/home/davide-pillon/Desktop/Brain_DEII/brain/install/unix_out:/home/davide-pillon/Desktop/Brain_DEII/brain/install/output:/home/davide-pillon/Desktop/Brain_DEII/brain/install/input:/home/davide-pillon/Desktop/Brain_DEII/brain/install/smart:/opt/ros/jazzy DEBUGINFOD_URLS=https://debuginfod.ubuntu.com /usr/bin/cmake --build /home/davide-pillon/Desktop/Brain_DEII/brain/build/utils -- -j8 -l8
[0.089s] [  1%] Built target utils__rosidl_generator_type_description
[0.100s] [  1%] Built target ament_cmake_python_copy_utils
[0.115s] [  1%] Built target utils__cpp
[0.121s] [ 27%] Built target utils__rosidl_generator_c
[0.160s] [ 37%] Built target utils__rosidl_typesupport_c
[0.161s] [ 46%] Built target utils__rosidl_typesupport_introspection_c
[0.163s] [ 56%] Built target utils__rosidl_typesupport_fastrtps_c
[0.163s] [ 66%] Built target utils__rosidl_typesupport_introspection_cpp
[0.169s] [ 75%] Built target utils__rosidl_typesupport_cpp
[0.172s] [ 85%] Built target utils__rosidl_typesupport_fastrtps_cpp
[0.195s] [ 85%] Built target utils
[0.219s] [ 86%] Built target utils__py
[0.250s] [ 95%] Built target utils__rosidl_generator_py
[0.275s] [ 97%] Built target utils_s__rosidl_typesupport_c
[0.276s] [ 98%] Built target utils_s__rosidl_typesupport_fastrtps_c
[0.283s] [100%] Built target utils_s__rosidl_typesupport_introspection_c
[0.381s] running egg_info
[0.406s] writing utils.egg-info/PKG-INFO
[0.406s] writing dependency_links to utils.egg-info/dependency_links.txt
[0.406s] writing top-level names to utils.egg-info/top_level.txt
[0.488s] reading manifest file 'utils.egg-info/SOURCES.txt'
[0.488s] writing manifest file 'utils.egg-info/SOURCES.txt'
[0.547s] [100%] Built target ament_cmake_python_build_utils_egg
[0.578s] Invoked command in '/home/davide-pillon/Desktop/Brain_DEII/brain/build/utils' returned '0': CMAKE_PREFIX_PATH=${CMAKE_PREFIX_PATH}:/home/davide-pillon/Desktop/Brain_DEII/brain/install/unix_out:/home/davide-pillon/Desktop/Brain_DEII/brain/install/output:/home/davide-pillon/Desktop/Brain_DEII/brain/install/input:/home/davide-pillon/Desktop/Brain_DEII/brain/install/smart:/opt/ros/jazzy DEBUGINFOD_URLS=https://debuginfod.ubuntu.com /usr/bin/cmake --build /home/davide-pillon/Desktop/Brain_DEII/brain/build/utils -- -j8 -l8
[0.613s] Invoking command in '/home/davide-pillon/Desktop/Brain_DEII/brain/build/utils': CMAKE_PREFIX_PATH=${CMAKE_PREFIX_PATH}:/home/davide-pillon/Desktop/Brain_DEII/brain/install/unix_out:/home/davide-pillon/Desktop/Brain_DEII/brain/install/output:/home/davide-pillon/Desktop/Brain_DEII/brain/install/input:/home/davide-pillon/Desktop/Brain_DEII/brain/install/smart:/opt/ros/jazzy DEBUGINFOD_URLS=https://debuginfod.ubuntu.com /usr/bin/cmake --install /home/davide-pillon/Desktop/Brain_DEII/brain/build/utils
[0.623s] -- Install configuration: ""
[0.623s] -- Up-to-date: /home/davide-pillon/Desktop/Brain_DEII/brain/install/utils/share/ament_index/resource_index/rosidl_interfaces/utils
[0.623s] -- Up-to-date: /home/davide-pillon/Desktop/Brain_DEII/brain/install/utils/share/utils/msg/IMU.json
[0.623s] -- Up-to-date: /home/davide-pillon/Desktop/Brain_DEII/brain/install/utils/share/utils/msg/Localisation.json
[0.624s] -- Up-to-date: /home/davide-pillon/Desktop/Brain_DEII/brain/install/utils/share/utils/msg/Vehicles.json
[0.624s] -- Up-to-date: /home/davide-pillon/Desktop/Brain_DEII/brain/install/utils/share/utils/msg/Environmental.json
[0.624s] -- Up-to-date: /home/davide-pillon/Desktop/Brain_DEII/brain/install/utils/share/utils/msg/Log.json
[0.624s] -- Up-to-date: /home/davide-pillon/Desktop/Brain_DEII/brain/install/utils/share/utils/msg/TopicInfo.json
[0.624s] -- Up-to-date: /home/davide-pillon/Desktop/Brain_DEII/brain/install/utils/share/utils/msg/Semaphore.json
[0.624s] -- Up-to-date: /home/davide-pillon/Desktop/Brain_DEII/brain/install/utils/share/utils/msg/Conditions.json
[0.625s] -- Up-to-date: /home/davide-pillon/Desktop/Brain_DEII/brain/install/utils/share/utils/msg/Trafficsignprediction.json
[0.625s] -- Up-to-date: /home/davide-pillon/Desktop/Brain_DEII/brain/install/utils/share/utils/srv/Subscribing.json
[0.625s] -- Up-to-date: /home/davide-pillon/Desktop/Brain_DEII/brain/install/utils/share/utils/srv/RequestParam.json
[0.625s] -- Up-to-date: /home/davide-pillon/Desktop/Brain_DEII/brain/install/utils/include/utils/utils
[0.625s] -- Up-to-date: /home/davide-pillon/Desktop/Brain_DEII/brain/install/utils/include/utils/utils/srv
[0.626s] -- Up-to-date: /home/davide-pillon/Desktop/Brain_DEII/brain/install/utils/include/utils/utils/srv/detail
[0.626s] -- Up-to-date: /home/davide-pillon/Desktop/Brain_DEII/brain/install/utils/include/utils/utils/srv/detail/subscribing__type_support.h
[0.626s] -- Up-to-date: /home/davide-pillon/Desktop/Brain_DEII/brain/install/utils/include/utils/utils/srv/detail/request_param__functions.c
[0.626s] -- Up-to-date: /home/davide-pillon/Desktop/Brain_DEII/brain/install/utils/include/utils/utils/srv/detail/subscribing__type_support.c
[0.626s] -- Installing: /home/davide-pillon/Desktop/Brain_DEII/brain/install/utils/include/utils/utils/srv/detail/request_param__type_support.c
[0.627s] -- Up-to-date: /home/davide-pillon/Desktop/Brain_DEII/brain/install/utils/include/utils/utils/srv/detail/subscribing__description.c
[0.627s] -- Up-to-date: /home/davide-pillon/Desktop/Brain_DEII/brain/install/utils/include/utils/utils/srv/detail/request_param__type_support.h
[0.627s] -- Up-to-date: /home/davide-pillon/Desktop/Brain_DEII/brain/install/utils/include/utils/utils/srv/detail/request_param__struct.h
[0.627s] -- Up-to-date: /home/davide-pillon/Desktop/Brain_DEII/brain/install/utils/include/utils/utils/srv/detail/request_param__description.c
[0.627s] -- Up-to-date: /home/davide-pillon/Desktop/Brain_DEII/brain/install/utils/include/utils/utils/srv/detail/request_param__functions.h
[0.628s] -- Up-to-date: /home/davide-pillon/Desktop/Brain_DEII/brain/install/utils/include/utils/utils/srv/detail/subscribing__functions.h
[0.628s] -- Up-to-date: /home/davide-pillon/Desktop/Brain_DEII/brain/install/utils/include/utils/utils/srv/detail/subscribing__functions.c
[0.628s] -- Up-to-date: /home/davide-pillon/Desktop/Brain_DEII/brain/install/utils/include/utils/utils/srv/detail/subscribing__struct.h
[0.628s] -- Up-to-date: /home/davide-pillon/Desktop/Brain_DEII/brain/install/utils/include/utils/utils/srv/subscribing.h
[0.628s] -- Up-to-date: /home/davide-pillon/Desktop/Brain_DEII/brain/install/utils/include/utils/utils/srv/request_param.h
[0.628s] -- Up-to-date: /home/davide-pillon/Desktop/Brain_DEII/brain/install/utils/include/utils/utils/msg
[0.628s] -- Up-to-date: /home/davide-pillon/Desktop/Brain_DEII/brain/install/utils/include/utils/utils/msg/trafficsignprediction.h
[0.628s] -- Up-to-date: /home/davide-pillon/Desktop/Brain_DEII/brain/install/utils/include/utils/utils/msg/localisation.h
[0.628s] -- Up-to-date: /home/davide-pillon/Desktop/Brain_DEII/brain/install/utils/include/utils/utils/msg/conditions.h
[0.629s] -- Up-to-date: /home/davide-pillon/Desktop/Brain_DEII/brain/install/utils/include/utils/utils/msg/imu.h
[0.629s] -- Up-to-date: /home/davide-pillon/Desktop/Brain_DEII/brain/install/utils/include/utils/utils/msg/topic_info.h
[0.629s] -- Up-to-date: /home/davide-pillon/Desktop/Brain_DEII/brain/install/utils/include/utils/utils/msg/log.h
[0.629s] -- Up-to-date: /home/davide-pillon/Desktop/Brain_DEII/brain/install/utils/include/utils/utils/msg/detail
[0.629s] -- Up-to-date: /home/davide-pillon/Desktop/Brain_DEII/brain/install/utils/include/utils/utils/msg/detail/imu__functions.c
[0.629s] -- Up-to-date: /home/davide-pillon/Desktop/Brain_DEII/brain/install/utils/include/utils/utils/msg/detail/imu__description.c
[0.629s] -- Installing: /home/davide-pillon/Desktop/Brain_DEII/brain/install/utils/include/utils/utils/msg/detail/trafficsignprediction__type_support.c
[0.629s] -- Up-to-date: /home/davide-pillon/Desktop/Brain_DEII/brain/install/utils/include/utils/utils/msg/detail/log__struct.h
[0.629s] -- Up-to-date: /home/davide-pillon/Desktop/Brain_DEII/brain/install/utils/include/utils/utils/msg/detail/semaphore__functions.h
[0.630s] -- Up-to-date: /home/davide-pillon/Desktop/Brain_DEII/brain/install/utils/include/utils/utils/msg/detail/conditions__functions.c
[0.630s] -- Up-to-date: /home/davide-pillon/Desktop/Brain_DEII/brain/install/utils/include/utils/utils/msg/detail/vehicles__type_support.h
[0.630s] -- Up-to-date: /home/davide-pillon/Desktop/Brain_DEII/brain/install/utils/include/utils/utils/msg/detail/environmental__struct.h
[0.630s] -- Up-to-date: /home/davide-pillon/Desktop/Brain_DEII/brain/install/utils/include/utils/utils/msg/detail/topic_info__description.c
[0.630s] -- Up-to-date: /home/davide-pillon/Desktop/Brain_DEII/brain/install/utils/include/utils/utils/msg/detail/topic_info__functions.h
[0.630s] -- Up-to-date: /home/davide-pillon/Desktop/Brain_DEII/brain/install/utils/include/utils/utils/msg/detail/vehicles__functions.h
[0.630s] -- Up-to-date: /home/davide-pillon/Desktop/Brain_DEII/brain/install/utils/include/utils/utils/msg/detail/trafficsignprediction__struct.h
[0.630s] -- Up-to-date: /home/davide-pillon/Desktop/Brain_DEII/brain/install/utils/include/utils/utils/msg/detail/localisation__type_support.h
[0.631s] -- Up-to-date: /home/davide-pillon/Desktop/Brain_DEII/brain/install/utils/include/utils/utils/msg/detail/imu__functions.h
[0.631s] -- Up-to-date: /home/davide-pillon/Desktop/Brain_DEII/brain/install/utils/include/utils/utils/msg/detail/trafficsignprediction__type_support.h
[0.631s] -- Installing: /home/davide-pillon/Desktop/Brain_DEII/brain/install/utils/include/utils/utils/msg/detail/localisation__type_support.c
[0.631s] -- Up-to-date: /home/davide-pillon/Desktop/Brain_DEII/brain/install/utils/include/utils/utils/msg/detail/environmental__functions.h
[0.631s] -- Installing: /home/davide-pillon/Desktop/Brain_DEII/brain/install/utils/include/utils/utils/msg/detail/environmental__type_support.c
[0.631s] -- Installing: /home/davide-pillon/Desktop/Brain_DEII/brain/install/utils/include/utils/utils/msg/detail/semaphore__type_support.c
[0.632s] -- Up-to-date: /home/davide-pillon/Desktop/Brain_DEII/brain/install/utils/include/utils/utils/msg/detail/vehicles__functions.c
[0.632s] -- Up-to-date: /home/davide-pillon/Desktop/Brain_DEII/brain/install/utils/include/utils/utils/msg/detail/conditions__functions.h
[0.632s] -- Up-to-date: /home/davide-pillon/Desktop/Brain_DEII/brain/install/utils/include/utils/utils/msg/detail/conditions__struct.h
[0.632s] -- Up-to-date: /home/davide-pillon/Desktop/Brain_DEII/brain/install/utils/include/utils/utils/msg/detail/log__functions.c
[0.632s] -- Installing: /home/davide-pillon/Desktop/Brain_DEII/brain/install/utils/include/utils/utils/msg/detail/imu__type_support.c
[0.634s] -- Up-to-date: /home/davide-pillon/Desktop/Brain_DEII/brain/install/utils/include/utils/utils/msg/detail/semaphore__type_support.h
[0.634s] -- Up-to-date: /home/davide-pillon/Desktop/Brain_DEII/brain/install/utils/include/utils/utils/msg/detail/topic_info__functions.c
[0.634s] -- Up-to-date: /home/davide-pillon/Desktop/Brain_DEII/brain/install/utils/include/utils/utils/msg/detail/topic_info__struct.h
[0.634s] -- Up-to-date: /home/davide-pillon/Desktop/Brain_DEII/brain/install/utils/include/utils/utils/msg/detail/conditions__type_support.c
[0.635s] -- Up-to-date: /home/davide-pillon/Desktop/Brain_DEII/brain/install/utils/include/utils/utils/msg/detail/environmental__description.c
[0.635s] -- Installing: /home/davide-pillon/Desktop/Brain_DEII/brain/install/utils/include/utils/utils/msg/detail/topic_info__type_support.c
[0.635s] -- Installing: /home/davide-pillon/Desktop/Brain_DEII/brain/install/utils/include/utils/utils/msg/detail/vehicles__type_support.c
[0.635s] -- Up-to-date: /home/davide-pillon/Desktop/Brain_DEII/brain/install/utils/include/utils/utils/msg/detail/environmental__type_support.h
[0.636s] -- Up-to-date: /home/davide-pillon/Desktop/Brain_DEII/brain/install/utils/include/utils/utils/msg/detail/log__type_support.h
[0.636s] -- Up-to-date: /home/davide-pillon/Desktop/Brain_DEII/brain/install/utils/include/utils/utils/msg/detail/topic_info__type_support.h
[0.636s] -- Up-to-date: /home/davide-pillon/Desktop/Brain_DEII/brain/install/utils/include/utils/utils/msg/detail/semaphore__struct.h
[0.636s] -- Up-to-date: /home/davide-pillon/Desktop/Brain_DEII/brain/install/utils/include/utils/utils/msg/detail/localisation__struct.h
[0.636s] -- Up-to-date: /home/davide-pillon/Desktop/Brain_DEII/brain/install/utils/include/utils/utils/msg/detail/localisation__functions.h
[0.636s] -- Up-to-date: /home/davide-pillon/Desktop/Brain_DEII/brain/install/utils/include/utils/utils/msg/detail/conditions__description.c
[0.636s] -- Up-to-date: /home/davide-pillon/Desktop/Brain_DEII/brain/install/utils/include/utils/utils/msg/detail/semaphore__description.c
[0.637s] -- Up-to-date: /home/davide-pillon/Desktop/Brain_DEII/brain/install/utils/include/utils/utils/msg/detail/localisation__description.c
[0.637s] -- Up-to-date: /home/davide-pillon/Desktop/Brain_DEII/brain/install/utils/include/utils/utils/msg/detail/localisation__functions.c
[0.638s] -- Up-to-date: /home/davide-pillon/Desktop/Brain_DEII/brain/install/utils/include/utils/utils/msg/detail/conditions__type_support.h
[0.638s] -- Up-to-date: /home/davide-pillon/Desktop/Brain_DEII/brain/install/utils/include/utils/utils/msg/detail/imu__struct.h
[0.638s] -- Up-to-date: /home/davide-pillon/Desktop/Brain_DEII/brain/install/utils/include/utils/utils/msg/detail/log__description.c
[0.638s] -- Up-to-date: /home/davide-pillon/Desktop/Brain_DEII/brain/install/utils/include/utils/utils/msg/detail/trafficsignprediction__functions.h
[0.638s] -- Up-to-date: /home/davide-pillon/Desktop/Brain_DEII/brain/install/utils/include/utils/utils/msg/detail/environmental__functions.c
[0.638s] -- Up-to-date: /home/davide-pillon/Desktop/Brain_DEII/brain/install/utils/include/utils/utils/msg/detail/log__functions.h
[0.638s] -- Up-to-date: /home/davide-pillon/Desktop/Brain_DEII/brain/install/utils/include/utils/utils/msg/detail/semaphore__functions.c
[0.638s] -- Up-to-date: /home/davide-pillon/Desktop/Brain_DEII/brain/install/utils/include/utils/utils/msg/detail/vehicles__description.c
[0.639s] -- Up-to-date: /home/davide-pillon/Desktop/Brain_DEII/brain/install/utils/include/utils/utils/msg/detail/imu__type_support.h
[0.639s] -- Up-to-date: /home/davide-pillon/Desktop/Brain_DEII/brain/install/utils/include/utils/utils/msg/detail/trafficsignprediction__description.c
[0.639s] -- Up-to-date: /home/davide-pillon/Desktop/Brain_DEII/brain/install/utils/include/utils/utils/msg/detail/vehicles__struct.h
[0.639s] -- Up-to-date: /home/davide-pillon/Desktop/Brain_DEII/brain/install/utils/include/utils/utils/msg/detail/trafficsignprediction__functions.c
[0.639s] -- Installing: /home/davide-pillon/Desktop/Brain_DEII/brain/install/utils/include/utils/utils/msg/detail/log__type_support.c
[0.639s] -- Up-to-date: /home/davide-pillon/Desktop/Brain_DEII/brain/install/utils/include/utils/utils/msg/environmental.h
[0.639s] -- Up-to-date: /home/davide-pillon/Desktop/Brain_DEII/brain/install/utils/include/utils/utils/msg/rosidl_generator_c__visibility_control.h
[0.640s] -- Up-to-date: /home/davide-pillon/Desktop/Brain_DEII/brain/install/utils/include/utils/utils/msg/semaphore.h
[0.640s] -- Up-to-date: /home/davide-pillon/Desktop/Brain_DEII/brain/install/utils/include/utils/utils/msg/vehicles.h
[0.640s] -- Up-to-date: /home/davide-pillon/Desktop/Brain_DEII/brain/install/utils/share/utils/environment/library_path.dsv
[0.640s] -- Up-to-date: /home/davide-pillon/Desktop/Brain_DEII/brain/install/utils/lib/libutils__rosidl_generator_c.so
[0.640s] -- Up-to-date: /home/davide-pillon/Desktop/Brain_DEII/brain/install/utils/include/utils/utils
[0.640s] -- Up-to-date: /home/davide-pillon/Desktop/Brain_DEII/brain/install/utils/include/utils/utils/srv
[0.640s] -- Up-to-date: /home/davide-pillon/Desktop/Brain_DEII/brain/install/utils/include/utils/utils/srv/detail
[0.641s] -- Up-to-date: /home/davide-pillon/Desktop/Brain_DEII/brain/install/utils/include/utils/utils/srv/detail/subscribing__rosidl_typesupport_fastrtps_c.h
[0.641s] -- Up-to-date: /home/davide-pillon/Desktop/Brain_DEII/brain/install/utils/include/utils/utils/srv/detail/request_param__rosidl_typesupport_fastrtps_c.h
[0.641s] -- Up-to-date: /home/davide-pillon/Desktop/Brain_DEII/brain/install/utils/include/utils/utils/msg
[0.641s] -- Up-to-date: /home/davide-pillon/Desktop/Brain_DEII/brain/install/utils/include/utils/utils/msg/rosidl_typesupport_fastrtps_c__visibility_control.h
[0.641s] -- Up-to-date: /home/davide-pillon/Desktop/Brain_DEII/brain/install/utils/include/utils/utils/msg/detail
[0.641s] -- Up-to-date: /home/davide-pillon/Desktop/Brain_DEII/brain/install/utils/include/utils/utils/msg/detail/semaphore__rosidl_typesupport_fastrtps_c.h
[0.641s] -- Up-to-date: /home/davide-pillon/Desktop/Brain_DEII/brain/install/utils/include/utils/utils/msg/detail/localisation__rosidl_typesupport_fastrtps_c.h
[0.641s] -- Up-to-date: /home/davide-pillon/Desktop/Brain_DEII/brain/install/utils/include/utils/utils/msg/detail/log__rosidl_typesupport_fastrtps_c.h
[0.641s] -- Up-to-date: /home/davide-pillon/Desktop/Brain_DEII/brain/install/utils/include/utils/utils/msg/detail/trafficsignprediction__rosidl_typesupport_fastrtps_c.h
[0.641s] -- Up-to-date: /home/davide-pillon/Desktop/Brain_DEII/brain/install/utils/include/utils/utils/msg/detail/topic_info__rosidl_typesupport_fastrtps_c.h
[0.642s] -- Up-to-date: /home/davide-pillon/Desktop/Brain_DEII/brain/install/utils/include/utils/utils/msg/detail/vehicles__rosidl_typesupport_fastrtps_c.h
[0.642s] -- Up-to-date: /home/davide-pillon/Desktop/Brain_DEII/brain/install/utils/include/utils/utils/msg/detail/conditions__rosidl_typesupport_fastrtps_c.h
[0.642s] -- Up-to-date: /home/davide-pillon/Desktop/Brain_DEII/brain/install/utils/include/utils/utils/msg/detail/imu__rosidl_typesupport_fastrtps_c.h
[0.642s] -- Up-to-date: /home/davide-pillon/Desktop/Brain_DEII/brain/install/utils/include/utils/utils/msg/detail/environmental__rosidl_typesupport_fastrtps_c.h
[0.642s] -- Up-to-date: /home/davide-pillon/Desktop/Brain_DEII/brain/install/utils/lib/libutils__rosidl_typesupport_fastrtps_c.so
[0.642s] -- Up-to-date: /home/davide-pillon/Desktop/Brain_DEII/brain/install/utils/include/utils/utils
[0.642s] -- Up-to-date: /home/davide-pillon/Desktop/Brain_DEII/brain/install/utils/include/utils/utils/srv
[0.642s] -- Up-to-date: /home/davide-pillon/Desktop/Brain_DEII/brain/install/utils/include/utils/utils/srv/detail
[0.642s] -- Up-to-date: /home/davide-pillon/Desktop/Brain_DEII/brain/install/utils/include/utils/utils/srv/detail/subscribing__type_support.c
[0.642s] -- Installing: /home/davide-pillon/Desktop/Brain_DEII/brain/install/utils/include/utils/utils/srv/detail/request_param__type_support.c
[0.643s] -- Up-to-date: /home/davide-pillon/Desktop/Brain_DEII/brain/install/utils/include/utils/utils/srv/detail/subscribing__rosidl_typesupport_introspection_c.h
[0.643s] -- Up-to-date: /home/davide-pillon/Desktop/Brain_DEII/brain/install/utils/include/utils/utils/srv/detail/request_param__rosidl_typesupport_introspection_c.h
[0.643s] -- Up-to-date: /home/davide-pillon/Desktop/Brain_DEII/brain/install/utils/include/utils/utils/msg
[0.643s] -- Up-to-date: /home/davide-pillon/Desktop/Brain_DEII/brain/install/utils/include/utils/utils/msg/rosidl_typesupport_introspection_c__visibility_control.h
[0.643s] -- Up-to-date: /home/davide-pillon/Desktop/Brain_DEII/brain/install/utils/include/utils/utils/msg/detail
[0.643s] -- Up-to-date: /home/davide-pillon/Desktop/Brain_DEII/brain/install/utils/include/utils/utils/msg/detail/environmental__rosidl_typesupport_introspection_c.h
[0.643s] -- Installing: /home/davide-pillon/Desktop/Brain_DEII/brain/install/utils/include/utils/utils/msg/detail/trafficsignprediction__type_support.c
[0.643s] -- Up-to-date: /home/davide-pillon/Desktop/Brain_DEII/brain/install/utils/include/utils/utils/msg/detail/conditions__rosidl_typesupport_introspection_c.h
[0.643s] -- Installing: /home/davide-pillon/Desktop/Brain_DEII/brain/install/utils/include/utils/utils/msg/detail/localisation__type_support.c
[0.644s] -- Installing: /home/davide-pillon/Desktop/Brain_DEII/brain/install/utils/include/utils/utils/msg/detail/environmental__type_support.c
[0.644s] -- Installing: /home/davide-pillon/Desktop/Brain_DEII/brain/install/utils/include/utils/utils/msg/detail/semaphore__type_support.c
[0.644s] -- Up-to-date: /home/davide-pillon/Desktop/Brain_DEII/brain/install/utils/include/utils/utils/msg/detail/log__rosidl_typesupport_introspection_c.h
[0.644s] -- Installing: /home/davide-pillon/Desktop/Brain_DEII/brain/install/utils/include/utils/utils/msg/detail/imu__type_support.c
[0.644s] -- Up-to-date: /home/davide-pillon/Desktop/Brain_DEII/brain/install/utils/include/utils/utils/msg/detail/conditions__type_support.c
[0.644s] -- Installing: /home/davide-pillon/Desktop/Brain_DEII/brain/install/utils/include/utils/utils/msg/detail/topic_info__type_support.c
[0.644s] -- Installing: /home/davide-pillon/Desktop/Brain_DEII/brain/install/utils/include/utils/utils/msg/detail/vehicles__type_support.c
[0.644s] -- Up-to-date: /home/davide-pillon/Desktop/Brain_DEII/brain/install/utils/include/utils/utils/msg/detail/semaphore__rosidl_typesupport_introspection_c.h
[0.644s] -- Up-to-date: /home/davide-pillon/Desktop/Brain_DEII/brain/install/utils/include/utils/utils/msg/detail/trafficsignprediction__rosidl_typesupport_introspection_c.h
[0.644s] -- Up-to-date: /home/davide-pillon/Desktop/Brain_DEII/brain/install/utils/include/utils/utils/msg/detail/vehicles__rosidl_typesupport_introspection_c.h
[0.644s] -- Up-to-date: /home/davide-pillon/Desktop/Brain_DEII/brain/install/utils/include/utils/utils/msg/detail/localisation__rosidl_typesupport_introspection_c.h
[0.645s] -- Up-to-date: /home/davide-pillon/Desktop/Brain_DEII/brain/install/utils/include/utils/utils/msg/detail/topic_info__rosidl_typesupport_introspection_c.h
[0.645s] -- Installing: /home/davide-pillon/Desktop/Brain_DEII/brain/install/utils/include/utils/utils/msg/detail/log__type_support.c
[0.645s] -- Up-to-date: /home/davide-pillon/Desktop/Brain_DEII/brain/install/utils/include/utils/utils/msg/detail/imu__rosidl_typesupport_introspection_c.h
[0.645s] -- Up-to-date: /home/davide-pillon/Desktop/Brain_DEII/brain/install/utils/lib/libutils__rosidl_typesupport_introspection_c.so
[0.645s] -- Up-to-date: /home/davide-pillon/Desktop/Brain_DEII/brain/install/utils/lib/libutils__rosidl_typesupport_c.so
[0.645s] -- Up-to-date: /home/davide-pillon/Desktop/Brain_DEII/brain/install/utils/include/utils/utils
[0.645s] -- Up-to-date: /home/davide-pillon/Desktop/Brain_DEII/brain/install/utils/include/utils/utils/srv
[0.645s] -- Up-to-date: /home/davide-pillon/Desktop/Brain_DEII/brain/install/utils/include/utils/utils/srv/request_param.hpp
[0.645s] -- Up-to-date: /home/davide-pillon/Desktop/Brain_DEII/brain/install/utils/include/utils/utils/srv/subscribing.hpp
[0.645s] -- Up-to-date: /home/davide-pillon/Desktop/Brain_DEII/brain/install/utils/include/utils/utils/srv/detail
[0.646s] -- Up-to-date: /home/davide-pillon/Desktop/Brain_DEII/brain/install/utils/include/utils/utils/srv/detail/request_param__struct.hpp
[0.646s] -- Up-to-date: /home/davide-pillon/Desktop/Brain_DEII/brain/install/utils/include/utils/utils/srv/detail/subscribing__struct.hpp
[0.646s] -- Up-to-date: /home/davide-pillon/Desktop/Brain_DEII/brain/install/utils/include/utils/utils/srv/detail/request_param__type_support.hpp
[0.646s] -- Up-to-date: /home/davide-pillon/Desktop/Brain_DEII/brain/install/utils/include/utils/utils/srv/detail/request_param__builder.hpp
[0.646s] -- Up-to-date: /home/davide-pillon/Desktop/Brain_DEII/brain/install/utils/include/utils/utils/srv/detail/subscribing__builder.hpp
[0.646s] -- Up-to-date: /home/davide-pillon/Desktop/Brain_DEII/brain/install/utils/include/utils/utils/srv/detail/subscribing__traits.hpp
[0.646s] -- Up-to-date: /home/davide-pillon/Desktop/Brain_DEII/brain/install/utils/include/utils/utils/srv/detail/subscribing__type_support.hpp
[0.646s] -- Up-to-date: /home/davide-pillon/Desktop/Brain_DEII/brain/install/utils/include/utils/utils/srv/detail/request_param__traits.hpp
[0.646s] -- Up-to-date: /home/davide-pillon/Desktop/Brain_DEII/brain/install/utils/include/utils/utils/msg
[0.646s] -- Up-to-date: /home/davide-pillon/Desktop/Brain_DEII/brain/install/utils/include/utils/utils/msg/environmental.hpp
[0.646s] -- Up-to-date: /home/davide-pillon/Desktop/Brain_DEII/brain/install/utils/include/utils/utils/msg/conditions.hpp
[0.647s] -- Up-to-date: /home/davide-pillon/Desktop/Brain_DEII/brain/install/utils/include/utils/utils/msg/localisation.hpp
[0.647s] -- Up-to-date: /home/davide-pillon/Desktop/Brain_DEII/brain/install/utils/include/utils/utils/msg/semaphore.hpp
[0.647s] -- Up-to-date: /home/davide-pillon/Desktop/Brain_DEII/brain/install/utils/include/utils/utils/msg/vehicles.hpp
[0.647s] -- Up-to-date: /home/davide-pillon/Desktop/Brain_DEII/brain/install/utils/include/utils/utils/msg/detail
[0.647s] -- Up-to-date: /home/davide-pillon/Desktop/Brain_DEII/brain/install/utils/include/utils/utils/msg/detail/environmental__traits.hpp
[0.647s] -- Up-to-date: /home/davide-pillon/Desktop/Brain_DEII/brain/install/utils/include/utils/utils/msg/detail/environmental__struct.hpp
[0.647s] -- Up-to-date: /home/davide-pillon/Desktop/Brain_DEII/brain/install/utils/include/utils/utils/msg/detail/imu__type_support.hpp
[0.647s] -- Up-to-date: /home/davide-pillon/Desktop/Brain_DEII/brain/install/utils/include/utils/utils/msg/detail/semaphore__struct.hpp
[0.647s] -- Up-to-date: /home/davide-pillon/Desktop/Brain_DEII/brain/install/utils/include/utils/utils/msg/detail/semaphore__traits.hpp
[0.647s] -- Up-to-date: /home/davide-pillon/Desktop/Brain_DEII/brain/install/utils/include/utils/utils/msg/detail/localisation__struct.hpp
[0.648s] -- Up-to-date: /home/davide-pillon/Desktop/Brain_DEII/brain/install/utils/include/utils/utils/msg/detail/log__type_support.hpp
[0.648s] -- Up-to-date: /home/davide-pillon/Desktop/Brain_DEII/brain/install/utils/include/utils/utils/msg/detail/imu__builder.hpp
[0.648s] -- Up-to-date: /home/davide-pillon/Desktop/Brain_DEII/brain/install/utils/include/utils/utils/msg/detail/conditions__traits.hpp
[0.648s] -- Up-to-date: /home/davide-pillon/Desktop/Brain_DEII/brain/install/utils/include/utils/utils/msg/detail/vehicles__traits.hpp
[0.648s] -- Up-to-date: /home/davide-pillon/Desktop/Brain_DEII/brain/install/utils/include/utils/utils/msg/detail/semaphore__type_support.hpp
[0.648s] -- Up-to-date: /home/davide-pillon/Desktop/Brain_DEII/brain/install/utils/include/utils/utils/msg/detail/localisation__type_support.hpp
[0.648s] -- Up-to-date: /home/davide-pillon/Desktop/Brain_DEII/brain/install/utils/include/utils/utils/msg/detail/environmental__builder.hpp
[0.648s] -- Up-to-date: /home/davide-pillon/Desktop/Brain_DEII/brain/install/utils/include/utils/utils/msg/detail/topic_info__traits.hpp
[0.648s] -- Up-to-date: /home/davide-pillon/Desktop/Brain_DEII/brain/install/utils/include/utils/utils/msg/detail/vehicles__builder.hpp
[0.648s] -- Up-to-date: /home/davide-pillon/Desktop/Brain_DEII/brain/install/utils/include/utils/utils/msg/detail/semaphore__builder.hpp
[0.648s] -- Up-to-date: /home/davide-pillon/Desktop/Brain_DEII/brain/install/utils/include/utils/utils/msg/detail/localisation__builder.hpp
[0.649s] -- Up-to-date: /home/davide-pillon/Desktop/Brain_DEII/brain/install/utils/include/utils/utils/msg/detail/conditions__type_support.hpp
[0.649s] -- Up-to-date: /home/davide-pillon/Desktop/Brain_DEII/brain/install/utils/include/utils/utils/msg/detail/localisation__traits.hpp
[0.649s] -- Up-to-date: /home/davide-pillon/Desktop/Brain_DEII/brain/install/utils/include/utils/utils/msg/detail/topic_info__builder.hpp
[0.649s] -- Up-to-date: /home/davide-pillon/Desktop/Brain_DEII/brain/install/utils/include/utils/utils/msg/detail/trafficsignprediction__traits.hpp
[0.653s] -- Up-to-date: /home/davide-pillon/Desktop/Brain_DEII/brain/install/utils/include/utils/utils/msg/detail/environmental__type_support.hpp
[0.653s] -- Up-to-date: /home/davide-pillon/Desktop/Brain_DEII/brain/install/utils/include/utils/utils/msg/detail/topic_info__struct.hpp
[0.653s] -- Up-to-date: /home/davide-pillon/Desktop/Brain_DEII/brain/install/utils/include/utils/utils/msg/detail/topic_info__type_support.hpp
[0.654s] -- Up-to-date: /home/davide-pillon/Desktop/Brain_DEII/brain/install/utils/include/utils/utils/msg/detail/imu__struct.hpp
[0.654s] -- Up-to-date: /home/davide-pillon/Desktop/Brain_DEII/brain/install/utils/include/utils/utils/msg/detail/trafficsignprediction__builder.hpp
[0.654s] -- Up-to-date: /home/davide-pillon/Desktop/Brain_DEII/brain/install/utils/include/utils/utils/msg/detail/vehicles__struct.hpp
[0.654s] -- Up-to-date: /home/davide-pillon/Desktop/Brain_DEII/brain/install/utils/include/utils/utils/msg/detail/conditions__struct.hpp
[0.654s] -- Up-to-date: /home/davide-pillon/Desktop/Brain_DEII/brain/install/utils/include/utils/utils/msg/detail/vehicles__type_support.hpp
[0.654s] -- Up-to-date: /home/davide-pillon/Desktop/Brain_DEII/brain/install/utils/include/utils/utils/msg/detail/trafficsignprediction__struct.hpp
[0.654s] -- Up-to-date: /home/davide-pillon/Desktop/Brain_DEII/brain/install/utils/include/utils/utils/msg/detail/log__builder.hpp
[0.654s] -- Up-to-date: /home/davide-pillon/Desktop/Brain_DEII/brain/install/utils/include/utils/utils/msg/detail/imu__traits.hpp
[0.654s] -- Up-to-date: /home/davide-pillon/Desktop/Brain_DEII/brain/install/utils/include/utils/utils/msg/detail/conditions__builder.hpp
[0.655s] -- Up-to-date: /home/davide-pillon/Desktop/Brain_DEII/brain/install/utils/include/utils/utils/msg/detail/log__traits.hpp
[0.655s] -- Up-to-date: /home/davide-pillon/Desktop/Brain_DEII/brain/install/utils/include/utils/utils/msg/detail/trafficsignprediction__type_support.hpp
[0.656s] -- Up-to-date: /home/davide-pillon/Desktop/Brain_DEII/brain/install/utils/include/utils/utils/msg/detail/log__struct.hpp
[0.656s] -- Up-to-date: /home/davide-pillon/Desktop/Brain_DEII/brain/install/utils/include/utils/utils/msg/topic_info.hpp
[0.657s] -- Up-to-date: /home/davide-pillon/Desktop/Brain_DEII/brain/install/utils/include/utils/utils/msg/rosidl_generator_cpp__visibility_control.hpp
[0.657s] -- Up-to-date: /home/davide-pillon/Desktop/Brain_DEII/brain/install/utils/include/utils/utils/msg/imu.hpp
[0.657s] -- Up-to-date: /home/davide-pillon/Desktop/Brain_DEII/brain/install/utils/include/utils/utils/msg/trafficsignprediction.hpp
[0.657s] -- Up-to-date: /home/davide-pillon/Desktop/Brain_DEII/brain/install/utils/include/utils/utils/msg/log.hpp
[0.657s] -- Up-to-date: /home/davide-pillon/Desktop/Brain_DEII/brain/install/utils/include/utils/utils
[0.657s] -- Up-to-date: /home/davide-pillon/Desktop/Brain_DEII/brain/install/utils/include/utils/utils/srv
[0.657s] -- Up-to-date: /home/davide-pillon/Desktop/Brain_DEII/brain/install/utils/include/utils/utils/srv/detail
[0.657s] -- Up-to-date: /home/davide-pillon/Desktop/Brain_DEII/brain/install/utils/include/utils/utils/srv/detail/dds_fastrtps
[0.658s] -- Up-to-date: /home/davide-pillon/Desktop/Brain_DEII/brain/install/utils/include/utils/utils/srv/detail/subscribing__rosidl_typesupport_fastrtps_cpp.hpp
[0.658s] -- Up-to-date: /home/davide-pillon/Desktop/Brain_DEII/brain/install/utils/include/utils/utils/srv/detail/request_param__rosidl_typesupport_fastrtps_cpp.hpp
[0.658s] -- Up-to-date: /home/davide-pillon/Desktop/Brain_DEII/brain/install/utils/include/utils/utils/msg
[0.658s] -- Up-to-date: /home/davide-pillon/Desktop/Brain_DEII/brain/install/utils/include/utils/utils/msg/rosidl_typesupport_fastrtps_cpp__visibility_control.h
[0.658s] -- Up-to-date: /home/davide-pillon/Desktop/Brain_DEII/brain/install/utils/include/utils/utils/msg/detail
[0.658s] -- Up-to-date: /home/davide-pillon/Desktop/Brain_DEII/brain/install/utils/include/utils/utils/msg/detail/imu__rosidl_typesupport_fastrtps_cpp.hpp
[0.658s] -- Up-to-date: /home/davide-pillon/Desktop/Brain_DEII/brain/install/utils/include/utils/utils/msg/detail/conditions__rosidl_typesupport_fastrtps_cpp.hpp
[0.658s] -- Up-to-date: /home/davide-pillon/Desktop/Brain_DEII/brain/install/utils/include/utils/utils/msg/detail/vehicles__rosidl_typesupport_fastrtps_cpp.hpp
[0.658s] -- Up-to-date: /home/davide-pillon/Desktop/Brain_DEII/brain/install/utils/include/utils/utils/msg/detail/topic_info__rosidl_typesupport_fastrtps_cpp.hpp
[0.659s] -- Up-to-date: /home/davide-pillon/Desktop/Brain_DEII/brain/install/utils/include/utils/utils/msg/detail/localisation__rosidl_typesupport_fastrtps_cpp.hpp
[0.659s] -- Up-to-date: /home/davide-pillon/Desktop/Brain_DEII/brain/install/utils/include/utils/utils/msg/detail/log__rosidl_typesupport_fastrtps_cpp.hpp
[0.659s] -- Up-to-date: /home/davide-pillon/Desktop/Brain_DEII/brain/install/utils/include/utils/utils/msg/detail/trafficsignprediction__rosidl_typesupport_fastrtps_cpp.hpp
[0.659s] -- Up-to-date: /home/davide-pillon/Desktop/Brain_DEII/brain/install/utils/include/utils/utils/msg/detail/environmental__rosidl_typesupport_fastrtps_cpp.hpp
[0.659s] -- Up-to-date: /home/davide-pillon/Desktop/Brain_DEII/brain/install/utils/include/utils/utils/msg/detail/dds_fastrtps
[0.659s] -- Up-to-date: /home/davide-pillon/Desktop/Brain_DEII/brain/install/utils/include/utils/utils/msg/detail/semaphore__rosidl_typesupport_fastrtps_cpp.hpp
[0.659s] -- Up-to-date: /home/davide-pillon/Desktop/Brain_DEII/brain/install/utils/lib/libutils__rosidl_typesupport_fastrtps_cpp.so
[0.659s] -- Up-to-date: /home/davide-pillon/Desktop/Brain_DEII/brain/install/utils/include/utils/utils
[0.660s] -- Up-to-date: /home/davide-pillon/Desktop/Brain_DEII/brain/install/utils/include/utils/utils/srv
[0.660s] -- Up-to-date: /home/davide-pillon/Desktop/Brain_DEII/brain/install/utils/include/utils/utils/srv/detail
[0.660s] -- Up-to-date: /home/davide-pillon/Desktop/Brain_DEII/brain/install/utils/include/utils/utils/srv/detail/request_param__rosidl_typesupport_introspection_cpp.hpp
[0.660s] -- Up-to-date: /home/davide-pillon/Desktop/Brain_DEII/brain/install/utils/include/utils/utils/srv/detail/subscribing__rosidl_typesupport_introspection_cpp.hpp
[0.660s] -- Up-to-date: /home/davide-pillon/Desktop/Brain_DEII/brain/install/utils/include/utils/utils/srv/detail/subscribing__type_support.cpp
[0.660s] -- Up-to-date: /home/davide-pillon/Desktop/Brain_DEII/brain/install/utils/include/utils/utils/srv/detail/request_param__type_support.cpp
[0.660s] -- Up-to-date: /home/davide-pillon/Desktop/Brain_DEII/brain/install/utils/include/utils/utils/msg
[0.660s] -- Up-to-date: /home/davide-pillon/Desktop/Brain_DEII/brain/install/utils/include/utils/utils/msg/detail
[0.660s] -- Up-to-date: /home/davide-pillon/Desktop/Brain_DEII/brain/install/utils/include/utils/utils/msg/detail/environmental__type_support.cpp
[0.660s] -- Up-to-date: /home/davide-pillon/Desktop/Brain_DEII/brain/install/utils/include/utils/utils/msg/detail/imu__rosidl_typesupport_introspection_cpp.hpp
[0.661s] -- Up-to-date: /home/davide-pillon/Desktop/Brain_DEII/brain/install/utils/include/utils/utils/msg/detail/vehicles__type_support.cpp
[0.661s] -- Up-to-date: /home/davide-pillon/Desktop/Brain_DEII/brain/install/utils/include/utils/utils/msg/detail/imu__type_support.cpp
[0.661s] -- Up-to-date: /home/davide-pillon/Desktop/Brain_DEII/brain/install/utils/include/utils/utils/msg/detail/environmental__rosidl_typesupport_introspection_cpp.hpp
[0.661s] -- Up-to-date: /home/davide-pillon/Desktop/Brain_DEII/brain/install/utils/include/utils/utils/msg/detail/vehicles__rosidl_typesupport_introspection_cpp.hpp
[0.661s] -- Up-to-date: /home/davide-pillon/Desktop/Brain_DEII/brain/install/utils/include/utils/utils/msg/detail/conditions__rosidl_typesupport_introspection_cpp.hpp
[0.661s] -- Up-to-date: /home/davide-pillon/Desktop/Brain_DEII/brain/install/utils/include/utils/utils/msg/detail/topic_info__type_support.cpp
[0.661s] -- Up-to-date: /home/davide-pillon/Desktop/Brain_DEII/brain/install/utils/include/utils/utils/msg/detail/localisation__type_support.cpp
[0.661s] -- Up-to-date: /home/davide-pillon/Desktop/Brain_DEII/brain/install/utils/include/utils/utils/msg/detail/semaphore__rosidl_typesupport_introspection_cpp.hpp
[0.661s] -- Up-to-date: /home/davide-pillon/Desktop/Brain_DEII/brain/install/utils/include/utils/utils/msg/detail/conditions__type_support.cpp
[0.661s] -- Up-to-date: /home/davide-pillon/Desktop/Brain_DEII/brain/install/utils/include/utils/utils/msg/detail/log__type_support.cpp
[0.661s] -- Up-to-date: /home/davide-pillon/Desktop/Brain_DEII/brain/install/utils/include/utils/utils/msg/detail/localisation__rosidl_typesupport_introspection_cpp.hpp
[0.661s] -- Up-to-date: /home/davide-pillon/Desktop/Brain_DEII/brain/install/utils/include/utils/utils/msg/detail/semaphore__type_support.cpp
[0.661s] -- Up-to-date: /home/davide-pillon/Desktop/Brain_DEII/brain/install/utils/include/utils/utils/msg/detail/trafficsignprediction__type_support.cpp
[0.661s] -- Up-to-date: /home/davide-pillon/Desktop/Brain_DEII/brain/install/utils/include/utils/utils/msg/detail/topic_info__rosidl_typesupport_introspection_cpp.hpp
[0.662s] -- Up-to-date: /home/davide-pillon/Desktop/Brain_DEII/brain/install/utils/include/utils/utils/msg/detail/log__rosidl_typesupport_introspection_cpp.hpp
[0.662s] -- Up-to-date: /home/davide-pillon/Desktop/Brain_DEII/brain/install/utils/include/utils/utils/msg/detail/trafficsignprediction__rosidl_typesupport_introspection_cpp.hpp
[0.662s] -- Up-to-date: /home/davide-pillon/Desktop/Brain_DEII/brain/install/utils/lib/libutils__rosidl_typesupport_introspection_cpp.so
[0.662s] -- Up-to-date: /home/davide-pillon/Desktop/Brain_DEII/brain/install/utils/lib/libutils__rosidl_typesupport_cpp.so
[0.662s] -- Up-to-date: /home/davide-pillon/Desktop/Brain_DEII/brain/install/utils/share/utils/environment/pythonpath.sh
[0.662s] -- Up-to-date: /home/davide-pillon/Desktop/Brain_DEII/brain/install/utils/share/utils/environment/pythonpath.dsv
[0.662s] -- Up-to-date: /home/davide-pillon/Desktop/Brain_DEII/brain/install/utils/lib/python3.12/site-packages/utils-0.0.0-py3.12.egg-info
[0.662s] -- Installing: /home/davide-pillon/Desktop/Brain_DEII/brain/install/utils/lib/python3.12/site-packages/utils-0.0.0-py3.12.egg-info/dependency_links.txt
[0.662s] -- Installing: /home/davide-pillon/Desktop/Brain_DEII/brain/install/utils/lib/python3.12/site-packages/utils-0.0.0-py3.12.egg-info/SOURCES.txt
[0.662s] -- Installing: /home/davide-pillon/Desktop/Brain_DEII/brain/install/utils/lib/python3.12/site-packages/utils-0.0.0-py3.12.egg-info/PKG-INFO
[0.662s] -- Installing: /home/davide-pillon/Desktop/Brain_DEII/brain/install/utils/lib/python3.12/site-packages/utils-0.0.0-py3.12.egg-info/top_level.txt
[0.662s] -- Up-to-date: /home/davide-pillon/Desktop/Brain_DEII/brain/install/utils/lib/python3.12/site-packages/utils
[0.663s] -- Up-to-date: /home/davide-pillon/Desktop/Brain_DEII/brain/install/utils/lib/python3.12/site-packages/utils/utils_s__rosidl_typesupport_c.so
[0.663s] -- Up-to-date: /home/davide-pillon/Desktop/Brain_DEII/brain/install/utils/lib/python3.12/site-packages/utils/srv
[0.663s] -- Up-to-date: /home/davide-pillon/Desktop/Brain_DEII/brain/install/utils/lib/python3.12/site-packages/utils/srv/__init__.py
[0.663s] -- Up-to-date: /home/davide-pillon/Desktop/Brain_DEII/brain/install/utils/lib/python3.12/site-packages/utils/srv/_request_param_s.c
[0.663s] -- Up-to-date: /home/davide-pillon/Desktop/Brain_DEII/brain/install/utils/lib/python3.12/site-packages/utils/srv/_subscribing.py
[0.663s] -- Up-to-date: /home/davide-pillon/Desktop/Brain_DEII/brain/install/utils/lib/python3.12/site-packages/utils/srv/_request_param.py
[0.663s] -- Up-to-date: /home/davide-pillon/Desktop/Brain_DEII/brain/install/utils/lib/python3.12/site-packages/utils/srv/_subscribing_s.c
[0.663s] -- Up-to-date: /home/davide-pillon/Desktop/Brain_DEII/brain/install/utils/lib/python3.12/site-packages/utils/_utils_s.ep.rosidl_typesupport_fastrtps_c.c
[0.663s] -- Up-to-date: /home/davide-pillon/Desktop/Brain_DEII/brain/install/utils/lib/python3.12/site-packages/utils/__init__.py
[0.663s] -- Up-to-date: /home/davide-pillon/Desktop/Brain_DEII/brain/install/utils/lib/python3.12/site-packages/utils/_utils_s.ep.rosidl_typesupport_introspection_c.c
[0.663s] -- Up-to-date: /home/davide-pillon/Desktop/Brain_DEII/brain/install/utils/lib/python3.12/site-packages/utils/utils_s__rosidl_typesupport_introspection_c.so
[0.663s] -- Up-to-date: /home/davide-pillon/Desktop/Brain_DEII/brain/install/utils/lib/python3.12/site-packages/utils/utils_s__rosidl_typesupport_fastrtps_c.so
[0.663s] -- Up-to-date: /home/davide-pillon/Desktop/Brain_DEII/brain/install/utils/lib/python3.12/site-packages/utils/msg
[0.663s] -- Up-to-date: /home/davide-pillon/Desktop/Brain_DEII/brain/install/utils/lib/python3.12/site-packages/utils/msg/_localisation_s.c
[0.664s] -- Up-to-date: /home/davide-pillon/Desktop/Brain_DEII/brain/install/utils/lib/python3.12/site-packages/utils/msg/_environmental_s.c
[0.664s] -- Up-to-date: /home/davide-pillon/Desktop/Brain_DEII/brain/install/utils/lib/python3.12/site-packages/utils/msg/_imu_s.c
[0.664s] -- Up-to-date: /home/davide-pillon/Desktop/Brain_DEII/brain/install/utils/lib/python3.12/site-packages/utils/msg/_semaphore.py
[0.664s] -- Up-to-date: /home/davide-pillon/Desktop/Brain_DEII/brain/install/utils/lib/python3.12/site-packages/utils/msg/_imu.py
[0.664s] -- Up-to-date: /home/davide-pillon/Desktop/Brain_DEII/brain/install/utils/lib/python3.12/site-packages/utils/msg/__init__.py
[0.664s] -- Up-to-date: /home/davide-pillon/Desktop/Brain_DEII/brain/install/utils/lib/python3.12/site-packages/utils/msg/_localisation.py
[0.664s] -- Up-to-date: /home/davide-pillon/Desktop/Brain_DEII/brain/install/utils/lib/python3.12/site-packages/utils/msg/_environmental.py
[0.664s] -- Up-to-date: /home/davide-pillon/Desktop/Brain_DEII/brain/install/utils/lib/python3.12/site-packages/utils/msg/_trafficsignprediction_s.c
[0.664s] -- Up-to-date: /home/davide-pillon/Desktop/Brain_DEII/brain/install/utils/lib/python3.12/site-packages/utils/msg/_vehicles.py
[0.665s] -- Up-to-date: /home/davide-pillon/Desktop/Brain_DEII/brain/install/utils/lib/python3.12/site-packages/utils/msg/_topic_info.py
[0.665s] -- Up-to-date: /home/davide-pillon/Desktop/Brain_DEII/brain/install/utils/lib/python3.12/site-packages/utils/msg/_log.py
[0.665s] -- Up-to-date: /home/davide-pillon/Desktop/Brain_DEII/brain/install/utils/lib/python3.12/site-packages/utils/msg/_trafficsignprediction.py
[0.665s] -- Up-to-date: /home/davide-pillon/Desktop/Brain_DEII/brain/install/utils/lib/python3.12/site-packages/utils/msg/_semaphore_s.c
[0.665s] -- Up-to-date: /home/davide-pillon/Desktop/Brain_DEII/brain/install/utils/lib/python3.12/site-packages/utils/msg/_log_s.c
[0.665s] -- Up-to-date: /home/davide-pillon/Desktop/Brain_DEII/brain/install/utils/lib/python3.12/site-packages/utils/msg/_conditions_s.c
[0.665s] -- Up-to-date: /home/davide-pillon/Desktop/Brain_DEII/brain/install/utils/lib/python3.12/site-packages/utils/msg/_topic_info_s.c
[0.665s] -- Up-to-date: /home/davide-pillon/Desktop/Brain_DEII/brain/install/utils/lib/python3.12/site-packages/utils/msg/_conditions.py
[0.665s] -- Up-to-date: /home/davide-pillon/Desktop/Brain_DEII/brain/install/utils/lib/python3.12/site-packages/utils/msg/_vehicles_s.c
[0.665s] -- Up-to-date: /home/davide-pillon/Desktop/Brain_DEII/brain/install/utils/lib/python3.12/site-packages/utils/_utils_s.ep.rosidl_typesupport_c.c
[0.698s] Listing '/home/davide-pillon/Desktop/Brain_DEII/brain/install/utils/lib/python3.12/site-packages/utils'...
[0.698s] Listing '/home/davide-pillon/Desktop/Brain_DEII/brain/install/utils/lib/python3.12/site-packages/utils/msg'...
[0.698s] Listing '/home/davide-pillon/Desktop/Brain_DEII/brain/install/utils/lib/python3.12/site-packages/utils/srv'...
[0.704s] -- Up-to-date: /home/davide-pillon/Desktop/Brain_DEII/brain/install/utils/lib/python3.12/site-packages/utils/utils_s__rosidl_typesupport_fastrtps_c.so
[0.705s] -- Up-to-date: /home/davide-pillon/Desktop/Brain_DEII/brain/install/utils/lib/python3.12/site-packages/utils/utils_s__rosidl_typesupport_introspection_c.so
[0.705s] -- Up-to-date: /home/davide-pillon/Desktop/Brain_DEII/brain/install/utils/lib/python3.12/site-packages/utils/utils_s__rosidl_typesupport_c.so
[0.705s] -- Up-to-date: /home/davide-pillon/Desktop/Brain_DEII/brain/install/utils/lib/libutils__rosidl_generator_py.so
[0.705s] -- Up-to-date: /home/davide-pillon/Desktop/Brain_DEII/brain/install/utils/share/utils/msg/IMU.idl
[0.706s] -- Up-to-date: /home/davide-pillon/Desktop/Brain_DEII/brain/install/utils/share/utils/msg/Localisation.idl
[0.706s] -- Up-to-date: /home/davide-pillon/Desktop/Brain_DEII/brain/install/utils/share/utils/msg/Vehicles.idl
[0.706s] -- Up-to-date: /home/davide-pillon/Desktop/Brain_DEII/brain/install/utils/share/utils/msg/Environmental.idl
[0.706s] -- Up-to-date: /home/davide-pillon/Desktop/Brain_DEII/brain/install/utils/share/utils/msg/Log.idl
[0.706s] -- Up-to-date: /home/davide-pillon/Desktop/Brain_DEII/brain/install/utils/share/utils/msg/TopicInfo.idl
[0.706s] -- Up-to-date: /home/davide-pillon/Desktop/Brain_DEII/brain/install/utils/share/utils/msg/Semaphore.idl
[0.706s] -- Up-to-date: /home/davide-pillon/Desktop/Brain_DEII/brain/install/utils/share/utils/msg/Conditions.idl
[0.706s] -- Up-to-date: /home/davide-pillon/Desktop/Brain_DEII/brain/install/utils/share/utils/msg/Trafficsignprediction.idl
[0.706s] -- Up-to-date: /home/davide-pillon/Desktop/Brain_DEII/brain/install/utils/share/utils/srv/Subscribing.idl
[0.707s] -- Up-to-date: /home/davide-pillon/Desktop/Brain_DEII/brain/install/utils/share/utils/srv/RequestParam.idl
[0.707s] -- Up-to-date: /home/davide-pillon/Desktop/Brain_DEII/brain/install/utils/share/utils/msg/IMU.msg
[0.707s] -- Up-to-date: /home/davide-pillon/Desktop/Brain_DEII/brain/install/utils/share/utils/msg/Localisation.msg
[0.707s] -- Up-to-date: /home/davide-pillon/Desktop/Brain_DEII/brain/install/utils/share/utils/msg/Vehicles.msg
[0.707s] -- Up-to-date: /home/davide-pillon/Desktop/Brain_DEII/brain/install/utils/share/utils/msg/Environmental.msg
[0.707s] -- Up-to-date: /home/davide-pillon/Desktop/Brain_DEII/brain/install/utils/share/utils/msg/Log.msg
[0.707s] -- Up-to-date: /home/davide-pillon/Desktop/Brain_DEII/brain/install/utils/share/utils/msg/TopicInfo.msg
[0.707s] -- Up-to-date: /home/davide-pillon/Desktop/Brain_DEII/brain/install/utils/share/utils/msg/Semaphore.msg
[0.707s] -- Up-to-date: /home/davide-pillon/Desktop/Brain_DEII/brain/install/utils/share/utils/msg/Conditions.msg
[0.707s] -- Up-to-date: /home/davide-pillon/Desktop/Brain_DEII/brain/install/utils/share/utils/msg/Trafficsignprediction.msg
[0.708s] -- Up-to-date: /home/davide-pillon/Desktop/Brain_DEII/brain/install/utils/share/utils/srv/Subscribing.srv
[0.708s] -- Up-to-date: /home/davide-pillon/Desktop/Brain_DEII/brain/install/utils/share/utils/srv/RequestParam.srv
[0.708s] -- Up-to-date: /home/davide-pillon/Desktop/Brain_DEII/brain/install/utils/share/utils/launch
[0.708s] -- Up-to-date: /home/davide-pillon/Desktop/Brain_DEII/brain/install/utils/share/utils/launch/run_automobile.launch.py
[0.708s] -- Up-to-date: /home/davide-pillon/Desktop/Brain_DEII/brain/install/utils/share/ament_index/resource_index/package_run_dependencies/utils
[0.708s] -- Up-to-date: /home/davide-pillon/Desktop/Brain_DEII/brain/install/utils/share/ament_index/resource_index/parent_prefix_path/utils
[0.708s] -- Up-to-date: /home/davide-pillon/Desktop/Brain_DEII/brain/install/utils/share/utils/environment/ament_prefix_path.dsv
[0.708s] -- Up-to-date: /home/davide-pillon/Desktop/Brain_DEII/brain/install/utils/share/utils/environment/path.dsv
[0.708s] -- Up-to-date: /home/davide-pillon/Desktop/Brain_DEII/brain/install/utils/share/utils/local_setup.bash
[0.708s] -- Up-to-date: /home/davide-pillon/Desktop/Brain_DEII/brain/install/utils/share/utils/local_setup.sh
[0.708s] -- Up-to-date: /home/davide-pillon/Desktop/Brain_DEII/brain/install/utils/share/utils/local_setup.zsh
[0.708s] -- Up-to-date: /home/davide-pillon/Desktop/Brain_DEII/brain/install/utils/share/utils/local_setup.dsv
[0.708s] -- Installing: /home/davide-pillon/Desktop/Brain_DEII/brain/install/utils/share/utils/package.dsv
[0.709s] -- Up-to-date: /home/davide-pillon/Desktop/Brain_DEII/brain/install/utils/share/ament_index/resource_index/packages/utils
[0.709s] -- Up-to-date: /home/davide-pillon/Desktop/Brain_DEII/brain/install/utils/share/utils/cmake/export_utils__rosidl_generator_cExport.cmake
[0.709s] -- Up-to-date: /home/davide-pillon/Desktop/Brain_DEII/brain/install/utils/share/utils/cmake/export_utils__rosidl_generator_cExport-noconfig.cmake
[0.709s] -- Up-to-date: /home/davide-pillon/Desktop/Brain_DEII/brain/install/utils/share/utils/cmake/export_utils__rosidl_typesupport_fastrtps_cExport.cmake
[0.709s] -- Up-to-date: /home/davide-pillon/Desktop/Brain_DEII/brain/install/utils/share/utils/cmake/export_utils__rosidl_typesupport_fastrtps_cExport-noconfig.cmake
[0.709s] -- Up-to-date: /home/davide-pillon/Desktop/Brain_DEII/brain/install/utils/share/utils/cmake/utils__rosidl_typesupport_introspection_cExport.cmake
[0.709s] -- Up-to-date: /home/davide-pillon/Desktop/Brain_DEII/brain/install/utils/share/utils/cmake/utils__rosidl_typesupport_introspection_cExport-noconfig.cmake
[0.709s] -- Up-to-date: /home/davide-pillon/Desktop/Brain_DEII/brain/install/utils/share/utils/cmake/utils__rosidl_typesupport_cExport.cmake
[0.709s] -- Up-to-date: /home/davide-pillon/Desktop/Brain_DEII/brain/install/utils/share/utils/cmake/utils__rosidl_typesupport_cExport-noconfig.cmake
[0.709s] -- Up-to-date: /home/davide-pillon/Desktop/Brain_DEII/brain/install/utils/share/utils/cmake/export_utils__rosidl_generator_cppExport.cmake
[0.709s] -- Up-to-date: /home/davide-pillon/Desktop/Brain_DEII/brain/install/utils/share/utils/cmake/export_utils__rosidl_typesupport_fastrtps_cppExport.cmake
[0.710s] -- Up-to-date: /home/davide-pillon/Desktop/Brain_DEII/brain/install/utils/share/utils/cmake/export_utils__rosidl_typesupport_fastrtps_cppExport-noconfig.cmake
[0.710s] -- Up-to-date: /home/davide-pillon/Desktop/Brain_DEII/brain/install/utils/share/utils/cmake/utils__rosidl_typesupport_introspection_cppExport.cmake
[0.710s] -- Up-to-date: /home/davide-pillon/Desktop/Brain_DEII/brain/install/utils/share/utils/cmake/utils__rosidl_typesupport_introspection_cppExport-noconfig.cmake
[0.710s] -- Up-to-date: /home/davide-pillon/Desktop/Brain_DEII/brain/install/utils/share/utils/cmake/utils__rosidl_typesupport_cppExport.cmake
[0.710s] -- Up-to-date: /home/davide-pillon/Desktop/Brain_DEII/brain/install/utils/share/utils/cmake/utils__rosidl_typesupport_cppExport-noconfig.cmake
[0.710s] -- Up-to-date: /home/davide-pillon/Desktop/Brain_DEII/brain/install/utils/share/utils/cmake/export_utils__rosidl_generator_pyExport.cmake
[0.710s] -- Up-to-date: /home/davide-pillon/Desktop/Brain_DEII/brain/install/utils/share/utils/cmake/export_utils__rosidl_generator_pyExport-noconfig.cmake
[0.710s] -- Up-to-date: /home/davide-pillon/Desktop/Brain_DEII/brain/install/utils/share/utils/cmake/rosidl_cmake-extras.cmake
[0.710s] -- Up-to-date: /home/davide-pillon/Desktop/Brain_DEII/brain/install/utils/share/utils/cmake/ament_cmake_export_dependencies-extras.cmake
[0.710s] -- Up-to-date: /home/davide-pillon/Desktop/Brain_DEII/brain/install/utils/share/utils/cmake/ament_cmake_export_include_directories-extras.cmake
[0.710s] -- Up-to-date: /home/davide-pillon/Desktop/Brain_DEII/brain/install/utils/share/utils/cmake/ament_cmake_export_libraries-extras.cmake
[0.710s] -- Up-to-date: /home/davide-pillon/Desktop/Brain_DEII/brain/install/utils/share/utils/cmake/ament_cmake_export_targets-extras.cmake
[0.711s] -- Up-to-date: /home/davide-pillon/Desktop/Brain_DEII/brain/install/utils/share/utils/cmake/rosidl_cmake_export_typesupport_targets-extras.cmake
[0.711s] -- Up-to-date: /home/davide-pillon/Desktop/Brain_DEII/brain/install/utils/share/utils/cmake/rosidl_cmake_export_typesupport_libraries-extras.cmake
[0.711s] -- Up-to-date: /home/davide-pillon/Desktop/Brain_DEII/brain/install/utils/share/utils/cmake/utilsConfig.cmake
[0.711s] -- Up-to-date: /home/davide-pillon/Desktop/Brain_DEII/brain/install/utils/share/utils/cmake/utilsConfig-version.cmake
[0.711s] -- Up-to-date: /home/davide-pillon/Desktop/Brain_DEII/brain/install/utils/share/utils/package.xml
[0.714s] Invoked command in '/home/davide-pillon/Desktop/Brain_DEII/brain/build/utils' returned '0': CMAKE_PREFIX_PATH=${CMAKE_PREFIX_PATH}:/home/davide-pillon/Desktop/Brain_DEII/brain/install/unix_out:/home/davide-pillon/Desktop/Brain_DEII/brain/install/output:/home/davide-pillon/Desktop/Brain_DEII/brain/install/input:/home/davide-pillon/Desktop/Brain_DEII/brain/install/smart:/opt/ros/jazzy DEBUGINFOD_URLS=https://debuginfod.ubuntu.com /usr/bin/cmake --install /home/davide-pillon/Desktop/Brain_DEII/brain/build/utils
