[2.480s] Invoking command in '/uros_ws/Brain_DEI/brain/src/unix_out': PYTHONPATH=/uros_ws/Brain_DEI/brain/build/unix_out/prefix_override:/usr/lib/python3/dist-packages/colcon_core/task/python/colcon_distutils_commands:/uros_ws/Brain_DEI/brain/install/unix_out/lib/python3.12/site-packages:/uros_ws/Brain_DEI/brain/install/utils/lib/python3.12/site-packages:/uros_ws/Brain_DEI/brain/install/unix_out/lib/python3.12/site-packages:/uros_ws/Brain_DEI/brain/install/input/lib/python3.12/site-packages:/uros_ws/Brain_DEI/brain/install/smart/lib/python3.12/site-packages:/uros_ws/install/micro_ros_msgs/lib/python3.12/site-packages:/opt/ros/jazzy/lib/python3.12/site-packages /usr/bin/python3 -W ignore:setup.py install is deprecated -W ignore:easy_install command is deprecated setup.py egg_info --egg-base ../../build/unix_out build --build-base /uros_ws/Brain_DEI/brain/build/unix_out/build install --record /uros_ws/Brain_DEI/brain/build/unix_out/install.log --single-version-externally-managed install_data
[3.128s] running egg_info
[3.170s] writing ../../build/unix_out/unix_out.egg-info/PKG-INFO
[3.171s] writing dependency_links to ../../build/unix_out/unix_out.egg-info/dependency_links.txt
[3.171s] writing entry points to ../../build/unix_out/unix_out.egg-info/entry_points.txt
[3.171s] writing requirements to ../../build/unix_out/unix_out.egg-info/requires.txt
[3.172s] writing top-level names to ../../build/unix_out/unix_out.egg-info/top_level.txt
[3.257s] reading manifest file '../../build/unix_out/unix_out.egg-info/SOURCES.txt'
[3.265s] writing manifest file '../../build/unix_out/unix_out.egg-info/SOURCES.txt'
[3.265s] running build
[3.266s] running build_py
[3.266s] copying src/lidar_to_socket.py -> /uros_ws/Brain_DEI/brain/build/unix_out/build/lib
[3.266s] copying src/metrics_to_socket.py -> /uros_ws/Brain_DEI/brain/build/unix_out/build/lib
[3.267s] copying src/camera_to_socket.py -> /uros_ws/Brain_DEI/brain/build/unix_out/build/lib
[3.268s] running install
[3.284s] running install_lib
[3.332s] copying /uros_ws/Brain_DEI/brain/build/unix_out/build/lib/camera_to_socket.py -> /uros_ws/Brain_DEI/brain/install/unix_out/lib/python3.12/site-packages
[3.332s] copying /uros_ws/Brain_DEI/brain/build/unix_out/build/lib/metrics_to_socket.py -> /uros_ws/Brain_DEI/brain/install/unix_out/lib/python3.12/site-packages
[3.333s] copying /uros_ws/Brain_DEI/brain/build/unix_out/build/lib/lidar_to_socket.py -> /uros_ws/Brain_DEI/brain/install/unix_out/lib/python3.12/site-packages
[3.335s] byte-compiling /uros_ws/Brain_DEI/brain/install/unix_out/lib/python3.12/site-packages/camera_to_socket.py to camera_to_socket.cpython-312.pyc
[3.338s] byte-compiling /uros_ws/Brain_DEI/brain/install/unix_out/lib/python3.12/site-packages/metrics_to_socket.py to metrics_to_socket.cpython-312.pyc
[3.343s] byte-compiling /uros_ws/Brain_DEI/brain/install/unix_out/lib/python3.12/site-packages/lidar_to_socket.py to lidar_to_socket.cpython-312.pyc
[3.345s] running install_data
[3.347s] copying resource/unix_out -> /uros_ws/Brain_DEI/brain/install/unix_out/share/ament_index/resource_index/packages
[3.348s] copying package.xml -> /uros_ws/Brain_DEI/brain/install/unix_out/share/unix_out
[3.348s] running install_egg_info
[3.393s] removing '/uros_ws/Brain_DEI/brain/install/unix_out/lib/python3.12/site-packages/unix_out-0.0.0-py3.12.egg-info' (and everything under it)
[3.394s] Copying ../../build/unix_out/unix_out.egg-info to /uros_ws/Brain_DEI/brain/install/unix_out/lib/python3.12/site-packages/unix_out-0.0.0-py3.12.egg-info
[3.397s] running install_scripts
[3.701s] Installing camera_to_socket script to /uros_ws/Brain_DEI/brain/install/unix_out/lib/unix_out
[3.702s] Installing lidar_to_socket script to /uros_ws/Brain_DEI/brain/install/unix_out/lib/unix_out
[3.702s] Installing metrics_to_socket script to /uros_ws/Brain_DEI/brain/install/unix_out/lib/unix_out
[3.702s] writing list of installed files to '/uros_ws/Brain_DEI/brain/build/unix_out/install.log'
[3.814s] Invoked command in '/uros_ws/Brain_DEI/brain/src/unix_out' returned '0': PYTHONPATH=/uros_ws/Brain_DEI/brain/build/unix_out/prefix_override:/usr/lib/python3/dist-packages/colcon_core/task/python/colcon_distutils_commands:/uros_ws/Brain_DEI/brain/install/unix_out/lib/python3.12/site-packages:/uros_ws/Brain_DEI/brain/install/utils/lib/python3.12/site-packages:/uros_ws/Brain_DEI/brain/install/unix_out/lib/python3.12/site-packages:/uros_ws/Brain_DEI/brain/install/input/lib/python3.12/site-packages:/uros_ws/Brain_DEI/brain/install/smart/lib/python3.12/site-packages:/uros_ws/install/micro_ros_msgs/lib/python3.12/site-packages:/opt/ros/jazzy/lib/python3.12/site-packages /usr/bin/python3 -W ignore:setup.py install is deprecated -W ignore:easy_install command is deprecated setup.py egg_info --egg-base ../../build/unix_out build --build-base /uros_ws/Brain_DEI/brain/build/unix_out/build install --record /uros_ws/Brain_DEI/brain/build/unix_out/install.log --single-version-externally-managed install_data
