[1.416s] Invoking command in '/home/hisham/BFMC/Brain_DEI/brain/src/input': AMENT_PREFIX_PATH=/home/hisham/BFMC/Brain_DEI/brain/install/utils:${AMENT_PREFIX_PATH} CMAKE_PREFIX_PATH=/home/hisham/BFMC/Brain_DEI/brain/install/utils:${CMAKE_PREFIX_PATH} DEBUGINFOD_URLS=https://debuginfod.ubuntu.com LD_LIBRARY_PATH=/home/hisham/BFMC/Brain_DEI/brain/install/utils/lib:/opt/ros/jazzy/opt/zenoh_cpp_vendor/lib:/opt/ros/jazzy/opt/gz_sim_vendor/lib:/opt/ros/jazzy/opt/gz_sensors_vendor/lib:/opt/ros/jazzy/opt/gz_physics_vendor/lib:/opt/ros/jazzy/opt/sdformat_vendor/lib:/opt/ros/jazzy/opt/rviz_ogre_vendor/lib:/opt/ros/jazzy/lib/x86_64-linux-gnu:/opt/ros/jazzy/opt/gz_gui_vendor/lib:/opt/ros/jazzy/opt/gz_transport_vendor/lib:/opt/ros/jazzy/opt/gz_rendering_vendor/lib:/opt/ros/jazzy/opt/gz_plugin_vendor/lib:/opt/ros/jazzy/opt/gz_fuel_tools_vendor/lib:/opt/ros/jazzy/opt/gz_msgs_vendor/lib:/opt/ros/jazzy/opt/gz_common_vendor/lib:/opt/ros/jazzy/opt/gz_math_vendor/lib:/opt/ros/jazzy/opt/gz_utils_vendor/lib:/opt/ros/jazzy/opt/gz_tools_vendor/lib:/opt/ros/jazzy/opt/gz_ogre_next_vendor/lib:/opt/ros/jazzy/opt/gz_dartsim_vendor/lib:/opt/ros/jazzy/opt/gz_cmake_vendor/lib:/opt/ros/jazzy/lib:/home/hisham/acados_ws/acados/lib PYTHONPATH=/home/hisham/BFMC/Brain_DEI/brain/build/input/prefix_override:/usr/lib/python3/dist-packages/colcon_core/task/python/colcon_distutils_commands:/home/hisham/BFMC/Brain_DEI/brain/install/input/lib/python3.12/site-packages:/home/hisham/BFMC/Brain_DEI/brain/install/utils/lib/python3.12/site-packages:${PYTHONPATH} /usr/bin/python3 -W ignore:setup.py install is deprecated -W ignore:easy_install command is deprecated setup.py egg_info --egg-base ../../build/input build --build-base /home/hisham/BFMC/Brain_DEI/brain/build/input/build install --record /home/hisham/BFMC/Brain_DEI/brain/build/input/install.log --single-version-externally-managed install_data
[1.693s] running egg_info
[1.693s] creating ../../build/input/input.egg-info
[1.716s] writing ../../build/input/input.egg-info/PKG-INFO
[1.716s] writing dependency_links to ../../build/input/input.egg-info/dependency_links.txt
[1.717s] writing entry points to ../../build/input/input.egg-info/entry_points.txt
[1.717s] writing requirements to ../../build/input/input.egg-info/requires.txt
[1.717s] writing top-level names to ../../build/input/input.egg-info/top_level.txt
[1.717s] writing manifest file '../../build/input/input.egg-info/SOURCES.txt'
[1.764s] reading manifest file '../../build/input/input.egg-info/SOURCES.txt'
[1.765s] writing manifest file '../../build/input/input.egg-info/SOURCES.txt'
[1.765s] running build
[1.765s] running build_py
[1.765s] creating /home/hisham/BFMC/Brain_DEI/brain/build/input/build
[1.765s] creating /home/hisham/BFMC/Brain_DEI/brain/build/input/build/lib
[1.765s] creating /home/hisham/BFMC/Brain_DEI/brain/build/input/build/lib/gpstracker
[1.765s] copying src/gpstracker/util.py -> /home/hisham/BFMC/Brain_DEI/brain/build/input/build/lib/gpstracker
[1.765s] copying src/gpstracker/__init__.py -> /home/hisham/BFMC/Brain_DEI/brain/build/input/build/lib/gpstracker
[1.766s] copying src/gpstracker/locsys.py -> /home/hisham/BFMC/Brain_DEI/brain/build/input/build/lib/gpstracker
[1.766s] copying src/gpstracker/position_listener.py -> /home/hisham/BFMC/Brain_DEI/brain/build/input/build/lib/gpstracker
[1.766s] copying src/gpstracker/server_listener.py -> /home/hisham/BFMC/Brain_DEI/brain/build/input/build/lib/gpstracker
[1.766s] copying src/gpstracker/gpstrackerNODE.py -> /home/hisham/BFMC/Brain_DEI/brain/build/input/build/lib/gpstracker
[1.766s] copying src/gpstracker/complexDealer.py -> /home/hisham/BFMC/Brain_DEI/brain/build/input/build/lib/gpstracker
[1.766s] copying src/gpstracker/server_data.py -> /home/hisham/BFMC/Brain_DEI/brain/build/input/build/lib/gpstracker
[1.766s] copying src/gpstracker/server_subscriber.py -> /home/hisham/BFMC/Brain_DEI/brain/build/input/build/lib/gpstracker
[1.766s] running install
[1.772s] running install_lib
[1.795s] creating /home/hisham/BFMC/Brain_DEI/brain/install/input/lib/python3.12/site-packages/gpstracker
[1.795s] copying /home/hisham/BFMC/Brain_DEI/brain/build/input/build/lib/gpstracker/util.py -> /home/hisham/BFMC/Brain_DEI/brain/install/input/lib/python3.12/site-packages/gpstracker
[1.795s] copying /home/hisham/BFMC/Brain_DEI/brain/build/input/build/lib/gpstracker/__init__.py -> /home/hisham/BFMC/Brain_DEI/brain/install/input/lib/python3.12/site-packages/gpstracker
[1.795s] copying /home/hisham/BFMC/Brain_DEI/brain/build/input/build/lib/gpstracker/locsys.py -> /home/hisham/BFMC/Brain_DEI/brain/install/input/lib/python3.12/site-packages/gpstracker
[1.795s] copying /home/hisham/BFMC/Brain_DEI/brain/build/input/build/lib/gpstracker/position_listener.py -> /home/hisham/BFMC/Brain_DEI/brain/install/input/lib/python3.12/site-packages/gpstracker
[1.795s] copying /home/hisham/BFMC/Brain_DEI/brain/build/input/build/lib/gpstracker/server_listener.py -> /home/hisham/BFMC/Brain_DEI/brain/install/input/lib/python3.12/site-packages/gpstracker
[1.795s] copying /home/hisham/BFMC/Brain_DEI/brain/build/input/build/lib/gpstracker/gpstrackerNODE.py -> /home/hisham/BFMC/Brain_DEI/brain/install/input/lib/python3.12/site-packages/gpstracker
[1.795s] copying /home/hisham/BFMC/Brain_DEI/brain/build/input/build/lib/gpstracker/complexDealer.py -> /home/hisham/BFMC/Brain_DEI/brain/install/input/lib/python3.12/site-packages/gpstracker
[1.795s] copying /home/hisham/BFMC/Brain_DEI/brain/build/input/build/lib/gpstracker/server_data.py -> /home/hisham/BFMC/Brain_DEI/brain/install/input/lib/python3.12/site-packages/gpstracker
[1.796s] copying /home/hisham/BFMC/Brain_DEI/brain/build/input/build/lib/gpstracker/server_subscriber.py -> /home/hisham/BFMC/Brain_DEI/brain/install/input/lib/python3.12/site-packages/gpstracker
[1.796s] byte-compiling /home/hisham/BFMC/Brain_DEI/brain/install/input/lib/python3.12/site-packages/gpstracker/util.py to util.cpython-312.pyc
[1.797s] byte-compiling /home/hisham/BFMC/Brain_DEI/brain/install/input/lib/python3.12/site-packages/gpstracker/__init__.py to __init__.cpython-312.pyc
[1.797s] byte-compiling /home/hisham/BFMC/Brain_DEI/brain/install/input/lib/python3.12/site-packages/gpstracker/locsys.py to locsys.cpython-312.pyc
[1.797s] byte-compiling /home/hisham/BFMC/Brain_DEI/brain/install/input/lib/python3.12/site-packages/gpstracker/position_listener.py to position_listener.cpython-312.pyc
[1.798s] byte-compiling /home/hisham/BFMC/Brain_DEI/brain/install/input/lib/python3.12/site-packages/gpstracker/server_listener.py to server_listener.cpython-312.pyc
[1.798s] byte-compiling /home/hisham/BFMC/Brain_DEI/brain/install/input/lib/python3.12/site-packages/gpstracker/gpstrackerNODE.py to gpstrackerNODE.cpython-312.pyc
[1.799s] byte-compiling /home/hisham/BFMC/Brain_DEI/brain/install/input/lib/python3.12/site-packages/gpstracker/complexDealer.py to complexDealer.cpython-312.pyc
[1.799s] byte-compiling /home/hisham/BFMC/Brain_DEI/brain/install/input/lib/python3.12/site-packages/gpstracker/server_data.py to server_data.cpython-312.pyc
[1.799s] byte-compiling /home/hisham/BFMC/Brain_DEI/brain/install/input/lib/python3.12/site-packages/gpstracker/server_subscriber.py to server_subscriber.cpython-312.pyc
[1.800s] running install_data
[1.800s] creating /home/hisham/BFMC/Brain_DEI/brain/install/input/share/ament_index
[1.800s] creating /home/hisham/BFMC/Brain_DEI/brain/install/input/share/ament_index/resource_index
[1.800s] creating /home/hisham/BFMC/Brain_DEI/brain/install/input/share/ament_index/resource_index/packages
[1.800s] copying resource/input -> /home/hisham/BFMC/Brain_DEI/brain/install/input/share/ament_index/resource_index/packages
[1.800s] copying package.xml -> /home/hisham/BFMC/Brain_DEI/brain/install/input/share/input
[1.800s] running install_egg_info
[1.825s] Copying ../../build/input/input.egg-info to /home/hisham/BFMC/Brain_DEI/brain/install/input/lib/python3.12/site-packages/input-0.0.0-py3.12.egg-info
[1.825s] running install_scripts
[1.969s] Installing gpstrackerNODE script to /home/hisham/BFMC/Brain_DEI/brain/install/input/lib/input
[1.969s] Installing imuNODE script to /home/hisham/BFMC/Brain_DEI/brain/install/input/lib/input
[1.970s] Installing semaphoreNODE script to /home/hisham/BFMC/Brain_DEI/brain/install/input/lib/input
[1.970s] Installing sonarNODE script to /home/hisham/BFMC/Brain_DEI/brain/install/input/lib/input
[1.970s] writing list of installed files to '/home/hisham/BFMC/Brain_DEI/brain/build/input/install.log'
[1.995s] Invoked command in '/home/hisham/BFMC/Brain_DEI/brain/src/input' returned '0': AMENT_PREFIX_PATH=/home/hisham/BFMC/Brain_DEI/brain/install/utils:${AMENT_PREFIX_PATH} CMAKE_PREFIX_PATH=/home/hisham/BFMC/Brain_DEI/brain/install/utils:${CMAKE_PREFIX_PATH} DEBUGINFOD_URLS=https://debuginfod.ubuntu.com LD_LIBRARY_PATH=/home/hisham/BFMC/Brain_DEI/brain/install/utils/lib:/opt/ros/jazzy/opt/zenoh_cpp_vendor/lib:/opt/ros/jazzy/opt/gz_sim_vendor/lib:/opt/ros/jazzy/opt/gz_sensors_vendor/lib:/opt/ros/jazzy/opt/gz_physics_vendor/lib:/opt/ros/jazzy/opt/sdformat_vendor/lib:/opt/ros/jazzy/opt/rviz_ogre_vendor/lib:/opt/ros/jazzy/lib/x86_64-linux-gnu:/opt/ros/jazzy/opt/gz_gui_vendor/lib:/opt/ros/jazzy/opt/gz_transport_vendor/lib:/opt/ros/jazzy/opt/gz_rendering_vendor/lib:/opt/ros/jazzy/opt/gz_plugin_vendor/lib:/opt/ros/jazzy/opt/gz_fuel_tools_vendor/lib:/opt/ros/jazzy/opt/gz_msgs_vendor/lib:/opt/ros/jazzy/opt/gz_common_vendor/lib:/opt/ros/jazzy/opt/gz_math_vendor/lib:/opt/ros/jazzy/opt/gz_utils_vendor/lib:/opt/ros/jazzy/opt/gz_tools_vendor/lib:/opt/ros/jazzy/opt/gz_ogre_next_vendor/lib:/opt/ros/jazzy/opt/gz_dartsim_vendor/lib:/opt/ros/jazzy/opt/gz_cmake_vendor/lib:/opt/ros/jazzy/lib:/home/hisham/acados_ws/acados/lib PYTHONPATH=/home/hisham/BFMC/Brain_DEI/brain/build/input/prefix_override:/usr/lib/python3/dist-packages/colcon_core/task/python/colcon_distutils_commands:/home/hisham/BFMC/Brain_DEI/brain/install/input/lib/python3.12/site-packages:/home/hisham/BFMC/Brain_DEI/brain/install/utils/lib/python3.12/site-packages:${PYTHONPATH} /usr/bin/python3 -W ignore:setup.py install is deprecated -W ignore:easy_install command is deprecated setup.py egg_info --egg-base ../../build/input build --build-base /home/hisham/BFMC/Brain_DEI/brain/build/input/build install --record /home/hisham/BFMC/Brain_DEI/brain/build/input/install.log --single-version-externally-managed install_data
