running egg_info
writing ../../build/smart/smart.egg-info/PKG-INFO
writing dependency_links to ../../build/smart/smart.egg-info/dependency_links.txt
writing entry points to ../../build/smart/smart.egg-info/entry_points.txt
writing requirements to ../../build/smart/smart.egg-info/requires.txt
writing top-level names to ../../build/smart/smart.egg-info/top_level.txt
reading manifest file '../../build/smart/smart.egg-info/SOURCES.txt'
writing manifest file '../../build/smart/smart.egg-info/SOURCES.txt'
running build
running build_py
copying oak_camera_node.py -> /uros_ws/Brain_DEI/brain/build/smart/build/lib
running install
running install_lib
copying /uros_ws/Brain_DEI/brain/build/smart/build/lib/oak_camera_node.py -> /uros_ws/Brain_DEI/brain/install/smart/lib/python3.12/site-packages
byte-compiling /uros_ws/Brain_DEI/brain/install/smart/lib/python3.12/site-packages/oak_camera_node.py to oak_camera_node.cpython-312.pyc
running install_data
running install_egg_info
removing '/uros_ws/Brain_DEI/brain/install/smart/lib/python3.12/site-packages/smart-0.0.0-py3.12.egg-info' (and everything under it)
Copying ../../build/smart/smart.egg-info to /uros_ws/Brain_DEI/brain/install/smart/lib/python3.12/site-packages/smart-0.0.0-py3.12.egg-info
running install_scripts
Installing oak_camera_node script to /uros_ws/Brain_DEI/brain/install/smart/lib/smart
writing list of installed files to '/uros_ws/Brain_DEI/brain/build/smart/install.log'
