[0.947s] Invoking command in '/home/davide-pillon/Desktop/Brain_DEII/brain/src/unix_out': AMENT_PREFIX_PATH=/home/davide-pillon/Desktop/Brain_DEII/brain/install/utils:${AMENT_PREFIX_PATH} CMAKE_PREFIX_PATH=/home/davide-pillon/Desktop/Brain_DEII/brain/install/utils:${CMAKE_PREFIX_PATH} DEBUGINFOD_URLS=https://debuginfod.ubuntu.com LD_LIBRARY_PATH=/home/davide-pillon/Desktop/Brain_DEII/brain/install/utils/lib:${LD_LIBRARY_PATH} PYTHONPATH=/home/davide-pillon/Desktop/Brain_DEII/brain/build/unix_out/prefix_override:/usr/lib/python3/dist-packages/colcon_core/task/python/colcon_distutils_commands:/home/davide-pillon/Desktop/Brain_DEII/brain/install/unix_out/lib/python3.12/site-packages:/home/davide-pillon/Desktop/Brain_DEII/brain/install/utils/lib/python3.12/site-packages:${PYTHONPATH} /usr/bin/python3 -W ignore:setup.py install is deprecated -W ignore:easy_install command is deprecated setup.py egg_info --egg-base ../../build/unix_out build --build-base /home/davide-pillon/Desktop/Brain_DEII/brain/build/unix_out/build install --record /home/davide-pillon/Desktop/Brain_DEII/brain/build/unix_out/install.log --single-version-externally-managed install_data
[1.179s] running egg_info
[1.180s] creating ../../build/unix_out/unix_out.egg-info
[1.196s] writing ../../build/unix_out/unix_out.egg-info/PKG-INFO
[1.196s] writing dependency_links to ../../build/unix_out/unix_out.egg-info/dependency_links.txt
[1.196s] writing entry points to ../../build/unix_out/unix_out.egg-info/entry_points.txt
[1.196s] writing requirements to ../../build/unix_out/unix_out.egg-info/requires.txt
[1.196s] writing top-level names to ../../build/unix_out/unix_out.egg-info/top_level.txt
[1.197s] writing manifest file '../../build/unix_out/unix_out.egg-info/SOURCES.txt'
[1.233s] reading manifest file '../../build/unix_out/unix_out.egg-info/SOURCES.txt'
[1.234s] writing manifest file '../../build/unix_out/unix_out.egg-info/SOURCES.txt'
[1.234s] running build
[1.234s] running build_py
[1.234s] creating /home/davide-pillon/Desktop/Brain_DEII/brain/build/unix_out/build
[1.234s] creating /home/davide-pillon/Desktop/Brain_DEII/brain/build/unix_out/build/lib
[1.234s] copying src/lidar_to_socket.py -> /home/davide-pillon/Desktop/Brain_DEII/brain/build/unix_out/build/lib
[1.235s] copying src/metrics_to_socket.py -> /home/davide-pillon/Desktop/Brain_DEII/brain/build/unix_out/build/lib
[1.235s] copying src/camera_to_socket.py -> /home/davide-pillon/Desktop/Brain_DEII/brain/build/unix_out/build/lib
[1.235s] running install
[1.242s] running install_lib
[1.261s] copying /home/davide-pillon/Desktop/Brain_DEII/brain/build/unix_out/build/lib/camera_to_socket.py -> /home/davide-pillon/Desktop/Brain_DEII/brain/install/unix_out/lib/python3.12/site-packages
[1.261s] copying /home/davide-pillon/Desktop/Brain_DEII/brain/build/unix_out/build/lib/lidar_to_socket.py -> /home/davide-pillon/Desktop/Brain_DEII/brain/install/unix_out/lib/python3.12/site-packages
[1.261s] copying /home/davide-pillon/Desktop/Brain_DEII/brain/build/unix_out/build/lib/metrics_to_socket.py -> /home/davide-pillon/Desktop/Brain_DEII/brain/install/unix_out/lib/python3.12/site-packages
[1.261s] byte-compiling /home/davide-pillon/Desktop/Brain_DEII/brain/install/unix_out/lib/python3.12/site-packages/camera_to_socket.py to camera_to_socket.cpython-312.pyc
[1.262s] byte-compiling /home/davide-pillon/Desktop/Brain_DEII/brain/install/unix_out/lib/python3.12/site-packages/lidar_to_socket.py to lidar_to_socket.cpython-312.pyc
[1.263s] byte-compiling /home/davide-pillon/Desktop/Brain_DEII/brain/install/unix_out/lib/python3.12/site-packages/metrics_to_socket.py to metrics_to_socket.cpython-312.pyc
[1.264s] running install_data
[1.264s] copying resource/unix_out -> /home/davide-pillon/Desktop/Brain_DEII/brain/install/unix_out/share/ament_index/resource_index/packages
[1.265s] copying package.xml -> /home/davide-pillon/Desktop/Brain_DEII/brain/install/unix_out/share/unix_out
[1.265s] running install_egg_info
[1.283s] removing '/home/davide-pillon/Desktop/Brain_DEII/brain/install/unix_out/lib/python3.12/site-packages/unix_out-0.0.0-py3.12.egg-info' (and everything under it)
[1.283s] Copying ../../build/unix_out/unix_out.egg-info to /home/davide-pillon/Desktop/Brain_DEII/brain/install/unix_out/lib/python3.12/site-packages/unix_out-0.0.0-py3.12.egg-info
[1.284s] running install_scripts
[1.412s] Installing camera_to_socket script to /home/davide-pillon/Desktop/Brain_DEII/brain/install/unix_out/lib/unix_out
[1.412s] Installing lidar_to_socket script to /home/davide-pillon/Desktop/Brain_DEII/brain/install/unix_out/lib/unix_out
[1.412s] Installing metrics_to_socket script to /home/davide-pillon/Desktop/Brain_DEII/brain/install/unix_out/lib/unix_out
[1.413s] writing list of installed files to '/home/davide-pillon/Desktop/Brain_DEII/brain/build/unix_out/install.log'
[1.448s] Invoked command in '/home/davide-pillon/Desktop/Brain_DEII/brain/src/unix_out' returned '0': AMENT_PREFIX_PATH=/home/davide-pillon/Desktop/Brain_DEII/brain/install/utils:${AMENT_PREFIX_PATH} CMAKE_PREFIX_PATH=/home/davide-pillon/Desktop/Brain_DEII/brain/install/utils:${CMAKE_PREFIX_PATH} DEBUGINFOD_URLS=https://debuginfod.ubuntu.com LD_LIBRARY_PATH=/home/davide-pillon/Desktop/Brain_DEII/brain/install/utils/lib:${LD_LIBRARY_PATH} PYTHONPATH=/home/davide-pillon/Desktop/Brain_DEII/brain/build/unix_out/prefix_override:/usr/lib/python3/dist-packages/colcon_core/task/python/colcon_distutils_commands:/home/davide-pillon/Desktop/Brain_DEII/brain/install/unix_out/lib/python3.12/site-packages:/home/davide-pillon/Desktop/Brain_DEII/brain/install/utils/lib/python3.12/site-packages:${PYTHONPATH} /usr/bin/python3 -W ignore:setup.py install is deprecated -W ignore:easy_install command is deprecated setup.py egg_info --egg-base ../../build/unix_out build --build-base /home/davide-pillon/Desktop/Brain_DEII/brain/build/unix_out/build install --record /home/davide-pillon/Desktop/Brain_DEII/brain/build/unix_out/install.log --single-version-externally-managed install_data
