[2.398s] Invoking command in '/uros_ws/Brain_DEI/brain/src/unix_out': AMENT_PREFIX_PATH=/uros_ws/Brain_DEI/brain/install/utils:${AMENT_PREFIX_PATH} CMAKE_PREFIX_PATH=/uros_ws/Brain_DEI/brain/install/utils:${CMAKE_PREFIX_PATH} LD_LIBRARY_PATH=/uros_ws/Brain_DEI/brain/install/utils/lib:${LD_LIBRARY_PATH} PYTHONPATH=/uros_ws/Brain_DEI/brain/build/unix_out/prefix_override:/usr/lib/python3/dist-packages/colcon_core/task/python/colcon_distutils_commands:/uros_ws/Brain_DEI/brain/install/unix_out/lib/python3.12/site-packages:/uros_ws/Brain_DEI/brain/install/utils/lib/python3.12/site-packages:${PYTHONPATH} /usr/bin/python3 -W ignore:setup.py install is deprecated -W ignore:easy_install command is deprecated setup.py egg_info --egg-base ../../build/unix_out build --build-base /uros_ws/Brain_DEI/brain/build/unix_out/build install --record /uros_ws/Brain_DEI/brain/build/unix_out/install.log --single-version-externally-managed install_data
[2.863s] running egg_info
[2.891s] writing ../../build/unix_out/unix_out.egg-info/PKG-INFO
[2.893s] writing dependency_links to ../../build/unix_out/unix_out.egg-info/dependency_links.txt
[2.893s] writing entry points to ../../build/unix_out/unix_out.egg-info/entry_points.txt
[2.893s] writing requirements to ../../build/unix_out/unix_out.egg-info/requires.txt
[2.894s] writing top-level names to ../../build/unix_out/unix_out.egg-info/top_level.txt
[2.927s] reading manifest file '../../build/unix_out/unix_out.egg-info/SOURCES.txt'
[2.927s] writing manifest file '../../build/unix_out/unix_out.egg-info/SOURCES.txt'
[2.927s] running build
[2.927s] running install
[2.938s] running install_data
[2.938s] running install_egg_info
[2.999s] removing '/uros_ws/Brain_DEI/brain/install/unix_out/lib/python3.12/site-packages/unix_out-0.0.0-py3.12.egg-info' (and everything under it)
[2.999s] Copying ../../build/unix_out/unix_out.egg-info to /uros_ws/Brain_DEI/brain/install/unix_out/lib/python3.12/site-packages/unix_out-0.0.0-py3.12.egg-info
[3.000s] running install_scripts
[3.215s] Installing lidar_to_socket script to /uros_ws/Brain_DEI/brain/install/unix_out/lib/unix_out
[3.215s] Installing metrics_to_socket script to /uros_ws/Brain_DEI/brain/install/unix_out/lib/unix_out
[3.215s] writing list of installed files to '/uros_ws/Brain_DEI/brain/build/unix_out/install.log'
[3.320s] Invoked command in '/uros_ws/Brain_DEI/brain/src/unix_out' returned '0': AMENT_PREFIX_PATH=/uros_ws/Brain_DEI/brain/install/utils:${AMENT_PREFIX_PATH} CMAKE_PREFIX_PATH=/uros_ws/Brain_DEI/brain/install/utils:${CMAKE_PREFIX_PATH} LD_LIBRARY_PATH=/uros_ws/Brain_DEI/brain/install/utils/lib:${LD_LIBRARY_PATH} PYTHONPATH=/uros_ws/Brain_DEI/brain/build/unix_out/prefix_override:/usr/lib/python3/dist-packages/colcon_core/task/python/colcon_distutils_commands:/uros_ws/Brain_DEI/brain/install/unix_out/lib/python3.12/site-packages:/uros_ws/Brain_DEI/brain/install/utils/lib/python3.12/site-packages:${PYTHONPATH} /usr/bin/python3 -W ignore:setup.py install is deprecated -W ignore:easy_install command is deprecated setup.py egg_info --egg-base ../../build/unix_out build --build-base /uros_ws/Brain_DEI/brain/build/unix_out/build install --record /uros_ws/Brain_DEI/brain/build/unix_out/install.log --single-version-externally-managed install_data
