[2.229s] Invoking command in '/uros_ws/Brain_DEI/brain/src/smart': PYTHONPATH=/uros_ws/Brain_DEI/brain/build/smart/prefix_override:/usr/lib/python3/dist-packages/colcon_core/task/python/colcon_distutils_commands:/uros_ws/Brain_DEI/brain/install/smart/lib/python3.12/site-packages:${PYTHONPATH} /usr/bin/python3 -W ignore:setup.py install is deprecated -W ignore:easy_install command is deprecated setup.py egg_info --egg-base ../../build/smart build --build-base /uros_ws/Brain_DEI/brain/build/smart/build install --record /uros_ws/Brain_DEI/brain/build/smart/install.log --single-version-externally-managed install_data
[2.861s] running egg_info
[2.904s] writing ../../build/smart/smart.egg-info/PKG-INFO
[2.905s] writing dependency_links to ../../build/smart/smart.egg-info/dependency_links.txt
[2.905s] writing entry points to ../../build/smart/smart.egg-info/entry_points.txt
[2.905s] writing requirements to ../../build/smart/smart.egg-info/requires.txt
[2.905s] writing top-level names to ../../build/smart/smart.egg-info/top_level.txt
[2.991s] reading manifest file '../../build/smart/smart.egg-info/SOURCES.txt'
[2.993s] writing manifest file '../../build/smart/smart.egg-info/SOURCES.txt'
[2.994s] running build
[2.994s] running build_py
[2.995s] running install
[3.009s] running install_lib
[3.052s] running install_data
[3.053s] running install_egg_info
[3.099s] removing '/uros_ws/Brain_DEI/brain/install/smart/lib/python3.12/site-packages/smart-0.0.0-py3.12.egg-info' (and everything under it)
[3.100s] Copying ../../build/smart/smart.egg-info to /uros_ws/Brain_DEI/brain/install/smart/lib/python3.12/site-packages/smart-0.0.0-py3.12.egg-info
[3.103s] running install_scripts
[3.395s] Installing oak_camera_node script to /uros_ws/Brain_DEI/brain/install/smart/lib/smart
[3.395s] writing list of installed files to '/uros_ws/Brain_DEI/brain/build/smart/install.log'
[3.705s] Invoked command in '/uros_ws/Brain_DEI/brain/src/smart' returned '0': PYTHONPATH=/uros_ws/Brain_DEI/brain/build/smart/prefix_override:/usr/lib/python3/dist-packages/colcon_core/task/python/colcon_distutils_commands:/uros_ws/Brain_DEI/brain/install/smart/lib/python3.12/site-packages:${PYTHONPATH} /usr/bin/python3 -W ignore:setup.py install is deprecated -W ignore:easy_install command is deprecated setup.py egg_info --egg-base ../../build/smart build --build-base /uros_ws/Brain_DEI/brain/build/smart/build install --record /uros_ws/Brain_DEI/brain/build/smart/install.log --single-version-externally-managed install_data
