[0.226s] DEBUG:colcon:Command line arguments: ['/usr/bin/colcon', 'build']
[0.226s] DEBUG:colcon:Parsed command line arguments: Namespace(log_base=None, log_level=None, verb_name='build', build_base='build', install_base='install', merge_install=False, symlink_install=False, test_result_base=None, continue_on_error=False, executor='parallel', parallel_workers=6, event_handlers=None, ignore_user_meta=False, metas=['./colcon.meta'], base_paths=['.'], packages_ignore=None, packages_ignore_regex=None, paths=None, packages_up_to=None, packages_up_to_regex=None, packages_above=None, packages_above_and_dependencies=None, packages_above_depth=None, packages_select_by_dep=None, packages_skip_by_dep=None, packages_skip_up_to=None, packages_select_build_failed=False, packages_skip_build_finished=False, packages_select_test_failures=False, packages_skip_test_passed=False, packages_select=None, packages_skip=None, packages_select_regex=None, packages_skip_regex=None, packages_start=None, packages_end=None, allow_overriding=[], cmake_args=None, cmake_target=None, cmake_target_skip_unavailable=False, cmake_clean_cache=False, cmake_clean_first=False, cmake_force_configure=False, ament_cmake_args=None, catkin_cmake_args=None, catkin_skip_building_tests=False, verb_parser=<colcon_defaults.argument_parser.defaults.DefaultArgumentsDecorator object at 0xffff879c3110>, verb_extension=<colcon_core.verb.build.BuildVerb object at 0xffff87b9fef0>, main=<bound method BuildVerb.main of <colcon_core.verb.build.BuildVerb object at 0xffff87b9fef0>>)
[0.312s] Level 1:colcon.colcon_core.package_discovery:discover_packages(colcon_meta) check parameters
[0.312s] Level 1:colcon.colcon_core.package_discovery:discover_packages(recursive) check parameters
[0.312s] Level 1:colcon.colcon_core.package_discovery:discover_packages(ignore) check parameters
[0.312s] Level 1:colcon.colcon_core.package_discovery:discover_packages(path) check parameters
[0.312s] Level 1:colcon.colcon_core.package_discovery:discover_packages(colcon_meta) discover
[0.312s] Level 1:colcon.colcon_core.package_discovery:discover_packages(recursive) discover
[0.312s] INFO:colcon.colcon_core.package_discovery:Crawling recursively for packages in '/uros_ws/Brain_DEI/brain'
[0.313s] Level 1:colcon.colcon_core.package_identification:_identify(.) by extensions ['ignore', 'ignore_ament_install']
[0.313s] Level 1:colcon.colcon_core.package_identification:_identify(.) by extension 'ignore'
[0.313s] Level 1:colcon.colcon_core.package_identification:_identify(.) by extension 'ignore_ament_install'
[0.313s] Level 1:colcon.colcon_core.package_identification:_identify(.) by extensions ['colcon_pkg']
[0.313s] Level 1:colcon.colcon_core.package_identification:_identify(.) by extension 'colcon_pkg'
[0.313s] Level 1:colcon.colcon_core.package_identification:_identify(.) by extensions ['colcon_meta']
[0.313s] Level 1:colcon.colcon_core.package_identification:_identify(.) by extension 'colcon_meta'
[0.314s] Level 1:colcon.colcon_core.package_identification:_identify(.) by extensions ['ros']
[0.314s] Level 1:colcon.colcon_core.package_identification:_identify(.) by extension 'ros'
[0.371s] Level 1:colcon.colcon_core.package_identification:_identify(.) by extensions ['cmake', 'python']
[0.371s] Level 1:colcon.colcon_core.package_identification:_identify(.) by extension 'cmake'
[0.371s] Level 1:colcon.colcon_core.package_identification:_identify(.) by extension 'python'
[0.371s] Level 1:colcon.colcon_core.package_identification:_identify(.) by extensions ['python_setup_py']
[0.371s] Level 1:colcon.colcon_core.package_identification:_identify(.) by extension 'python_setup_py'
[0.372s] Level 1:colcon.colcon_core.package_identification:_identify(build) by extensions ['ignore', 'ignore_ament_install']
[0.372s] Level 1:colcon.colcon_core.package_identification:_identify(build) by extension 'ignore'
[0.372s] Level 1:colcon.colcon_core.package_identification:_identify(build) ignored
[0.372s] Level 1:colcon.colcon_core.package_identification:_identify(install) by extensions ['ignore', 'ignore_ament_install']
[0.373s] Level 1:colcon.colcon_core.package_identification:_identify(install) by extension 'ignore'
[0.373s] Level 1:colcon.colcon_core.package_identification:_identify(install) ignored
[0.373s] Level 1:colcon.colcon_core.package_identification:_identify(log) by extensions ['ignore', 'ignore_ament_install']
[0.373s] Level 1:colcon.colcon_core.package_identification:_identify(log) by extension 'ignore'
[0.373s] Level 1:colcon.colcon_core.package_identification:_identify(log) ignored
[0.374s] Level 1:colcon.colcon_core.package_identification:_identify(src) by extensions ['ignore', 'ignore_ament_install']
[0.374s] Level 1:colcon.colcon_core.package_identification:_identify(src) by extension 'ignore'
[0.374s] Level 1:colcon.colcon_core.package_identification:_identify(src) by extension 'ignore_ament_install'
[0.374s] Level 1:colcon.colcon_core.package_identification:_identify(src) by extensions ['colcon_pkg']
[0.374s] Level 1:colcon.colcon_core.package_identification:_identify(src) by extension 'colcon_pkg'
[0.374s] Level 1:colcon.colcon_core.package_identification:_identify(src) by extensions ['colcon_meta']
[0.374s] Level 1:colcon.colcon_core.package_identification:_identify(src) by extension 'colcon_meta'
[0.374s] Level 1:colcon.colcon_core.package_identification:_identify(src) by extensions ['ros']
[0.374s] Level 1:colcon.colcon_core.package_identification:_identify(src) by extension 'ros'
[0.375s] Level 1:colcon.colcon_core.package_identification:_identify(src) by extensions ['cmake', 'python']
[0.375s] Level 1:colcon.colcon_core.package_identification:_identify(src) by extension 'cmake'
[0.375s] Level 1:colcon.colcon_core.package_identification:_identify(src) by extension 'python'
[0.375s] Level 1:colcon.colcon_core.package_identification:_identify(src) by extensions ['python_setup_py']
[0.375s] Level 1:colcon.colcon_core.package_identification:_identify(src) by extension 'python_setup_py'
[0.375s] Level 1:colcon.colcon_core.package_identification:_identify(src/control) by extensions ['ignore', 'ignore_ament_install']
[0.375s] Level 1:colcon.colcon_core.package_identification:_identify(src/control) by extension 'ignore'
[0.375s] Level 1:colcon.colcon_core.package_identification:_identify(src/control) by extension 'ignore_ament_install'
[0.376s] Level 1:colcon.colcon_core.package_identification:_identify(src/control) by extensions ['colcon_pkg']
[0.376s] Level 1:colcon.colcon_core.package_identification:_identify(src/control) by extension 'colcon_pkg'
[0.376s] Level 1:colcon.colcon_core.package_identification:_identify(src/control) by extensions ['colcon_meta']
[0.376s] Level 1:colcon.colcon_core.package_identification:_identify(src/control) by extension 'colcon_meta'
[0.376s] Level 1:colcon.colcon_core.package_identification:_identify(src/control) by extensions ['ros']
[0.376s] Level 1:colcon.colcon_core.package_identification:_identify(src/control) by extension 'ros'
[0.376s] Level 1:colcon.colcon_core.package_identification:_identify(src/control) by extensions ['cmake', 'python']
[0.376s] Level 1:colcon.colcon_core.package_identification:_identify(src/control) by extension 'cmake'
[0.376s] Level 1:colcon.colcon_core.package_identification:_identify(src/control) by extension 'python'
[0.376s] Level 1:colcon.colcon_core.package_identification:_identify(src/control) by extensions ['python_setup_py']
[0.377s] Level 1:colcon.colcon_core.package_identification:_identify(src/control) by extension 'python_setup_py'
[0.377s] Level 1:colcon.colcon_core.package_identification:_identify(src/control/src) by extensions ['ignore', 'ignore_ament_install']
[0.377s] Level 1:colcon.colcon_core.package_identification:_identify(src/control/src) by extension 'ignore'
[0.377s] Level 1:colcon.colcon_core.package_identification:_identify(src/control/src) by extension 'ignore_ament_install'
[0.377s] Level 1:colcon.colcon_core.package_identification:_identify(src/control/src) by extensions ['colcon_pkg']
[0.377s] Level 1:colcon.colcon_core.package_identification:_identify(src/control/src) by extension 'colcon_pkg'
[0.377s] Level 1:colcon.colcon_core.package_identification:_identify(src/control/src) by extensions ['colcon_meta']
[0.378s] Level 1:colcon.colcon_core.package_identification:_identify(src/control/src) by extension 'colcon_meta'
[0.378s] Level 1:colcon.colcon_core.package_identification:_identify(src/control/src) by extensions ['ros']
[0.378s] Level 1:colcon.colcon_core.package_identification:_identify(src/control/src) by extension 'ros'
[0.378s] Level 1:colcon.colcon_core.package_identification:_identify(src/control/src) by extensions ['cmake', 'python']
[0.378s] Level 1:colcon.colcon_core.package_identification:_identify(src/control/src) by extension 'cmake'
[0.378s] Level 1:colcon.colcon_core.package_identification:_identify(src/control/src) by extension 'python'
[0.378s] Level 1:colcon.colcon_core.package_identification:_identify(src/control/src) by extensions ['python_setup_py']
[0.378s] Level 1:colcon.colcon_core.package_identification:_identify(src/control/src) by extension 'python_setup_py'
[0.378s] Level 1:colcon.colcon_core.package_identification:_identify(src/input) by extensions ['ignore', 'ignore_ament_install']
[0.379s] Level 1:colcon.colcon_core.package_identification:_identify(src/input) by extension 'ignore'
[0.379s] Level 1:colcon.colcon_core.package_identification:_identify(src/input) by extension 'ignore_ament_install'
[0.379s] Level 1:colcon.colcon_core.package_identification:_identify(src/input) by extensions ['colcon_pkg']
[0.379s] Level 1:colcon.colcon_core.package_identification:_identify(src/input) by extension 'colcon_pkg'
[0.379s] Level 1:colcon.colcon_core.package_identification:_identify(src/input) by extensions ['colcon_meta']
[0.379s] Level 1:colcon.colcon_core.package_identification:_identify(src/input) by extension 'colcon_meta'
[0.379s] Level 1:colcon.colcon_core.package_identification:_identify(src/input) by extensions ['ros']
[0.379s] Level 1:colcon.colcon_core.package_identification:_identify(src/input) by extension 'ros'
[0.385s] DEBUG:colcon.colcon_core.package_identification:Package 'src/input' with type 'ros.ament_python' and name 'input'
[0.385s] Level 1:colcon.colcon_core.package_identification:_identify(src/smart) by extensions ['ignore', 'ignore_ament_install']
[0.386s] Level 1:colcon.colcon_core.package_identification:_identify(src/smart) by extension 'ignore'
[0.386s] Level 1:colcon.colcon_core.package_identification:_identify(src/smart) by extension 'ignore_ament_install'
[0.386s] Level 1:colcon.colcon_core.package_identification:_identify(src/smart) by extensions ['colcon_pkg']
[0.386s] Level 1:colcon.colcon_core.package_identification:_identify(src/smart) by extension 'colcon_pkg'
[0.386s] Level 1:colcon.colcon_core.package_identification:_identify(src/smart) by extensions ['colcon_meta']
[0.386s] Level 1:colcon.colcon_core.package_identification:_identify(src/smart) by extension 'colcon_meta'
[0.386s] Level 1:colcon.colcon_core.package_identification:_identify(src/smart) by extensions ['ros']
[0.386s] Level 1:colcon.colcon_core.package_identification:_identify(src/smart) by extension 'ros'
[0.387s] Level 1:colcon.colcon_core.package_identification:_identify(src/smart) by extensions ['cmake', 'python']
[0.387s] Level 1:colcon.colcon_core.package_identification:_identify(src/smart) by extension 'cmake'
[0.387s] Level 1:colcon.colcon_core.package_identification:_identify(src/smart) by extension 'python'
[0.387s] Level 1:colcon.colcon_core.package_identification:_identify(src/smart) by extensions ['python_setup_py']
[0.387s] Level 1:colcon.colcon_core.package_identification:_identify(src/smart) by extension 'python_setup_py'
[0.387s] Level 1:colcon.colcon_core.package_identification:_identify(src/smart/data) by extensions ['ignore', 'ignore_ament_install']
[0.387s] Level 1:colcon.colcon_core.package_identification:_identify(src/smart/data) by extension 'ignore'
[0.388s] Level 1:colcon.colcon_core.package_identification:_identify(src/smart/data) by extension 'ignore_ament_install'
[0.388s] Level 1:colcon.colcon_core.package_identification:_identify(src/smart/data) by extensions ['colcon_pkg']
[0.388s] Level 1:colcon.colcon_core.package_identification:_identify(src/smart/data) by extension 'colcon_pkg'
[0.388s] Level 1:colcon.colcon_core.package_identification:_identify(src/smart/data) by extensions ['colcon_meta']
[0.388s] Level 1:colcon.colcon_core.package_identification:_identify(src/smart/data) by extension 'colcon_meta'
[0.388s] Level 1:colcon.colcon_core.package_identification:_identify(src/smart/data) by extensions ['ros']
[0.388s] Level 1:colcon.colcon_core.package_identification:_identify(src/smart/data) by extension 'ros'
[0.388s] Level 1:colcon.colcon_core.package_identification:_identify(src/smart/data) by extensions ['cmake', 'python']
[0.388s] Level 1:colcon.colcon_core.package_identification:_identify(src/smart/data) by extension 'cmake'
[0.389s] Level 1:colcon.colcon_core.package_identification:_identify(src/smart/data) by extension 'python'
[0.389s] Level 1:colcon.colcon_core.package_identification:_identify(src/smart/data) by extensions ['python_setup_py']
[0.389s] Level 1:colcon.colcon_core.package_identification:_identify(src/smart/data) by extension 'python_setup_py'
[0.389s] Level 1:colcon.colcon_core.package_identification:_identify(src/smart/extra) by extensions ['ignore', 'ignore_ament_install']
[0.389s] Level 1:colcon.colcon_core.package_identification:_identify(src/smart/extra) by extension 'ignore'
[0.389s] Level 1:colcon.colcon_core.package_identification:_identify(src/smart/extra) by extension 'ignore_ament_install'
[0.389s] Level 1:colcon.colcon_core.package_identification:_identify(src/smart/extra) by extensions ['colcon_pkg']
[0.389s] Level 1:colcon.colcon_core.package_identification:_identify(src/smart/extra) by extension 'colcon_pkg'
[0.390s] Level 1:colcon.colcon_core.package_identification:_identify(src/smart/extra) by extensions ['colcon_meta']
[0.390s] Level 1:colcon.colcon_core.package_identification:_identify(src/smart/extra) by extension 'colcon_meta'
[0.390s] Level 1:colcon.colcon_core.package_identification:_identify(src/smart/extra) by extensions ['ros']
[0.390s] Level 1:colcon.colcon_core.package_identification:_identify(src/smart/extra) by extension 'ros'
[0.390s] Level 1:colcon.colcon_core.package_identification:_identify(src/smart/extra) by extensions ['cmake', 'python']
[0.390s] Level 1:colcon.colcon_core.package_identification:_identify(src/smart/extra) by extension 'cmake'
[0.390s] Level 1:colcon.colcon_core.package_identification:_identify(src/smart/extra) by extension 'python'
[0.390s] Level 1:colcon.colcon_core.package_identification:_identify(src/smart/extra) by extensions ['python_setup_py']
[0.390s] Level 1:colcon.colcon_core.package_identification:_identify(src/smart/extra) by extension 'python_setup_py'
[0.391s] Level 1:colcon.colcon_core.package_identification:_identify(src/smart/extra/traffic_sign_camera) by extensions ['ignore', 'ignore_ament_install']
[0.391s] Level 1:colcon.colcon_core.package_identification:_identify(src/smart/extra/traffic_sign_camera) by extension 'ignore'
[0.391s] Level 1:colcon.colcon_core.package_identification:_identify(src/smart/extra/traffic_sign_camera) by extension 'ignore_ament_install'
[0.391s] Level 1:colcon.colcon_core.package_identification:_identify(src/smart/extra/traffic_sign_camera) by extensions ['colcon_pkg']
[0.391s] Level 1:colcon.colcon_core.package_identification:_identify(src/smart/extra/traffic_sign_camera) by extension 'colcon_pkg'
[0.391s] Level 1:colcon.colcon_core.package_identification:_identify(src/smart/extra/traffic_sign_camera) by extensions ['colcon_meta']
[0.391s] Level 1:colcon.colcon_core.package_identification:_identify(src/smart/extra/traffic_sign_camera) by extension 'colcon_meta'
[0.391s] Level 1:colcon.colcon_core.package_identification:_identify(src/smart/extra/traffic_sign_camera) by extensions ['ros']
[0.391s] Level 1:colcon.colcon_core.package_identification:_identify(src/smart/extra/traffic_sign_camera) by extension 'ros'
[0.392s] Level 1:colcon.colcon_core.package_identification:_identify(src/smart/extra/traffic_sign_camera) by extensions ['cmake', 'python']
[0.392s] Level 1:colcon.colcon_core.package_identification:_identify(src/smart/extra/traffic_sign_camera) by extension 'cmake'
[0.392s] Level 1:colcon.colcon_core.package_identification:_identify(src/smart/extra/traffic_sign_camera) by extension 'python'
[0.392s] Level 1:colcon.colcon_core.package_identification:_identify(src/smart/extra/traffic_sign_camera) by extensions ['python_setup_py']
[0.392s] Level 1:colcon.colcon_core.package_identification:_identify(src/smart/extra/traffic_sign_camera) by extension 'python_setup_py'
[0.392s] Level 1:colcon.colcon_core.package_identification:_identify(src/smart/models) by extensions ['ignore', 'ignore_ament_install']
[0.392s] Level 1:colcon.colcon_core.package_identification:_identify(src/smart/models) by extension 'ignore'
[0.393s] Level 1:colcon.colcon_core.package_identification:_identify(src/smart/models) by extension 'ignore_ament_install'
[0.393s] Level 1:colcon.colcon_core.package_identification:_identify(src/smart/models) by extensions ['colcon_pkg']
[0.393s] Level 1:colcon.colcon_core.package_identification:_identify(src/smart/models) by extension 'colcon_pkg'
[0.393s] Level 1:colcon.colcon_core.package_identification:_identify(src/smart/models) by extensions ['colcon_meta']
[0.393s] Level 1:colcon.colcon_core.package_identification:_identify(src/smart/models) by extension 'colcon_meta'
[0.393s] Level 1:colcon.colcon_core.package_identification:_identify(src/smart/models) by extensions ['ros']
[0.393s] Level 1:colcon.colcon_core.package_identification:_identify(src/smart/models) by extension 'ros'
[0.393s] Level 1:colcon.colcon_core.package_identification:_identify(src/smart/models) by extensions ['cmake', 'python']
[0.393s] Level 1:colcon.colcon_core.package_identification:_identify(src/smart/models) by extension 'cmake'
[0.393s] Level 1:colcon.colcon_core.package_identification:_identify(src/smart/models) by extension 'python'
[0.394s] Level 1:colcon.colcon_core.package_identification:_identify(src/smart/models) by extensions ['python_setup_py']
[0.394s] Level 1:colcon.colcon_core.package_identification:_identify(src/smart/models) by extension 'python_setup_py'
[0.394s] Level 1:colcon.colcon_core.package_identification:_identify(src/smart/models/obstacle_models) by extensions ['ignore', 'ignore_ament_install']
[0.394s] Level 1:colcon.colcon_core.package_identification:_identify(src/smart/models/obstacle_models) by extension 'ignore'
[0.394s] Level 1:colcon.colcon_core.package_identification:_identify(src/smart/models/obstacle_models) by extension 'ignore_ament_install'
[0.394s] Level 1:colcon.colcon_core.package_identification:_identify(src/smart/models/obstacle_models) by extensions ['colcon_pkg']
[0.394s] Level 1:colcon.colcon_core.package_identification:_identify(src/smart/models/obstacle_models) by extension 'colcon_pkg'
[0.394s] Level 1:colcon.colcon_core.package_identification:_identify(src/smart/models/obstacle_models) by extensions ['colcon_meta']
[0.394s] Level 1:colcon.colcon_core.package_identification:_identify(src/smart/models/obstacle_models) by extension 'colcon_meta'
[0.395s] Level 1:colcon.colcon_core.package_identification:_identify(src/smart/models/obstacle_models) by extensions ['ros']
[0.395s] Level 1:colcon.colcon_core.package_identification:_identify(src/smart/models/obstacle_models) by extension 'ros'
[0.395s] Level 1:colcon.colcon_core.package_identification:_identify(src/smart/models/obstacle_models) by extensions ['cmake', 'python']
[0.395s] Level 1:colcon.colcon_core.package_identification:_identify(src/smart/models/obstacle_models) by extension 'cmake'
[0.395s] Level 1:colcon.colcon_core.package_identification:_identify(src/smart/models/obstacle_models) by extension 'python'
[0.395s] Level 1:colcon.colcon_core.package_identification:_identify(src/smart/models/obstacle_models) by extensions ['python_setup_py']
[0.395s] Level 1:colcon.colcon_core.package_identification:_identify(src/smart/models/obstacle_models) by extension 'python_setup_py'
[0.395s] Level 1:colcon.colcon_core.package_identification:_identify(src/smart/models/templates) by extensions ['ignore', 'ignore_ament_install']
[0.396s] Level 1:colcon.colcon_core.package_identification:_identify(src/smart/models/templates) by extension 'ignore'
[0.396s] Level 1:colcon.colcon_core.package_identification:_identify(src/smart/models/templates) by extension 'ignore_ament_install'
[0.396s] Level 1:colcon.colcon_core.package_identification:_identify(src/smart/models/templates) by extensions ['colcon_pkg']
[0.396s] Level 1:colcon.colcon_core.package_identification:_identify(src/smart/models/templates) by extension 'colcon_pkg'
[0.396s] Level 1:colcon.colcon_core.package_identification:_identify(src/smart/models/templates) by extensions ['colcon_meta']
[0.396s] Level 1:colcon.colcon_core.package_identification:_identify(src/smart/models/templates) by extension 'colcon_meta'
[0.396s] Level 1:colcon.colcon_core.package_identification:_identify(src/smart/models/templates) by extensions ['ros']
[0.396s] Level 1:colcon.colcon_core.package_identification:_identify(src/smart/models/templates) by extension 'ros'
[0.397s] Level 1:colcon.colcon_core.package_identification:_identify(src/smart/models/templates) by extensions ['cmake', 'python']
[0.397s] Level 1:colcon.colcon_core.package_identification:_identify(src/smart/models/templates) by extension 'cmake'
[0.397s] Level 1:colcon.colcon_core.package_identification:_identify(src/smart/models/templates) by extension 'python'
[0.397s] Level 1:colcon.colcon_core.package_identification:_identify(src/smart/models/templates) by extensions ['python_setup_py']
[0.397s] Level 1:colcon.colcon_core.package_identification:_identify(src/smart/models/templates) by extension 'python_setup_py'
[0.397s] Level 1:colcon.colcon_core.package_identification:_identify(src/smart/models/traffic_signs_models) by extensions ['ignore', 'ignore_ament_install']
[0.397s] Level 1:colcon.colcon_core.package_identification:_identify(src/smart/models/traffic_signs_models) by extension 'ignore'
[0.397s] Level 1:colcon.colcon_core.package_identification:_identify(src/smart/models/traffic_signs_models) by extension 'ignore_ament_install'
[0.398s] Level 1:colcon.colcon_core.package_identification:_identify(src/smart/models/traffic_signs_models) by extensions ['colcon_pkg']
[0.398s] Level 1:colcon.colcon_core.package_identification:_identify(src/smart/models/traffic_signs_models) by extension 'colcon_pkg'
[0.398s] Level 1:colcon.colcon_core.package_identification:_identify(src/smart/models/traffic_signs_models) by extensions ['colcon_meta']
[0.398s] Level 1:colcon.colcon_core.package_identification:_identify(src/smart/models/traffic_signs_models) by extension 'colcon_meta'
[0.398s] Level 1:colcon.colcon_core.package_identification:_identify(src/smart/models/traffic_signs_models) by extensions ['ros']
[0.398s] Level 1:colcon.colcon_core.package_identification:_identify(src/smart/models/traffic_signs_models) by extension 'ros'
[0.398s] Level 1:colcon.colcon_core.package_identification:_identify(src/smart/models/traffic_signs_models) by extensions ['cmake', 'python']
[0.398s] Level 1:colcon.colcon_core.package_identification:_identify(src/smart/models/traffic_signs_models) by extension 'cmake'
[0.398s] Level 1:colcon.colcon_core.package_identification:_identify(src/smart/models/traffic_signs_models) by extension 'python'
[0.398s] Level 1:colcon.colcon_core.package_identification:_identify(src/smart/models/traffic_signs_models) by extensions ['python_setup_py']
[0.398s] Level 1:colcon.colcon_core.package_identification:_identify(src/smart/models/traffic_signs_models) by extension 'python_setup_py'
[0.399s] Level 1:colcon.colcon_core.package_identification:_identify(src/smart/output) by extensions ['ignore', 'ignore_ament_install']
[0.399s] Level 1:colcon.colcon_core.package_identification:_identify(src/smart/output) by extension 'ignore'
[0.399s] Level 1:colcon.colcon_core.package_identification:_identify(src/smart/output) by extension 'ignore_ament_install'
[0.399s] Level 1:colcon.colcon_core.package_identification:_identify(src/smart/output) by extensions ['colcon_pkg']
[0.399s] Level 1:colcon.colcon_core.package_identification:_identify(src/smart/output) by extension 'colcon_pkg'
[0.399s] Level 1:colcon.colcon_core.package_identification:_identify(src/smart/output) by extensions ['colcon_meta']
[0.399s] Level 1:colcon.colcon_core.package_identification:_identify(src/smart/output) by extension 'colcon_meta'
[0.399s] Level 1:colcon.colcon_core.package_identification:_identify(src/smart/output) by extensions ['ros']
[0.399s] Level 1:colcon.colcon_core.package_identification:_identify(src/smart/output) by extension 'ros'
[0.401s] DEBUG:colcon.colcon_core.package_identification:Package 'src/smart/output' with type 'ros.ament_python' and name 'output'
[0.401s] Level 1:colcon.colcon_core.package_identification:_identify(src/train) by extensions ['ignore', 'ignore_ament_install']
[0.401s] Level 1:colcon.colcon_core.package_identification:_identify(src/train) by extension 'ignore'
[0.401s] Level 1:colcon.colcon_core.package_identification:_identify(src/train) by extension 'ignore_ament_install'
[0.402s] Level 1:colcon.colcon_core.package_identification:_identify(src/train) by extensions ['colcon_pkg']
[0.402s] Level 1:colcon.colcon_core.package_identification:_identify(src/train) by extension 'colcon_pkg'
[0.402s] Level 1:colcon.colcon_core.package_identification:_identify(src/train) by extensions ['colcon_meta']
[0.402s] Level 1:colcon.colcon_core.package_identification:_identify(src/train) by extension 'colcon_meta'
[0.402s] Level 1:colcon.colcon_core.package_identification:_identify(src/train) by extensions ['ros']
[0.402s] Level 1:colcon.colcon_core.package_identification:_identify(src/train) by extension 'ros'
[0.402s] Level 1:colcon.colcon_core.package_identification:_identify(src/train) by extensions ['cmake', 'python']
[0.402s] Level 1:colcon.colcon_core.package_identification:_identify(src/train) by extension 'cmake'
[0.402s] Level 1:colcon.colcon_core.package_identification:_identify(src/train) by extension 'python'
[0.403s] Level 1:colcon.colcon_core.package_identification:_identify(src/train) by extensions ['python_setup_py']
[0.403s] Level 1:colcon.colcon_core.package_identification:_identify(src/train) by extension 'python_setup_py'
[0.403s] Level 1:colcon.colcon_core.package_identification:_identify(src/train/sparcs) by extensions ['ignore', 'ignore_ament_install']
[0.403s] Level 1:colcon.colcon_core.package_identification:_identify(src/train/sparcs) by extension 'ignore'
[0.403s] Level 1:colcon.colcon_core.package_identification:_identify(src/train/sparcs) by extension 'ignore_ament_install'
[0.403s] Level 1:colcon.colcon_core.package_identification:_identify(src/train/sparcs) by extensions ['colcon_pkg']
[0.403s] Level 1:colcon.colcon_core.package_identification:_identify(src/train/sparcs) by extension 'colcon_pkg'
[0.403s] Level 1:colcon.colcon_core.package_identification:_identify(src/train/sparcs) by extensions ['colcon_meta']
[0.403s] Level 1:colcon.colcon_core.package_identification:_identify(src/train/sparcs) by extension 'colcon_meta'
[0.404s] Level 1:colcon.colcon_core.package_identification:_identify(src/train/sparcs) by extensions ['ros']
[0.404s] Level 1:colcon.colcon_core.package_identification:_identify(src/train/sparcs) by extension 'ros'
[0.404s] Level 1:colcon.colcon_core.package_identification:_identify(src/train/sparcs) by extensions ['cmake', 'python']
[0.404s] Level 1:colcon.colcon_core.package_identification:_identify(src/train/sparcs) by extension 'cmake'
[0.404s] Level 1:colcon.colcon_core.package_identification:_identify(src/train/sparcs) by extension 'python'
[0.404s] Level 1:colcon.colcon_core.package_identification:_identify(src/train/sparcs) by extensions ['python_setup_py']
[0.404s] Level 1:colcon.colcon_core.package_identification:_identify(src/train/sparcs) by extension 'python_setup_py'
[0.404s] Level 1:colcon.colcon_core.package_identification:_identify(src/train/stuff) by extensions ['ignore', 'ignore_ament_install']
[0.404s] Level 1:colcon.colcon_core.package_identification:_identify(src/train/stuff) by extension 'ignore'
[0.405s] Level 1:colcon.colcon_core.package_identification:_identify(src/train/stuff) by extension 'ignore_ament_install'
[0.405s] Level 1:colcon.colcon_core.package_identification:_identify(src/train/stuff) by extensions ['colcon_pkg']
[0.405s] Level 1:colcon.colcon_core.package_identification:_identify(src/train/stuff) by extension 'colcon_pkg'
[0.405s] Level 1:colcon.colcon_core.package_identification:_identify(src/train/stuff) by extensions ['colcon_meta']
[0.405s] Level 1:colcon.colcon_core.package_identification:_identify(src/train/stuff) by extension 'colcon_meta'
[0.405s] Level 1:colcon.colcon_core.package_identification:_identify(src/train/stuff) by extensions ['ros']
[0.405s] Level 1:colcon.colcon_core.package_identification:_identify(src/train/stuff) by extension 'ros'
[0.405s] Level 1:colcon.colcon_core.package_identification:_identify(src/train/stuff) by extensions ['cmake', 'python']
[0.405s] Level 1:colcon.colcon_core.package_identification:_identify(src/train/stuff) by extension 'cmake'
[0.406s] Level 1:colcon.colcon_core.package_identification:_identify(src/train/stuff) by extension 'python'
[0.406s] Level 1:colcon.colcon_core.package_identification:_identify(src/train/stuff) by extensions ['python_setup_py']
[0.406s] Level 1:colcon.colcon_core.package_identification:_identify(src/train/stuff) by extension 'python_setup_py'
[0.406s] Level 1:colcon.colcon_core.package_identification:_identify(src/unix_out) by extensions ['ignore', 'ignore_ament_install']
[0.406s] Level 1:colcon.colcon_core.package_identification:_identify(src/unix_out) by extension 'ignore'
[0.406s] Level 1:colcon.colcon_core.package_identification:_identify(src/unix_out) by extension 'ignore_ament_install'
[0.406s] Level 1:colcon.colcon_core.package_identification:_identify(src/unix_out) by extensions ['colcon_pkg']
[0.406s] Level 1:colcon.colcon_core.package_identification:_identify(src/unix_out) by extension 'colcon_pkg'
[0.407s] Level 1:colcon.colcon_core.package_identification:_identify(src/unix_out) by extensions ['colcon_meta']
[0.407s] Level 1:colcon.colcon_core.package_identification:_identify(src/unix_out) by extension 'colcon_meta'
[0.407s] Level 1:colcon.colcon_core.package_identification:_identify(src/unix_out) by extensions ['ros']
[0.407s] Level 1:colcon.colcon_core.package_identification:_identify(src/unix_out) by extension 'ros'
[0.408s] DEBUG:colcon.colcon_core.package_identification:Package 'src/unix_out' with type 'ros.ament_python' and name 'unix_out'
[0.408s] Level 1:colcon.colcon_core.package_identification:_identify(src/utils) by extensions ['ignore', 'ignore_ament_install']
[0.408s] Level 1:colcon.colcon_core.package_identification:_identify(src/utils) by extension 'ignore'
[0.409s] Level 1:colcon.colcon_core.package_identification:_identify(src/utils) by extension 'ignore_ament_install'
[0.409s] Level 1:colcon.colcon_core.package_identification:_identify(src/utils) by extensions ['colcon_pkg']
[0.409s] Level 1:colcon.colcon_core.package_identification:_identify(src/utils) by extension 'colcon_pkg'
[0.409s] Level 1:colcon.colcon_core.package_identification:_identify(src/utils) by extensions ['colcon_meta']
[0.409s] Level 1:colcon.colcon_core.package_identification:_identify(src/utils) by extension 'colcon_meta'
[0.409s] Level 1:colcon.colcon_core.package_identification:_identify(src/utils) by extensions ['ros']
[0.409s] Level 1:colcon.colcon_core.package_identification:_identify(src/utils) by extension 'ros'
[0.412s] DEBUG:colcon.colcon_core.package_identification:Package 'src/utils' with type 'ros.ament_cmake' and name 'utils'
[0.413s] Level 1:colcon.colcon_core.package_discovery:discover_packages(recursive) using defaults
[0.413s] Level 1:colcon.colcon_core.package_discovery:discover_packages(ignore) discover
[0.413s] Level 1:colcon.colcon_core.package_discovery:discover_packages(ignore) using defaults
[0.413s] Level 1:colcon.colcon_core.package_discovery:discover_packages(path) discover
[0.413s] Level 1:colcon.colcon_core.package_discovery:discover_packages(path) using defaults
[0.455s] Level 1:colcon.colcon_core.package_discovery:discover_packages(prefix_path) check parameters
[0.455s] Level 1:colcon.colcon_core.package_discovery:discover_packages(prefix_path) discover
[0.461s] DEBUG:colcon.colcon_installed_package_information.package_discovery:Found 2 installed packages in /uros_ws/install
[0.463s] DEBUG:colcon.colcon_installed_package_information.package_discovery:Found 214 installed packages in /opt/ros/jazzy
[0.464s] Level 1:colcon.colcon_core.package_discovery:discover_packages(prefix_path) using defaults
[0.527s] Level 5:colcon.colcon_core.verb:set package 'utils' build argument 'cmake_args' from command line to 'None'
[0.527s] Level 5:colcon.colcon_core.verb:set package 'utils' build argument 'cmake_target' from command line to 'None'
[0.527s] Level 5:colcon.colcon_core.verb:set package 'utils' build argument 'cmake_target_skip_unavailable' from command line to 'False'
[0.527s] Level 5:colcon.colcon_core.verb:set package 'utils' build argument 'cmake_clean_cache' from command line to 'False'
[0.527s] Level 5:colcon.colcon_core.verb:set package 'utils' build argument 'cmake_clean_first' from command line to 'False'
[0.527s] Level 5:colcon.colcon_core.verb:set package 'utils' build argument 'cmake_force_configure' from command line to 'False'
[0.527s] Level 5:colcon.colcon_core.verb:set package 'utils' build argument 'ament_cmake_args' from command line to 'None'
[0.527s] Level 5:colcon.colcon_core.verb:set package 'utils' build argument 'catkin_cmake_args' from command line to 'None'
[0.527s] Level 5:colcon.colcon_core.verb:set package 'utils' build argument 'catkin_skip_building_tests' from command line to 'False'
[0.527s] DEBUG:colcon.colcon_core.verb:Building package 'utils' with the following arguments: {'ament_cmake_args': None, 'build_base': '/uros_ws/Brain_DEI/brain/build/utils', 'catkin_cmake_args': None, 'catkin_skip_building_tests': False, 'cmake_args': None, 'cmake_clean_cache': False, 'cmake_clean_first': False, 'cmake_force_configure': False, 'cmake_target': None, 'cmake_target_skip_unavailable': False, 'install_base': '/uros_ws/Brain_DEI/brain/install/utils', 'merge_install': False, 'path': '/uros_ws/Brain_DEI/brain/src/utils', 'symlink_install': False, 'test_result_base': None}
[0.528s] Level 5:colcon.colcon_core.verb:set package 'input' build argument 'cmake_args' from command line to 'None'
[0.528s] Level 5:colcon.colcon_core.verb:set package 'input' build argument 'cmake_target' from command line to 'None'
[0.528s] Level 5:colcon.colcon_core.verb:set package 'input' build argument 'cmake_target_skip_unavailable' from command line to 'False'
[0.528s] Level 5:colcon.colcon_core.verb:set package 'input' build argument 'cmake_clean_cache' from command line to 'False'
[0.528s] Level 5:colcon.colcon_core.verb:set package 'input' build argument 'cmake_clean_first' from command line to 'False'
[0.528s] Level 5:colcon.colcon_core.verb:set package 'input' build argument 'cmake_force_configure' from command line to 'False'
[0.528s] Level 5:colcon.colcon_core.verb:set package 'input' build argument 'ament_cmake_args' from command line to 'None'
[0.528s] Level 5:colcon.colcon_core.verb:set package 'input' build argument 'catkin_cmake_args' from command line to 'None'
[0.528s] Level 5:colcon.colcon_core.verb:set package 'input' build argument 'catkin_skip_building_tests' from command line to 'False'
[0.528s] DEBUG:colcon.colcon_core.verb:Building package 'input' with the following arguments: {'ament_cmake_args': None, 'build_base': '/uros_ws/Brain_DEI/brain/build/input', 'catkin_cmake_args': None, 'catkin_skip_building_tests': False, 'cmake_args': None, 'cmake_clean_cache': False, 'cmake_clean_first': False, 'cmake_force_configure': False, 'cmake_target': None, 'cmake_target_skip_unavailable': False, 'install_base': '/uros_ws/Brain_DEI/brain/install/input', 'merge_install': False, 'path': '/uros_ws/Brain_DEI/brain/src/input', 'symlink_install': False, 'test_result_base': None}
[0.529s] Level 5:colcon.colcon_core.verb:set package 'output' build argument 'cmake_args' from command line to 'None'
[0.529s] Level 5:colcon.colcon_core.verb:set package 'output' build argument 'cmake_target' from command line to 'None'
[0.529s] Level 5:colcon.colcon_core.verb:set package 'output' build argument 'cmake_target_skip_unavailable' from command line to 'False'
[0.529s] Level 5:colcon.colcon_core.verb:set package 'output' build argument 'cmake_clean_cache' from command line to 'False'
[0.529s] Level 5:colcon.colcon_core.verb:set package 'output' build argument 'cmake_clean_first' from command line to 'False'
[0.529s] Level 5:colcon.colcon_core.verb:set package 'output' build argument 'cmake_force_configure' from command line to 'False'
[0.529s] Level 5:colcon.colcon_core.verb:set package 'output' build argument 'ament_cmake_args' from command line to 'None'
[0.529s] Level 5:colcon.colcon_core.verb:set package 'output' build argument 'catkin_cmake_args' from command line to 'None'
[0.529s] Level 5:colcon.colcon_core.verb:set package 'output' build argument 'catkin_skip_building_tests' from command line to 'False'
[0.529s] DEBUG:colcon.colcon_core.verb:Building package 'output' with the following arguments: {'ament_cmake_args': None, 'build_base': '/uros_ws/Brain_DEI/brain/build/output', 'catkin_cmake_args': None, 'catkin_skip_building_tests': False, 'cmake_args': None, 'cmake_clean_cache': False, 'cmake_clean_first': False, 'cmake_force_configure': False, 'cmake_target': None, 'cmake_target_skip_unavailable': False, 'install_base': '/uros_ws/Brain_DEI/brain/install/output', 'merge_install': False, 'path': '/uros_ws/Brain_DEI/brain/src/smart/output', 'symlink_install': False, 'test_result_base': None}
[0.529s] Level 5:colcon.colcon_core.verb:set package 'unix_out' build argument 'cmake_args' from command line to 'None'
[0.530s] Level 5:colcon.colcon_core.verb:set package 'unix_out' build argument 'cmake_target' from command line to 'None'
[0.530s] Level 5:colcon.colcon_core.verb:set package 'unix_out' build argument 'cmake_target_skip_unavailable' from command line to 'False'
[0.530s] Level 5:colcon.colcon_core.verb:set package 'unix_out' build argument 'cmake_clean_cache' from command line to 'False'
[0.530s] Level 5:colcon.colcon_core.verb:set package 'unix_out' build argument 'cmake_clean_first' from command line to 'False'
[0.530s] Level 5:colcon.colcon_core.verb:set package 'unix_out' build argument 'cmake_force_configure' from command line to 'False'
[0.530s] Level 5:colcon.colcon_core.verb:set package 'unix_out' build argument 'ament_cmake_args' from command line to 'None'
[0.530s] Level 5:colcon.colcon_core.verb:set package 'unix_out' build argument 'catkin_cmake_args' from command line to 'None'
[0.530s] Level 5:colcon.colcon_core.verb:set package 'unix_out' build argument 'catkin_skip_building_tests' from command line to 'False'
[0.530s] DEBUG:colcon.colcon_core.verb:Building package 'unix_out' with the following arguments: {'ament_cmake_args': None, 'build_base': '/uros_ws/Brain_DEI/brain/build/unix_out', 'catkin_cmake_args': None, 'catkin_skip_building_tests': False, 'cmake_args': None, 'cmake_clean_cache': False, 'cmake_clean_first': False, 'cmake_force_configure': False, 'cmake_target': None, 'cmake_target_skip_unavailable': False, 'install_base': '/uros_ws/Brain_DEI/brain/install/unix_out', 'merge_install': False, 'path': '/uros_ws/Brain_DEI/brain/src/unix_out', 'symlink_install': False, 'test_result_base': None}
[0.530s] INFO:colcon.colcon_core.executor:Executing jobs using 'parallel' executor
[0.532s] DEBUG:colcon.colcon_parallel_executor.executor.parallel:run_until_complete
[0.533s] INFO:colcon.colcon_ros.task.ament_cmake.build:Building ROS package in '/uros_ws/Brain_DEI/brain/src/utils' with build type 'ament_cmake'
[0.533s] INFO:colcon.colcon_cmake.task.cmake.build:Building CMake package in '/uros_ws/Brain_DEI/brain/src/utils'
[0.540s] INFO:colcon.colcon_core.plugin_system:Skipping extension 'colcon_core.shell.bat': Not used on non-Windows systems
[0.540s] INFO:colcon.colcon_core.shell:Skip shell extension 'powershell' for command environment: Not usable outside of PowerShell
[0.540s] DEBUG:colcon.colcon_core.shell:Skip shell extension 'dsv' for command environment
[0.561s] DEBUG:colcon.colcon_core.event_handler.log_command:Invoking command in '/uros_ws/Brain_DEI/brain/build/utils': CMAKE_PREFIX_PATH=${CMAKE_PREFIX_PATH}:/opt/ros/jazzy /usr/bin/cmake --build /uros_ws/Brain_DEI/brain/build/utils -- -j6 -l6
[1.535s] DEBUG:colcon.colcon_core.event_handler.log_command:Invoked command in '/uros_ws/Brain_DEI/brain/build/utils' returned '0': CMAKE_PREFIX_PATH=${CMAKE_PREFIX_PATH}:/opt/ros/jazzy /usr/bin/cmake --build /uros_ws/Brain_DEI/brain/build/utils -- -j6 -l6
[1.558s] DEBUG:colcon.colcon_core.event_handler.log_command:Invoking command in '/uros_ws/Brain_DEI/brain/build/utils': CMAKE_PREFIX_PATH=${CMAKE_PREFIX_PATH}:/opt/ros/jazzy /usr/bin/cmake --install /uros_ws/Brain_DEI/brain/build/utils
[1.746s] Level 1:colcon.colcon_core.environment:create_environment_scripts_only(utils)
[1.757s] DEBUG:colcon.colcon_core.event_handler.log_command:Invoked command in '/uros_ws/Brain_DEI/brain/build/utils' returned '0': CMAKE_PREFIX_PATH=${CMAKE_PREFIX_PATH}:/opt/ros/jazzy /usr/bin/cmake --install /uros_ws/Brain_DEI/brain/build/utils
[1.762s] Level 1:colcon.colcon_core.environment:checking '/uros_ws/Brain_DEI/brain/install/utils' for CMake module files
[1.765s] Level 1:colcon.colcon_core.environment:checking '/uros_ws/Brain_DEI/brain/install/utils' for CMake config files
[1.768s] Level 1:colcon.colcon_core.shell:create_environment_hook('utils', 'cmake_prefix_path')
[1.769s] INFO:colcon.colcon_core.shell:Creating environment hook '/uros_ws/Brain_DEI/brain/install/utils/share/utils/hook/cmake_prefix_path.ps1'
[1.771s] INFO:colcon.colcon_core.shell:Creating environment descriptor '/uros_ws/Brain_DEI/brain/install/utils/share/utils/hook/cmake_prefix_path.dsv'
[1.773s] INFO:colcon.colcon_core.shell:Creating environment hook '/uros_ws/Brain_DEI/brain/install/utils/share/utils/hook/cmake_prefix_path.sh'
[1.777s] Level 1:colcon.colcon_core.environment:checking '/uros_ws/Brain_DEI/brain/install/utils/lib'
[1.778s] Level 1:colcon.colcon_core.shell:create_environment_hook('utils', 'ld_library_path_lib')
[1.778s] INFO:colcon.colcon_core.shell:Creating environment hook '/uros_ws/Brain_DEI/brain/install/utils/share/utils/hook/ld_library_path_lib.ps1'
[1.781s] INFO:colcon.colcon_core.shell:Creating environment descriptor '/uros_ws/Brain_DEI/brain/install/utils/share/utils/hook/ld_library_path_lib.dsv'
[1.784s] INFO:colcon.colcon_core.shell:Creating environment hook '/uros_ws/Brain_DEI/brain/install/utils/share/utils/hook/ld_library_path_lib.sh'
[1.786s] Level 1:colcon.colcon_core.environment:checking '/uros_ws/Brain_DEI/brain/install/utils/bin'
[1.786s] Level 1:colcon.colcon_core.environment:checking '/uros_ws/Brain_DEI/brain/install/utils/lib/pkgconfig/utils.pc'
[1.787s] Level 1:colcon.colcon_core.environment:checking '/uros_ws/Brain_DEI/brain/install/utils/lib/python3.12/site-packages'
[1.787s] Level 1:colcon.colcon_core.shell:create_environment_hook('utils', 'pythonpath')
[1.789s] INFO:colcon.colcon_core.shell:Creating environment hook '/uros_ws/Brain_DEI/brain/install/utils/share/utils/hook/pythonpath.ps1'
[1.790s] INFO:colcon.colcon_core.shell:Creating environment descriptor '/uros_ws/Brain_DEI/brain/install/utils/share/utils/hook/pythonpath.dsv'
[1.791s] INFO:colcon.colcon_core.shell:Creating environment hook '/uros_ws/Brain_DEI/brain/install/utils/share/utils/hook/pythonpath.sh'
[1.793s] Level 1:colcon.colcon_core.environment:checking '/uros_ws/Brain_DEI/brain/install/utils/bin'
[1.794s] INFO:colcon.colcon_core.shell:Creating package script '/uros_ws/Brain_DEI/brain/install/utils/share/utils/package.ps1'
[1.797s] INFO:colcon.colcon_core.shell:Creating package descriptor '/uros_ws/Brain_DEI/brain/install/utils/share/utils/package.dsv'
[1.799s] INFO:colcon.colcon_core.shell:Creating package script '/uros_ws/Brain_DEI/brain/install/utils/share/utils/package.sh'
[1.801s] INFO:colcon.colcon_core.shell:Creating package script '/uros_ws/Brain_DEI/brain/install/utils/share/utils/package.bash'
[1.802s] INFO:colcon.colcon_core.shell:Creating package script '/uros_ws/Brain_DEI/brain/install/utils/share/utils/package.zsh'
[1.804s] Level 1:colcon.colcon_core.environment:create_file_with_runtime_dependencies(/uros_ws/Brain_DEI/brain/install/utils/share/colcon-core/packages/utils)
[1.805s] Level 1:colcon.colcon_core.environment:create_environment_scripts_only(utils)
[1.806s] Level 1:colcon.colcon_core.environment:checking '/uros_ws/Brain_DEI/brain/install/utils' for CMake module files
[1.808s] Level 1:colcon.colcon_core.environment:checking '/uros_ws/Brain_DEI/brain/install/utils' for CMake config files
[1.810s] Level 1:colcon.colcon_core.shell:create_environment_hook('utils', 'cmake_prefix_path')
[1.810s] INFO:colcon.colcon_core.shell:Creating environment hook '/uros_ws/Brain_DEI/brain/install/utils/share/utils/hook/cmake_prefix_path.ps1'
[1.812s] INFO:colcon.colcon_core.shell:Creating environment descriptor '/uros_ws/Brain_DEI/brain/install/utils/share/utils/hook/cmake_prefix_path.dsv'
[1.812s] INFO:colcon.colcon_core.shell:Creating environment hook '/uros_ws/Brain_DEI/brain/install/utils/share/utils/hook/cmake_prefix_path.sh'
[1.814s] Level 1:colcon.colcon_core.environment:checking '/uros_ws/Brain_DEI/brain/install/utils/lib'
[1.814s] Level 1:colcon.colcon_core.shell:create_environment_hook('utils', 'ld_library_path_lib')
[1.814s] INFO:colcon.colcon_core.shell:Creating environment hook '/uros_ws/Brain_DEI/brain/install/utils/share/utils/hook/ld_library_path_lib.ps1'
[1.815s] INFO:colcon.colcon_core.shell:Creating environment descriptor '/uros_ws/Brain_DEI/brain/install/utils/share/utils/hook/ld_library_path_lib.dsv'
[1.816s] INFO:colcon.colcon_core.shell:Creating environment hook '/uros_ws/Brain_DEI/brain/install/utils/share/utils/hook/ld_library_path_lib.sh'
[1.817s] Level 1:colcon.colcon_core.environment:checking '/uros_ws/Brain_DEI/brain/install/utils/bin'
[1.818s] Level 1:colcon.colcon_core.environment:checking '/uros_ws/Brain_DEI/brain/install/utils/lib/pkgconfig/utils.pc'
[1.818s] Level 1:colcon.colcon_core.environment:checking '/uros_ws/Brain_DEI/brain/install/utils/lib/python3.12/site-packages'
[1.819s] Level 1:colcon.colcon_core.shell:create_environment_hook('utils', 'pythonpath')
[1.819s] INFO:colcon.colcon_core.shell:Creating environment hook '/uros_ws/Brain_DEI/brain/install/utils/share/utils/hook/pythonpath.ps1'
[1.820s] INFO:colcon.colcon_core.shell:Creating environment descriptor '/uros_ws/Brain_DEI/brain/install/utils/share/utils/hook/pythonpath.dsv'
[1.821s] INFO:colcon.colcon_core.shell:Creating environment hook '/uros_ws/Brain_DEI/brain/install/utils/share/utils/hook/pythonpath.sh'
[1.823s] Level 1:colcon.colcon_core.environment:checking '/uros_ws/Brain_DEI/brain/install/utils/bin'
[1.823s] INFO:colcon.colcon_core.shell:Creating package script '/uros_ws/Brain_DEI/brain/install/utils/share/utils/package.ps1'
[1.825s] INFO:colcon.colcon_core.shell:Creating package descriptor '/uros_ws/Brain_DEI/brain/install/utils/share/utils/package.dsv'
[1.826s] INFO:colcon.colcon_core.shell:Creating package script '/uros_ws/Brain_DEI/brain/install/utils/share/utils/package.sh'
[1.827s] INFO:colcon.colcon_core.shell:Creating package script '/uros_ws/Brain_DEI/brain/install/utils/share/utils/package.bash'
[1.828s] INFO:colcon.colcon_core.shell:Creating package script '/uros_ws/Brain_DEI/brain/install/utils/share/utils/package.zsh'
[1.829s] Level 1:colcon.colcon_core.environment:create_file_with_runtime_dependencies(/uros_ws/Brain_DEI/brain/install/utils/share/colcon-core/packages/utils)
[1.830s] INFO:colcon.colcon_ros.task.ament_python.build:Building ROS package in '/uros_ws/Brain_DEI/brain/src/input' with build type 'ament_python'
[1.831s] Level 1:colcon.colcon_core.shell:create_environment_hook('input', 'ament_prefix_path')
[1.831s] INFO:colcon.colcon_core.shell:Creating environment hook '/uros_ws/Brain_DEI/brain/install/input/share/input/hook/ament_prefix_path.ps1'
[1.833s] INFO:colcon.colcon_core.shell:Creating environment descriptor '/uros_ws/Brain_DEI/brain/install/input/share/input/hook/ament_prefix_path.dsv'
[1.835s] INFO:colcon.colcon_core.shell:Creating environment hook '/uros_ws/Brain_DEI/brain/install/input/share/input/hook/ament_prefix_path.sh'
[1.836s] INFO:colcon.colcon_core.shell:Skip shell extension 'powershell' for command environment: Not usable outside of PowerShell
[1.836s] DEBUG:colcon.colcon_core.shell:Skip shell extension 'dsv' for command environment
[1.845s] INFO:colcon.colcon_ros.task.ament_python.build:Building ROS package in '/uros_ws/Brain_DEI/brain/src/smart/output' with build type 'ament_python'
[1.846s] Level 1:colcon.colcon_core.shell:create_environment_hook('output', 'ament_prefix_path')
[1.847s] INFO:colcon.colcon_core.shell:Creating environment hook '/uros_ws/Brain_DEI/brain/install/output/share/output/hook/ament_prefix_path.ps1'
[1.848s] INFO:colcon.colcon_core.shell:Creating environment descriptor '/uros_ws/Brain_DEI/brain/install/output/share/output/hook/ament_prefix_path.dsv'
[1.849s] INFO:colcon.colcon_core.shell:Creating environment hook '/uros_ws/Brain_DEI/brain/install/output/share/output/hook/ament_prefix_path.sh'
[1.851s] INFO:colcon.colcon_core.shell:Skip shell extension 'powershell' for command environment: Not usable outside of PowerShell
[1.851s] DEBUG:colcon.colcon_core.shell:Skip shell extension 'dsv' for command environment
[1.858s] INFO:colcon.colcon_ros.task.ament_python.build:Building ROS package in '/uros_ws/Brain_DEI/brain/src/unix_out' with build type 'ament_python'
[1.859s] Level 1:colcon.colcon_core.shell:create_environment_hook('unix_out', 'ament_prefix_path')
[1.859s] INFO:colcon.colcon_core.shell:Creating environment hook '/uros_ws/Brain_DEI/brain/install/unix_out/share/unix_out/hook/ament_prefix_path.ps1'
[1.861s] INFO:colcon.colcon_core.shell:Creating environment descriptor '/uros_ws/Brain_DEI/brain/install/unix_out/share/unix_out/hook/ament_prefix_path.dsv'
[1.862s] INFO:colcon.colcon_core.shell:Creating environment hook '/uros_ws/Brain_DEI/brain/install/unix_out/share/unix_out/hook/ament_prefix_path.sh'
[1.863s] INFO:colcon.colcon_core.shell:Skip shell extension 'powershell' for command environment: Not usable outside of PowerShell
[1.863s] DEBUG:colcon.colcon_core.shell:Skip shell extension 'dsv' for command environment
[2.286s] INFO:colcon.colcon_core.task.python.build:Building Python package in '/uros_ws/Brain_DEI/brain/src/input'
[2.287s] INFO:colcon.colcon_core.shell:Skip shell extension 'powershell' for command environment: Not usable outside of PowerShell
[2.287s] DEBUG:colcon.colcon_core.shell:Skip shell extension 'dsv' for command environment
[2.757s] INFO:colcon.colcon_core.task.python.build:Building Python package in '/uros_ws/Brain_DEI/brain/src/unix_out'
[2.758s] INFO:colcon.colcon_core.shell:Skip shell extension 'powershell' for command environment: Not usable outside of PowerShell
[2.758s] DEBUG:colcon.colcon_core.shell:Skip shell extension 'dsv' for command environment
[3.213s] INFO:colcon.colcon_core.task.python.build:Building Python package in '/uros_ws/Brain_DEI/brain/src/smart/output'
[3.213s] INFO:colcon.colcon_core.shell:Skip shell extension 'powershell' for command environment: Not usable outside of PowerShell
[3.214s] DEBUG:colcon.colcon_core.shell:Skip shell extension 'dsv' for command environment
[4.424s] DEBUG:colcon.colcon_core.event_handler.log_command:Invoking command in '/uros_ws/Brain_DEI/brain/src/smart/output': AMENT_PREFIX_PATH=/uros_ws/Brain_DEI/brain/install/utils:${AMENT_PREFIX_PATH} CMAKE_PREFIX_PATH=/uros_ws/Brain_DEI/brain/install/utils:${CMAKE_PREFIX_PATH} LD_LIBRARY_PATH=/uros_ws/Brain_DEI/brain/install/utils/lib:${LD_LIBRARY_PATH} PYTHONPATH=/uros_ws/Brain_DEI/brain/build/output/prefix_override:/usr/lib/python3/dist-packages/colcon_core/task/python/colcon_distutils_commands:/uros_ws/Brain_DEI/brain/install/output/lib/python3.12/site-packages:/uros_ws/Brain_DEI/brain/install/utils/lib/python3.12/site-packages:${PYTHONPATH} /usr/bin/python3 -W ignore:setup.py install is deprecated -W ignore:easy_install command is deprecated setup.py egg_info --egg-base ../../../build/output build --build-base /uros_ws/Brain_DEI/brain/build/output/build install --record /uros_ws/Brain_DEI/brain/build/output/install.log --single-version-externally-managed install_data
[4.475s] DEBUG:colcon.colcon_core.event_handler.log_command:Invoking command in '/uros_ws/Brain_DEI/brain/src/unix_out': AMENT_PREFIX_PATH=/uros_ws/Brain_DEI/brain/install/utils:${AMENT_PREFIX_PATH} CMAKE_PREFIX_PATH=/uros_ws/Brain_DEI/brain/install/utils:${CMAKE_PREFIX_PATH} LD_LIBRARY_PATH=/uros_ws/Brain_DEI/brain/install/utils/lib:${LD_LIBRARY_PATH} PYTHONPATH=/uros_ws/Brain_DEI/brain/build/unix_out/prefix_override:/usr/lib/python3/dist-packages/colcon_core/task/python/colcon_distutils_commands:/uros_ws/Brain_DEI/brain/install/unix_out/lib/python3.12/site-packages:/uros_ws/Brain_DEI/brain/install/utils/lib/python3.12/site-packages:${PYTHONPATH} /usr/bin/python3 -W ignore:setup.py install is deprecated -W ignore:easy_install command is deprecated setup.py egg_info --egg-base ../../build/unix_out build --build-base /uros_ws/Brain_DEI/brain/build/unix_out/build install --record /uros_ws/Brain_DEI/brain/build/unix_out/install.log --single-version-externally-managed install_data
[4.497s] DEBUG:colcon.colcon_core.event_handler.log_command:Invoking command in '/uros_ws/Brain_DEI/brain/src/input': AMENT_PREFIX_PATH=/uros_ws/Brain_DEI/brain/install/utils:${AMENT_PREFIX_PATH} CMAKE_PREFIX_PATH=/uros_ws/Brain_DEI/brain/install/utils:${CMAKE_PREFIX_PATH} LD_LIBRARY_PATH=/uros_ws/Brain_DEI/brain/install/utils/lib:${LD_LIBRARY_PATH} PYTHONPATH=/uros_ws/Brain_DEI/brain/build/input/prefix_override:/usr/lib/python3/dist-packages/colcon_core/task/python/colcon_distutils_commands:/uros_ws/Brain_DEI/brain/install/input/lib/python3.12/site-packages:/uros_ws/Brain_DEI/brain/install/utils/lib/python3.12/site-packages:${PYTHONPATH} /usr/bin/python3 -W ignore:setup.py install is deprecated -W ignore:easy_install command is deprecated setup.py egg_info --egg-base ../../build/input build --build-base /uros_ws/Brain_DEI/brain/build/input/build install --record /uros_ws/Brain_DEI/brain/build/input/install.log --single-version-externally-managed install_data
[5.389s] Level 1:colcon.colcon_core.environment:checking '/uros_ws/Brain_DEI/brain/install/output' for CMake module files
[5.390s] DEBUG:colcon.colcon_core.event_handler.log_command:Invoked command in '/uros_ws/Brain_DEI/brain/src/smart/output' returned '0': AMENT_PREFIX_PATH=/uros_ws/Brain_DEI/brain/install/utils:${AMENT_PREFIX_PATH} CMAKE_PREFIX_PATH=/uros_ws/Brain_DEI/brain/install/utils:${CMAKE_PREFIX_PATH} LD_LIBRARY_PATH=/uros_ws/Brain_DEI/brain/install/utils/lib:${LD_LIBRARY_PATH} PYTHONPATH=/uros_ws/Brain_DEI/brain/build/output/prefix_override:/usr/lib/python3/dist-packages/colcon_core/task/python/colcon_distutils_commands:/uros_ws/Brain_DEI/brain/install/output/lib/python3.12/site-packages:/uros_ws/Brain_DEI/brain/install/utils/lib/python3.12/site-packages:${PYTHONPATH} /usr/bin/python3 -W ignore:setup.py install is deprecated -W ignore:easy_install command is deprecated setup.py egg_info --egg-base ../../../build/output build --build-base /uros_ws/Brain_DEI/brain/build/output/build install --record /uros_ws/Brain_DEI/brain/build/output/install.log --single-version-externally-managed install_data
[5.391s] Level 1:colcon.colcon_core.environment:checking '/uros_ws/Brain_DEI/brain/install/output' for CMake config files
[5.393s] Level 1:colcon.colcon_core.environment:checking '/uros_ws/Brain_DEI/brain/install/output/lib'
[5.395s] Level 1:colcon.colcon_core.environment:checking '/uros_ws/Brain_DEI/brain/install/output/bin'
[5.396s] Level 1:colcon.colcon_core.environment:checking '/uros_ws/Brain_DEI/brain/install/output/lib/pkgconfig/output.pc'
[5.399s] Level 1:colcon.colcon_core.environment:checking '/uros_ws/Brain_DEI/brain/install/output/lib/python3.12/site-packages'
[5.399s] Level 1:colcon.colcon_core.shell:create_environment_hook('output', 'pythonpath')
[5.399s] INFO:colcon.colcon_core.shell:Creating environment hook '/uros_ws/Brain_DEI/brain/install/output/share/output/hook/pythonpath.ps1'
[5.401s] INFO:colcon.colcon_core.shell:Creating environment descriptor '/uros_ws/Brain_DEI/brain/install/output/share/output/hook/pythonpath.dsv'
[5.402s] INFO:colcon.colcon_core.shell:Creating environment hook '/uros_ws/Brain_DEI/brain/install/output/share/output/hook/pythonpath.sh'
[5.404s] Level 1:colcon.colcon_core.environment:checking '/uros_ws/Brain_DEI/brain/install/output/bin'
[5.404s] Level 1:colcon.colcon_core.environment:create_environment_scripts_only(output)
[5.405s] INFO:colcon.colcon_core.shell:Creating package script '/uros_ws/Brain_DEI/brain/install/output/share/output/package.ps1'
[5.407s] INFO:colcon.colcon_core.shell:Creating package descriptor '/uros_ws/Brain_DEI/brain/install/output/share/output/package.dsv'
[5.408s] INFO:colcon.colcon_core.shell:Creating package script '/uros_ws/Brain_DEI/brain/install/output/share/output/package.sh'
[5.409s] INFO:colcon.colcon_core.shell:Creating package script '/uros_ws/Brain_DEI/brain/install/output/share/output/package.bash'
[5.411s] INFO:colcon.colcon_core.shell:Creating package script '/uros_ws/Brain_DEI/brain/install/output/share/output/package.zsh'
[5.412s] Level 1:colcon.colcon_core.environment:create_file_with_runtime_dependencies(/uros_ws/Brain_DEI/brain/install/output/share/colcon-core/packages/output)
[5.526s] Level 1:colcon.colcon_core.environment:checking '/uros_ws/Brain_DEI/brain/install/unix_out' for CMake module files
[5.528s] Level 1:colcon.colcon_core.environment:checking '/uros_ws/Brain_DEI/brain/install/unix_out' for CMake config files
[5.529s] Level 1:colcon.colcon_core.environment:checking '/uros_ws/Brain_DEI/brain/install/unix_out/lib'
[5.530s] Level 1:colcon.colcon_core.environment:checking '/uros_ws/Brain_DEI/brain/install/unix_out/bin'
[5.530s] Level 1:colcon.colcon_core.environment:checking '/uros_ws/Brain_DEI/brain/install/unix_out/lib/pkgconfig/unix_out.pc'
[5.532s] Level 1:colcon.colcon_core.environment:checking '/uros_ws/Brain_DEI/brain/install/unix_out/lib/python3.12/site-packages'
[5.532s] Level 1:colcon.colcon_core.shell:create_environment_hook('unix_out', 'pythonpath')
[5.533s] INFO:colcon.colcon_core.shell:Creating environment hook '/uros_ws/Brain_DEI/brain/install/unix_out/share/unix_out/hook/pythonpath.ps1'
[5.533s] DEBUG:colcon.colcon_core.event_handler.log_command:Invoked command in '/uros_ws/Brain_DEI/brain/src/unix_out' returned '0': AMENT_PREFIX_PATH=/uros_ws/Brain_DEI/brain/install/utils:${AMENT_PREFIX_PATH} CMAKE_PREFIX_PATH=/uros_ws/Brain_DEI/brain/install/utils:${CMAKE_PREFIX_PATH} LD_LIBRARY_PATH=/uros_ws/Brain_DEI/brain/install/utils/lib:${LD_LIBRARY_PATH} PYTHONPATH=/uros_ws/Brain_DEI/brain/build/unix_out/prefix_override:/usr/lib/python3/dist-packages/colcon_core/task/python/colcon_distutils_commands:/uros_ws/Brain_DEI/brain/install/unix_out/lib/python3.12/site-packages:/uros_ws/Brain_DEI/brain/install/utils/lib/python3.12/site-packages:${PYTHONPATH} /usr/bin/python3 -W ignore:setup.py install is deprecated -W ignore:easy_install command is deprecated setup.py egg_info --egg-base ../../build/unix_out build --build-base /uros_ws/Brain_DEI/brain/build/unix_out/build install --record /uros_ws/Brain_DEI/brain/build/unix_out/install.log --single-version-externally-managed install_data
[5.535s] INFO:colcon.colcon_core.shell:Creating environment descriptor '/uros_ws/Brain_DEI/brain/install/unix_out/share/unix_out/hook/pythonpath.dsv'
[5.538s] INFO:colcon.colcon_core.shell:Creating environment hook '/uros_ws/Brain_DEI/brain/install/unix_out/share/unix_out/hook/pythonpath.sh'
[5.540s] Level 1:colcon.colcon_core.environment:checking '/uros_ws/Brain_DEI/brain/install/unix_out/bin'
[5.540s] Level 1:colcon.colcon_core.environment:create_environment_scripts_only(unix_out)
[5.540s] INFO:colcon.colcon_core.shell:Creating package script '/uros_ws/Brain_DEI/brain/install/unix_out/share/unix_out/package.ps1'
[5.542s] INFO:colcon.colcon_core.shell:Creating package descriptor '/uros_ws/Brain_DEI/brain/install/unix_out/share/unix_out/package.dsv'
[5.543s] INFO:colcon.colcon_core.shell:Creating package script '/uros_ws/Brain_DEI/brain/install/unix_out/share/unix_out/package.sh'
[5.543s] INFO:colcon.colcon_core.shell:Creating package script '/uros_ws/Brain_DEI/brain/install/unix_out/share/unix_out/package.bash'
[5.544s] INFO:colcon.colcon_core.shell:Creating package script '/uros_ws/Brain_DEI/brain/install/unix_out/share/unix_out/package.zsh'
[5.545s] Level 1:colcon.colcon_core.environment:create_file_with_runtime_dependencies(/uros_ws/Brain_DEI/brain/install/unix_out/share/colcon-core/packages/unix_out)
[5.564s] Level 1:colcon.colcon_core.environment:checking '/uros_ws/Brain_DEI/brain/install/input' for CMake module files
[5.566s] Level 1:colcon.colcon_core.environment:checking '/uros_ws/Brain_DEI/brain/install/input' for CMake config files
[5.568s] DEBUG:colcon.colcon_core.event_handler.log_command:Invoked command in '/uros_ws/Brain_DEI/brain/src/input' returned '0': AMENT_PREFIX_PATH=/uros_ws/Brain_DEI/brain/install/utils:${AMENT_PREFIX_PATH} CMAKE_PREFIX_PATH=/uros_ws/Brain_DEI/brain/install/utils:${CMAKE_PREFIX_PATH} LD_LIBRARY_PATH=/uros_ws/Brain_DEI/brain/install/utils/lib:${LD_LIBRARY_PATH} PYTHONPATH=/uros_ws/Brain_DEI/brain/build/input/prefix_override:/usr/lib/python3/dist-packages/colcon_core/task/python/colcon_distutils_commands:/uros_ws/Brain_DEI/brain/install/input/lib/python3.12/site-packages:/uros_ws/Brain_DEI/brain/install/utils/lib/python3.12/site-packages:${PYTHONPATH} /usr/bin/python3 -W ignore:setup.py install is deprecated -W ignore:easy_install command is deprecated setup.py egg_info --egg-base ../../build/input build --build-base /uros_ws/Brain_DEI/brain/build/input/build install --record /uros_ws/Brain_DEI/brain/build/input/install.log --single-version-externally-managed install_data
[5.569s] Level 1:colcon.colcon_core.environment:checking '/uros_ws/Brain_DEI/brain/install/input/lib'
[5.570s] Level 1:colcon.colcon_core.environment:checking '/uros_ws/Brain_DEI/brain/install/input/bin'
[5.570s] Level 1:colcon.colcon_core.environment:checking '/uros_ws/Brain_DEI/brain/install/input/lib/pkgconfig/input.pc'
[5.571s] Level 1:colcon.colcon_core.environment:checking '/uros_ws/Brain_DEI/brain/install/input/lib/python3.12/site-packages'
[5.571s] Level 1:colcon.colcon_core.shell:create_environment_hook('input', 'pythonpath')
[5.572s] INFO:colcon.colcon_core.shell:Creating environment hook '/uros_ws/Brain_DEI/brain/install/input/share/input/hook/pythonpath.ps1'
[5.573s] INFO:colcon.colcon_core.shell:Creating environment descriptor '/uros_ws/Brain_DEI/brain/install/input/share/input/hook/pythonpath.dsv'
[5.574s] INFO:colcon.colcon_core.shell:Creating environment hook '/uros_ws/Brain_DEI/brain/install/input/share/input/hook/pythonpath.sh'
[5.577s] Level 1:colcon.colcon_core.environment:checking '/uros_ws/Brain_DEI/brain/install/input/bin'
[5.577s] Level 1:colcon.colcon_core.environment:create_environment_scripts_only(input)
[5.578s] INFO:colcon.colcon_core.shell:Creating package script '/uros_ws/Brain_DEI/brain/install/input/share/input/package.ps1'
[5.580s] INFO:colcon.colcon_core.shell:Creating package descriptor '/uros_ws/Brain_DEI/brain/install/input/share/input/package.dsv'
[5.582s] INFO:colcon.colcon_core.shell:Creating package script '/uros_ws/Brain_DEI/brain/install/input/share/input/package.sh'
[5.583s] INFO:colcon.colcon_core.shell:Creating package script '/uros_ws/Brain_DEI/brain/install/input/share/input/package.bash'
[5.584s] INFO:colcon.colcon_core.shell:Creating package script '/uros_ws/Brain_DEI/brain/install/input/share/input/package.zsh'
[5.585s] Level 1:colcon.colcon_core.environment:create_file_with_runtime_dependencies(/uros_ws/Brain_DEI/brain/install/input/share/colcon-core/packages/input)
[5.586s] DEBUG:colcon.colcon_parallel_executor.executor.parallel:closing loop
[5.589s] DEBUG:colcon.colcon_parallel_executor.executor.parallel:loop closed
[5.592s] DEBUG:colcon.colcon_parallel_executor.executor.parallel:run_until_complete finished with '0'
[5.592s] DEBUG:colcon.colcon_core.event_reactor:joining thread
[5.619s] INFO:colcon.colcon_core.plugin_system:Skipping extension 'colcon_notification.desktop_notification.notify_send': Could not find 'notify-send'
[5.620s] INFO:colcon.colcon_core.plugin_system:Skipping extension 'colcon_notification.desktop_notification.terminal_notifier': Not used on non-Darwin systems
[5.620s] INFO:colcon.colcon_core.plugin_system:Skipping extension 'colcon_notification.desktop_notification.win32': Not used on non-Windows systems
[5.620s] INFO:colcon.colcon_notification.desktop_notification:Sending desktop notification using 'notify2'
[5.620s] DEBUG:colcon.colcon_notification.desktop_notification.notify2:Failed to initialize notify2: org.freedesktop.DBus.Error.NotSupported: Unable to autolaunch a dbus-daemon without a $DISPLAY for X11
[5.621s] DEBUG:colcon.colcon_core.event_reactor:joined thread
[5.621s] INFO:colcon.colcon_core.shell:Creating prefix script '/uros_ws/Brain_DEI/brain/install/local_setup.ps1'
[5.624s] INFO:colcon.colcon_core.shell:Creating prefix util module '/uros_ws/Brain_DEI/brain/install/_local_setup_util_ps1.py'
[5.627s] INFO:colcon.colcon_core.shell:Creating prefix chain script '/uros_ws/Brain_DEI/brain/install/setup.ps1'
[5.632s] INFO:colcon.colcon_core.shell:Creating prefix script '/uros_ws/Brain_DEI/brain/install/local_setup.sh'
[5.633s] INFO:colcon.colcon_core.shell:Creating prefix util module '/uros_ws/Brain_DEI/brain/install/_local_setup_util_sh.py'
[5.635s] INFO:colcon.colcon_core.shell:Creating prefix chain script '/uros_ws/Brain_DEI/brain/install/setup.sh'
[5.638s] INFO:colcon.colcon_core.shell:Creating prefix script '/uros_ws/Brain_DEI/brain/install/local_setup.bash'
[5.640s] INFO:colcon.colcon_core.shell:Creating prefix chain script '/uros_ws/Brain_DEI/brain/install/setup.bash'
[5.643s] INFO:colcon.colcon_core.shell:Creating prefix script '/uros_ws/Brain_DEI/brain/install/local_setup.zsh'
[5.645s] INFO:colcon.colcon_core.shell:Creating prefix chain script '/uros_ws/Brain_DEI/brain/install/setup.zsh'
