[1.193s] Invoking command in '/home/davide-pillon/Desktop/Brain_DEII/brain/src/input': DEBUGINFOD_URLS=https://debuginfod.ubuntu.com PYTHONPATH=/home/davide-pillon/Desktop/Brain_DEII/brain/build/input/prefix_override:/usr/lib/python3/dist-packages/colcon_core/task/python/colcon_distutils_commands:/home/davide-pillon/Desktop/Brain_DEII/brain/install/input/lib/python3.12/site-packages:/home/davide-pillon/Desktop/Brain_DEII/brain/install/utils/lib/python3.12/site-packages:/home/davide-pillon/Desktop/Brain_DEII/brain/install/unix_out/lib/python3.12/site-packages:/home/davide-pillon/Desktop/Brain_DEII/brain/install/output/lib/python3.12/site-packages:/home/davide-pillon/Desktop/Brain_DEII/brain/install/input/lib/python3.12/site-packages:/home/davide-pillon/Desktop/Brain_DEII/brain/install/smart/lib/python3.12/site-packages:/opt/ros/jazzy/lib/python3.12/site-packages /usr/bin/python3 -W ignore:setup.py install is deprecated -W ignore:easy_install command is deprecated setup.py egg_info --egg-base ../../build/input build --build-base /home/davide-pillon/Desktop/Brain_DEII/brain/build/input/build install --record /home/davide-pillon/Desktop/Brain_DEII/brain/build/input/install.log --single-version-externally-managed install_data
[1.552s] running egg_info
[1.575s] writing ../../build/input/input.egg-info/PKG-INFO
[1.575s] writing dependency_links to ../../build/input/input.egg-info/dependency_links.txt
[1.575s] writing entry points to ../../build/input/input.egg-info/entry_points.txt
[1.575s] writing requirements to ../../build/input/input.egg-info/requires.txt
[1.575s] writing top-level names to ../../build/input/input.egg-info/top_level.txt
[1.622s] reading manifest file '../../build/input/input.egg-info/SOURCES.txt'
[1.623s] writing manifest file '../../build/input/input.egg-info/SOURCES.txt'
[1.623s] running build
[1.624s] running build_py
[1.624s] copying src/data/semaphoreBridge.py -> /home/davide-pillon/Desktop/Brain_DEII/brain/build/input/build/lib/data
[1.625s] copying src/data/semaphoreBridge.py -> /home/davide-pillon/Desktop/Brain_DEII/brain/build/input/build/lib/src/data
[1.628s] running install
[1.634s] running install_lib
[1.658s] copying /home/davide-pillon/Desktop/Brain_DEII/brain/build/input/build/lib/data/semaphoreBridge.py -> /home/davide-pillon/Desktop/Brain_DEII/brain/install/input/lib/python3.12/site-packages/data
[1.660s] copying /home/davide-pillon/Desktop/Brain_DEII/brain/build/input/build/lib/src/data/semaphoreBridge.py -> /home/davide-pillon/Desktop/Brain_DEII/brain/install/input/lib/python3.12/site-packages/src/data
[1.662s] byte-compiling /home/davide-pillon/Desktop/Brain_DEII/brain/install/input/lib/python3.12/site-packages/data/semaphoreBridge.py to semaphoreBridge.cpython-312.pyc
[1.664s] byte-compiling /home/davide-pillon/Desktop/Brain_DEII/brain/install/input/lib/python3.12/site-packages/src/data/semaphoreBridge.py to semaphoreBridge.cpython-312.pyc
[1.666s] running install_data
[1.667s] running install_egg_info
[1.692s] removing '/home/davide-pillon/Desktop/Brain_DEII/brain/install/input/lib/python3.12/site-packages/input-0.0.0-py3.12.egg-info' (and everything under it)
[1.692s] Copying ../../build/input/input.egg-info to /home/davide-pillon/Desktop/Brain_DEII/brain/install/input/lib/python3.12/site-packages/input-0.0.0-py3.12.egg-info
[1.693s] running install_scripts
[1.842s] Installing gpstrackerNODE script to /home/davide-pillon/Desktop/Brain_DEII/brain/install/input/lib/input
[1.842s] Installing imuNODE script to /home/davide-pillon/Desktop/Brain_DEII/brain/install/input/lib/input
[1.842s] Installing semaphoreBridgeNODE script to /home/davide-pillon/Desktop/Brain_DEII/brain/install/input/lib/input
[1.842s] Installing semaphoreNODE script to /home/davide-pillon/Desktop/Brain_DEII/brain/install/input/lib/input
[1.842s] Installing sonarNODE script to /home/davide-pillon/Desktop/Brain_DEII/brain/install/input/lib/input
[1.842s] Installing trafficBridgeNODE script to /home/davide-pillon/Desktop/Brain_DEII/brain/install/input/lib/input
[1.846s] writing list of installed files to '/home/davide-pillon/Desktop/Brain_DEII/brain/build/input/install.log'
[1.895s] Invoked command in '/home/davide-pillon/Desktop/Brain_DEII/brain/src/input' returned '0': DEBUGINFOD_URLS=https://debuginfod.ubuntu.com PYTHONPATH=/home/davide-pillon/Desktop/Brain_DEII/brain/build/input/prefix_override:/usr/lib/python3/dist-packages/colcon_core/task/python/colcon_distutils_commands:/home/davide-pillon/Desktop/Brain_DEII/brain/install/input/lib/python3.12/site-packages:/home/davide-pillon/Desktop/Brain_DEII/brain/install/utils/lib/python3.12/site-packages:/home/davide-pillon/Desktop/Brain_DEII/brain/install/unix_out/lib/python3.12/site-packages:/home/davide-pillon/Desktop/Brain_DEII/brain/install/output/lib/python3.12/site-packages:/home/davide-pillon/Desktop/Brain_DEII/brain/install/input/lib/python3.12/site-packages:/home/davide-pillon/Desktop/Brain_DEII/brain/install/smart/lib/python3.12/site-packages:/opt/ros/jazzy/lib/python3.12/site-packages /usr/bin/python3 -W ignore:setup.py install is deprecated -W ignore:easy_install command is deprecated setup.py egg_info --egg-base ../../build/input build --build-base /home/davide-pillon/Desktop/Brain_DEII/brain/build/input/build install --record /home/davide-pillon/Desktop/Brain_DEII/brain/build/input/install.log --single-version-externally-managed install_data
