[0.238s] DEBUG:colcon:Command line arguments: ['/usr/bin/colcon', 'build']
[0.238s] DEBUG:colcon:Parsed command line arguments: Namespace(log_base=None, log_level=None, verb_name='build', build_base='build', install_base='install', merge_install=False, symlink_install=False, test_result_base=None, continue_on_error=False, executor='parallel', parallel_workers=6, event_handlers=None, ignore_user_meta=False, metas=['./colcon.meta'], base_paths=['.'], packages_ignore=None, packages_ignore_regex=None, paths=None, packages_up_to=None, packages_up_to_regex=None, packages_above=None, packages_above_and_dependencies=None, packages_above_depth=None, packages_select_by_dep=None, packages_skip_by_dep=None, packages_skip_up_to=None, packages_select_build_failed=False, packages_skip_build_finished=False, packages_select_test_failures=False, packages_skip_test_passed=False, packages_select=None, packages_skip=None, packages_select_regex=None, packages_skip_regex=None, packages_start=None, packages_end=None, allow_overriding=[], cmake_args=None, cmake_target=None, cmake_target_skip_unavailable=False, cmake_clean_cache=False, cmake_clean_first=False, cmake_force_configure=False, ament_cmake_args=None, catkin_cmake_args=None, catkin_skip_building_tests=False, verb_parser=<colcon_defaults.argument_parser.defaults.DefaultArgumentsDecorator object at 0xffffac6262a0>, verb_extension=<colcon_core.verb.build.BuildVerb object at 0xffffac82d9a0>, main=<bound method BuildVerb.main of <colcon_core.verb.build.BuildVerb object at 0xffffac82d9a0>>)
[0.331s] Level 1:colcon.colcon_core.package_discovery:discover_packages(colcon_meta) check parameters
[0.331s] Level 1:colcon.colcon_core.package_discovery:discover_packages(recursive) check parameters
[0.331s] Level 1:colcon.colcon_core.package_discovery:discover_packages(ignore) check parameters
[0.331s] Level 1:colcon.colcon_core.package_discovery:discover_packages(path) check parameters
[0.332s] Level 1:colcon.colcon_core.package_discovery:discover_packages(colcon_meta) discover
[0.332s] Level 1:colcon.colcon_core.package_discovery:discover_packages(recursive) discover
[0.332s] INFO:colcon.colcon_core.package_discovery:Crawling recursively for packages in '/uros_ws/Brain_DEI/brain'
[0.332s] Level 1:colcon.colcon_core.package_identification:_identify(.) by extensions ['ignore', 'ignore_ament_install']
[0.333s] Level 1:colcon.colcon_core.package_identification:_identify(.) by extension 'ignore'
[0.333s] Level 1:colcon.colcon_core.package_identification:_identify(.) by extension 'ignore_ament_install'
[0.333s] Level 1:colcon.colcon_core.package_identification:_identify(.) by extensions ['colcon_pkg']
[0.333s] Level 1:colcon.colcon_core.package_identification:_identify(.) by extension 'colcon_pkg'
[0.333s] Level 1:colcon.colcon_core.package_identification:_identify(.) by extensions ['colcon_meta']
[0.333s] Level 1:colcon.colcon_core.package_identification:_identify(.) by extension 'colcon_meta'
[0.333s] Level 1:colcon.colcon_core.package_identification:_identify(.) by extensions ['ros']
[0.333s] Level 1:colcon.colcon_core.package_identification:_identify(.) by extension 'ros'
[0.390s] Level 1:colcon.colcon_core.package_identification:_identify(.) by extensions ['cmake', 'python']
[0.390s] Level 1:colcon.colcon_core.package_identification:_identify(.) by extension 'cmake'
[0.390s] Level 1:colcon.colcon_core.package_identification:_identify(.) by extension 'python'
[0.390s] Level 1:colcon.colcon_core.package_identification:_identify(.) by extensions ['python_setup_py']
[0.390s] Level 1:colcon.colcon_core.package_identification:_identify(.) by extension 'python_setup_py'
[0.391s] Level 1:colcon.colcon_core.package_identification:_identify(build) by extensions ['ignore', 'ignore_ament_install']
[0.391s] Level 1:colcon.colcon_core.package_identification:_identify(build) by extension 'ignore'
[0.391s] Level 1:colcon.colcon_core.package_identification:_identify(build) ignored
[0.391s] Level 1:colcon.colcon_core.package_identification:_identify(install) by extensions ['ignore', 'ignore_ament_install']
[0.392s] Level 1:colcon.colcon_core.package_identification:_identify(install) by extension 'ignore'
[0.392s] Level 1:colcon.colcon_core.package_identification:_identify(install) ignored
[0.392s] Level 1:colcon.colcon_core.package_identification:_identify(log) by extensions ['ignore', 'ignore_ament_install']
[0.392s] Level 1:colcon.colcon_core.package_identification:_identify(log) by extension 'ignore'
[0.392s] Level 1:colcon.colcon_core.package_identification:_identify(log) ignored
[0.393s] Level 1:colcon.colcon_core.package_identification:_identify(src) by extensions ['ignore', 'ignore_ament_install']
[0.393s] Level 1:colcon.colcon_core.package_identification:_identify(src) by extension 'ignore'
[0.393s] Level 1:colcon.colcon_core.package_identification:_identify(src) by extension 'ignore_ament_install'
[0.393s] Level 1:colcon.colcon_core.package_identification:_identify(src) by extensions ['colcon_pkg']
[0.393s] Level 1:colcon.colcon_core.package_identification:_identify(src) by extension 'colcon_pkg'
[0.393s] Level 1:colcon.colcon_core.package_identification:_identify(src) by extensions ['colcon_meta']
[0.394s] Level 1:colcon.colcon_core.package_identification:_identify(src) by extension 'colcon_meta'
[0.394s] Level 1:colcon.colcon_core.package_identification:_identify(src) by extensions ['ros']
[0.394s] Level 1:colcon.colcon_core.package_identification:_identify(src) by extension 'ros'
[0.394s] Level 1:colcon.colcon_core.package_identification:_identify(src) by extensions ['cmake', 'python']
[0.394s] Level 1:colcon.colcon_core.package_identification:_identify(src) by extension 'cmake'
[0.394s] Level 1:colcon.colcon_core.package_identification:_identify(src) by extension 'python'
[0.394s] Level 1:colcon.colcon_core.package_identification:_identify(src) by extensions ['python_setup_py']
[0.394s] Level 1:colcon.colcon_core.package_identification:_identify(src) by extension 'python_setup_py'
[0.395s] Level 1:colcon.colcon_core.package_identification:_identify(src/control) by extensions ['ignore', 'ignore_ament_install']
[0.395s] Level 1:colcon.colcon_core.package_identification:_identify(src/control) by extension 'ignore'
[0.395s] Level 1:colcon.colcon_core.package_identification:_identify(src/control) by extension 'ignore_ament_install'
[0.395s] Level 1:colcon.colcon_core.package_identification:_identify(src/control) by extensions ['colcon_pkg']
[0.395s] Level 1:colcon.colcon_core.package_identification:_identify(src/control) by extension 'colcon_pkg'
[0.395s] Level 1:colcon.colcon_core.package_identification:_identify(src/control) by extensions ['colcon_meta']
[0.395s] Level 1:colcon.colcon_core.package_identification:_identify(src/control) by extension 'colcon_meta'
[0.395s] Level 1:colcon.colcon_core.package_identification:_identify(src/control) by extensions ['ros']
[0.395s] Level 1:colcon.colcon_core.package_identification:_identify(src/control) by extension 'ros'
[0.396s] Level 1:colcon.colcon_core.package_identification:_identify(src/control) by extensions ['cmake', 'python']
[0.396s] Level 1:colcon.colcon_core.package_identification:_identify(src/control) by extension 'cmake'
[0.396s] Level 1:colcon.colcon_core.package_identification:_identify(src/control) by extension 'python'
[0.396s] Level 1:colcon.colcon_core.package_identification:_identify(src/control) by extensions ['python_setup_py']
[0.396s] Level 1:colcon.colcon_core.package_identification:_identify(src/control) by extension 'python_setup_py'
[0.396s] Level 1:colcon.colcon_core.package_identification:_identify(src/control/src) by extensions ['ignore', 'ignore_ament_install']
[0.397s] Level 1:colcon.colcon_core.package_identification:_identify(src/control/src) by extension 'ignore'
[0.397s] Level 1:colcon.colcon_core.package_identification:_identify(src/control/src) by extension 'ignore_ament_install'
[0.397s] Level 1:colcon.colcon_core.package_identification:_identify(src/control/src) by extensions ['colcon_pkg']
[0.397s] Level 1:colcon.colcon_core.package_identification:_identify(src/control/src) by extension 'colcon_pkg'
[0.397s] Level 1:colcon.colcon_core.package_identification:_identify(src/control/src) by extensions ['colcon_meta']
[0.397s] Level 1:colcon.colcon_core.package_identification:_identify(src/control/src) by extension 'colcon_meta'
[0.397s] Level 1:colcon.colcon_core.package_identification:_identify(src/control/src) by extensions ['ros']
[0.397s] Level 1:colcon.colcon_core.package_identification:_identify(src/control/src) by extension 'ros'
[0.397s] Level 1:colcon.colcon_core.package_identification:_identify(src/control/src) by extensions ['cmake', 'python']
[0.398s] Level 1:colcon.colcon_core.package_identification:_identify(src/control/src) by extension 'cmake'
[0.398s] Level 1:colcon.colcon_core.package_identification:_identify(src/control/src) by extension 'python'
[0.398s] Level 1:colcon.colcon_core.package_identification:_identify(src/control/src) by extensions ['python_setup_py']
[0.398s] Level 1:colcon.colcon_core.package_identification:_identify(src/control/src) by extension 'python_setup_py'
[0.398s] Level 1:colcon.colcon_core.package_identification:_identify(src/input) by extensions ['ignore', 'ignore_ament_install']
[0.398s] Level 1:colcon.colcon_core.package_identification:_identify(src/input) by extension 'ignore'
[0.398s] Level 1:colcon.colcon_core.package_identification:_identify(src/input) by extension 'ignore_ament_install'
[0.398s] Level 1:colcon.colcon_core.package_identification:_identify(src/input) by extensions ['colcon_pkg']
[0.399s] Level 1:colcon.colcon_core.package_identification:_identify(src/input) by extension 'colcon_pkg'
[0.399s] Level 1:colcon.colcon_core.package_identification:_identify(src/input) by extensions ['colcon_meta']
[0.399s] Level 1:colcon.colcon_core.package_identification:_identify(src/input) by extension 'colcon_meta'
[0.399s] Level 1:colcon.colcon_core.package_identification:_identify(src/input) by extensions ['ros']
[0.399s] Level 1:colcon.colcon_core.package_identification:_identify(src/input) by extension 'ros'
[0.405s] DEBUG:colcon.colcon_core.package_identification:Package 'src/input' with type 'ros.ament_python' and name 'input'
[0.405s] Level 1:colcon.colcon_core.package_identification:_identify(src/smart) by extensions ['ignore', 'ignore_ament_install']
[0.405s] Level 1:colcon.colcon_core.package_identification:_identify(src/smart) by extension 'ignore'
[0.405s] Level 1:colcon.colcon_core.package_identification:_identify(src/smart) by extension 'ignore_ament_install'
[0.406s] Level 1:colcon.colcon_core.package_identification:_identify(src/smart) by extensions ['colcon_pkg']
[0.406s] Level 1:colcon.colcon_core.package_identification:_identify(src/smart) by extension 'colcon_pkg'
[0.406s] Level 1:colcon.colcon_core.package_identification:_identify(src/smart) by extensions ['colcon_meta']
[0.406s] Level 1:colcon.colcon_core.package_identification:_identify(src/smart) by extension 'colcon_meta'
[0.406s] Level 1:colcon.colcon_core.package_identification:_identify(src/smart) by extensions ['ros']
[0.406s] Level 1:colcon.colcon_core.package_identification:_identify(src/smart) by extension 'ros'
[0.407s] DEBUG:colcon.colcon_core.package_identification:Package 'src/smart' with type 'ros.ament_python' and name 'smart'
[0.407s] Level 1:colcon.colcon_core.package_identification:_identify(src/train) by extensions ['ignore', 'ignore_ament_install']
[0.407s] Level 1:colcon.colcon_core.package_identification:_identify(src/train) by extension 'ignore'
[0.408s] Level 1:colcon.colcon_core.package_identification:_identify(src/train) by extension 'ignore_ament_install'
[0.408s] Level 1:colcon.colcon_core.package_identification:_identify(src/train) by extensions ['colcon_pkg']
[0.408s] Level 1:colcon.colcon_core.package_identification:_identify(src/train) by extension 'colcon_pkg'
[0.408s] Level 1:colcon.colcon_core.package_identification:_identify(src/train) by extensions ['colcon_meta']
[0.408s] Level 1:colcon.colcon_core.package_identification:_identify(src/train) by extension 'colcon_meta'
[0.408s] Level 1:colcon.colcon_core.package_identification:_identify(src/train) by extensions ['ros']
[0.408s] Level 1:colcon.colcon_core.package_identification:_identify(src/train) by extension 'ros'
[0.409s] Level 1:colcon.colcon_core.package_identification:_identify(src/train) by extensions ['cmake', 'python']
[0.409s] Level 1:colcon.colcon_core.package_identification:_identify(src/train) by extension 'cmake'
[0.409s] Level 1:colcon.colcon_core.package_identification:_identify(src/train) by extension 'python'
[0.409s] Level 1:colcon.colcon_core.package_identification:_identify(src/train) by extensions ['python_setup_py']
[0.409s] Level 1:colcon.colcon_core.package_identification:_identify(src/train) by extension 'python_setup_py'
[0.409s] Level 1:colcon.colcon_core.package_identification:_identify(src/train/sparcs) by extensions ['ignore', 'ignore_ament_install']
[0.409s] Level 1:colcon.colcon_core.package_identification:_identify(src/train/sparcs) by extension 'ignore'
[0.409s] Level 1:colcon.colcon_core.package_identification:_identify(src/train/sparcs) by extension 'ignore_ament_install'
[0.410s] Level 1:colcon.colcon_core.package_identification:_identify(src/train/sparcs) by extensions ['colcon_pkg']
[0.410s] Level 1:colcon.colcon_core.package_identification:_identify(src/train/sparcs) by extension 'colcon_pkg'
[0.410s] Level 1:colcon.colcon_core.package_identification:_identify(src/train/sparcs) by extensions ['colcon_meta']
[0.410s] Level 1:colcon.colcon_core.package_identification:_identify(src/train/sparcs) by extension 'colcon_meta'
[0.410s] Level 1:colcon.colcon_core.package_identification:_identify(src/train/sparcs) by extensions ['ros']
[0.410s] Level 1:colcon.colcon_core.package_identification:_identify(src/train/sparcs) by extension 'ros'
[0.410s] Level 1:colcon.colcon_core.package_identification:_identify(src/train/sparcs) by extensions ['cmake', 'python']
[0.410s] Level 1:colcon.colcon_core.package_identification:_identify(src/train/sparcs) by extension 'cmake'
[0.410s] Level 1:colcon.colcon_core.package_identification:_identify(src/train/sparcs) by extension 'python'
[0.410s] Level 1:colcon.colcon_core.package_identification:_identify(src/train/sparcs) by extensions ['python_setup_py']
[0.411s] Level 1:colcon.colcon_core.package_identification:_identify(src/train/sparcs) by extension 'python_setup_py'
[0.411s] Level 1:colcon.colcon_core.package_identification:_identify(src/train/stuff) by extensions ['ignore', 'ignore_ament_install']
[0.411s] Level 1:colcon.colcon_core.package_identification:_identify(src/train/stuff) by extension 'ignore'
[0.411s] Level 1:colcon.colcon_core.package_identification:_identify(src/train/stuff) by extension 'ignore_ament_install'
[0.411s] Level 1:colcon.colcon_core.package_identification:_identify(src/train/stuff) by extensions ['colcon_pkg']
[0.411s] Level 1:colcon.colcon_core.package_identification:_identify(src/train/stuff) by extension 'colcon_pkg'
[0.411s] Level 1:colcon.colcon_core.package_identification:_identify(src/train/stuff) by extensions ['colcon_meta']
[0.411s] Level 1:colcon.colcon_core.package_identification:_identify(src/train/stuff) by extension 'colcon_meta'
[0.412s] Level 1:colcon.colcon_core.package_identification:_identify(src/train/stuff) by extensions ['ros']
[0.412s] Level 1:colcon.colcon_core.package_identification:_identify(src/train/stuff) by extension 'ros'
[0.412s] Level 1:colcon.colcon_core.package_identification:_identify(src/train/stuff) by extensions ['cmake', 'python']
[0.412s] Level 1:colcon.colcon_core.package_identification:_identify(src/train/stuff) by extension 'cmake'
[0.412s] Level 1:colcon.colcon_core.package_identification:_identify(src/train/stuff) by extension 'python'
[0.412s] Level 1:colcon.colcon_core.package_identification:_identify(src/train/stuff) by extensions ['python_setup_py']
[0.412s] Level 1:colcon.colcon_core.package_identification:_identify(src/train/stuff) by extension 'python_setup_py'
[0.412s] Level 1:colcon.colcon_core.package_identification:_identify(src/unix_out) by extensions ['ignore', 'ignore_ament_install']
[0.413s] Level 1:colcon.colcon_core.package_identification:_identify(src/unix_out) by extension 'ignore'
[0.413s] Level 1:colcon.colcon_core.package_identification:_identify(src/unix_out) by extension 'ignore_ament_install'
[0.413s] Level 1:colcon.colcon_core.package_identification:_identify(src/unix_out) by extensions ['colcon_pkg']
[0.413s] Level 1:colcon.colcon_core.package_identification:_identify(src/unix_out) by extension 'colcon_pkg'
[0.413s] Level 1:colcon.colcon_core.package_identification:_identify(src/unix_out) by extensions ['colcon_meta']
[0.413s] Level 1:colcon.colcon_core.package_identification:_identify(src/unix_out) by extension 'colcon_meta'
[0.413s] Level 1:colcon.colcon_core.package_identification:_identify(src/unix_out) by extensions ['ros']
[0.413s] Level 1:colcon.colcon_core.package_identification:_identify(src/unix_out) by extension 'ros'
[0.414s] DEBUG:colcon.colcon_core.package_identification:Package 'src/unix_out' with type 'ros.ament_python' and name 'unix_out'
[0.415s] Level 1:colcon.colcon_core.package_identification:_identify(src/utils) by extensions ['ignore', 'ignore_ament_install']
[0.415s] Level 1:colcon.colcon_core.package_identification:_identify(src/utils) by extension 'ignore'
[0.415s] Level 1:colcon.colcon_core.package_identification:_identify(src/utils) by extension 'ignore_ament_install'
[0.415s] Level 1:colcon.colcon_core.package_identification:_identify(src/utils) by extensions ['colcon_pkg']
[0.415s] Level 1:colcon.colcon_core.package_identification:_identify(src/utils) by extension 'colcon_pkg'
[0.415s] Level 1:colcon.colcon_core.package_identification:_identify(src/utils) by extensions ['colcon_meta']
[0.415s] Level 1:colcon.colcon_core.package_identification:_identify(src/utils) by extension 'colcon_meta'
[0.415s] Level 1:colcon.colcon_core.package_identification:_identify(src/utils) by extensions ['ros']
[0.415s] Level 1:colcon.colcon_core.package_identification:_identify(src/utils) by extension 'ros'
[0.416s] DEBUG:colcon.colcon_core.package_identification:Package 'src/utils' with type 'ros.ament_cmake' and name 'utils'
[0.416s] Level 1:colcon.colcon_core.package_discovery:discover_packages(recursive) using defaults
[0.419s] Level 1:colcon.colcon_core.package_discovery:discover_packages(ignore) discover
[0.419s] Level 1:colcon.colcon_core.package_discovery:discover_packages(ignore) using defaults
[0.419s] Level 1:colcon.colcon_core.package_discovery:discover_packages(path) discover
[0.419s] Level 1:colcon.colcon_core.package_discovery:discover_packages(path) using defaults
[0.460s] Level 1:colcon.colcon_core.package_discovery:discover_packages(prefix_path) check parameters
[0.461s] Level 1:colcon.colcon_core.package_discovery:discover_packages(prefix_path) discover
[0.464s] WARNING:colcon.colcon_ros.prefix_path.ament:The path '/uros_ws/Brain_DEI/brain/install/unix_out' in the environment variable AMENT_PREFIX_PATH doesn't exist
[0.464s] WARNING:colcon.colcon_ros.prefix_path.ament:The path '/uros_ws/Brain_DEI/brain/install/output' in the environment variable AMENT_PREFIX_PATH doesn't exist
[0.464s] WARNING:colcon.colcon_ros.prefix_path.ament:The path '/uros_ws/Brain_DEI/brain/install/input' in the environment variable AMENT_PREFIX_PATH doesn't exist
[0.464s] WARNING:colcon.colcon_ros.prefix_path.ament:The path '/uros_ws/Brain_DEI/brain/install/utils' in the environment variable AMENT_PREFIX_PATH doesn't exist
[0.464s] WARNING:colcon.colcon_ros.prefix_path.ament:The path '/uros_ws/Brain_DEI/brain/install/smart' in the environment variable AMENT_PREFIX_PATH doesn't exist
[0.465s] WARNING:colcon.colcon_ros.prefix_path.catkin:The path '/uros_ws/Brain_DEI/brain/install/utils' in the environment variable CMAKE_PREFIX_PATH doesn't exist
[0.467s] DEBUG:colcon.colcon_installed_package_information.package_discovery:Found 0 installed packages in /uros_ws/Brain_DEI/brain/install
[0.468s] DEBUG:colcon.colcon_installed_package_information.package_discovery:Found 2 installed packages in /uros_ws/install
[0.470s] DEBUG:colcon.colcon_installed_package_information.package_discovery:Found 215 installed packages in /opt/ros/jazzy
[0.472s] Level 1:colcon.colcon_core.package_discovery:discover_packages(prefix_path) using defaults
[0.544s] Level 5:colcon.colcon_core.verb:set package 'smart' build argument 'cmake_args' from command line to 'None'
[0.545s] Level 5:colcon.colcon_core.verb:set package 'smart' build argument 'cmake_target' from command line to 'None'
[0.545s] Level 5:colcon.colcon_core.verb:set package 'smart' build argument 'cmake_target_skip_unavailable' from command line to 'False'
[0.545s] Level 5:colcon.colcon_core.verb:set package 'smart' build argument 'cmake_clean_cache' from command line to 'False'
[0.545s] Level 5:colcon.colcon_core.verb:set package 'smart' build argument 'cmake_clean_first' from command line to 'False'
[0.545s] Level 5:colcon.colcon_core.verb:set package 'smart' build argument 'cmake_force_configure' from command line to 'False'
[0.545s] Level 5:colcon.colcon_core.verb:set package 'smart' build argument 'ament_cmake_args' from command line to 'None'
[0.545s] Level 5:colcon.colcon_core.verb:set package 'smart' build argument 'catkin_cmake_args' from command line to 'None'
[0.545s] Level 5:colcon.colcon_core.verb:set package 'smart' build argument 'catkin_skip_building_tests' from command line to 'False'
[0.545s] DEBUG:colcon.colcon_core.verb:Building package 'smart' with the following arguments: {'ament_cmake_args': None, 'build_base': '/uros_ws/Brain_DEI/brain/build/smart', 'catkin_cmake_args': None, 'catkin_skip_building_tests': False, 'cmake_args': None, 'cmake_clean_cache': False, 'cmake_clean_first': False, 'cmake_force_configure': False, 'cmake_target': None, 'cmake_target_skip_unavailable': False, 'install_base': '/uros_ws/Brain_DEI/brain/install/smart', 'merge_install': False, 'path': '/uros_ws/Brain_DEI/brain/src/smart', 'symlink_install': False, 'test_result_base': None}
[0.546s] Level 5:colcon.colcon_core.verb:set package 'utils' build argument 'cmake_args' from command line to 'None'
[0.546s] Level 5:colcon.colcon_core.verb:set package 'utils' build argument 'cmake_target' from command line to 'None'
[0.546s] Level 5:colcon.colcon_core.verb:set package 'utils' build argument 'cmake_target_skip_unavailable' from command line to 'False'
[0.546s] Level 5:colcon.colcon_core.verb:set package 'utils' build argument 'cmake_clean_cache' from command line to 'False'
[0.546s] Level 5:colcon.colcon_core.verb:set package 'utils' build argument 'cmake_clean_first' from command line to 'False'
[0.546s] Level 5:colcon.colcon_core.verb:set package 'utils' build argument 'cmake_force_configure' from command line to 'False'
[0.546s] Level 5:colcon.colcon_core.verb:set package 'utils' build argument 'ament_cmake_args' from command line to 'None'
[0.546s] Level 5:colcon.colcon_core.verb:set package 'utils' build argument 'catkin_cmake_args' from command line to 'None'
[0.546s] Level 5:colcon.colcon_core.verb:set package 'utils' build argument 'catkin_skip_building_tests' from command line to 'False'
[0.546s] DEBUG:colcon.colcon_core.verb:Building package 'utils' with the following arguments: {'ament_cmake_args': None, 'build_base': '/uros_ws/Brain_DEI/brain/build/utils', 'catkin_cmake_args': None, 'catkin_skip_building_tests': False, 'cmake_args': None, 'cmake_clean_cache': False, 'cmake_clean_first': False, 'cmake_force_configure': False, 'cmake_target': None, 'cmake_target_skip_unavailable': False, 'install_base': '/uros_ws/Brain_DEI/brain/install/utils', 'merge_install': False, 'path': '/uros_ws/Brain_DEI/brain/src/utils', 'symlink_install': False, 'test_result_base': None}
[0.547s] Level 5:colcon.colcon_core.verb:set package 'input' build argument 'cmake_args' from command line to 'None'
[0.547s] Level 5:colcon.colcon_core.verb:set package 'input' build argument 'cmake_target' from command line to 'None'
[0.547s] Level 5:colcon.colcon_core.verb:set package 'input' build argument 'cmake_target_skip_unavailable' from command line to 'False'
[0.547s] Level 5:colcon.colcon_core.verb:set package 'input' build argument 'cmake_clean_cache' from command line to 'False'
[0.547s] Level 5:colcon.colcon_core.verb:set package 'input' build argument 'cmake_clean_first' from command line to 'False'
[0.547s] Level 5:colcon.colcon_core.verb:set package 'input' build argument 'cmake_force_configure' from command line to 'False'
[0.547s] Level 5:colcon.colcon_core.verb:set package 'input' build argument 'ament_cmake_args' from command line to 'None'
[0.547s] Level 5:colcon.colcon_core.verb:set package 'input' build argument 'catkin_cmake_args' from command line to 'None'
[0.547s] Level 5:colcon.colcon_core.verb:set package 'input' build argument 'catkin_skip_building_tests' from command line to 'False'
[0.547s] DEBUG:colcon.colcon_core.verb:Building package 'input' with the following arguments: {'ament_cmake_args': None, 'build_base': '/uros_ws/Brain_DEI/brain/build/input', 'catkin_cmake_args': None, 'catkin_skip_building_tests': False, 'cmake_args': None, 'cmake_clean_cache': False, 'cmake_clean_first': False, 'cmake_force_configure': False, 'cmake_target': None, 'cmake_target_skip_unavailable': False, 'install_base': '/uros_ws/Brain_DEI/brain/install/input', 'merge_install': False, 'path': '/uros_ws/Brain_DEI/brain/src/input', 'symlink_install': False, 'test_result_base': None}
[0.548s] Level 5:colcon.colcon_core.verb:set package 'unix_out' build argument 'cmake_args' from command line to 'None'
[0.548s] Level 5:colcon.colcon_core.verb:set package 'unix_out' build argument 'cmake_target' from command line to 'None'
[0.548s] Level 5:colcon.colcon_core.verb:set package 'unix_out' build argument 'cmake_target_skip_unavailable' from command line to 'False'
[0.548s] Level 5:colcon.colcon_core.verb:set package 'unix_out' build argument 'cmake_clean_cache' from command line to 'False'
[0.548s] Level 5:colcon.colcon_core.verb:set package 'unix_out' build argument 'cmake_clean_first' from command line to 'False'
[0.548s] Level 5:colcon.colcon_core.verb:set package 'unix_out' build argument 'cmake_force_configure' from command line to 'False'
[0.548s] Level 5:colcon.colcon_core.verb:set package 'unix_out' build argument 'ament_cmake_args' from command line to 'None'
[0.548s] Level 5:colcon.colcon_core.verb:set package 'unix_out' build argument 'catkin_cmake_args' from command line to 'None'
[0.548s] Level 5:colcon.colcon_core.verb:set package 'unix_out' build argument 'catkin_skip_building_tests' from command line to 'False'
[0.549s] DEBUG:colcon.colcon_core.verb:Building package 'unix_out' with the following arguments: {'ament_cmake_args': None, 'build_base': '/uros_ws/Brain_DEI/brain/build/unix_out', 'catkin_cmake_args': None, 'catkin_skip_building_tests': False, 'cmake_args': None, 'cmake_clean_cache': False, 'cmake_clean_first': False, 'cmake_force_configure': False, 'cmake_target': None, 'cmake_target_skip_unavailable': False, 'install_base': '/uros_ws/Brain_DEI/brain/install/unix_out', 'merge_install': False, 'path': '/uros_ws/Brain_DEI/brain/src/unix_out', 'symlink_install': False, 'test_result_base': None}
[0.549s] INFO:colcon.colcon_core.executor:Executing jobs using 'parallel' executor
[0.551s] DEBUG:colcon.colcon_parallel_executor.executor.parallel:run_until_complete
[0.552s] INFO:colcon.colcon_ros.task.ament_cmake.build:Building ROS package in '/uros_ws/Brain_DEI/brain/src/utils' with build type 'ament_cmake'
[0.552s] INFO:colcon.colcon_cmake.task.cmake.build:Building CMake package in '/uros_ws/Brain_DEI/brain/src/utils'
[0.556s] INFO:colcon.colcon_core.plugin_system:Skipping extension 'colcon_core.shell.bat': Not used on non-Windows systems
[0.557s] INFO:colcon.colcon_core.shell:Skip shell extension 'powershell' for command environment: Not usable outside of PowerShell
[0.557s] DEBUG:colcon.colcon_core.shell:Skip shell extension 'dsv' for command environment
[0.564s] INFO:colcon.colcon_ros.task.ament_python.build:Building ROS package in '/uros_ws/Brain_DEI/brain/src/smart' with build type 'ament_python'
[0.564s] Level 1:colcon.colcon_core.shell:create_environment_hook('smart', 'ament_prefix_path')
[0.565s] INFO:colcon.colcon_core.shell:Creating environment hook '/uros_ws/Brain_DEI/brain/install/smart/share/smart/hook/ament_prefix_path.ps1'
[0.566s] INFO:colcon.colcon_core.shell:Creating environment descriptor '/uros_ws/Brain_DEI/brain/install/smart/share/smart/hook/ament_prefix_path.dsv'
[0.569s] INFO:colcon.colcon_core.shell:Creating environment hook '/uros_ws/Brain_DEI/brain/install/smart/share/smart/hook/ament_prefix_path.sh'
[0.570s] INFO:colcon.colcon_core.shell:Skip shell extension 'powershell' for command environment: Not usable outside of PowerShell
[0.571s] DEBUG:colcon.colcon_core.shell:Skip shell extension 'dsv' for command environment
[0.589s] DEBUG:colcon.colcon_core.event_handler.log_command:Invoking command in '/uros_ws/Brain_DEI/brain/build/utils': CMAKE_PREFIX_PATH=${CMAKE_PREFIX_PATH}:/uros_ws/Brain_DEI/brain/install/unix_out:/uros_ws/Brain_DEI/brain/install/output:/uros_ws/Brain_DEI/brain/install/input:/uros_ws/Brain_DEI/brain/install/smart:/opt/ros/jazzy /usr/bin/cmake /uros_ws/Brain_DEI/brain/src/utils -DCMAKE_INSTALL_PREFIX=/uros_ws/Brain_DEI/brain/install/utils
[1.151s] INFO:colcon.colcon_core.task.python.build:Building Python package in '/uros_ws/Brain_DEI/brain/src/smart'
[1.152s] INFO:colcon.colcon_core.shell:Skip shell extension 'powershell' for command environment: Not usable outside of PowerShell
[1.152s] DEBUG:colcon.colcon_core.shell:Skip shell extension 'dsv' for command environment
[2.465s] DEBUG:colcon.colcon_core.event_handler.log_command:Invoking command in '/uros_ws/Brain_DEI/brain/src/smart': PYTHONPATH=/uros_ws/Brain_DEI/brain/build/smart/prefix_override:/usr/lib/python3/dist-packages/colcon_core/task/python/colcon_distutils_commands:/uros_ws/Brain_DEI/brain/install/smart/lib/python3.12/site-packages:${PYTHONPATH} /usr/bin/python3 -W ignore:setup.py install is deprecated -W ignore:easy_install command is deprecated setup.py egg_info --egg-base ../../build/smart build --build-base /uros_ws/Brain_DEI/brain/build/smart/build install --record /uros_ws/Brain_DEI/brain/build/smart/install.log --single-version-externally-managed install_data
[3.791s] DEBUG:colcon.colcon_core.event_handler.log_command:Invoked command in '/uros_ws/Brain_DEI/brain/src/smart' returned '0': PYTHONPATH=/uros_ws/Brain_DEI/brain/build/smart/prefix_override:/usr/lib/python3/dist-packages/colcon_core/task/python/colcon_distutils_commands:/uros_ws/Brain_DEI/brain/install/smart/lib/python3.12/site-packages:${PYTHONPATH} /usr/bin/python3 -W ignore:setup.py install is deprecated -W ignore:easy_install command is deprecated setup.py egg_info --egg-base ../../build/smart build --build-base /uros_ws/Brain_DEI/brain/build/smart/build install --record /uros_ws/Brain_DEI/brain/build/smart/install.log --single-version-externally-managed install_data
[3.799s] Level 1:colcon.colcon_core.environment:checking '/uros_ws/Brain_DEI/brain/install/smart' for CMake module files
[3.802s] Level 1:colcon.colcon_core.environment:checking '/uros_ws/Brain_DEI/brain/install/smart' for CMake config files
[3.806s] Level 1:colcon.colcon_core.environment:checking '/uros_ws/Brain_DEI/brain/install/smart/lib'
[3.807s] Level 1:colcon.colcon_core.environment:checking '/uros_ws/Brain_DEI/brain/install/smart/bin'
[3.807s] Level 1:colcon.colcon_core.environment:checking '/uros_ws/Brain_DEI/brain/install/smart/lib/pkgconfig/smart.pc'
[3.808s] Level 1:colcon.colcon_core.environment:checking '/uros_ws/Brain_DEI/brain/install/smart/lib/python3.12/site-packages'
[3.808s] Level 1:colcon.colcon_core.shell:create_environment_hook('smart', 'pythonpath')
[3.809s] INFO:colcon.colcon_core.shell:Creating environment hook '/uros_ws/Brain_DEI/brain/install/smart/share/smart/hook/pythonpath.ps1'
[3.811s] INFO:colcon.colcon_core.shell:Creating environment descriptor '/uros_ws/Brain_DEI/brain/install/smart/share/smart/hook/pythonpath.dsv'
[3.812s] INFO:colcon.colcon_core.shell:Creating environment hook '/uros_ws/Brain_DEI/brain/install/smart/share/smart/hook/pythonpath.sh'
[3.816s] Level 1:colcon.colcon_core.environment:checking '/uros_ws/Brain_DEI/brain/install/smart/bin'
[3.816s] Level 1:colcon.colcon_core.environment:create_environment_scripts_only(smart)
[3.817s] INFO:colcon.colcon_core.shell:Creating package script '/uros_ws/Brain_DEI/brain/install/smart/share/smart/package.ps1'
[3.821s] INFO:colcon.colcon_core.shell:Creating package descriptor '/uros_ws/Brain_DEI/brain/install/smart/share/smart/package.dsv'
[3.823s] INFO:colcon.colcon_core.shell:Creating package script '/uros_ws/Brain_DEI/brain/install/smart/share/smart/package.sh'
[3.827s] INFO:colcon.colcon_core.shell:Creating package script '/uros_ws/Brain_DEI/brain/install/smart/share/smart/package.bash'
[3.829s] INFO:colcon.colcon_core.shell:Creating package script '/uros_ws/Brain_DEI/brain/install/smart/share/smart/package.zsh'
[3.831s] Level 1:colcon.colcon_core.environment:create_file_with_runtime_dependencies(/uros_ws/Brain_DEI/brain/install/smart/share/colcon-core/packages/smart)
[9.054s] DEBUG:colcon.colcon_core.event_handler.log_command:Invoked command in '/uros_ws/Brain_DEI/brain/build/utils' returned '0': CMAKE_PREFIX_PATH=${CMAKE_PREFIX_PATH}:/uros_ws/Brain_DEI/brain/install/unix_out:/uros_ws/Brain_DEI/brain/install/output:/uros_ws/Brain_DEI/brain/install/input:/uros_ws/Brain_DEI/brain/install/smart:/opt/ros/jazzy /usr/bin/cmake /uros_ws/Brain_DEI/brain/src/utils -DCMAKE_INSTALL_PREFIX=/uros_ws/Brain_DEI/brain/install/utils
[9.058s] DEBUG:colcon.colcon_core.event_handler.log_command:Invoking command in '/uros_ws/Brain_DEI/brain/build/utils': CMAKE_PREFIX_PATH=${CMAKE_PREFIX_PATH}:/uros_ws/Brain_DEI/brain/install/unix_out:/uros_ws/Brain_DEI/brain/install/output:/uros_ws/Brain_DEI/brain/install/input:/uros_ws/Brain_DEI/brain/install/smart:/opt/ros/jazzy /usr/bin/cmake --build /uros_ws/Brain_DEI/brain/build/utils -- -j6 -l6
[29.606s] DEBUG:colcon.colcon_core.event_handler.log_command:Invoked command in '/uros_ws/Brain_DEI/brain/build/utils' returned '0': CMAKE_PREFIX_PATH=${CMAKE_PREFIX_PATH}:/uros_ws/Brain_DEI/brain/install/unix_out:/uros_ws/Brain_DEI/brain/install/output:/uros_ws/Brain_DEI/brain/install/input:/uros_ws/Brain_DEI/brain/install/smart:/opt/ros/jazzy /usr/bin/cmake --build /uros_ws/Brain_DEI/brain/build/utils -- -j6 -l6
[29.630s] DEBUG:colcon.colcon_core.event_handler.log_command:Invoking command in '/uros_ws/Brain_DEI/brain/build/utils': CMAKE_PREFIX_PATH=${CMAKE_PREFIX_PATH}:/uros_ws/Brain_DEI/brain/install/unix_out:/uros_ws/Brain_DEI/brain/install/output:/uros_ws/Brain_DEI/brain/install/input:/uros_ws/Brain_DEI/brain/install/smart:/opt/ros/jazzy /usr/bin/cmake --install /uros_ws/Brain_DEI/brain/build/utils
[29.943s] Level 1:colcon.colcon_core.environment:create_environment_scripts_only(utils)
[29.944s] Level 1:colcon.colcon_core.environment:checking '/uros_ws/Brain_DEI/brain/install/utils' for CMake module files
[29.945s] DEBUG:colcon.colcon_core.event_handler.log_command:Invoked command in '/uros_ws/Brain_DEI/brain/build/utils' returned '0': CMAKE_PREFIX_PATH=${CMAKE_PREFIX_PATH}:/uros_ws/Brain_DEI/brain/install/unix_out:/uros_ws/Brain_DEI/brain/install/output:/uros_ws/Brain_DEI/brain/install/input:/uros_ws/Brain_DEI/brain/install/smart:/opt/ros/jazzy /usr/bin/cmake --install /uros_ws/Brain_DEI/brain/build/utils
[29.947s] Level 1:colcon.colcon_core.environment:checking '/uros_ws/Brain_DEI/brain/install/utils' for CMake config files
[29.949s] Level 1:colcon.colcon_core.shell:create_environment_hook('utils', 'cmake_prefix_path')
[29.950s] INFO:colcon.colcon_core.shell:Creating environment hook '/uros_ws/Brain_DEI/brain/install/utils/share/utils/hook/cmake_prefix_path.ps1'
[29.952s] INFO:colcon.colcon_core.shell:Creating environment descriptor '/uros_ws/Brain_DEI/brain/install/utils/share/utils/hook/cmake_prefix_path.dsv'
[29.953s] INFO:colcon.colcon_core.shell:Creating environment hook '/uros_ws/Brain_DEI/brain/install/utils/share/utils/hook/cmake_prefix_path.sh'
[29.956s] Level 1:colcon.colcon_core.environment:checking '/uros_ws/Brain_DEI/brain/install/utils/lib'
[29.956s] Level 1:colcon.colcon_core.shell:create_environment_hook('utils', 'ld_library_path_lib')
[29.957s] INFO:colcon.colcon_core.shell:Creating environment hook '/uros_ws/Brain_DEI/brain/install/utils/share/utils/hook/ld_library_path_lib.ps1'
[29.958s] INFO:colcon.colcon_core.shell:Creating environment descriptor '/uros_ws/Brain_DEI/brain/install/utils/share/utils/hook/ld_library_path_lib.dsv'
[29.959s] INFO:colcon.colcon_core.shell:Creating environment hook '/uros_ws/Brain_DEI/brain/install/utils/share/utils/hook/ld_library_path_lib.sh'
[29.961s] Level 1:colcon.colcon_core.environment:checking '/uros_ws/Brain_DEI/brain/install/utils/bin'
[29.962s] Level 1:colcon.colcon_core.environment:checking '/uros_ws/Brain_DEI/brain/install/utils/lib/pkgconfig/utils.pc'
[29.962s] Level 1:colcon.colcon_core.environment:checking '/uros_ws/Brain_DEI/brain/install/utils/lib/python3.12/site-packages'
[29.962s] Level 1:colcon.colcon_core.shell:create_environment_hook('utils', 'pythonpath')
[29.963s] INFO:colcon.colcon_core.shell:Creating environment hook '/uros_ws/Brain_DEI/brain/install/utils/share/utils/hook/pythonpath.ps1'
[29.965s] INFO:colcon.colcon_core.shell:Creating environment descriptor '/uros_ws/Brain_DEI/brain/install/utils/share/utils/hook/pythonpath.dsv'
[29.967s] INFO:colcon.colcon_core.shell:Creating environment hook '/uros_ws/Brain_DEI/brain/install/utils/share/utils/hook/pythonpath.sh'
[29.970s] Level 1:colcon.colcon_core.environment:checking '/uros_ws/Brain_DEI/brain/install/utils/bin'
[29.972s] INFO:colcon.colcon_core.shell:Creating package script '/uros_ws/Brain_DEI/brain/install/utils/share/utils/package.ps1'
[29.976s] INFO:colcon.colcon_core.shell:Creating package descriptor '/uros_ws/Brain_DEI/brain/install/utils/share/utils/package.dsv'
[29.979s] INFO:colcon.colcon_core.shell:Creating package script '/uros_ws/Brain_DEI/brain/install/utils/share/utils/package.sh'
[29.980s] INFO:colcon.colcon_core.shell:Creating package script '/uros_ws/Brain_DEI/brain/install/utils/share/utils/package.bash'
[29.981s] INFO:colcon.colcon_core.shell:Creating package script '/uros_ws/Brain_DEI/brain/install/utils/share/utils/package.zsh'
[29.982s] Level 1:colcon.colcon_core.environment:create_file_with_runtime_dependencies(/uros_ws/Brain_DEI/brain/install/utils/share/colcon-core/packages/utils)
[29.984s] Level 1:colcon.colcon_core.environment:create_environment_scripts_only(utils)
[29.984s] Level 1:colcon.colcon_core.environment:checking '/uros_ws/Brain_DEI/brain/install/utils' for CMake module files
[29.987s] Level 1:colcon.colcon_core.environment:checking '/uros_ws/Brain_DEI/brain/install/utils' for CMake config files
[29.990s] Level 1:colcon.colcon_core.shell:create_environment_hook('utils', 'cmake_prefix_path')
[29.990s] INFO:colcon.colcon_core.shell:Creating environment hook '/uros_ws/Brain_DEI/brain/install/utils/share/utils/hook/cmake_prefix_path.ps1'
[29.992s] INFO:colcon.colcon_core.shell:Creating environment descriptor '/uros_ws/Brain_DEI/brain/install/utils/share/utils/hook/cmake_prefix_path.dsv'
[29.992s] INFO:colcon.colcon_core.shell:Creating environment hook '/uros_ws/Brain_DEI/brain/install/utils/share/utils/hook/cmake_prefix_path.sh'
[29.994s] Level 1:colcon.colcon_core.environment:checking '/uros_ws/Brain_DEI/brain/install/utils/lib'
[29.994s] Level 1:colcon.colcon_core.shell:create_environment_hook('utils', 'ld_library_path_lib')
[29.994s] INFO:colcon.colcon_core.shell:Creating environment hook '/uros_ws/Brain_DEI/brain/install/utils/share/utils/hook/ld_library_path_lib.ps1'
[29.995s] INFO:colcon.colcon_core.shell:Creating environment descriptor '/uros_ws/Brain_DEI/brain/install/utils/share/utils/hook/ld_library_path_lib.dsv'
[29.996s] INFO:colcon.colcon_core.shell:Creating environment hook '/uros_ws/Brain_DEI/brain/install/utils/share/utils/hook/ld_library_path_lib.sh'
[29.997s] Level 1:colcon.colcon_core.environment:checking '/uros_ws/Brain_DEI/brain/install/utils/bin'
[29.997s] Level 1:colcon.colcon_core.environment:checking '/uros_ws/Brain_DEI/brain/install/utils/lib/pkgconfig/utils.pc'
[29.998s] Level 1:colcon.colcon_core.environment:checking '/uros_ws/Brain_DEI/brain/install/utils/lib/python3.12/site-packages'
[29.998s] Level 1:colcon.colcon_core.shell:create_environment_hook('utils', 'pythonpath')
[29.998s] INFO:colcon.colcon_core.shell:Creating environment hook '/uros_ws/Brain_DEI/brain/install/utils/share/utils/hook/pythonpath.ps1'
[29.999s] INFO:colcon.colcon_core.shell:Creating environment descriptor '/uros_ws/Brain_DEI/brain/install/utils/share/utils/hook/pythonpath.dsv'
[30.000s] INFO:colcon.colcon_core.shell:Creating environment hook '/uros_ws/Brain_DEI/brain/install/utils/share/utils/hook/pythonpath.sh'
[30.001s] Level 1:colcon.colcon_core.environment:checking '/uros_ws/Brain_DEI/brain/install/utils/bin'
[30.002s] INFO:colcon.colcon_core.shell:Creating package script '/uros_ws/Brain_DEI/brain/install/utils/share/utils/package.ps1'
[30.005s] INFO:colcon.colcon_core.shell:Creating package descriptor '/uros_ws/Brain_DEI/brain/install/utils/share/utils/package.dsv'
[30.006s] INFO:colcon.colcon_core.shell:Creating package script '/uros_ws/Brain_DEI/brain/install/utils/share/utils/package.sh'
[30.007s] INFO:colcon.colcon_core.shell:Creating package script '/uros_ws/Brain_DEI/brain/install/utils/share/utils/package.bash'
[30.008s] INFO:colcon.colcon_core.shell:Creating package script '/uros_ws/Brain_DEI/brain/install/utils/share/utils/package.zsh'
[30.009s] Level 1:colcon.colcon_core.environment:create_file_with_runtime_dependencies(/uros_ws/Brain_DEI/brain/install/utils/share/colcon-core/packages/utils)
[30.010s] INFO:colcon.colcon_ros.task.ament_python.build:Building ROS package in '/uros_ws/Brain_DEI/brain/src/input' with build type 'ament_python'
[30.010s] Level 1:colcon.colcon_core.shell:create_environment_hook('input', 'ament_prefix_path')
[30.011s] INFO:colcon.colcon_core.shell:Creating environment hook '/uros_ws/Brain_DEI/brain/install/input/share/input/hook/ament_prefix_path.ps1'
[30.013s] INFO:colcon.colcon_core.shell:Creating environment descriptor '/uros_ws/Brain_DEI/brain/install/input/share/input/hook/ament_prefix_path.dsv'
[30.014s] INFO:colcon.colcon_core.shell:Creating environment hook '/uros_ws/Brain_DEI/brain/install/input/share/input/hook/ament_prefix_path.sh'
[30.016s] INFO:colcon.colcon_core.shell:Skip shell extension 'powershell' for command environment: Not usable outside of PowerShell
[30.016s] DEBUG:colcon.colcon_core.shell:Skip shell extension 'dsv' for command environment
[30.024s] INFO:colcon.colcon_ros.task.ament_python.build:Building ROS package in '/uros_ws/Brain_DEI/brain/src/unix_out' with build type 'ament_python'
[30.025s] Level 1:colcon.colcon_core.shell:create_environment_hook('unix_out', 'ament_prefix_path')
[30.025s] INFO:colcon.colcon_core.shell:Creating environment hook '/uros_ws/Brain_DEI/brain/install/unix_out/share/unix_out/hook/ament_prefix_path.ps1'
[30.027s] INFO:colcon.colcon_core.shell:Creating environment descriptor '/uros_ws/Brain_DEI/brain/install/unix_out/share/unix_out/hook/ament_prefix_path.dsv'
[30.028s] INFO:colcon.colcon_core.shell:Creating environment hook '/uros_ws/Brain_DEI/brain/install/unix_out/share/unix_out/hook/ament_prefix_path.sh'
[30.029s] INFO:colcon.colcon_core.shell:Skip shell extension 'powershell' for command environment: Not usable outside of PowerShell
[30.029s] DEBUG:colcon.colcon_core.shell:Skip shell extension 'dsv' for command environment
[30.548s] INFO:colcon.colcon_core.task.python.build:Building Python package in '/uros_ws/Brain_DEI/brain/src/input'
[30.549s] INFO:colcon.colcon_core.shell:Skip shell extension 'powershell' for command environment: Not usable outside of PowerShell
[30.549s] DEBUG:colcon.colcon_core.shell:Skip shell extension 'dsv' for command environment
[31.057s] INFO:colcon.colcon_core.task.python.build:Building Python package in '/uros_ws/Brain_DEI/brain/src/unix_out'
[31.058s] INFO:colcon.colcon_core.shell:Skip shell extension 'powershell' for command environment: Not usable outside of PowerShell
[31.058s] DEBUG:colcon.colcon_core.shell:Skip shell extension 'dsv' for command environment
[32.321s] DEBUG:colcon.colcon_core.event_handler.log_command:Invoking command in '/uros_ws/Brain_DEI/brain/src/input': PYTHONPATH=/uros_ws/Brain_DEI/brain/build/input/prefix_override:/usr/lib/python3/dist-packages/colcon_core/task/python/colcon_distutils_commands:/uros_ws/Brain_DEI/brain/install/input/lib/python3.12/site-packages:/uros_ws/Brain_DEI/brain/install/utils/lib/python3.12/site-packages:/uros_ws/Brain_DEI/brain/install/unix_out/lib/python3.12/site-packages:/uros_ws/Brain_DEI/brain/install/output/lib/python3.12/site-packages:/uros_ws/Brain_DEI/brain/install/input/lib/python3.12/site-packages:/uros_ws/Brain_DEI/brain/install/smart/lib/python3.12/site-packages:/uros_ws/install/micro_ros_msgs/lib/python3.12/site-packages:/opt/ros/jazzy/lib/python3.12/site-packages /usr/bin/python3 -W ignore:setup.py install is deprecated -W ignore:easy_install command is deprecated setup.py egg_info --egg-base ../../build/input build --build-base /uros_ws/Brain_DEI/brain/build/input/build install --record /uros_ws/Brain_DEI/brain/build/input/install.log --single-version-externally-managed install_data
[32.372s] DEBUG:colcon.colcon_core.event_handler.log_command:Invoking command in '/uros_ws/Brain_DEI/brain/src/unix_out': PYTHONPATH=/uros_ws/Brain_DEI/brain/build/unix_out/prefix_override:/usr/lib/python3/dist-packages/colcon_core/task/python/colcon_distutils_commands:/uros_ws/Brain_DEI/brain/install/unix_out/lib/python3.12/site-packages:/uros_ws/Brain_DEI/brain/install/utils/lib/python3.12/site-packages:/uros_ws/Brain_DEI/brain/install/unix_out/lib/python3.12/site-packages:/uros_ws/Brain_DEI/brain/install/output/lib/python3.12/site-packages:/uros_ws/Brain_DEI/brain/install/input/lib/python3.12/site-packages:/uros_ws/Brain_DEI/brain/install/smart/lib/python3.12/site-packages:/uros_ws/install/micro_ros_msgs/lib/python3.12/site-packages:/opt/ros/jazzy/lib/python3.12/site-packages /usr/bin/python3 -W ignore:setup.py install is deprecated -W ignore:easy_install command is deprecated setup.py egg_info --egg-base ../../build/unix_out build --build-base /uros_ws/Brain_DEI/brain/build/unix_out/build install --record /uros_ws/Brain_DEI/brain/build/unix_out/install.log --single-version-externally-managed install_data
[33.598s] Level 1:colcon.colcon_core.environment:checking '/uros_ws/Brain_DEI/brain/install/unix_out' for CMake module files
[33.599s] DEBUG:colcon.colcon_core.event_handler.log_command:Invoked command in '/uros_ws/Brain_DEI/brain/src/unix_out' returned '0': PYTHONPATH=/uros_ws/Brain_DEI/brain/build/unix_out/prefix_override:/usr/lib/python3/dist-packages/colcon_core/task/python/colcon_distutils_commands:/uros_ws/Brain_DEI/brain/install/unix_out/lib/python3.12/site-packages:/uros_ws/Brain_DEI/brain/install/utils/lib/python3.12/site-packages:/uros_ws/Brain_DEI/brain/install/unix_out/lib/python3.12/site-packages:/uros_ws/Brain_DEI/brain/install/output/lib/python3.12/site-packages:/uros_ws/Brain_DEI/brain/install/input/lib/python3.12/site-packages:/uros_ws/Brain_DEI/brain/install/smart/lib/python3.12/site-packages:/uros_ws/install/micro_ros_msgs/lib/python3.12/site-packages:/opt/ros/jazzy/lib/python3.12/site-packages /usr/bin/python3 -W ignore:setup.py install is deprecated -W ignore:easy_install command is deprecated setup.py egg_info --egg-base ../../build/unix_out build --build-base /uros_ws/Brain_DEI/brain/build/unix_out/build install --record /uros_ws/Brain_DEI/brain/build/unix_out/install.log --single-version-externally-managed install_data
[33.601s] Level 1:colcon.colcon_core.environment:checking '/uros_ws/Brain_DEI/brain/install/unix_out' for CMake config files
[33.602s] Level 1:colcon.colcon_core.environment:checking '/uros_ws/Brain_DEI/brain/install/unix_out/lib'
[33.603s] Level 1:colcon.colcon_core.environment:checking '/uros_ws/Brain_DEI/brain/install/unix_out/bin'
[33.603s] Level 1:colcon.colcon_core.environment:checking '/uros_ws/Brain_DEI/brain/install/unix_out/lib/pkgconfig/unix_out.pc'
[33.604s] Level 1:colcon.colcon_core.environment:checking '/uros_ws/Brain_DEI/brain/install/unix_out/lib/python3.12/site-packages'
[33.604s] Level 1:colcon.colcon_core.shell:create_environment_hook('unix_out', 'pythonpath')
[33.605s] INFO:colcon.colcon_core.shell:Creating environment hook '/uros_ws/Brain_DEI/brain/install/unix_out/share/unix_out/hook/pythonpath.ps1'
[33.606s] INFO:colcon.colcon_core.shell:Creating environment descriptor '/uros_ws/Brain_DEI/brain/install/unix_out/share/unix_out/hook/pythonpath.dsv'
[33.607s] INFO:colcon.colcon_core.shell:Creating environment hook '/uros_ws/Brain_DEI/brain/install/unix_out/share/unix_out/hook/pythonpath.sh'
[33.608s] Level 1:colcon.colcon_core.environment:checking '/uros_ws/Brain_DEI/brain/install/unix_out/bin'
[33.609s] Level 1:colcon.colcon_core.environment:create_environment_scripts_only(unix_out)
[33.609s] INFO:colcon.colcon_core.shell:Creating package script '/uros_ws/Brain_DEI/brain/install/unix_out/share/unix_out/package.ps1'
[33.611s] INFO:colcon.colcon_core.shell:Creating package descriptor '/uros_ws/Brain_DEI/brain/install/unix_out/share/unix_out/package.dsv'
[33.612s] INFO:colcon.colcon_core.shell:Creating package script '/uros_ws/Brain_DEI/brain/install/unix_out/share/unix_out/package.sh'
[33.613s] INFO:colcon.colcon_core.shell:Creating package script '/uros_ws/Brain_DEI/brain/install/unix_out/share/unix_out/package.bash'
[33.614s] INFO:colcon.colcon_core.shell:Creating package script '/uros_ws/Brain_DEI/brain/install/unix_out/share/unix_out/package.zsh'
[33.615s] Level 1:colcon.colcon_core.environment:create_file_with_runtime_dependencies(/uros_ws/Brain_DEI/brain/install/unix_out/share/colcon-core/packages/unix_out)
[33.679s] Level 1:colcon.colcon_core.environment:checking '/uros_ws/Brain_DEI/brain/install/input' for CMake module files
[33.681s] DEBUG:colcon.colcon_core.event_handler.log_command:Invoked command in '/uros_ws/Brain_DEI/brain/src/input' returned '0': PYTHONPATH=/uros_ws/Brain_DEI/brain/build/input/prefix_override:/usr/lib/python3/dist-packages/colcon_core/task/python/colcon_distutils_commands:/uros_ws/Brain_DEI/brain/install/input/lib/python3.12/site-packages:/uros_ws/Brain_DEI/brain/install/utils/lib/python3.12/site-packages:/uros_ws/Brain_DEI/brain/install/unix_out/lib/python3.12/site-packages:/uros_ws/Brain_DEI/brain/install/output/lib/python3.12/site-packages:/uros_ws/Brain_DEI/brain/install/input/lib/python3.12/site-packages:/uros_ws/Brain_DEI/brain/install/smart/lib/python3.12/site-packages:/uros_ws/install/micro_ros_msgs/lib/python3.12/site-packages:/opt/ros/jazzy/lib/python3.12/site-packages /usr/bin/python3 -W ignore:setup.py install is deprecated -W ignore:easy_install command is deprecated setup.py egg_info --egg-base ../../build/input build --build-base /uros_ws/Brain_DEI/brain/build/input/build install --record /uros_ws/Brain_DEI/brain/build/input/install.log --single-version-externally-managed install_data
[33.683s] Level 1:colcon.colcon_core.environment:checking '/uros_ws/Brain_DEI/brain/install/input' for CMake config files
[33.689s] Level 1:colcon.colcon_core.environment:checking '/uros_ws/Brain_DEI/brain/install/input/lib'
[33.690s] Level 1:colcon.colcon_core.environment:checking '/uros_ws/Brain_DEI/brain/install/input/bin'
[33.690s] Level 1:colcon.colcon_core.environment:checking '/uros_ws/Brain_DEI/brain/install/input/lib/pkgconfig/input.pc'
[33.691s] Level 1:colcon.colcon_core.environment:checking '/uros_ws/Brain_DEI/brain/install/input/lib/python3.12/site-packages'
[33.691s] Level 1:colcon.colcon_core.shell:create_environment_hook('input', 'pythonpath')
[33.692s] INFO:colcon.colcon_core.shell:Creating environment hook '/uros_ws/Brain_DEI/brain/install/input/share/input/hook/pythonpath.ps1'
[33.694s] INFO:colcon.colcon_core.shell:Creating environment descriptor '/uros_ws/Brain_DEI/brain/install/input/share/input/hook/pythonpath.dsv'
[33.695s] INFO:colcon.colcon_core.shell:Creating environment hook '/uros_ws/Brain_DEI/brain/install/input/share/input/hook/pythonpath.sh'
[33.699s] Level 1:colcon.colcon_core.environment:checking '/uros_ws/Brain_DEI/brain/install/input/bin'
[33.699s] Level 1:colcon.colcon_core.environment:create_environment_scripts_only(input)
[33.700s] INFO:colcon.colcon_core.shell:Creating package script '/uros_ws/Brain_DEI/brain/install/input/share/input/package.ps1'
[33.703s] INFO:colcon.colcon_core.shell:Creating package descriptor '/uros_ws/Brain_DEI/brain/install/input/share/input/package.dsv'
[33.705s] INFO:colcon.colcon_core.shell:Creating package script '/uros_ws/Brain_DEI/brain/install/input/share/input/package.sh'
[33.707s] INFO:colcon.colcon_core.shell:Creating package script '/uros_ws/Brain_DEI/brain/install/input/share/input/package.bash'
[33.709s] INFO:colcon.colcon_core.shell:Creating package script '/uros_ws/Brain_DEI/brain/install/input/share/input/package.zsh'
[33.710s] Level 1:colcon.colcon_core.environment:create_file_with_runtime_dependencies(/uros_ws/Brain_DEI/brain/install/input/share/colcon-core/packages/input)
[33.711s] DEBUG:colcon.colcon_parallel_executor.executor.parallel:closing loop
[33.712s] DEBUG:colcon.colcon_parallel_executor.executor.parallel:loop closed
[33.713s] DEBUG:colcon.colcon_parallel_executor.executor.parallel:run_until_complete finished with '0'
[33.713s] DEBUG:colcon.colcon_core.event_reactor:joining thread
[33.733s] INFO:colcon.colcon_core.plugin_system:Skipping extension 'colcon_notification.desktop_notification.notify_send': Could not find 'notify-send'
[33.733s] INFO:colcon.colcon_core.plugin_system:Skipping extension 'colcon_notification.desktop_notification.terminal_notifier': Not used on non-Darwin systems
[33.734s] INFO:colcon.colcon_core.plugin_system:Skipping extension 'colcon_notification.desktop_notification.win32': Not used on non-Windows systems
[33.734s] INFO:colcon.colcon_notification.desktop_notification:Sending desktop notification using 'notify2'
[33.742s] DEBUG:colcon.colcon_notification.desktop_notification.notify2:Failed to initialize notify2: org.freedesktop.DBus.Error.Spawn.ExecFailed: /usr/bin/dbus-launch terminated abnormally without any error message
[33.743s] DEBUG:colcon.colcon_core.event_reactor:joined thread
[33.745s] INFO:colcon.colcon_core.shell:Creating prefix script '/uros_ws/Brain_DEI/brain/install/local_setup.ps1'
[33.748s] INFO:colcon.colcon_core.shell:Creating prefix util module '/uros_ws/Brain_DEI/brain/install/_local_setup_util_ps1.py'
[33.756s] INFO:colcon.colcon_core.shell:Creating prefix chain script '/uros_ws/Brain_DEI/brain/install/setup.ps1'
[33.760s] INFO:colcon.colcon_core.shell:Creating prefix script '/uros_ws/Brain_DEI/brain/install/local_setup.sh'
[33.762s] INFO:colcon.colcon_core.shell:Creating prefix util module '/uros_ws/Brain_DEI/brain/install/_local_setup_util_sh.py'
[33.764s] INFO:colcon.colcon_core.shell:Creating prefix chain script '/uros_ws/Brain_DEI/brain/install/setup.sh'
[33.768s] INFO:colcon.colcon_core.shell:Creating prefix script '/uros_ws/Brain_DEI/brain/install/local_setup.bash'
[33.769s] INFO:colcon.colcon_core.shell:Creating prefix chain script '/uros_ws/Brain_DEI/brain/install/setup.bash'
[33.773s] INFO:colcon.colcon_core.shell:Creating prefix script '/uros_ws/Brain_DEI/brain/install/local_setup.zsh'
[33.774s] INFO:colcon.colcon_core.shell:Creating prefix chain script '/uros_ws/Brain_DEI/brain/install/setup.zsh'
