[5.126s] Invoking command in '/uros_ws/Brain_DEI/brain/src/input': PYTHONPATH=/uros_ws/Brain_DEI/brain/build/input/prefix_override:/usr/lib/python3/dist-packages/colcon_core/task/python/colcon_distutils_commands:/uros_ws/Brain_DEI/brain/install/input/lib/python3.12/site-packages:/uros_ws/Brain_DEI/brain/install/utils/lib/python3.12/site-packages:/uros_ws/Brain_DEI/brain/install/unix_out/lib/python3.12/site-packages:/uros_ws/Brain_DEI/brain/install/output/lib/python3.12/site-packages:/uros_ws/Brain_DEI/brain/install/input/lib/python3.12/site-packages:/uros_ws/Brain_DEI/brain/install/smart/lib/python3.12/site-packages:/uros_ws/install/micro_ros_msgs/lib/python3.12/site-packages:/opt/ros/jazzy/lib/python3.12/site-packages /usr/bin/python3 -W ignore:setup.py install is deprecated -W ignore:easy_install command is deprecated setup.py egg_info --egg-base ../../build/input build --build-base /uros_ws/Brain_DEI/brain/build/input/build install --record /uros_ws/Brain_DEI/brain/build/input/install.log --single-version-externally-managed install_data
[6.190s] running egg_info
[6.233s] writing ../../build/input/input.egg-info/PKG-INFO
[6.238s] writing dependency_links to ../../build/input/input.egg-info/dependency_links.txt
[6.238s] writing entry points to ../../build/input/input.egg-info/entry_points.txt
[6.239s] writing requirements to ../../build/input/input.egg-info/requires.txt
[6.239s] writing top-level names to ../../build/input/input.egg-info/top_level.txt
[6.337s] reading manifest file '../../build/input/input.egg-info/SOURCES.txt'
[6.345s] writing manifest file '../../build/input/input.egg-info/SOURCES.txt'
[6.345s] running build
[6.345s] running build_py
[6.354s] running install
[6.369s] running install_lib
[6.429s] running install_data
[6.429s] running install_egg_info
[6.485s] removing '/uros_ws/Brain_DEI/brain/install/input/lib/python3.12/site-packages/input-0.0.0-py3.12.egg-info' (and everything under it)
[6.491s] Copying ../../build/input/input.egg-info to /uros_ws/Brain_DEI/brain/install/input/lib/python3.12/site-packages/input-0.0.0-py3.12.egg-info
[6.495s] running install_scripts
[6.883s] Installing gpstrackerNODE script to /uros_ws/Brain_DEI/brain/install/input/lib/input
[6.884s] Installing imuNODE script to /uros_ws/Brain_DEI/brain/install/input/lib/input
[6.886s] Installing semaphoreBridgeNODE script to /uros_ws/Brain_DEI/brain/install/input/lib/input
[6.887s] Installing semaphoreNODE script to /uros_ws/Brain_DEI/brain/install/input/lib/input
[6.887s] Installing sonarNODE script to /uros_ws/Brain_DEI/brain/install/input/lib/input
[6.887s] Installing trafficBridgeNODE script to /uros_ws/Brain_DEI/brain/install/input/lib/input
[6.889s] writing list of installed files to '/uros_ws/Brain_DEI/brain/build/input/install.log'
[7.016s] Invoked command in '/uros_ws/Brain_DEI/brain/src/input' returned '0': PYTHONPATH=/uros_ws/Brain_DEI/brain/build/input/prefix_override:/usr/lib/python3/dist-packages/colcon_core/task/python/colcon_distutils_commands:/uros_ws/Brain_DEI/brain/install/input/lib/python3.12/site-packages:/uros_ws/Brain_DEI/brain/install/utils/lib/python3.12/site-packages:/uros_ws/Brain_DEI/brain/install/unix_out/lib/python3.12/site-packages:/uros_ws/Brain_DEI/brain/install/output/lib/python3.12/site-packages:/uros_ws/Brain_DEI/brain/install/input/lib/python3.12/site-packages:/uros_ws/Brain_DEI/brain/install/smart/lib/python3.12/site-packages:/uros_ws/install/micro_ros_msgs/lib/python3.12/site-packages:/opt/ros/jazzy/lib/python3.12/site-packages /usr/bin/python3 -W ignore:setup.py install is deprecated -W ignore:easy_install command is deprecated setup.py egg_info --egg-base ../../build/input build --build-base /uros_ws/Brain_DEI/brain/build/input/build install --record /uros_ws/Brain_DEI/brain/build/input/install.log --single-version-externally-managed install_data
