running egg_info
creating ../../build/smart/smart.egg-info
writing ../../build/smart/smart.egg-info/PKG-INFO
writing dependency_links to ../../build/smart/smart.egg-info/dependency_links.txt
writing entry points to ../../build/smart/smart.egg-info/entry_points.txt
writing requirements to ../../build/smart/smart.egg-info/requires.txt
writing top-level names to ../../build/smart/smart.egg-info/top_level.txt
writing manifest file '../../build/smart/smart.egg-info/SOURCES.txt'
reading manifest file '../../build/smart/smart.egg-info/SOURCES.txt'
writing manifest file '../../build/smart/smart.egg-info/SOURCES.txt'
running build
running build_py
creating /uros_ws/Brain_DEI/brain/build/smart/build
creating /uros_ws/Brain_DEI/brain/build/smart/build/lib
copying oak_camera_node.py -> /uros_ws/Brain_DEI/brain/build/smart/build/lib
running install
running install_lib
copying /uros_ws/Brain_DEI/brain/build/smart/build/lib/oak_camera_node.py -> /uros_ws/Brain_DEI/brain/install/smart/lib/python3.12/site-packages
byte-compiling /uros_ws/Brain_DEI/brain/install/smart/lib/python3.12/site-packages/oak_camera_node.py to oak_camera_node.cpython-312.pyc
running install_data
creating /uros_ws/Brain_DEI/brain/install/smart/share/ament_index
creating /uros_ws/Brain_DEI/brain/install/smart/share/ament_index/resource_index
creating /uros_ws/Brain_DEI/brain/install/smart/share/ament_index/resource_index/packages
error: can't copy 'resource/smart': doesn't exist or not a regular file
