[2.495s] Invoking command in '/uros_ws/Brain_DEI/brain/src/smart': PYTHONPATH=/uros_ws/Brain_DEI/brain/build/smart/prefix_override:/usr/lib/python3/dist-packages/colcon_core/task/python/colcon_distutils_commands:/uros_ws/Brain_DEI/brain/install/smart/lib/python3.12/site-packages:${PYTHONPATH} /usr/bin/python3 -W ignore:setup.py install is deprecated -W ignore:easy_install command is deprecated setup.py egg_info --egg-base ../../build/smart build --build-base /uros_ws/Brain_DEI/brain/build/smart/build install --record /uros_ws/Brain_DEI/brain/build/smart/install.log --single-version-externally-managed install_data
[3.090s] running egg_info
[3.090s] creating ../../build/smart/smart.egg-info
[3.131s] writing ../../build/smart/smart.egg-info/PKG-INFO
[3.131s] writing dependency_links to ../../build/smart/smart.egg-info/dependency_links.txt
[3.132s] writing entry points to ../../build/smart/smart.egg-info/entry_points.txt
[3.132s] writing requirements to ../../build/smart/smart.egg-info/requires.txt
[3.132s] writing top-level names to ../../build/smart/smart.egg-info/top_level.txt
[3.132s] writing manifest file '../../build/smart/smart.egg-info/SOURCES.txt'
[3.214s] reading manifest file '../../build/smart/smart.egg-info/SOURCES.txt'
[3.216s] writing manifest file '../../build/smart/smart.egg-info/SOURCES.txt'
[3.216s] running build
[3.216s] running build_py
[3.217s] creating /uros_ws/Brain_DEI/brain/build/smart/build
[3.217s] creating /uros_ws/Brain_DEI/brain/build/smart/build/lib
[3.217s] copying oak_camera_node.py -> /uros_ws/Brain_DEI/brain/build/smart/build/lib
[3.217s] running install
[3.232s] running install_lib
[3.272s] copying /uros_ws/Brain_DEI/brain/build/smart/build/lib/oak_camera_node.py -> /uros_ws/Brain_DEI/brain/install/smart/lib/python3.12/site-packages
[3.273s] byte-compiling /uros_ws/Brain_DEI/brain/install/smart/lib/python3.12/site-packages/oak_camera_node.py to oak_camera_node.cpython-312.pyc
[3.285s] running install_data
[3.285s] creating /uros_ws/Brain_DEI/brain/install/smart/share/ament_index
[3.286s] creating /uros_ws/Brain_DEI/brain/install/smart/share/ament_index/resource_index
[3.286s] creating /uros_ws/Brain_DEI/brain/install/smart/share/ament_index/resource_index/packages
[3.286s] error: can't copy 'resource/smart': doesn't exist or not a regular file
[3.353s] Invoked command in '/uros_ws/Brain_DEI/brain/src/smart' returned '1': PYTHONPATH=/uros_ws/Brain_DEI/brain/build/smart/prefix_override:/usr/lib/python3/dist-packages/colcon_core/task/python/colcon_distutils_commands:/uros_ws/Brain_DEI/brain/install/smart/lib/python3.12/site-packages:${PYTHONPATH} /usr/bin/python3 -W ignore:setup.py install is deprecated -W ignore:easy_install command is deprecated setup.py egg_info --egg-base ../../build/smart build --build-base /uros_ws/Brain_DEI/brain/build/smart/build install --record /uros_ws/Brain_DEI/brain/build/smart/install.log --single-version-externally-managed install_data
