[3.216s] Invoking command in '/uros_ws/Brain_DEI/brain/src/unix_out': PYTHONPATH=/uros_ws/Brain_DEI/brain/build/unix_out/prefix_override:/usr/lib/python3/dist-packages/colcon_core/task/python/colcon_distutils_commands:/uros_ws/Brain_DEI/brain/install/unix_out/lib/python3.12/site-packages:/uros_ws/Brain_DEI/brain/install/utils/lib/python3.12/site-packages:/uros_ws/Brain_DEI/brain/install/unix_out/lib/python3.12/site-packages:/uros_ws/Brain_DEI/brain/install/output/lib/python3.12/site-packages:/uros_ws/Brain_DEI/brain/install/input/lib/python3.12/site-packages:/uros_ws/install/micro_ros_msgs/lib/python3.12/site-packages:/opt/ros/jazzy/lib/python3.12/site-packages /usr/bin/python3 -W ignore:setup.py install is deprecated -W ignore:easy_install command is deprecated setup.py egg_info --egg-base ../../build/unix_out build --build-base /uros_ws/Brain_DEI/brain/build/unix_out/build install --record /uros_ws/Brain_DEI/brain/build/unix_out/install.log --single-version-externally-managed install_data
[3.828s] running egg_info
[3.866s] writing ../../build/unix_out/unix_out.egg-info/PKG-INFO
[3.867s] writing dependency_links to ../../build/unix_out/unix_out.egg-info/dependency_links.txt
[3.868s] writing entry points to ../../build/unix_out/unix_out.egg-info/entry_points.txt
[3.869s] writing requirements to ../../build/unix_out/unix_out.egg-info/requires.txt
[3.869s] writing top-level names to ../../build/unix_out/unix_out.egg-info/top_level.txt
[3.953s] reading manifest file '../../build/unix_out/unix_out.egg-info/SOURCES.txt'
[3.957s] writing manifest file '../../build/unix_out/unix_out.egg-info/SOURCES.txt'
[3.958s] running build
[3.958s] running build_py
[3.959s] copying src/camera_to_socket.py -> /uros_ws/Brain_DEI/brain/build/unix_out/build/lib
[3.961s] running install
[3.974s] running install_lib
[4.019s] copying /uros_ws/Brain_DEI/brain/build/unix_out/build/lib/camera_to_socket.py -> /uros_ws/Brain_DEI/brain/install/unix_out/lib/python3.12/site-packages
[4.022s] byte-compiling /uros_ws/Brain_DEI/brain/install/unix_out/lib/python3.12/site-packages/camera_to_socket.py to camera_to_socket.cpython-312.pyc
[4.027s] running install_data
[4.029s] running install_egg_info
[4.082s] removing '/uros_ws/Brain_DEI/brain/install/unix_out/lib/python3.12/site-packages/unix_out-0.0.0-py3.12.egg-info' (and everything under it)
[4.083s] Copying ../../build/unix_out/unix_out.egg-info to /uros_ws/Brain_DEI/brain/install/unix_out/lib/python3.12/site-packages/unix_out-0.0.0-py3.12.egg-info
[4.084s] running install_scripts
[4.373s] Installing camera_to_socket script to /uros_ws/Brain_DEI/brain/install/unix_out/lib/unix_out
[4.374s] Installing lidar_to_socket script to /uros_ws/Brain_DEI/brain/install/unix_out/lib/unix_out
[4.376s] Installing metrics_to_socket script to /uros_ws/Brain_DEI/brain/install/unix_out/lib/unix_out
[4.378s] writing list of installed files to '/uros_ws/Brain_DEI/brain/build/unix_out/install.log'
[4.554s] Invoked command in '/uros_ws/Brain_DEI/brain/src/unix_out' returned '0': PYTHONPATH=/uros_ws/Brain_DEI/brain/build/unix_out/prefix_override:/usr/lib/python3/dist-packages/colcon_core/task/python/colcon_distutils_commands:/uros_ws/Brain_DEI/brain/install/unix_out/lib/python3.12/site-packages:/uros_ws/Brain_DEI/brain/install/utils/lib/python3.12/site-packages:/uros_ws/Brain_DEI/brain/install/unix_out/lib/python3.12/site-packages:/uros_ws/Brain_DEI/brain/install/output/lib/python3.12/site-packages:/uros_ws/Brain_DEI/brain/install/input/lib/python3.12/site-packages:/uros_ws/install/micro_ros_msgs/lib/python3.12/site-packages:/opt/ros/jazzy/lib/python3.12/site-packages /usr/bin/python3 -W ignore:setup.py install is deprecated -W ignore:easy_install command is deprecated setup.py egg_info --egg-base ../../build/unix_out build --build-base /uros_ws/Brain_DEI/brain/build/unix_out/build install --record /uros_ws/Brain_DEI/brain/build/unix_out/install.log --single-version-externally-managed install_data
