[0.924s] Invoking command in '/home/davide-pillon/Desktop/Brain_DEII/brain/src/input': AMENT_PREFIX_PATH=/home/davide-pillon/Desktop/Brain_DEII/brain/install/utils:${AMENT_PREFIX_PATH} CMAKE_PREFIX_PATH=/home/davide-pillon/Desktop/Brain_DEII/brain/install/utils:${CMAKE_PREFIX_PATH} DEBUGINFOD_URLS=https://debuginfod.ubuntu.com LD_LIBRARY_PATH=/home/davide-pillon/Desktop/Brain_DEII/brain/install/utils/lib:${LD_LIBRARY_PATH} PYTHONPATH=/home/davide-pillon/Desktop/Brain_DEII/brain/build/input/prefix_override:/usr/lib/python3/dist-packages/colcon_core/task/python/colcon_distutils_commands:/home/davide-pillon/Desktop/Brain_DEII/brain/install/input/lib/python3.12/site-packages:/home/davide-pillon/Desktop/Brain_DEII/brain/install/utils/lib/python3.12/site-packages:${PYTHONPATH} /usr/bin/python3 -W ignore:setup.py install is deprecated -W ignore:easy_install command is deprecated setup.py egg_info --egg-base ../../build/input build --build-base /home/davide-pillon/Desktop/Brain_DEII/brain/build/input/build install --record /home/davide-pillon/Desktop/Brain_DEII/brain/build/input/install.log --single-version-externally-managed install_data
[1.164s] running egg_info
[1.180s] writing ../../build/input/input.egg-info/PKG-INFO
[1.180s] writing dependency_links to ../../build/input/input.egg-info/dependency_links.txt
[1.180s] writing entry points to ../../build/input/input.egg-info/entry_points.txt
[1.180s] writing requirements to ../../build/input/input.egg-info/requires.txt
[1.180s] writing top-level names to ../../build/input/input.egg-info/top_level.txt
[1.217s] reading manifest file '../../build/input/input.egg-info/SOURCES.txt'
[1.218s] writing manifest file '../../build/input/input.egg-info/SOURCES.txt'
[1.218s] running build
[1.218s] running build_py
[1.218s] copying src/data/semaphoreBridge.py -> /home/davide-pillon/Desktop/Brain_DEII/brain/build/input/build/lib/data
[1.219s] copying src/data/semaphoreBridge.py -> /home/davide-pillon/Desktop/Brain_DEII/brain/build/input/build/lib/src/data
[1.221s] running install
[1.226s] running install_lib
[1.244s] copying /home/davide-pillon/Desktop/Brain_DEII/brain/build/input/build/lib/data/semaphoreBridge.py -> /home/davide-pillon/Desktop/Brain_DEII/brain/install/input/lib/python3.12/site-packages/data
[1.245s] copying /home/davide-pillon/Desktop/Brain_DEII/brain/build/input/build/lib/src/data/semaphoreBridge.py -> /home/davide-pillon/Desktop/Brain_DEII/brain/install/input/lib/python3.12/site-packages/src/data
[1.246s] byte-compiling /home/davide-pillon/Desktop/Brain_DEII/brain/install/input/lib/python3.12/site-packages/data/semaphoreBridge.py to semaphoreBridge.cpython-312.pyc
[1.247s] byte-compiling /home/davide-pillon/Desktop/Brain_DEII/brain/install/input/lib/python3.12/site-packages/src/data/semaphoreBridge.py to semaphoreBridge.cpython-312.pyc
[1.249s] running install_data
[1.249s] running install_egg_info
[1.267s] removing '/home/davide-pillon/Desktop/Brain_DEII/brain/install/input/lib/python3.12/site-packages/input-0.0.0-py3.12.egg-info' (and everything under it)
[1.267s] Copying ../../build/input/input.egg-info to /home/davide-pillon/Desktop/Brain_DEII/brain/install/input/lib/python3.12/site-packages/input-0.0.0-py3.12.egg-info
[1.267s] running install_scripts
[1.374s] Installing gpstrackerNODE script to /home/davide-pillon/Desktop/Brain_DEII/brain/install/input/lib/input
[1.374s] Installing imuNODE script to /home/davide-pillon/Desktop/Brain_DEII/brain/install/input/lib/input
[1.374s] Installing semaphoreBridgeNODE script to /home/davide-pillon/Desktop/Brain_DEII/brain/install/input/lib/input
[1.374s] Installing semaphoreNODE script to /home/davide-pillon/Desktop/Brain_DEII/brain/install/input/lib/input
[1.374s] Installing sonarNODE script to /home/davide-pillon/Desktop/Brain_DEII/brain/install/input/lib/input
[1.374s] Installing trafficBridgeNODE script to /home/davide-pillon/Desktop/Brain_DEII/brain/install/input/lib/input
[1.375s] writing list of installed files to '/home/davide-pillon/Desktop/Brain_DEII/brain/build/input/install.log'
[1.414s] Invoked command in '/home/davide-pillon/Desktop/Brain_DEII/brain/src/input' returned '0': AMENT_PREFIX_PATH=/home/davide-pillon/Desktop/Brain_DEII/brain/install/utils:${AMENT_PREFIX_PATH} CMAKE_PREFIX_PATH=/home/davide-pillon/Desktop/Brain_DEII/brain/install/utils:${CMAKE_PREFIX_PATH} DEBUGINFOD_URLS=https://debuginfod.ubuntu.com LD_LIBRARY_PATH=/home/davide-pillon/Desktop/Brain_DEII/brain/install/utils/lib:${LD_LIBRARY_PATH} PYTHONPATH=/home/davide-pillon/Desktop/Brain_DEII/brain/build/input/prefix_override:/usr/lib/python3/dist-packages/colcon_core/task/python/colcon_distutils_commands:/home/davide-pillon/Desktop/Brain_DEII/brain/install/input/lib/python3.12/site-packages:/home/davide-pillon/Desktop/Brain_DEII/brain/install/utils/lib/python3.12/site-packages:${PYTHONPATH} /usr/bin/python3 -W ignore:setup.py install is deprecated -W ignore:easy_install command is deprecated setup.py egg_info --egg-base ../../build/input build --build-base /home/davide-pillon/Desktop/Brain_DEII/brain/build/input/build install --record /home/davide-pillon/Desktop/Brain_DEII/brain/build/input/install.log --single-version-externally-managed install_data
