[  1%] Built target utils__rosidl_generator_type_description
[  1%] Built target ament_cmake_python_copy_utils
[  1%] Built target utils__cpp
[ 27%] Built target utils__rosidl_generator_c
[ 36%] Built target utils__rosidl_typesupport_introspection_c
[ 46%] Built target utils__rosidl_typesupport_c
[ 58%] Built target utils__rosidl_typesupport_cpp
[ 65%] Built target utils__rosidl_typesupport_introspection_cpp
[ 75%] Built target utils__rosidl_typesupport_fastrtps_cpp
[ 85%] Built target utils__rosidl_typesupport_fastrtps_c
[ 85%] Built target utils
[ 86%] Built target utils__py
[ 86%] [32mBuilding C object CMakeFiles/utils__rosidl_generator_py.dir/rosidl_generator_py/utils/msg/_vehicles_s.c.o[0m
[ 87%] [32mBuilding C object CMakeFiles/utils__rosidl_generator_py.dir/rosidl_generator_py/utils/msg/_environmental_s.c.o[0m
[ 88%] [32mBuilding C object CMakeFiles/utils__rosidl_generator_py.dir/rosidl_generator_py/utils/msg/_log_s.c.o[0m
[ 89%] [32mBuilding C object CMakeFiles/utils__rosidl_generator_py.dir/rosidl_generator_py/utils/msg/_localisation_s.c.o[0m
[ 89%] [32mBuilding C object CMakeFiles/utils__rosidl_generator_py.dir/rosidl_generator_py/utils/msg/_semaphore_s.c.o[0m
[ 90%] [32mBuilding C object CMakeFiles/utils__rosidl_generator_py.dir/rosidl_generator_py/utils/msg/_imu_s.c.o[0m
[ 91%] [32mBuilding C object CMakeFiles/utils__rosidl_generator_py.dir/rosidl_generator_py/utils/msg/_topic_info_s.c.o[0m
running egg_info
writing utils.egg-info/PKG-INFO
writing dependency_links to utils.egg-info/dependency_links.txt
writing top-level names to utils.egg-info/top_level.txt
reading manifest file 'utils.egg-info/SOURCES.txt'
writing manifest file 'utils.egg-info/SOURCES.txt'
[ 91%] Built target ament_cmake_python_build_utils_egg
