[2.472s] Invoking command in '/uros_ws/Brain_DEI/brain/src/unix_out': AMENT_PREFIX_PATH=/uros_ws/Brain_DEI/brain/install/utils:${AMENT_PREFIX_PATH} CMAKE_PREFIX_PATH=/uros_ws/Brain_DEI/brain/install/utils:${CMAKE_PREFIX_PATH} LD_LIBRARY_PATH=/uros_ws/Brain_DEI/brain/install/utils/lib:${LD_LIBRARY_PATH} PYTHONPATH=/uros_ws/Brain_DEI/brain/build/unix_out/prefix_override:/usr/lib/python3/dist-packages/colcon_core/task/python/colcon_distutils_commands:/uros_ws/Brain_DEI/brain/install/unix_out/lib/python3.12/site-packages:/uros_ws/Brain_DEI/brain/install/utils/lib/python3.12/site-packages:${PYTHONPATH} /usr/bin/python3 -W ignore:setup.py install is deprecated -W ignore:easy_install command is deprecated setup.py egg_info --egg-base ../../build/unix_out build --build-base /uros_ws/Brain_DEI/brain/build/unix_out/build install --record /uros_ws/Brain_DEI/brain/build/unix_out/install.log --single-version-externally-managed install_data
[3.007s] running egg_info
[3.035s] writing ../../build/unix_out/unix_out.egg-info/PKG-INFO
[3.035s] writing dependency_links to ../../build/unix_out/unix_out.egg-info/dependency_links.txt
[3.036s] writing entry points to ../../build/unix_out/unix_out.egg-info/entry_points.txt
[3.036s] writing requirements to ../../build/unix_out/unix_out.egg-info/requires.txt
[3.036s] writing top-level names to ../../build/unix_out/unix_out.egg-info/top_level.txt
[3.091s] reading manifest file '../../build/unix_out/unix_out.egg-info/SOURCES.txt'
[3.093s] writing manifest file '../../build/unix_out/unix_out.egg-info/SOURCES.txt'
[3.094s] running build
[3.094s] running build_py
[3.094s] creating /uros_ws/Brain_DEI/brain/build/unix_out/build
[3.094s] creating /uros_ws/Brain_DEI/brain/build/unix_out/build/lib
[3.094s] copying src/lidar_to_socket.py -> /uros_ws/Brain_DEI/brain/build/unix_out/build/lib
[3.095s] copying src/metrics_to_socket.py -> /uros_ws/Brain_DEI/brain/build/unix_out/build/lib
[3.095s] running install
[3.108s] running install_lib
[3.135s] copying /uros_ws/Brain_DEI/brain/build/unix_out/build/lib/metrics_to_socket.py -> /uros_ws/Brain_DEI/brain/install/unix_out/lib/python3.12/site-packages
[3.136s] copying /uros_ws/Brain_DEI/brain/build/unix_out/build/lib/lidar_to_socket.py -> /uros_ws/Brain_DEI/brain/install/unix_out/lib/python3.12/site-packages
[3.148s] byte-compiling /uros_ws/Brain_DEI/brain/install/unix_out/lib/python3.12/site-packages/metrics_to_socket.py to metrics_to_socket.cpython-312.pyc
[3.151s] byte-compiling /uros_ws/Brain_DEI/brain/install/unix_out/lib/python3.12/site-packages/lidar_to_socket.py to lidar_to_socket.cpython-312.pyc
[3.151s] running install_data
[3.152s] running install_egg_info
[3.177s] removing '/uros_ws/Brain_DEI/brain/install/unix_out/lib/python3.12/site-packages/unix_out-0.0.0-py3.12.egg-info' (and everything under it)
[3.178s] Copying ../../build/unix_out/unix_out.egg-info to /uros_ws/Brain_DEI/brain/install/unix_out/lib/python3.12/site-packages/unix_out-0.0.0-py3.12.egg-info
[3.181s] running install_scripts
[3.393s] Installing lidar_to_socket script to /uros_ws/Brain_DEI/brain/install/unix_out/lib/unix_out
[3.394s] Installing metrics_to_socket script to /uros_ws/Brain_DEI/brain/install/unix_out/lib/unix_out
[3.394s] writing list of installed files to '/uros_ws/Brain_DEI/brain/build/unix_out/install.log'
[3.492s] Invoked command in '/uros_ws/Brain_DEI/brain/src/unix_out' returned '0': AMENT_PREFIX_PATH=/uros_ws/Brain_DEI/brain/install/utils:${AMENT_PREFIX_PATH} CMAKE_PREFIX_PATH=/uros_ws/Brain_DEI/brain/install/utils:${CMAKE_PREFIX_PATH} LD_LIBRARY_PATH=/uros_ws/Brain_DEI/brain/install/utils/lib:${LD_LIBRARY_PATH} PYTHONPATH=/uros_ws/Brain_DEI/brain/build/unix_out/prefix_override:/usr/lib/python3/dist-packages/colcon_core/task/python/colcon_distutils_commands:/uros_ws/Brain_DEI/brain/install/unix_out/lib/python3.12/site-packages:/uros_ws/Brain_DEI/brain/install/utils/lib/python3.12/site-packages:${PYTHONPATH} /usr/bin/python3 -W ignore:setup.py install is deprecated -W ignore:easy_install command is deprecated setup.py egg_info --egg-base ../../build/unix_out build --build-base /uros_ws/Brain_DEI/brain/build/unix_out/build install --record /uros_ws/Brain_DEI/brain/build/unix_out/install.log --single-version-externally-managed install_data
