[0.331s] DEBUG:colcon:Command line arguments: ['/usr/bin/colcon', 'build']
[0.331s] DEBUG:colcon:Parsed command line arguments: Namespace(log_base=None, log_level=None, verb_name='build', build_base='build', install_base='install', merge_install=False, symlink_install=False, test_result_base=None, continue_on_error=False, executor='parallel', parallel_workers=6, event_handlers=None, ignore_user_meta=False, metas=['./colcon.meta'], base_paths=['.'], packages_ignore=None, packages_ignore_regex=None, paths=None, packages_up_to=None, packages_up_to_regex=None, packages_above=None, packages_above_and_dependencies=None, packages_above_depth=None, packages_select_by_dep=None, packages_skip_by_dep=None, packages_skip_up_to=None, packages_select_build_failed=False, packages_skip_build_finished=False, packages_select_test_failures=False, packages_skip_test_passed=False, packages_select=None, packages_skip=None, packages_select_regex=None, packages_skip_regex=None, packages_start=None, packages_end=None, allow_overriding=[], cmake_args=None, cmake_target=None, cmake_target_skip_unavailable=False, cmake_clean_cache=False, cmake_clean_first=False, cmake_force_configure=False, ament_cmake_args=None, catkin_cmake_args=None, catkin_skip_building_tests=False, verb_parser=<colcon_defaults.argument_parser.defaults.DefaultArgumentsDecorator object at 0xffff832ca240>, verb_extension=<colcon_core.verb.build.BuildVerb object at 0xffff83275640>, main=<bound method BuildVerb.main of <colcon_core.verb.build.BuildVerb object at 0xffff83275640>>)
[0.467s] Level 1:colcon.colcon_core.package_discovery:discover_packages(colcon_meta) check parameters
[0.468s] Level 1:colcon.colcon_core.package_discovery:discover_packages(recursive) check parameters
[0.468s] Level 1:colcon.colcon_core.package_discovery:discover_packages(ignore) check parameters
[0.468s] Level 1:colcon.colcon_core.package_discovery:discover_packages(path) check parameters
[0.468s] Level 1:colcon.colcon_core.package_discovery:discover_packages(colcon_meta) discover
[0.468s] Level 1:colcon.colcon_core.package_discovery:discover_packages(recursive) discover
[0.469s] INFO:colcon.colcon_core.package_discovery:Crawling recursively for packages in '/uros_ws/Brain_DEI/brain'
[0.469s] Level 1:colcon.colcon_core.package_identification:_identify(.) by extensions ['ignore', 'ignore_ament_install']
[0.469s] Level 1:colcon.colcon_core.package_identification:_identify(.) by extension 'ignore'
[0.469s] Level 1:colcon.colcon_core.package_identification:_identify(.) by extension 'ignore_ament_install'
[0.470s] Level 1:colcon.colcon_core.package_identification:_identify(.) by extensions ['colcon_pkg']
[0.470s] Level 1:colcon.colcon_core.package_identification:_identify(.) by extension 'colcon_pkg'
[0.470s] Level 1:colcon.colcon_core.package_identification:_identify(.) by extensions ['colcon_meta']
[0.470s] Level 1:colcon.colcon_core.package_identification:_identify(.) by extension 'colcon_meta'
[0.470s] Level 1:colcon.colcon_core.package_identification:_identify(.) by extensions ['ros']
[0.470s] Level 1:colcon.colcon_core.package_identification:_identify(.) by extension 'ros'
[0.541s] Level 1:colcon.colcon_core.package_identification:_identify(.) by extensions ['cmake', 'python']
[0.541s] Level 1:colcon.colcon_core.package_identification:_identify(.) by extension 'cmake'
[0.541s] Level 1:colcon.colcon_core.package_identification:_identify(.) by extension 'python'
[0.541s] Level 1:colcon.colcon_core.package_identification:_identify(.) by extensions ['python_setup_py']
[0.541s] Level 1:colcon.colcon_core.package_identification:_identify(.) by extension 'python_setup_py'
[0.542s] Level 1:colcon.colcon_core.package_identification:_identify(build) by extensions ['ignore', 'ignore_ament_install']
[0.542s] Level 1:colcon.colcon_core.package_identification:_identify(build) by extension 'ignore'
[0.542s] Level 1:colcon.colcon_core.package_identification:_identify(build) ignored
[0.542s] Level 1:colcon.colcon_core.package_identification:_identify(install) by extensions ['ignore', 'ignore_ament_install']
[0.542s] Level 1:colcon.colcon_core.package_identification:_identify(install) by extension 'ignore'
[0.543s] Level 1:colcon.colcon_core.package_identification:_identify(install) ignored
[0.543s] Level 1:colcon.colcon_core.package_identification:_identify(log) by extensions ['ignore', 'ignore_ament_install']
[0.543s] Level 1:colcon.colcon_core.package_identification:_identify(log) by extension 'ignore'
[0.543s] Level 1:colcon.colcon_core.package_identification:_identify(log) ignored
[0.543s] Level 1:colcon.colcon_core.package_identification:_identify(src) by extensions ['ignore', 'ignore_ament_install']
[0.544s] Level 1:colcon.colcon_core.package_identification:_identify(src) by extension 'ignore'
[0.544s] Level 1:colcon.colcon_core.package_identification:_identify(src) by extension 'ignore_ament_install'
[0.544s] Level 1:colcon.colcon_core.package_identification:_identify(src) by extensions ['colcon_pkg']
[0.544s] Level 1:colcon.colcon_core.package_identification:_identify(src) by extension 'colcon_pkg'
[0.544s] Level 1:colcon.colcon_core.package_identification:_identify(src) by extensions ['colcon_meta']
[0.544s] Level 1:colcon.colcon_core.package_identification:_identify(src) by extension 'colcon_meta'
[0.545s] Level 1:colcon.colcon_core.package_identification:_identify(src) by extensions ['ros']
[0.545s] Level 1:colcon.colcon_core.package_identification:_identify(src) by extension 'ros'
[0.545s] Level 1:colcon.colcon_core.package_identification:_identify(src) by extensions ['cmake', 'python']
[0.545s] Level 1:colcon.colcon_core.package_identification:_identify(src) by extension 'cmake'
[0.545s] Level 1:colcon.colcon_core.package_identification:_identify(src) by extension 'python'
[0.545s] Level 1:colcon.colcon_core.package_identification:_identify(src) by extensions ['python_setup_py']
[0.545s] Level 1:colcon.colcon_core.package_identification:_identify(src) by extension 'python_setup_py'
[0.546s] Level 1:colcon.colcon_core.package_identification:_identify(src/control) by extensions ['ignore', 'ignore_ament_install']
[0.546s] Level 1:colcon.colcon_core.package_identification:_identify(src/control) by extension 'ignore'
[0.546s] Level 1:colcon.colcon_core.package_identification:_identify(src/control) by extension 'ignore_ament_install'
[0.546s] Level 1:colcon.colcon_core.package_identification:_identify(src/control) by extensions ['colcon_pkg']
[0.546s] Level 1:colcon.colcon_core.package_identification:_identify(src/control) by extension 'colcon_pkg'
[0.546s] Level 1:colcon.colcon_core.package_identification:_identify(src/control) by extensions ['colcon_meta']
[0.546s] Level 1:colcon.colcon_core.package_identification:_identify(src/control) by extension 'colcon_meta'
[0.547s] Level 1:colcon.colcon_core.package_identification:_identify(src/control) by extensions ['ros']
[0.547s] Level 1:colcon.colcon_core.package_identification:_identify(src/control) by extension 'ros'
[0.547s] Level 1:colcon.colcon_core.package_identification:_identify(src/control) by extensions ['cmake', 'python']
[0.547s] Level 1:colcon.colcon_core.package_identification:_identify(src/control) by extension 'cmake'
[0.547s] Level 1:colcon.colcon_core.package_identification:_identify(src/control) by extension 'python'
[0.547s] Level 1:colcon.colcon_core.package_identification:_identify(src/control) by extensions ['python_setup_py']
[0.547s] Level 1:colcon.colcon_core.package_identification:_identify(src/control) by extension 'python_setup_py'
[0.548s] Level 1:colcon.colcon_core.package_identification:_identify(src/control/src) by extensions ['ignore', 'ignore_ament_install']
[0.548s] Level 1:colcon.colcon_core.package_identification:_identify(src/control/src) by extension 'ignore'
[0.548s] Level 1:colcon.colcon_core.package_identification:_identify(src/control/src) by extension 'ignore_ament_install'
[0.548s] Level 1:colcon.colcon_core.package_identification:_identify(src/control/src) by extensions ['colcon_pkg']
[0.548s] Level 1:colcon.colcon_core.package_identification:_identify(src/control/src) by extension 'colcon_pkg'
[0.548s] Level 1:colcon.colcon_core.package_identification:_identify(src/control/src) by extensions ['colcon_meta']
[0.548s] Level 1:colcon.colcon_core.package_identification:_identify(src/control/src) by extension 'colcon_meta'
[0.549s] Level 1:colcon.colcon_core.package_identification:_identify(src/control/src) by extensions ['ros']
[0.549s] Level 1:colcon.colcon_core.package_identification:_identify(src/control/src) by extension 'ros'
[0.549s] Level 1:colcon.colcon_core.package_identification:_identify(src/control/src) by extensions ['cmake', 'python']
[0.549s] Level 1:colcon.colcon_core.package_identification:_identify(src/control/src) by extension 'cmake'
[0.549s] Level 1:colcon.colcon_core.package_identification:_identify(src/control/src) by extension 'python'
[0.549s] Level 1:colcon.colcon_core.package_identification:_identify(src/control/src) by extensions ['python_setup_py']
[0.549s] Level 1:colcon.colcon_core.package_identification:_identify(src/control/src) by extension 'python_setup_py'
[0.550s] Level 1:colcon.colcon_core.package_identification:_identify(src/input) by extensions ['ignore', 'ignore_ament_install']
[0.550s] Level 1:colcon.colcon_core.package_identification:_identify(src/input) by extension 'ignore'
[0.550s] Level 1:colcon.colcon_core.package_identification:_identify(src/input) by extension 'ignore_ament_install'
[0.550s] Level 1:colcon.colcon_core.package_identification:_identify(src/input) by extensions ['colcon_pkg']
[0.550s] Level 1:colcon.colcon_core.package_identification:_identify(src/input) by extension 'colcon_pkg'
[0.550s] Level 1:colcon.colcon_core.package_identification:_identify(src/input) by extensions ['colcon_meta']
[0.550s] Level 1:colcon.colcon_core.package_identification:_identify(src/input) by extension 'colcon_meta'
[0.550s] Level 1:colcon.colcon_core.package_identification:_identify(src/input) by extensions ['ros']
[0.551s] Level 1:colcon.colcon_core.package_identification:_identify(src/input) by extension 'ros'
[0.558s] DEBUG:colcon.colcon_core.package_identification:Package 'src/input' with type 'ros.ament_python' and name 'input'
[0.558s] Level 1:colcon.colcon_core.package_identification:_identify(src/smart) by extensions ['ignore', 'ignore_ament_install']
[0.558s] Level 1:colcon.colcon_core.package_identification:_identify(src/smart) by extension 'ignore'
[0.559s] Level 1:colcon.colcon_core.package_identification:_identify(src/smart) by extension 'ignore_ament_install'
[0.559s] Level 1:colcon.colcon_core.package_identification:_identify(src/smart) by extensions ['colcon_pkg']
[0.559s] Level 1:colcon.colcon_core.package_identification:_identify(src/smart) by extension 'colcon_pkg'
[0.559s] Level 1:colcon.colcon_core.package_identification:_identify(src/smart) by extensions ['colcon_meta']
[0.559s] Level 1:colcon.colcon_core.package_identification:_identify(src/smart) by extension 'colcon_meta'
[0.559s] Level 1:colcon.colcon_core.package_identification:_identify(src/smart) by extensions ['ros']
[0.559s] Level 1:colcon.colcon_core.package_identification:_identify(src/smart) by extension 'ros'
[0.561s] DEBUG:colcon.colcon_core.package_identification:Package 'src/smart' with type 'ros.ament_python' and name 'smart'
[0.561s] Level 1:colcon.colcon_core.package_identification:_identify(src/train) by extensions ['ignore', 'ignore_ament_install']
[0.561s] Level 1:colcon.colcon_core.package_identification:_identify(src/train) by extension 'ignore'
[0.561s] Level 1:colcon.colcon_core.package_identification:_identify(src/train) by extension 'ignore_ament_install'
[0.562s] Level 1:colcon.colcon_core.package_identification:_identify(src/train) by extensions ['colcon_pkg']
[0.562s] Level 1:colcon.colcon_core.package_identification:_identify(src/train) by extension 'colcon_pkg'
[0.562s] Level 1:colcon.colcon_core.package_identification:_identify(src/train) by extensions ['colcon_meta']
[0.562s] Level 1:colcon.colcon_core.package_identification:_identify(src/train) by extension 'colcon_meta'
[0.562s] Level 1:colcon.colcon_core.package_identification:_identify(src/train) by extensions ['ros']
[0.562s] Level 1:colcon.colcon_core.package_identification:_identify(src/train) by extension 'ros'
[0.562s] Level 1:colcon.colcon_core.package_identification:_identify(src/train) by extensions ['cmake', 'python']
[0.562s] Level 1:colcon.colcon_core.package_identification:_identify(src/train) by extension 'cmake'
[0.563s] Level 1:colcon.colcon_core.package_identification:_identify(src/train) by extension 'python'
[0.563s] Level 1:colcon.colcon_core.package_identification:_identify(src/train) by extensions ['python_setup_py']
[0.563s] Level 1:colcon.colcon_core.package_identification:_identify(src/train) by extension 'python_setup_py'
[0.563s] Level 1:colcon.colcon_core.package_identification:_identify(src/train/sparcs) by extensions ['ignore', 'ignore_ament_install']
[0.563s] Level 1:colcon.colcon_core.package_identification:_identify(src/train/sparcs) by extension 'ignore'
[0.563s] Level 1:colcon.colcon_core.package_identification:_identify(src/train/sparcs) by extension 'ignore_ament_install'
[0.564s] Level 1:colcon.colcon_core.package_identification:_identify(src/train/sparcs) by extensions ['colcon_pkg']
[0.564s] Level 1:colcon.colcon_core.package_identification:_identify(src/train/sparcs) by extension 'colcon_pkg'
[0.564s] Level 1:colcon.colcon_core.package_identification:_identify(src/train/sparcs) by extensions ['colcon_meta']
[0.564s] Level 1:colcon.colcon_core.package_identification:_identify(src/train/sparcs) by extension 'colcon_meta'
[0.564s] Level 1:colcon.colcon_core.package_identification:_identify(src/train/sparcs) by extensions ['ros']
[0.564s] Level 1:colcon.colcon_core.package_identification:_identify(src/train/sparcs) by extension 'ros'
[0.564s] Level 1:colcon.colcon_core.package_identification:_identify(src/train/sparcs) by extensions ['cmake', 'python']
[0.564s] Level 1:colcon.colcon_core.package_identification:_identify(src/train/sparcs) by extension 'cmake'
[0.565s] Level 1:colcon.colcon_core.package_identification:_identify(src/train/sparcs) by extension 'python'
[0.565s] Level 1:colcon.colcon_core.package_identification:_identify(src/train/sparcs) by extensions ['python_setup_py']
[0.565s] Level 1:colcon.colcon_core.package_identification:_identify(src/train/sparcs) by extension 'python_setup_py'
[0.565s] Level 1:colcon.colcon_core.package_identification:_identify(src/train/stuff) by extensions ['ignore', 'ignore_ament_install']
[0.565s] Level 1:colcon.colcon_core.package_identification:_identify(src/train/stuff) by extension 'ignore'
[0.565s] Level 1:colcon.colcon_core.package_identification:_identify(src/train/stuff) by extension 'ignore_ament_install'
[0.566s] Level 1:colcon.colcon_core.package_identification:_identify(src/train/stuff) by extensions ['colcon_pkg']
[0.566s] Level 1:colcon.colcon_core.package_identification:_identify(src/train/stuff) by extension 'colcon_pkg'
[0.566s] Level 1:colcon.colcon_core.package_identification:_identify(src/train/stuff) by extensions ['colcon_meta']
[0.566s] Level 1:colcon.colcon_core.package_identification:_identify(src/train/stuff) by extension 'colcon_meta'
[0.566s] Level 1:colcon.colcon_core.package_identification:_identify(src/train/stuff) by extensions ['ros']
[0.566s] Level 1:colcon.colcon_core.package_identification:_identify(src/train/stuff) by extension 'ros'
[0.566s] Level 1:colcon.colcon_core.package_identification:_identify(src/train/stuff) by extensions ['cmake', 'python']
[0.566s] Level 1:colcon.colcon_core.package_identification:_identify(src/train/stuff) by extension 'cmake'
[0.566s] Level 1:colcon.colcon_core.package_identification:_identify(src/train/stuff) by extension 'python'
[0.567s] Level 1:colcon.colcon_core.package_identification:_identify(src/train/stuff) by extensions ['python_setup_py']
[0.567s] Level 1:colcon.colcon_core.package_identification:_identify(src/train/stuff) by extension 'python_setup_py'
[0.567s] Level 1:colcon.colcon_core.package_identification:_identify(src/unix_out) by extensions ['ignore', 'ignore_ament_install']
[0.567s] Level 1:colcon.colcon_core.package_identification:_identify(src/unix_out) by extension 'ignore'
[0.567s] Level 1:colcon.colcon_core.package_identification:_identify(src/unix_out) by extension 'ignore_ament_install'
[0.568s] Level 1:colcon.colcon_core.package_identification:_identify(src/unix_out) by extensions ['colcon_pkg']
[0.568s] Level 1:colcon.colcon_core.package_identification:_identify(src/unix_out) by extension 'colcon_pkg'
[0.568s] Level 1:colcon.colcon_core.package_identification:_identify(src/unix_out) by extensions ['colcon_meta']
[0.568s] Level 1:colcon.colcon_core.package_identification:_identify(src/unix_out) by extension 'colcon_meta'
[0.568s] Level 1:colcon.colcon_core.package_identification:_identify(src/unix_out) by extensions ['ros']
[0.568s] Level 1:colcon.colcon_core.package_identification:_identify(src/unix_out) by extension 'ros'
[0.570s] DEBUG:colcon.colcon_core.package_identification:Package 'src/unix_out' with type 'ros.ament_python' and name 'unix_out'
[0.570s] Level 1:colcon.colcon_core.package_identification:_identify(src/utils) by extensions ['ignore', 'ignore_ament_install']
[0.570s] Level 1:colcon.colcon_core.package_identification:_identify(src/utils) by extension 'ignore'
[0.570s] Level 1:colcon.colcon_core.package_identification:_identify(src/utils) by extension 'ignore_ament_install'
[0.570s] Level 1:colcon.colcon_core.package_identification:_identify(src/utils) by extensions ['colcon_pkg']
[0.571s] Level 1:colcon.colcon_core.package_identification:_identify(src/utils) by extension 'colcon_pkg'
[0.571s] Level 1:colcon.colcon_core.package_identification:_identify(src/utils) by extensions ['colcon_meta']
[0.571s] Level 1:colcon.colcon_core.package_identification:_identify(src/utils) by extension 'colcon_meta'
[0.571s] Level 1:colcon.colcon_core.package_identification:_identify(src/utils) by extensions ['ros']
[0.571s] Level 1:colcon.colcon_core.package_identification:_identify(src/utils) by extension 'ros'
[0.572s] DEBUG:colcon.colcon_core.package_identification:Package 'src/utils' with type 'ros.ament_cmake' and name 'utils'
[0.572s] Level 1:colcon.colcon_core.package_discovery:discover_packages(recursive) using defaults
[0.575s] Level 1:colcon.colcon_core.package_discovery:discover_packages(ignore) discover
[0.575s] Level 1:colcon.colcon_core.package_discovery:discover_packages(ignore) using defaults
[0.575s] Level 1:colcon.colcon_core.package_discovery:discover_packages(path) discover
[0.575s] Level 1:colcon.colcon_core.package_discovery:discover_packages(path) using defaults
[0.629s] Level 1:colcon.colcon_core.package_discovery:discover_packages(prefix_path) check parameters
[0.629s] Level 1:colcon.colcon_core.package_discovery:discover_packages(prefix_path) discover
[0.636s] DEBUG:colcon.colcon_installed_package_information.package_discovery:Found 4 installed packages in /uros_ws/Brain_DEI/brain/install
[0.637s] DEBUG:colcon.colcon_installed_package_information.package_discovery:Found 2 installed packages in /uros_ws/install
[0.640s] DEBUG:colcon.colcon_installed_package_information.package_discovery:Found 215 installed packages in /opt/ros/jazzy
[0.641s] Level 1:colcon.colcon_core.package_discovery:discover_packages(prefix_path) using defaults
[0.715s] Level 5:colcon.colcon_core.verb:set package 'smart' build argument 'cmake_args' from command line to 'None'
[0.716s] Level 5:colcon.colcon_core.verb:set package 'smart' build argument 'cmake_target' from command line to 'None'
[0.716s] Level 5:colcon.colcon_core.verb:set package 'smart' build argument 'cmake_target_skip_unavailable' from command line to 'False'
[0.716s] Level 5:colcon.colcon_core.verb:set package 'smart' build argument 'cmake_clean_cache' from command line to 'False'
[0.716s] Level 5:colcon.colcon_core.verb:set package 'smart' build argument 'cmake_clean_first' from command line to 'False'
[0.716s] Level 5:colcon.colcon_core.verb:set package 'smart' build argument 'cmake_force_configure' from command line to 'False'
[0.716s] Level 5:colcon.colcon_core.verb:set package 'smart' build argument 'ament_cmake_args' from command line to 'None'
[0.716s] Level 5:colcon.colcon_core.verb:set package 'smart' build argument 'catkin_cmake_args' from command line to 'None'
[0.716s] Level 5:colcon.colcon_core.verb:set package 'smart' build argument 'catkin_skip_building_tests' from command line to 'False'
[0.716s] DEBUG:colcon.colcon_core.verb:Building package 'smart' with the following arguments: {'ament_cmake_args': None, 'build_base': '/uros_ws/Brain_DEI/brain/build/smart', 'catkin_cmake_args': None, 'catkin_skip_building_tests': False, 'cmake_args': None, 'cmake_clean_cache': False, 'cmake_clean_first': False, 'cmake_force_configure': False, 'cmake_target': None, 'cmake_target_skip_unavailable': False, 'install_base': '/uros_ws/Brain_DEI/brain/install/smart', 'merge_install': False, 'path': '/uros_ws/Brain_DEI/brain/src/smart', 'symlink_install': False, 'test_result_base': None}
[0.717s] Level 5:colcon.colcon_core.verb:set package 'utils' build argument 'cmake_args' from command line to 'None'
[0.717s] Level 5:colcon.colcon_core.verb:set package 'utils' build argument 'cmake_target' from command line to 'None'
[0.717s] Level 5:colcon.colcon_core.verb:set package 'utils' build argument 'cmake_target_skip_unavailable' from command line to 'False'
[0.717s] Level 5:colcon.colcon_core.verb:set package 'utils' build argument 'cmake_clean_cache' from command line to 'False'
[0.717s] Level 5:colcon.colcon_core.verb:set package 'utils' build argument 'cmake_clean_first' from command line to 'False'
[0.717s] Level 5:colcon.colcon_core.verb:set package 'utils' build argument 'cmake_force_configure' from command line to 'False'
[0.717s] Level 5:colcon.colcon_core.verb:set package 'utils' build argument 'ament_cmake_args' from command line to 'None'
[0.717s] Level 5:colcon.colcon_core.verb:set package 'utils' build argument 'catkin_cmake_args' from command line to 'None'
[0.717s] Level 5:colcon.colcon_core.verb:set package 'utils' build argument 'catkin_skip_building_tests' from command line to 'False'
[0.717s] DEBUG:colcon.colcon_core.verb:Building package 'utils' with the following arguments: {'ament_cmake_args': None, 'build_base': '/uros_ws/Brain_DEI/brain/build/utils', 'catkin_cmake_args': None, 'catkin_skip_building_tests': False, 'cmake_args': None, 'cmake_clean_cache': False, 'cmake_clean_first': False, 'cmake_force_configure': False, 'cmake_target': None, 'cmake_target_skip_unavailable': False, 'install_base': '/uros_ws/Brain_DEI/brain/install/utils', 'merge_install': False, 'path': '/uros_ws/Brain_DEI/brain/src/utils', 'symlink_install': False, 'test_result_base': None}
[0.718s] Level 5:colcon.colcon_core.verb:set package 'input' build argument 'cmake_args' from command line to 'None'
[0.718s] Level 5:colcon.colcon_core.verb:set package 'input' build argument 'cmake_target' from command line to 'None'
[0.718s] Level 5:colcon.colcon_core.verb:set package 'input' build argument 'cmake_target_skip_unavailable' from command line to 'False'
[0.718s] Level 5:colcon.colcon_core.verb:set package 'input' build argument 'cmake_clean_cache' from command line to 'False'
[0.718s] Level 5:colcon.colcon_core.verb:set package 'input' build argument 'cmake_clean_first' from command line to 'False'
[0.718s] Level 5:colcon.colcon_core.verb:set package 'input' build argument 'cmake_force_configure' from command line to 'False'
[0.718s] Level 5:colcon.colcon_core.verb:set package 'input' build argument 'ament_cmake_args' from command line to 'None'
[0.718s] Level 5:colcon.colcon_core.verb:set package 'input' build argument 'catkin_cmake_args' from command line to 'None'
[0.718s] Level 5:colcon.colcon_core.verb:set package 'input' build argument 'catkin_skip_building_tests' from command line to 'False'
[0.718s] DEBUG:colcon.colcon_core.verb:Building package 'input' with the following arguments: {'ament_cmake_args': None, 'build_base': '/uros_ws/Brain_DEI/brain/build/input', 'catkin_cmake_args': None, 'catkin_skip_building_tests': False, 'cmake_args': None, 'cmake_clean_cache': False, 'cmake_clean_first': False, 'cmake_force_configure': False, 'cmake_target': None, 'cmake_target_skip_unavailable': False, 'install_base': '/uros_ws/Brain_DEI/brain/install/input', 'merge_install': False, 'path': '/uros_ws/Brain_DEI/brain/src/input', 'symlink_install': False, 'test_result_base': None}
[0.719s] Level 5:colcon.colcon_core.verb:set package 'unix_out' build argument 'cmake_args' from command line to 'None'
[0.719s] Level 5:colcon.colcon_core.verb:set package 'unix_out' build argument 'cmake_target' from command line to 'None'
[0.719s] Level 5:colcon.colcon_core.verb:set package 'unix_out' build argument 'cmake_target_skip_unavailable' from command line to 'False'
[0.719s] Level 5:colcon.colcon_core.verb:set package 'unix_out' build argument 'cmake_clean_cache' from command line to 'False'
[0.719s] Level 5:colcon.colcon_core.verb:set package 'unix_out' build argument 'cmake_clean_first' from command line to 'False'
[0.719s] Level 5:colcon.colcon_core.verb:set package 'unix_out' build argument 'cmake_force_configure' from command line to 'False'
[0.719s] Level 5:colcon.colcon_core.verb:set package 'unix_out' build argument 'ament_cmake_args' from command line to 'None'
[0.720s] Level 5:colcon.colcon_core.verb:set package 'unix_out' build argument 'catkin_cmake_args' from command line to 'None'
[0.720s] Level 5:colcon.colcon_core.verb:set package 'unix_out' build argument 'catkin_skip_building_tests' from command line to 'False'
[0.720s] DEBUG:colcon.colcon_core.verb:Building package 'unix_out' with the following arguments: {'ament_cmake_args': None, 'build_base': '/uros_ws/Brain_DEI/brain/build/unix_out', 'catkin_cmake_args': None, 'catkin_skip_building_tests': False, 'cmake_args': None, 'cmake_clean_cache': False, 'cmake_clean_first': False, 'cmake_force_configure': False, 'cmake_target': None, 'cmake_target_skip_unavailable': False, 'install_base': '/uros_ws/Brain_DEI/brain/install/unix_out', 'merge_install': False, 'path': '/uros_ws/Brain_DEI/brain/src/unix_out', 'symlink_install': False, 'test_result_base': None}
[0.720s] INFO:colcon.colcon_core.executor:Executing jobs using 'parallel' executor
[0.722s] DEBUG:colcon.colcon_parallel_executor.executor.parallel:run_until_complete
[0.723s] INFO:colcon.colcon_ros.task.ament_cmake.build:Building ROS package in '/uros_ws/Brain_DEI/brain/src/utils' with build type 'ament_cmake'
[0.723s] INFO:colcon.colcon_cmake.task.cmake.build:Building CMake package in '/uros_ws/Brain_DEI/brain/src/utils'
[0.734s] INFO:colcon.colcon_core.plugin_system:Skipping extension 'colcon_core.shell.bat': Not used on non-Windows systems
[0.734s] INFO:colcon.colcon_core.shell:Skip shell extension 'powershell' for command environment: Not usable outside of PowerShell
[0.734s] DEBUG:colcon.colcon_core.shell:Skip shell extension 'dsv' for command environment
[0.744s] INFO:colcon.colcon_ros.task.ament_python.build:Building ROS package in '/uros_ws/Brain_DEI/brain/src/smart' with build type 'ament_python'
[0.746s] Level 1:colcon.colcon_core.shell:create_environment_hook('smart', 'ament_prefix_path')
[0.748s] INFO:colcon.colcon_core.shell:Creating environment hook '/uros_ws/Brain_DEI/brain/install/smart/share/smart/hook/ament_prefix_path.ps1'
[0.753s] INFO:colcon.colcon_core.shell:Creating environment descriptor '/uros_ws/Brain_DEI/brain/install/smart/share/smart/hook/ament_prefix_path.dsv'
[0.755s] INFO:colcon.colcon_core.shell:Creating environment hook '/uros_ws/Brain_DEI/brain/install/smart/share/smart/hook/ament_prefix_path.sh'
[0.757s] INFO:colcon.colcon_core.shell:Skip shell extension 'powershell' for command environment: Not usable outside of PowerShell
[0.757s] DEBUG:colcon.colcon_core.shell:Skip shell extension 'dsv' for command environment
[0.772s] DEBUG:colcon.colcon_core.event_handler.log_command:Invoking command in '/uros_ws/Brain_DEI/brain/build/utils': CMAKE_PREFIX_PATH=${CMAKE_PREFIX_PATH}:/uros_ws/Brain_DEI/brain/install/unix_out:/uros_ws/Brain_DEI/brain/install/input:/uros_ws/Brain_DEI/brain/install/smart:/opt/ros/jazzy /usr/bin/cmake --build /uros_ws/Brain_DEI/brain/build/utils -- -j6 -l6
[1.639s] INFO:colcon.colcon_core.task.python.build:Building Python package in '/uros_ws/Brain_DEI/brain/src/smart'
[1.640s] INFO:colcon.colcon_core.shell:Skip shell extension 'powershell' for command environment: Not usable outside of PowerShell
[1.640s] DEBUG:colcon.colcon_core.shell:Skip shell extension 'dsv' for command environment
[2.178s] DEBUG:colcon.colcon_core.event_handler.log_command:Invoked command in '/uros_ws/Brain_DEI/brain/build/utils' returned '0': CMAKE_PREFIX_PATH=${CMAKE_PREFIX_PATH}:/uros_ws/Brain_DEI/brain/install/unix_out:/uros_ws/Brain_DEI/brain/install/input:/uros_ws/Brain_DEI/brain/install/smart:/opt/ros/jazzy /usr/bin/cmake --build /uros_ws/Brain_DEI/brain/build/utils -- -j6 -l6
[2.203s] DEBUG:colcon.colcon_core.event_handler.log_command:Invoking command in '/uros_ws/Brain_DEI/brain/build/utils': CMAKE_PREFIX_PATH=${CMAKE_PREFIX_PATH}:/uros_ws/Brain_DEI/brain/install/unix_out:/uros_ws/Brain_DEI/brain/install/input:/uros_ws/Brain_DEI/brain/install/smart:/opt/ros/jazzy /usr/bin/cmake --install /uros_ws/Brain_DEI/brain/build/utils
[2.398s] Level 1:colcon.colcon_core.environment:create_environment_scripts_only(utils)
[2.399s] DEBUG:colcon.colcon_core.event_handler.log_command:Invoked command in '/uros_ws/Brain_DEI/brain/build/utils' returned '0': CMAKE_PREFIX_PATH=${CMAKE_PREFIX_PATH}:/uros_ws/Brain_DEI/brain/install/unix_out:/uros_ws/Brain_DEI/brain/install/input:/uros_ws/Brain_DEI/brain/install/smart:/opt/ros/jazzy /usr/bin/cmake --install /uros_ws/Brain_DEI/brain/build/utils
[2.413s] Level 1:colcon.colcon_core.environment:checking '/uros_ws/Brain_DEI/brain/install/utils' for CMake module files
[2.416s] Level 1:colcon.colcon_core.environment:checking '/uros_ws/Brain_DEI/brain/install/utils' for CMake config files
[2.418s] Level 1:colcon.colcon_core.shell:create_environment_hook('utils', 'cmake_prefix_path')
[2.418s] INFO:colcon.colcon_core.shell:Creating environment hook '/uros_ws/Brain_DEI/brain/install/utils/share/utils/hook/cmake_prefix_path.ps1'
[2.421s] INFO:colcon.colcon_core.shell:Creating environment descriptor '/uros_ws/Brain_DEI/brain/install/utils/share/utils/hook/cmake_prefix_path.dsv'
[2.422s] INFO:colcon.colcon_core.shell:Creating environment hook '/uros_ws/Brain_DEI/brain/install/utils/share/utils/hook/cmake_prefix_path.sh'
[2.424s] Level 1:colcon.colcon_core.environment:checking '/uros_ws/Brain_DEI/brain/install/utils/lib'
[2.425s] Level 1:colcon.colcon_core.shell:create_environment_hook('utils', 'ld_library_path_lib')
[2.425s] INFO:colcon.colcon_core.shell:Creating environment hook '/uros_ws/Brain_DEI/brain/install/utils/share/utils/hook/ld_library_path_lib.ps1'
[2.426s] INFO:colcon.colcon_core.shell:Creating environment descriptor '/uros_ws/Brain_DEI/brain/install/utils/share/utils/hook/ld_library_path_lib.dsv'
[2.428s] INFO:colcon.colcon_core.shell:Creating environment hook '/uros_ws/Brain_DEI/brain/install/utils/share/utils/hook/ld_library_path_lib.sh'
[2.430s] Level 1:colcon.colcon_core.environment:checking '/uros_ws/Brain_DEI/brain/install/utils/bin'
[2.430s] Level 1:colcon.colcon_core.environment:checking '/uros_ws/Brain_DEI/brain/install/utils/lib/pkgconfig/utils.pc'
[2.431s] Level 1:colcon.colcon_core.environment:checking '/uros_ws/Brain_DEI/brain/install/utils/lib/python3.12/site-packages'
[2.431s] Level 1:colcon.colcon_core.shell:create_environment_hook('utils', 'pythonpath')
[2.432s] INFO:colcon.colcon_core.shell:Creating environment hook '/uros_ws/Brain_DEI/brain/install/utils/share/utils/hook/pythonpath.ps1'
[2.434s] INFO:colcon.colcon_core.shell:Creating environment descriptor '/uros_ws/Brain_DEI/brain/install/utils/share/utils/hook/pythonpath.dsv'
[2.435s] INFO:colcon.colcon_core.shell:Creating environment hook '/uros_ws/Brain_DEI/brain/install/utils/share/utils/hook/pythonpath.sh'
[2.438s] Level 1:colcon.colcon_core.environment:checking '/uros_ws/Brain_DEI/brain/install/utils/bin'
[2.438s] INFO:colcon.colcon_core.shell:Creating package script '/uros_ws/Brain_DEI/brain/install/utils/share/utils/package.ps1'
[2.443s] INFO:colcon.colcon_core.shell:Creating package descriptor '/uros_ws/Brain_DEI/brain/install/utils/share/utils/package.dsv'
[2.445s] INFO:colcon.colcon_core.shell:Creating package script '/uros_ws/Brain_DEI/brain/install/utils/share/utils/package.sh'
[2.449s] INFO:colcon.colcon_core.shell:Creating package script '/uros_ws/Brain_DEI/brain/install/utils/share/utils/package.bash'
[2.451s] INFO:colcon.colcon_core.shell:Creating package script '/uros_ws/Brain_DEI/brain/install/utils/share/utils/package.zsh'
[2.453s] Level 1:colcon.colcon_core.environment:create_file_with_runtime_dependencies(/uros_ws/Brain_DEI/brain/install/utils/share/colcon-core/packages/utils)
[2.455s] Level 1:colcon.colcon_core.environment:create_environment_scripts_only(utils)
[2.455s] Level 1:colcon.colcon_core.environment:checking '/uros_ws/Brain_DEI/brain/install/utils' for CMake module files
[2.457s] Level 1:colcon.colcon_core.environment:checking '/uros_ws/Brain_DEI/brain/install/utils' for CMake config files
[2.460s] Level 1:colcon.colcon_core.shell:create_environment_hook('utils', 'cmake_prefix_path')
[2.460s] INFO:colcon.colcon_core.shell:Creating environment hook '/uros_ws/Brain_DEI/brain/install/utils/share/utils/hook/cmake_prefix_path.ps1'
[2.462s] INFO:colcon.colcon_core.shell:Creating environment descriptor '/uros_ws/Brain_DEI/brain/install/utils/share/utils/hook/cmake_prefix_path.dsv'
[2.463s] INFO:colcon.colcon_core.shell:Creating environment hook '/uros_ws/Brain_DEI/brain/install/utils/share/utils/hook/cmake_prefix_path.sh'
[2.465s] Level 1:colcon.colcon_core.environment:checking '/uros_ws/Brain_DEI/brain/install/utils/lib'
[2.465s] Level 1:colcon.colcon_core.shell:create_environment_hook('utils', 'ld_library_path_lib')
[2.465s] INFO:colcon.colcon_core.shell:Creating environment hook '/uros_ws/Brain_DEI/brain/install/utils/share/utils/hook/ld_library_path_lib.ps1'
[2.466s] INFO:colcon.colcon_core.shell:Creating environment descriptor '/uros_ws/Brain_DEI/brain/install/utils/share/utils/hook/ld_library_path_lib.dsv'
[2.467s] INFO:colcon.colcon_core.shell:Creating environment hook '/uros_ws/Brain_DEI/brain/install/utils/share/utils/hook/ld_library_path_lib.sh'
[2.468s] Level 1:colcon.colcon_core.environment:checking '/uros_ws/Brain_DEI/brain/install/utils/bin'
[2.469s] Level 1:colcon.colcon_core.environment:checking '/uros_ws/Brain_DEI/brain/install/utils/lib/pkgconfig/utils.pc'
[2.469s] Level 1:colcon.colcon_core.environment:checking '/uros_ws/Brain_DEI/brain/install/utils/lib/python3.12/site-packages'
[2.470s] Level 1:colcon.colcon_core.shell:create_environment_hook('utils', 'pythonpath')
[2.470s] INFO:colcon.colcon_core.shell:Creating environment hook '/uros_ws/Brain_DEI/brain/install/utils/share/utils/hook/pythonpath.ps1'
[2.471s] INFO:colcon.colcon_core.shell:Creating environment descriptor '/uros_ws/Brain_DEI/brain/install/utils/share/utils/hook/pythonpath.dsv'
[2.472s] INFO:colcon.colcon_core.shell:Creating environment hook '/uros_ws/Brain_DEI/brain/install/utils/share/utils/hook/pythonpath.sh'
[2.473s] Level 1:colcon.colcon_core.environment:checking '/uros_ws/Brain_DEI/brain/install/utils/bin'
[2.474s] INFO:colcon.colcon_core.shell:Creating package script '/uros_ws/Brain_DEI/brain/install/utils/share/utils/package.ps1'
[2.476s] INFO:colcon.colcon_core.shell:Creating package descriptor '/uros_ws/Brain_DEI/brain/install/utils/share/utils/package.dsv'
[2.478s] INFO:colcon.colcon_core.shell:Creating package script '/uros_ws/Brain_DEI/brain/install/utils/share/utils/package.sh'
[2.479s] INFO:colcon.colcon_core.shell:Creating package script '/uros_ws/Brain_DEI/brain/install/utils/share/utils/package.bash'
[2.480s] INFO:colcon.colcon_core.shell:Creating package script '/uros_ws/Brain_DEI/brain/install/utils/share/utils/package.zsh'
[2.481s] Level 1:colcon.colcon_core.environment:create_file_with_runtime_dependencies(/uros_ws/Brain_DEI/brain/install/utils/share/colcon-core/packages/utils)
[2.482s] INFO:colcon.colcon_ros.task.ament_python.build:Building ROS package in '/uros_ws/Brain_DEI/brain/src/input' with build type 'ament_python'
[2.482s] Level 1:colcon.colcon_core.shell:create_environment_hook('input', 'ament_prefix_path')
[2.483s] INFO:colcon.colcon_core.shell:Creating environment hook '/uros_ws/Brain_DEI/brain/install/input/share/input/hook/ament_prefix_path.ps1'
[2.484s] INFO:colcon.colcon_core.shell:Creating environment descriptor '/uros_ws/Brain_DEI/brain/install/input/share/input/hook/ament_prefix_path.dsv'
[2.486s] INFO:colcon.colcon_core.shell:Creating environment hook '/uros_ws/Brain_DEI/brain/install/input/share/input/hook/ament_prefix_path.sh'
[2.487s] INFO:colcon.colcon_core.shell:Skip shell extension 'powershell' for command environment: Not usable outside of PowerShell
[2.488s] DEBUG:colcon.colcon_core.shell:Skip shell extension 'dsv' for command environment
[2.497s] INFO:colcon.colcon_ros.task.ament_python.build:Building ROS package in '/uros_ws/Brain_DEI/brain/src/unix_out' with build type 'ament_python'
[2.498s] Level 1:colcon.colcon_core.shell:create_environment_hook('unix_out', 'ament_prefix_path')
[2.498s] INFO:colcon.colcon_core.shell:Creating environment hook '/uros_ws/Brain_DEI/brain/install/unix_out/share/unix_out/hook/ament_prefix_path.ps1'
[2.500s] INFO:colcon.colcon_core.shell:Creating environment descriptor '/uros_ws/Brain_DEI/brain/install/unix_out/share/unix_out/hook/ament_prefix_path.dsv'
[2.501s] INFO:colcon.colcon_core.shell:Creating environment hook '/uros_ws/Brain_DEI/brain/install/unix_out/share/unix_out/hook/ament_prefix_path.sh'
[2.502s] INFO:colcon.colcon_core.shell:Skip shell extension 'powershell' for command environment: Not usable outside of PowerShell
[2.503s] DEBUG:colcon.colcon_core.shell:Skip shell extension 'dsv' for command environment
[3.147s] INFO:colcon.colcon_core.task.python.build:Building Python package in '/uros_ws/Brain_DEI/brain/src/input'
[3.148s] INFO:colcon.colcon_core.shell:Skip shell extension 'powershell' for command environment: Not usable outside of PowerShell
[3.148s] DEBUG:colcon.colcon_core.shell:Skip shell extension 'dsv' for command environment
[3.701s] INFO:colcon.colcon_core.task.python.build:Building Python package in '/uros_ws/Brain_DEI/brain/src/unix_out'
[3.702s] INFO:colcon.colcon_core.shell:Skip shell extension 'powershell' for command environment: Not usable outside of PowerShell
[3.702s] DEBUG:colcon.colcon_core.shell:Skip shell extension 'dsv' for command environment
[3.728s] DEBUG:colcon.colcon_core.event_handler.log_command:Invoking command in '/uros_ws/Brain_DEI/brain/src/smart': PYTHONPATH=/uros_ws/Brain_DEI/brain/build/smart/prefix_override:/usr/lib/python3/dist-packages/colcon_core/task/python/colcon_distutils_commands:/uros_ws/Brain_DEI/brain/install/smart/lib/python3.12/site-packages:${PYTHONPATH} /usr/bin/python3 -W ignore:setup.py install is deprecated -W ignore:easy_install command is deprecated setup.py egg_info --egg-base ../../build/smart build --build-base /uros_ws/Brain_DEI/brain/build/smart/build install --record /uros_ws/Brain_DEI/brain/build/smart/install.log --single-version-externally-managed install_data
[5.079s] Level 1:colcon.colcon_core.environment:checking '/uros_ws/Brain_DEI/brain/install/smart' for CMake module files
[5.081s] Level 1:colcon.colcon_core.environment:checking '/uros_ws/Brain_DEI/brain/install/smart' for CMake config files
[5.082s] DEBUG:colcon.colcon_core.event_handler.log_command:Invoked command in '/uros_ws/Brain_DEI/brain/src/smart' returned '0': PYTHONPATH=/uros_ws/Brain_DEI/brain/build/smart/prefix_override:/usr/lib/python3/dist-packages/colcon_core/task/python/colcon_distutils_commands:/uros_ws/Brain_DEI/brain/install/smart/lib/python3.12/site-packages:${PYTHONPATH} /usr/bin/python3 -W ignore:setup.py install is deprecated -W ignore:easy_install command is deprecated setup.py egg_info --egg-base ../../build/smart build --build-base /uros_ws/Brain_DEI/brain/build/smart/build install --record /uros_ws/Brain_DEI/brain/build/smart/install.log --single-version-externally-managed install_data
[5.084s] Level 1:colcon.colcon_core.environment:checking '/uros_ws/Brain_DEI/brain/install/smart/lib'
[5.084s] Level 1:colcon.colcon_core.environment:checking '/uros_ws/Brain_DEI/brain/install/smart/bin'
[5.084s] Level 1:colcon.colcon_core.environment:checking '/uros_ws/Brain_DEI/brain/install/smart/lib/pkgconfig/smart.pc'
[5.085s] Level 1:colcon.colcon_core.environment:checking '/uros_ws/Brain_DEI/brain/install/smart/lib/python3.12/site-packages'
[5.086s] Level 1:colcon.colcon_core.shell:create_environment_hook('smart', 'pythonpath')
[5.087s] INFO:colcon.colcon_core.shell:Creating environment hook '/uros_ws/Brain_DEI/brain/install/smart/share/smart/hook/pythonpath.ps1'
[5.089s] INFO:colcon.colcon_core.shell:Creating environment descriptor '/uros_ws/Brain_DEI/brain/install/smart/share/smart/hook/pythonpath.dsv'
[5.091s] INFO:colcon.colcon_core.shell:Creating environment hook '/uros_ws/Brain_DEI/brain/install/smart/share/smart/hook/pythonpath.sh'
[5.099s] Level 1:colcon.colcon_core.environment:checking '/uros_ws/Brain_DEI/brain/install/smart/bin'
[5.100s] Level 1:colcon.colcon_core.environment:create_environment_scripts_only(smart)
[5.101s] INFO:colcon.colcon_core.shell:Creating package script '/uros_ws/Brain_DEI/brain/install/smart/share/smart/package.ps1'
[5.104s] INFO:colcon.colcon_core.shell:Creating package descriptor '/uros_ws/Brain_DEI/brain/install/smart/share/smart/package.dsv'
[5.106s] INFO:colcon.colcon_core.shell:Creating package script '/uros_ws/Brain_DEI/brain/install/smart/share/smart/package.sh'
[5.108s] INFO:colcon.colcon_core.shell:Creating package script '/uros_ws/Brain_DEI/brain/install/smart/share/smart/package.bash'
[5.109s] INFO:colcon.colcon_core.shell:Creating package script '/uros_ws/Brain_DEI/brain/install/smart/share/smart/package.zsh'
[5.111s] Level 1:colcon.colcon_core.environment:create_file_with_runtime_dependencies(/uros_ws/Brain_DEI/brain/install/smart/share/colcon-core/packages/smart)
[5.118s] DEBUG:colcon.colcon_core.event_handler.log_command:Invoking command in '/uros_ws/Brain_DEI/brain/src/input': PYTHONPATH=/uros_ws/Brain_DEI/brain/build/input/prefix_override:/usr/lib/python3/dist-packages/colcon_core/task/python/colcon_distutils_commands:/uros_ws/Brain_DEI/brain/install/input/lib/python3.12/site-packages:/uros_ws/Brain_DEI/brain/install/utils/lib/python3.12/site-packages:/uros_ws/Brain_DEI/brain/install/unix_out/lib/python3.12/site-packages:/uros_ws/Brain_DEI/brain/install/input/lib/python3.12/site-packages:/uros_ws/Brain_DEI/brain/install/smart/lib/python3.12/site-packages:/uros_ws/install/micro_ros_msgs/lib/python3.12/site-packages:/opt/ros/jazzy/lib/python3.12/site-packages /usr/bin/python3 -W ignore:setup.py install is deprecated -W ignore:easy_install command is deprecated setup.py egg_info --egg-base ../../build/input build --build-base /uros_ws/Brain_DEI/brain/build/input/build install --record /uros_ws/Brain_DEI/brain/build/input/install.log --single-version-externally-managed install_data
[5.229s] DEBUG:colcon.colcon_core.event_handler.log_command:Invoking command in '/uros_ws/Brain_DEI/brain/src/unix_out': PYTHONPATH=/uros_ws/Brain_DEI/brain/build/unix_out/prefix_override:/usr/lib/python3/dist-packages/colcon_core/task/python/colcon_distutils_commands:/uros_ws/Brain_DEI/brain/install/unix_out/lib/python3.12/site-packages:/uros_ws/Brain_DEI/brain/install/utils/lib/python3.12/site-packages:/uros_ws/Brain_DEI/brain/install/unix_out/lib/python3.12/site-packages:/uros_ws/Brain_DEI/brain/install/input/lib/python3.12/site-packages:/uros_ws/Brain_DEI/brain/install/smart/lib/python3.12/site-packages:/uros_ws/install/micro_ros_msgs/lib/python3.12/site-packages:/opt/ros/jazzy/lib/python3.12/site-packages /usr/bin/python3 -W ignore:setup.py install is deprecated -W ignore:easy_install command is deprecated setup.py egg_info --egg-base ../../build/unix_out build --build-base /uros_ws/Brain_DEI/brain/build/unix_out/build install --record /uros_ws/Brain_DEI/brain/build/unix_out/install.log --single-version-externally-managed install_data
[6.469s] Level 1:colcon.colcon_core.environment:checking '/uros_ws/Brain_DEI/brain/install/input' for CMake module files
[6.470s] DEBUG:colcon.colcon_core.event_handler.log_command:Invoked command in '/uros_ws/Brain_DEI/brain/src/input' returned '0': PYTHONPATH=/uros_ws/Brain_DEI/brain/build/input/prefix_override:/usr/lib/python3/dist-packages/colcon_core/task/python/colcon_distutils_commands:/uros_ws/Brain_DEI/brain/install/input/lib/python3.12/site-packages:/uros_ws/Brain_DEI/brain/install/utils/lib/python3.12/site-packages:/uros_ws/Brain_DEI/brain/install/unix_out/lib/python3.12/site-packages:/uros_ws/Brain_DEI/brain/install/input/lib/python3.12/site-packages:/uros_ws/Brain_DEI/brain/install/smart/lib/python3.12/site-packages:/uros_ws/install/micro_ros_msgs/lib/python3.12/site-packages:/opt/ros/jazzy/lib/python3.12/site-packages /usr/bin/python3 -W ignore:setup.py install is deprecated -W ignore:easy_install command is deprecated setup.py egg_info --egg-base ../../build/input build --build-base /uros_ws/Brain_DEI/brain/build/input/build install --record /uros_ws/Brain_DEI/brain/build/input/install.log --single-version-externally-managed install_data
[6.472s] Level 1:colcon.colcon_core.environment:checking '/uros_ws/Brain_DEI/brain/install/input' for CMake config files
[6.478s] Level 1:colcon.colcon_core.environment:checking '/uros_ws/Brain_DEI/brain/install/input/lib'
[6.478s] Level 1:colcon.colcon_core.environment:checking '/uros_ws/Brain_DEI/brain/install/input/bin'
[6.478s] Level 1:colcon.colcon_core.environment:checking '/uros_ws/Brain_DEI/brain/install/input/lib/pkgconfig/input.pc'
[6.479s] Level 1:colcon.colcon_core.environment:checking '/uros_ws/Brain_DEI/brain/install/input/lib/python3.12/site-packages'
[6.479s] Level 1:colcon.colcon_core.shell:create_environment_hook('input', 'pythonpath')
[6.479s] INFO:colcon.colcon_core.shell:Creating environment hook '/uros_ws/Brain_DEI/brain/install/input/share/input/hook/pythonpath.ps1'
[6.481s] INFO:colcon.colcon_core.shell:Creating environment descriptor '/uros_ws/Brain_DEI/brain/install/input/share/input/hook/pythonpath.dsv'
[6.483s] INFO:colcon.colcon_core.shell:Creating environment hook '/uros_ws/Brain_DEI/brain/install/input/share/input/hook/pythonpath.sh'
[6.486s] Level 1:colcon.colcon_core.environment:checking '/uros_ws/Brain_DEI/brain/install/input/bin'
[6.486s] Level 1:colcon.colcon_core.environment:create_environment_scripts_only(input)
[6.487s] INFO:colcon.colcon_core.shell:Creating package script '/uros_ws/Brain_DEI/brain/install/input/share/input/package.ps1'
[6.490s] INFO:colcon.colcon_core.shell:Creating package descriptor '/uros_ws/Brain_DEI/brain/install/input/share/input/package.dsv'
[6.493s] INFO:colcon.colcon_core.shell:Creating package script '/uros_ws/Brain_DEI/brain/install/input/share/input/package.sh'
[6.495s] INFO:colcon.colcon_core.shell:Creating package script '/uros_ws/Brain_DEI/brain/install/input/share/input/package.bash'
[6.497s] INFO:colcon.colcon_core.shell:Creating package script '/uros_ws/Brain_DEI/brain/install/input/share/input/package.zsh'
[6.498s] Level 1:colcon.colcon_core.environment:create_file_with_runtime_dependencies(/uros_ws/Brain_DEI/brain/install/input/share/colcon-core/packages/input)
[6.577s] Level 1:colcon.colcon_core.environment:checking '/uros_ws/Brain_DEI/brain/install/unix_out' for CMake module files
[6.580s] DEBUG:colcon.colcon_core.event_handler.log_command:Invoked command in '/uros_ws/Brain_DEI/brain/src/unix_out' returned '0': PYTHONPATH=/uros_ws/Brain_DEI/brain/build/unix_out/prefix_override:/usr/lib/python3/dist-packages/colcon_core/task/python/colcon_distutils_commands:/uros_ws/Brain_DEI/brain/install/unix_out/lib/python3.12/site-packages:/uros_ws/Brain_DEI/brain/install/utils/lib/python3.12/site-packages:/uros_ws/Brain_DEI/brain/install/unix_out/lib/python3.12/site-packages:/uros_ws/Brain_DEI/brain/install/input/lib/python3.12/site-packages:/uros_ws/Brain_DEI/brain/install/smart/lib/python3.12/site-packages:/uros_ws/install/micro_ros_msgs/lib/python3.12/site-packages:/opt/ros/jazzy/lib/python3.12/site-packages /usr/bin/python3 -W ignore:setup.py install is deprecated -W ignore:easy_install command is deprecated setup.py egg_info --egg-base ../../build/unix_out build --build-base /uros_ws/Brain_DEI/brain/build/unix_out/build install --record /uros_ws/Brain_DEI/brain/build/unix_out/install.log --single-version-externally-managed install_data
[6.582s] Level 1:colcon.colcon_core.environment:checking '/uros_ws/Brain_DEI/brain/install/unix_out' for CMake config files
[6.584s] Level 1:colcon.colcon_core.environment:checking '/uros_ws/Brain_DEI/brain/install/unix_out/lib'
[6.585s] Level 1:colcon.colcon_core.environment:checking '/uros_ws/Brain_DEI/brain/install/unix_out/bin'
[6.585s] Level 1:colcon.colcon_core.environment:checking '/uros_ws/Brain_DEI/brain/install/unix_out/lib/pkgconfig/unix_out.pc'
[6.586s] Level 1:colcon.colcon_core.environment:checking '/uros_ws/Brain_DEI/brain/install/unix_out/lib/python3.12/site-packages'
[6.586s] Level 1:colcon.colcon_core.shell:create_environment_hook('unix_out', 'pythonpath')
[6.587s] INFO:colcon.colcon_core.shell:Creating environment hook '/uros_ws/Brain_DEI/brain/install/unix_out/share/unix_out/hook/pythonpath.ps1'
[6.589s] INFO:colcon.colcon_core.shell:Creating environment descriptor '/uros_ws/Brain_DEI/brain/install/unix_out/share/unix_out/hook/pythonpath.dsv'
[6.590s] INFO:colcon.colcon_core.shell:Creating environment hook '/uros_ws/Brain_DEI/brain/install/unix_out/share/unix_out/hook/pythonpath.sh'
[6.592s] Level 1:colcon.colcon_core.environment:checking '/uros_ws/Brain_DEI/brain/install/unix_out/bin'
[6.592s] Level 1:colcon.colcon_core.environment:create_environment_scripts_only(unix_out)
[6.593s] INFO:colcon.colcon_core.shell:Creating package script '/uros_ws/Brain_DEI/brain/install/unix_out/share/unix_out/package.ps1'
[6.596s] INFO:colcon.colcon_core.shell:Creating package descriptor '/uros_ws/Brain_DEI/brain/install/unix_out/share/unix_out/package.dsv'
[6.598s] INFO:colcon.colcon_core.shell:Creating package script '/uros_ws/Brain_DEI/brain/install/unix_out/share/unix_out/package.sh'
[6.599s] INFO:colcon.colcon_core.shell:Creating package script '/uros_ws/Brain_DEI/brain/install/unix_out/share/unix_out/package.bash'
[6.599s] INFO:colcon.colcon_core.shell:Creating package script '/uros_ws/Brain_DEI/brain/install/unix_out/share/unix_out/package.zsh'
[6.600s] Level 1:colcon.colcon_core.environment:create_file_with_runtime_dependencies(/uros_ws/Brain_DEI/brain/install/unix_out/share/colcon-core/packages/unix_out)
[6.601s] DEBUG:colcon.colcon_parallel_executor.executor.parallel:closing loop
[6.602s] DEBUG:colcon.colcon_parallel_executor.executor.parallel:loop closed
[6.602s] DEBUG:colcon.colcon_parallel_executor.executor.parallel:run_until_complete finished with '0'
[6.603s] DEBUG:colcon.colcon_core.event_reactor:joining thread
[6.632s] INFO:colcon.colcon_core.plugin_system:Skipping extension 'colcon_notification.desktop_notification.notify_send': Could not find 'notify-send'
[6.632s] INFO:colcon.colcon_core.plugin_system:Skipping extension 'colcon_notification.desktop_notification.terminal_notifier': Not used on non-Darwin systems
[6.632s] INFO:colcon.colcon_core.plugin_system:Skipping extension 'colcon_notification.desktop_notification.win32': Not used on non-Windows systems
[6.633s] INFO:colcon.colcon_notification.desktop_notification:Sending desktop notification using 'notify2'
[6.633s] DEBUG:colcon.colcon_notification.desktop_notification.notify2:Failed to initialize notify2: org.freedesktop.DBus.Error.NotSupported: Unable to autolaunch a dbus-daemon without a $DISPLAY for X11
[6.634s] DEBUG:colcon.colcon_core.event_reactor:joined thread
[6.634s] INFO:colcon.colcon_core.shell:Creating prefix script '/uros_ws/Brain_DEI/brain/install/local_setup.ps1'
[6.638s] INFO:colcon.colcon_core.shell:Creating prefix util module '/uros_ws/Brain_DEI/brain/install/_local_setup_util_ps1.py'
[6.642s] INFO:colcon.colcon_core.shell:Creating prefix chain script '/uros_ws/Brain_DEI/brain/install/setup.ps1'
[6.645s] INFO:colcon.colcon_core.shell:Creating prefix script '/uros_ws/Brain_DEI/brain/install/local_setup.sh'
[6.648s] INFO:colcon.colcon_core.shell:Creating prefix util module '/uros_ws/Brain_DEI/brain/install/_local_setup_util_sh.py'
[6.650s] INFO:colcon.colcon_core.shell:Creating prefix chain script '/uros_ws/Brain_DEI/brain/install/setup.sh'
[6.655s] INFO:colcon.colcon_core.shell:Creating prefix script '/uros_ws/Brain_DEI/brain/install/local_setup.bash'
[6.657s] INFO:colcon.colcon_core.shell:Creating prefix chain script '/uros_ws/Brain_DEI/brain/install/setup.bash'
[6.661s] INFO:colcon.colcon_core.shell:Creating prefix script '/uros_ws/Brain_DEI/brain/install/local_setup.zsh'
[6.663s] INFO:colcon.colcon_core.shell:Creating prefix chain script '/uros_ws/Brain_DEI/brain/install/setup.zsh'
