[3.513s] Invoking command in '/uros_ws/Brain_DEI/brain/src/input': PYTHONPATH=/uros_ws/Brain_DEI/brain/build/input/prefix_override:/usr/lib/python3/dist-packages/colcon_core/task/python/colcon_distutils_commands:/uros_ws/Brain_DEI/brain/install/input/lib/python3.12/site-packages:/uros_ws/Brain_DEI/brain/install/utils/lib/python3.12/site-packages:/uros_ws/Brain_DEI/brain/install/unix_out/lib/python3.12/site-packages:/uros_ws/Brain_DEI/brain/install/output/lib/python3.12/site-packages:/uros_ws/Brain_DEI/brain/install/input/lib/python3.12/site-packages:/uros_ws/install/micro_ros_msgs/lib/python3.12/site-packages:/opt/ros/jazzy/lib/python3.12/site-packages /usr/bin/python3 -W ignore:setup.py install is deprecated -W ignore:easy_install command is deprecated setup.py egg_info --egg-base ../../build/input build --build-base /uros_ws/Brain_DEI/brain/build/input/build install --record /uros_ws/Brain_DEI/brain/build/input/install.log --single-version-externally-managed install_data
[4.189s] running egg_info
[4.231s] writing ../../build/input/input.egg-info/PKG-INFO
[4.232s] writing dependency_links to ../../build/input/input.egg-info/dependency_links.txt
[4.233s] writing entry points to ../../build/input/input.egg-info/entry_points.txt
[4.234s] writing requirements to ../../build/input/input.egg-info/requires.txt
[4.234s] writing top-level names to ../../build/input/input.egg-info/top_level.txt
[4.320s] reading manifest file '../../build/input/input.egg-info/SOURCES.txt'
[4.322s] writing manifest file '../../build/input/input.egg-info/SOURCES.txt'
[4.322s] running build
[4.322s] running build_py
[4.324s] running install
[4.339s] running install_lib
[4.377s] running install_data
[4.378s] running install_egg_info
[4.418s] removing '/uros_ws/Brain_DEI/brain/install/input/lib/python3.12/site-packages/input-0.0.0-py3.12.egg-info' (and everything under it)
[4.419s] Copying ../../build/input/input.egg-info to /uros_ws/Brain_DEI/brain/install/input/lib/python3.12/site-packages/input-0.0.0-py3.12.egg-info
[4.422s] running install_scripts
[4.748s] Installing gpstrackerNODE script to /uros_ws/Brain_DEI/brain/install/input/lib/input
[4.750s] Installing imuNODE script to /uros_ws/Brain_DEI/brain/install/input/lib/input
[4.751s] Installing semaphoreNODE script to /uros_ws/Brain_DEI/brain/install/input/lib/input
[4.752s] Installing sonarNODE script to /uros_ws/Brain_DEI/brain/install/input/lib/input
[4.754s] writing list of installed files to '/uros_ws/Brain_DEI/brain/build/input/install.log'
[4.868s] Invoked command in '/uros_ws/Brain_DEI/brain/src/input' returned '0': PYTHONPATH=/uros_ws/Brain_DEI/brain/build/input/prefix_override:/usr/lib/python3/dist-packages/colcon_core/task/python/colcon_distutils_commands:/uros_ws/Brain_DEI/brain/install/input/lib/python3.12/site-packages:/uros_ws/Brain_DEI/brain/install/utils/lib/python3.12/site-packages:/uros_ws/Brain_DEI/brain/install/unix_out/lib/python3.12/site-packages:/uros_ws/Brain_DEI/brain/install/output/lib/python3.12/site-packages:/uros_ws/Brain_DEI/brain/install/input/lib/python3.12/site-packages:/uros_ws/install/micro_ros_msgs/lib/python3.12/site-packages:/opt/ros/jazzy/lib/python3.12/site-packages /usr/bin/python3 -W ignore:setup.py install is deprecated -W ignore:easy_install command is deprecated setup.py egg_info --egg-base ../../build/input build --build-base /uros_ws/Brain_DEI/brain/build/input/build install --record /uros_ws/Brain_DEI/brain/build/input/install.log --single-version-externally-managed install_data
