[2.664s] Invoking command in '/uros_ws/Brain_DEI/brain/src/input': AMENT_PREFIX_PATH=/uros_ws/Brain_DEI/brain/install/utils:${AMENT_PREFIX_PATH} CMAKE_PREFIX_PATH=/uros_ws/Brain_DEI/brain/install/utils:${CMAKE_PREFIX_PATH} LD_LIBRARY_PATH=/uros_ws/Brain_DEI/brain/install/utils/lib:${LD_LIBRARY_PATH} PYTHONPATH=/uros_ws/Brain_DEI/brain/build/input/prefix_override:/usr/lib/python3/dist-packages/colcon_core/task/python/colcon_distutils_commands:/uros_ws/Brain_DEI/brain/install/input/lib/python3.12/site-packages:/uros_ws/Brain_DEI/brain/install/utils/lib/python3.12/site-packages:${PYTHONPATH} /usr/bin/python3 -W ignore:setup.py install is deprecated -W ignore:easy_install command is deprecated setup.py egg_info --egg-base ../../build/input build --build-base /uros_ws/Brain_DEI/brain/build/input/build install --record /uros_ws/Brain_DEI/brain/build/input/install.log --single-version-externally-managed install_data
[3.200s] running egg_info
[3.229s] writing ../../build/input/input.egg-info/PKG-INFO
[3.230s] writing dependency_links to ../../build/input/input.egg-info/dependency_links.txt
[3.230s] writing entry points to ../../build/input/input.egg-info/entry_points.txt
[3.231s] writing requirements to ../../build/input/input.egg-info/requires.txt
[3.231s] writing top-level names to ../../build/input/input.egg-info/top_level.txt
[3.298s] reading manifest file '../../build/input/input.egg-info/SOURCES.txt'
[3.300s] writing manifest file '../../build/input/input.egg-info/SOURCES.txt'
[3.303s] running build
[3.306s] running build_py
[3.306s] running install
[3.316s] running install_lib
[3.348s] running install_data
[3.349s] running install_egg_info
[3.384s] removing '/uros_ws/Brain_DEI/brain/install/input/lib/python3.12/site-packages/input-0.0.0-py3.12.egg-info' (and everything under it)
[3.385s] Copying ../../build/input/input.egg-info to /uros_ws/Brain_DEI/brain/install/input/lib/python3.12/site-packages/input-0.0.0-py3.12.egg-info
[3.387s] running install_scripts
[3.622s] Installing gpstrackerNODE script to /uros_ws/Brain_DEI/brain/install/input/lib/input
[3.623s] Installing imuNODE script to /uros_ws/Brain_DEI/brain/install/input/lib/input
[3.623s] Installing semaphoreNODE script to /uros_ws/Brain_DEI/brain/install/input/lib/input
[3.623s] Installing sonarNODE script to /uros_ws/Brain_DEI/brain/install/input/lib/input
[3.624s] writing list of installed files to '/uros_ws/Brain_DEI/brain/build/input/install.log'
[3.734s] Invoked command in '/uros_ws/Brain_DEI/brain/src/input' returned '0': AMENT_PREFIX_PATH=/uros_ws/Brain_DEI/brain/install/utils:${AMENT_PREFIX_PATH} CMAKE_PREFIX_PATH=/uros_ws/Brain_DEI/brain/install/utils:${CMAKE_PREFIX_PATH} LD_LIBRARY_PATH=/uros_ws/Brain_DEI/brain/install/utils/lib:${LD_LIBRARY_PATH} PYTHONPATH=/uros_ws/Brain_DEI/brain/build/input/prefix_override:/usr/lib/python3/dist-packages/colcon_core/task/python/colcon_distutils_commands:/uros_ws/Brain_DEI/brain/install/input/lib/python3.12/site-packages:/uros_ws/Brain_DEI/brain/install/utils/lib/python3.12/site-packages:${PYTHONPATH} /usr/bin/python3 -W ignore:setup.py install is deprecated -W ignore:easy_install command is deprecated setup.py egg_info --egg-base ../../build/input build --build-base /uros_ws/Brain_DEI/brain/build/input/build install --record /uros_ws/Brain_DEI/brain/build/input/install.log --single-version-externally-managed install_data
