[4.468s] Invoking command in '/uros_ws/Brain_DEI/brain/src/input': PYTHONPATH=/uros_ws/Brain_DEI/brain/build/input/prefix_override:/usr/lib/python3/dist-packages/colcon_core/task/python/colcon_distutils_commands:/uros_ws/Brain_DEI/brain/install/input/lib/python3.12/site-packages:/uros_ws/Brain_DEI/brain/install/utils/lib/python3.12/site-packages:/uros_ws/Brain_DEI/brain/install/unix_out/lib/python3.12/site-packages:/uros_ws/Brain_DEI/brain/install/input/lib/python3.12/site-packages:/uros_ws/Brain_DEI/brain/install/smart/lib/python3.12/site-packages:/uros_ws/install/micro_ros_msgs/lib/python3.12/site-packages:/opt/ros/jazzy/lib/python3.12/site-packages /usr/bin/python3 -W ignore:setup.py install is deprecated -W ignore:easy_install command is deprecated setup.py egg_info --egg-base ../../build/input build --build-base /uros_ws/Brain_DEI/brain/build/input/build install --record /uros_ws/Brain_DEI/brain/build/input/install.log --single-version-externally-managed install_data
[5.105s] running egg_info
[5.147s] writing ../../build/input/input.egg-info/PKG-INFO
[5.148s] writing dependency_links to ../../build/input/input.egg-info/dependency_links.txt
[5.149s] writing entry points to ../../build/input/input.egg-info/entry_points.txt
[5.149s] writing requirements to ../../build/input/input.egg-info/requires.txt
[5.149s] writing top-level names to ../../build/input/input.egg-info/top_level.txt
[5.237s] reading manifest file '../../build/input/input.egg-info/SOURCES.txt'
[5.240s] writing manifest file '../../build/input/input.egg-info/SOURCES.txt'
[5.241s] running build
[5.241s] running build_py
[5.252s] running install
[5.267s] running install_lib
[5.318s] running install_data
[5.318s] running install_egg_info
[5.364s] removing '/uros_ws/Brain_DEI/brain/install/input/lib/python3.12/site-packages/input-0.0.0-py3.12.egg-info' (and everything under it)
[5.365s] Copying ../../build/input/input.egg-info to /uros_ws/Brain_DEI/brain/install/input/lib/python3.12/site-packages/input-0.0.0-py3.12.egg-info
[5.367s] running install_scripts
[5.663s] Installing gpstrackerNODE script to /uros_ws/Brain_DEI/brain/install/input/lib/input
[5.663s] Installing imuNODE script to /uros_ws/Brain_DEI/brain/install/input/lib/input
[5.663s] Installing semaphoreBridgeNODE script to /uros_ws/Brain_DEI/brain/install/input/lib/input
[5.664s] Installing semaphoreNODE script to /uros_ws/Brain_DEI/brain/install/input/lib/input
[5.665s] Installing sonarNODE script to /uros_ws/Brain_DEI/brain/install/input/lib/input
[5.665s] Installing trafficBridgeNODE script to /uros_ws/Brain_DEI/brain/install/input/lib/input
[5.666s] writing list of installed files to '/uros_ws/Brain_DEI/brain/build/input/install.log'
[5.788s] Invoked command in '/uros_ws/Brain_DEI/brain/src/input' returned '0': PYTHONPATH=/uros_ws/Brain_DEI/brain/build/input/prefix_override:/usr/lib/python3/dist-packages/colcon_core/task/python/colcon_distutils_commands:/uros_ws/Brain_DEI/brain/install/input/lib/python3.12/site-packages:/uros_ws/Brain_DEI/brain/install/utils/lib/python3.12/site-packages:/uros_ws/Brain_DEI/brain/install/unix_out/lib/python3.12/site-packages:/uros_ws/Brain_DEI/brain/install/input/lib/python3.12/site-packages:/uros_ws/Brain_DEI/brain/install/smart/lib/python3.12/site-packages:/uros_ws/install/micro_ros_msgs/lib/python3.12/site-packages:/opt/ros/jazzy/lib/python3.12/site-packages /usr/bin/python3 -W ignore:setup.py install is deprecated -W ignore:easy_install command is deprecated setup.py egg_info --egg-base ../../build/input build --build-base /uros_ws/Brain_DEI/brain/build/input/build install --record /uros_ws/Brain_DEI/brain/build/input/install.log --single-version-externally-managed install_data
