[2.306s] Invoking command in '/uros_ws/Brain_DEI/brain/src/input': PYTHONPATH=/uros_ws/Brain_DEI/brain/build/input/prefix_override:/usr/lib/python3/dist-packages/colcon_core/task/python/colcon_distutils_commands:/uros_ws/Brain_DEI/brain/install/input/lib/python3.12/site-packages:/uros_ws/Brain_DEI/brain/install/utils/lib/python3.12/site-packages:/uros_ws/Brain_DEI/brain/install/unix_out/lib/python3.12/site-packages:/uros_ws/Brain_DEI/brain/install/output/lib/python3.12/site-packages:/uros_ws/Brain_DEI/brain/install/input/lib/python3.12/site-packages:/uros_ws/install/micro_ros_msgs/lib/python3.12/site-packages:/opt/ros/jazzy/lib/python3.12/site-packages /usr/bin/python3 -W ignore:setup.py install is deprecated -W ignore:easy_install command is deprecated setup.py egg_info --egg-base ../../build/input build --build-base /uros_ws/Brain_DEI/brain/build/input/build install --record /uros_ws/Brain_DEI/brain/build/input/install.log --single-version-externally-managed install_data
[2.776s] running egg_info
[2.803s] writing ../../build/input/input.egg-info/PKG-INFO
[2.804s] writing dependency_links to ../../build/input/input.egg-info/dependency_links.txt
[2.804s] writing entry points to ../../build/input/input.egg-info/entry_points.txt
[2.804s] writing requirements to ../../build/input/input.egg-info/requires.txt
[2.805s] writing top-level names to ../../build/input/input.egg-info/top_level.txt
[2.862s] reading manifest file '../../build/input/input.egg-info/SOURCES.txt'
[2.864s] writing manifest file '../../build/input/input.egg-info/SOURCES.txt'
[2.864s] running build
[2.864s] running build_py
[2.866s] running install
[2.878s] running install_lib
[2.908s] running install_data
[2.908s] running install_egg_info
[2.940s] removing '/uros_ws/Brain_DEI/brain/install/input/lib/python3.12/site-packages/input-0.0.0-py3.12.egg-info' (and everything under it)
[2.942s] Copying ../../build/input/input.egg-info to /uros_ws/Brain_DEI/brain/install/input/lib/python3.12/site-packages/input-0.0.0-py3.12.egg-info
[2.943s] running install_scripts
[3.155s] Installing gpstrackerNODE script to /uros_ws/Brain_DEI/brain/install/input/lib/input
[3.156s] Installing imuNODE script to /uros_ws/Brain_DEI/brain/install/input/lib/input
[3.156s] Installing semaphoreNODE script to /uros_ws/Brain_DEI/brain/install/input/lib/input
[3.157s] Installing sonarNODE script to /uros_ws/Brain_DEI/brain/install/input/lib/input
[3.157s] writing list of installed files to '/uros_ws/Brain_DEI/brain/build/input/install.log'
[3.255s] Invoked command in '/uros_ws/Brain_DEI/brain/src/input' returned '0': PYTHONPATH=/uros_ws/Brain_DEI/brain/build/input/prefix_override:/usr/lib/python3/dist-packages/colcon_core/task/python/colcon_distutils_commands:/uros_ws/Brain_DEI/brain/install/input/lib/python3.12/site-packages:/uros_ws/Brain_DEI/brain/install/utils/lib/python3.12/site-packages:/uros_ws/Brain_DEI/brain/install/unix_out/lib/python3.12/site-packages:/uros_ws/Brain_DEI/brain/install/output/lib/python3.12/site-packages:/uros_ws/Brain_DEI/brain/install/input/lib/python3.12/site-packages:/uros_ws/install/micro_ros_msgs/lib/python3.12/site-packages:/opt/ros/jazzy/lib/python3.12/site-packages /usr/bin/python3 -W ignore:setup.py install is deprecated -W ignore:easy_install command is deprecated setup.py egg_info --egg-base ../../build/input build --build-base /uros_ws/Brain_DEI/brain/build/input/build install --record /uros_ws/Brain_DEI/brain/build/input/install.log --single-version-externally-managed install_data
