[0.009s] Invoking command in '/home/hisham/BFMC/Brain_DEI/brain/build/utils': CMAKE_PREFIX_PATH=${CMAKE_PREFIX_PATH}:/opt/ros/jazzy DEBUGINFOD_URLS=https://debuginfod.ubuntu.com /usr/bin/cmake /home/hisham/BFMC/Brain_DEI/brain/src/utils -DCMAKE_INSTALL_PREFIX=/home/hisham/BFMC/Brain_DEI/brain/install/utils
[0.423s] -- The C compiler identification is GNU 13.3.0
[0.726s] -- The CXX compiler identification is GNU 13.3.0
[0.744s] -- Detecting C compiler ABI info
[0.834s] -- Detecting C compiler ABI info - done
[0.842s] -- Check for working C compiler: /usr/bin/cc - skipped
[0.842s] -- Detecting C compile features
[0.843s] -- Detecting C compile features - done
[0.851s] -- Detecting CXX compiler ABI info
[0.927s] -- Detecting CXX compiler ABI info - done
[0.935s] -- Check for working CXX compiler: /usr/bin/c++ - skipped
[0.935s] -- Detecting CXX compile features
[0.936s] -- Detecting CXX compile features - done
[0.944s] -- Found ament_cmake: 2.5.4 (/opt/ros/jazzy/share/ament_cmake/cmake)
[1.065s] -- Found Python3: /usr/bin/python3 (found version "3.12.3") found components: Interpreter 
[1.182s] -- Found rosidl_default_generators: 1.6.0 (/opt/ros/jazzy/share/rosidl_default_generators/cmake)
[1.191s] -- Using all available rosidl_typesupport_c: rosidl_typesupport_fastrtps_c;rosidl_typesupport_introspection_c
[1.264s] -- Using all available rosidl_typesupport_cpp: rosidl_typesupport_fastrtps_cpp;rosidl_typesupport_introspection_cpp
[1.330s] -- Found rosidl_adapter: 4.6.6 (/opt/ros/jazzy/share/rosidl_adapter/cmake)
[1.339s] -- Found std_msgs: 5.3.6 (/opt/ros/jazzy/share/std_msgs/cmake)
[1.913s] -- Found ament_cmake_ros: 0.12.0 (/opt/ros/jazzy/share/ament_cmake_ros/cmake)
[2.299s] -- Using all available rosidl_typesupport_c: rosidl_typesupport_fastrtps_c;rosidl_typesupport_introspection_c
[2.823s] -- Using all available rosidl_typesupport_cpp: rosidl_typesupport_fastrtps_cpp;rosidl_typesupport_introspection_cpp
[2.829s] -- Found python_cmake_module: 0.11.1 (/opt/ros/jazzy/share/python_cmake_module/cmake)
[2.934s] -- Found PythonExtra: /usr/bin/python3  
[3.478s] -- Found Python3: /usr/bin/python3 (found version "3.12.3") found components: Interpreter Development NumPy Development.Module Development.Embed 
[3.544s] -- Configuring done (3.5s)
[3.594s] -- Generating done (0.0s)
[3.607s] -- Build files have been written to: /home/hisham/BFMC/Brain_DEI/brain/build/utils
[3.614s] Invoked command in '/home/hisham/BFMC/Brain_DEI/brain/build/utils' returned '0': CMAKE_PREFIX_PATH=${CMAKE_PREFIX_PATH}:/opt/ros/jazzy DEBUGINFOD_URLS=https://debuginfod.ubuntu.com /usr/bin/cmake /home/hisham/BFMC/Brain_DEI/brain/src/utils -DCMAKE_INSTALL_PREFIX=/home/hisham/BFMC/Brain_DEI/brain/install/utils
[3.616s] Invoking command in '/home/hisham/BFMC/Brain_DEI/brain/build/utils': CMAKE_PREFIX_PATH=${CMAKE_PREFIX_PATH}:/opt/ros/jazzy DEBUGINFOD_URLS=https://debuginfod.ubuntu.com /usr/bin/cmake --build /home/hisham/BFMC/Brain_DEI/brain/build/utils -- -j12 -l12
[3.657s] [  1%] [34m[1mGenerating type hashes for ROS interfaces[0m
[3.664s] [  1%] Built target ament_cmake_python_copy_utils
[3.880s] running egg_info
[3.881s] creating utils.egg-info
[3.904s] writing utils.egg-info/PKG-INFO
[3.904s] writing dependency_links to utils.egg-info/dependency_links.txt
[3.904s] writing top-level names to utils.egg-info/top_level.txt
[3.904s] writing manifest file 'utils.egg-info/SOURCES.txt'
[3.976s] reading manifest file 'utils.egg-info/SOURCES.txt'
[3.976s] [  1%] Built target utils__rosidl_generator_type_description
[3.976s] writing manifest file 'utils.egg-info/SOURCES.txt'
[3.985s] [  2%] [34m[1mGenerating C code for ROS interfaces[0m
[3.993s] [  2%] [34m[1mGenerating C++ code for ROS interfaces[0m
[4.000s] [  2%] Built target ament_cmake_python_build_utils_egg
[4.689s] [  2%] Built target utils__cpp
[4.899s] [  5%] [32mBuilding C object CMakeFiles/utils__rosidl_generator_c.dir/rosidl_generator_c/utils/msg/detail/localisation__description.c.o[0m
[4.899s] [  5%] [32mBuilding C object CMakeFiles/utils__rosidl_generator_c.dir/rosidl_generator_c/utils/msg/detail/imu__description.c.o[0m
[4.900s] [  5%] [32mBuilding C object CMakeFiles/utils__rosidl_generator_c.dir/rosidl_generator_c/utils/msg/detail/localisation__functions.c.o[0m
[4.900s] [  5%] [32mBuilding C object CMakeFiles/utils__rosidl_generator_c.dir/rosidl_generator_c/utils/msg/detail/imu__functions.c.o[0m
[4.900s] [  5%] [32mBuilding C object CMakeFiles/utils__rosidl_generator_c.dir/rosidl_generator_c/utils/msg/detail/imu__type_support.c.o[0m
[4.900s] [  6%] [32mBuilding C object CMakeFiles/utils__rosidl_generator_c.dir/rosidl_generator_c/utils/msg/detail/vehicles__description.c.o[0m
[4.900s] [  7%] [32mBuilding C object CMakeFiles/utils__rosidl_generator_c.dir/rosidl_generator_c/utils/msg/detail/vehicles__functions.c.o[0m
[4.900s] [  7%] [32mBuilding C object CMakeFiles/utils__rosidl_generator_c.dir/rosidl_generator_c/utils/msg/detail/vehicles__type_support.c.o[0m
[4.900s] [  8%] [32mBuilding C object CMakeFiles/utils__rosidl_generator_c.dir/rosidl_generator_c/utils/msg/detail/environmental__description.c.o[0m
[4.901s] [ 10%] [32mBuilding C object CMakeFiles/utils__rosidl_generator_c.dir/rosidl_generator_c/utils/msg/detail/environmental__functions.c.o[0m
[4.901s] [ 10%] [32mBuilding C object CMakeFiles/utils__rosidl_generator_c.dir/rosidl_generator_c/utils/msg/detail/localisation__type_support.c.o[0m
[4.901s] [ 11%] [32mBuilding C object CMakeFiles/utils__rosidl_generator_c.dir/rosidl_generator_c/utils/msg/detail/environmental__type_support.c.o[0m
[4.948s] [ 12%] [32mBuilding C object CMakeFiles/utils__rosidl_generator_c.dir/rosidl_generator_c/utils/msg/detail/log__functions.c.o[0m
[4.948s] [ 12%] [32mBuilding C object CMakeFiles/utils__rosidl_generator_c.dir/rosidl_generator_c/utils/msg/detail/log__description.c.o[0m
[4.948s] [ 14%] [32mBuilding C object CMakeFiles/utils__rosidl_generator_c.dir/rosidl_generator_c/utils/msg/detail/topic_info__description.c.o[0m
[4.949s] [ 14%] [32mBuilding C object CMakeFiles/utils__rosidl_generator_c.dir/rosidl_generator_c/utils/msg/detail/log__type_support.c.o[0m
[4.962s] [ 15%] [32mBuilding C object CMakeFiles/utils__rosidl_generator_c.dir/rosidl_generator_c/utils/msg/detail/topic_info__functions.c.o[0m
[4.963s] [ 15%] [32mBuilding C object CMakeFiles/utils__rosidl_generator_c.dir/rosidl_generator_c/utils/msg/detail/topic_info__type_support.c.o[0m
[4.966s] [ 17%] [32mBuilding C object CMakeFiles/utils__rosidl_generator_c.dir/rosidl_generator_c/utils/msg/detail/semaphore__description.c.o[0m
[4.966s] [ 17%] [32mBuilding C object CMakeFiles/utils__rosidl_generator_c.dir/rosidl_generator_c/utils/msg/detail/semaphore__functions.c.o[0m
[4.986s] [ 17%] [32mBuilding C object CMakeFiles/utils__rosidl_generator_c.dir/rosidl_generator_c/utils/msg/detail/semaphore__type_support.c.o[0m
[4.993s] [ 18%] [32mBuilding C object CMakeFiles/utils__rosidl_generator_c.dir/rosidl_generator_c/utils/msg/detail/conditions__description.c.o[0m
[4.994s] [ 19%] [32mBuilding C object CMakeFiles/utils__rosidl_generator_c.dir/rosidl_generator_c/utils/msg/detail/trafficsignprediction__description.c.o[0m
[4.994s] [ 21%] [32mBuilding C object CMakeFiles/utils__rosidl_generator_c.dir/rosidl_generator_c/utils/msg/detail/conditions__type_support.c.o[0m
[4.994s] [ 21%] [32mBuilding C object CMakeFiles/utils__rosidl_generator_c.dir/rosidl_generator_c/utils/msg/detail/trafficsignprediction__functions.c.o[0m
[4.995s] [ 19%] [32mBuilding C object CMakeFiles/utils__rosidl_generator_c.dir/rosidl_generator_c/utils/msg/detail/conditions__functions.c.o[0m
[4.995s] [ 22%] [32mBuilding C object CMakeFiles/utils__rosidl_generator_c.dir/rosidl_generator_c/utils/msg/detail/trafficsignprediction__type_support.c.o[0m
[5.005s] [ 23%] [32mBuilding C object CMakeFiles/utils__rosidl_generator_c.dir/rosidl_generator_c/utils/srv/detail/subscribing__description.c.o[0m
[5.012s] [ 23%] [32mBuilding C object CMakeFiles/utils__rosidl_generator_c.dir/rosidl_generator_c/utils/srv/detail/subscribing__functions.c.o[0m
[5.022s] [ 24%] [32mBuilding C object CMakeFiles/utils__rosidl_generator_c.dir/rosidl_generator_c/utils/srv/detail/subscribing__type_support.c.o[0m
[5.030s] [ 25%] [32mBuilding C object CMakeFiles/utils__rosidl_generator_c.dir/rosidl_generator_c/utils/srv/detail/request_param__description.c.o[0m
[5.033s] [ 26%] [32mBuilding C object CMakeFiles/utils__rosidl_generator_c.dir/rosidl_generator_c/utils/srv/detail/request_param__functions.c.o[0m
[5.037s] [ 26%] [32mBuilding C object CMakeFiles/utils__rosidl_generator_c.dir/rosidl_generator_c/utils/srv/detail/request_param__type_support.c.o[0m
[5.098s] [ 27%] [32m[1mLinking C shared library libutils__rosidl_generator_c.so[0m
[5.135s] [ 27%] Built target utils__rosidl_generator_c
[5.143s] [ 30%] [34m[1mGenerating C++ type support for eProsima Fast-RTPS[0m
[5.143s] [ 30%] [34m[1mGenerating C introspection for ROS interfaces[0m
[5.143s] [ 30%] [34m[1mGenerating C++ type support dispatch for ROS interfaces[0m
[5.143s] [ 30%] [34m[1mGenerating C type support for eProsima Fast-RTPS[0m
[5.143s] [ 30%] [34m[1mGenerating C type support dispatch for ROS interfaces[0m
[5.143s] [ 31%] [34m[1mGenerating C++ introspection for ROS interfaces[0m
[5.619s] [ 34%] [32mBuilding CXX object CMakeFiles/utils__rosidl_typesupport_c.dir/rosidl_typesupport_c/utils/msg/environmental__type_support.cpp.o[0m
[5.620s] [ 34%] [32mBuilding CXX object CMakeFiles/utils__rosidl_typesupport_c.dir/rosidl_typesupport_c/utils/msg/vehicles__type_support.cpp.o[0m
[5.620s] [ 34%] [32mBuilding CXX object CMakeFiles/utils__rosidl_typesupport_c.dir/rosidl_typesupport_c/utils/msg/localisation__type_support.cpp.o[0m
[5.621s] [ 35%] [32mBuilding CXX object CMakeFiles/utils__rosidl_typesupport_c.dir/rosidl_typesupport_c/utils/msg/topic_info__type_support.cpp.o[0m
[5.621s] [ 36%] [32mBuilding CXX object CMakeFiles/utils__rosidl_typesupport_c.dir/rosidl_typesupport_c/utils/msg/semaphore__type_support.cpp.o[0m
[5.621s] [ 36%] [32mBuilding CXX object CMakeFiles/utils__rosidl_typesupport_c.dir/rosidl_typesupport_c/utils/msg/imu__type_support.cpp.o[0m
[5.621s] [ 36%] [32mBuilding CXX object CMakeFiles/utils__rosidl_typesupport_c.dir/rosidl_typesupport_c/utils/msg/log__type_support.cpp.o[0m
[5.631s] [ 37%] [32mBuilding CXX object CMakeFiles/utils__rosidl_typesupport_cpp.dir/rosidl_typesupport_cpp/utils/msg/imu__type_support.cpp.o[0m
[5.695s] [ 39%] [32mBuilding CXX object CMakeFiles/utils__rosidl_typesupport_cpp.dir/rosidl_typesupport_cpp/utils/msg/localisation__type_support.cpp.o[0m
[5.695s] [ 39%] [32mBuilding CXX object CMakeFiles/utils__rosidl_typesupport_c.dir/rosidl_typesupport_c/utils/msg/trafficsignprediction__type_support.cpp.o[0m
[5.695s] [ 41%] [32mBuilding CXX object CMakeFiles/utils__rosidl_typesupport_c.dir/rosidl_typesupport_c/utils/srv/subscribing__type_support.cpp.o[0m
[5.695s] [ 41%] [32mBuilding CXX object CMakeFiles/utils__rosidl_typesupport_c.dir/rosidl_typesupport_c/utils/msg/conditions__type_support.cpp.o[0m
[5.695s] [ 41%] [32mBuilding CXX object CMakeFiles/utils__rosidl_typesupport_cpp.dir/rosidl_typesupport_cpp/utils/msg/environmental__type_support.cpp.o[0m
[5.696s] [ 41%] [32mBuilding CXX object CMakeFiles/utils__rosidl_typesupport_cpp.dir/rosidl_typesupport_cpp/utils/msg/log__type_support.cpp.o[0m
[5.697s] [ 42%] [32mBuilding CXX object CMakeFiles/utils__rosidl_typesupport_cpp.dir/rosidl_typesupport_cpp/utils/msg/vehicles__type_support.cpp.o[0m
[5.749s] [ 43%] [32mBuilding CXX object CMakeFiles/utils__rosidl_typesupport_cpp.dir/rosidl_typesupport_cpp/utils/msg/topic_info__type_support.cpp.o[0m
[5.757s] [ 43%] [32mBuilding CXX object CMakeFiles/utils__rosidl_typesupport_cpp.dir/rosidl_typesupport_cpp/utils/msg/semaphore__type_support.cpp.o[0m
[5.762s] [ 44%] [32mBuilding CXX object CMakeFiles/utils__rosidl_typesupport_c.dir/rosidl_typesupport_c/utils/srv/request_param__type_support.cpp.o[0m
[5.827s] [ 45%] [32m[1mLinking CXX shared library libutils__rosidl_typesupport_c.so[0m
[5.889s] [ 45%] Built target utils__rosidl_typesupport_c
[5.914s] [ 46%] [32mBuilding CXX object CMakeFiles/utils__rosidl_typesupport_cpp.dir/rosidl_typesupport_cpp/utils/msg/conditions__type_support.cpp.o[0m
[5.988s] [ 47%] [32mBuilding CXX object CMakeFiles/utils__rosidl_typesupport_introspection_cpp.dir/rosidl_typesupport_introspection_cpp/utils/msg/detail/imu__type_support.cpp.o[0m
[6.063s] [ 48%] [32mBuilding C object CMakeFiles/utils__rosidl_typesupport_introspection_c.dir/rosidl_typesupport_introspection_c/utils/msg/detail/imu__type_support.c.o[0m
[6.123s] [ 49%] [32mBuilding C object CMakeFiles/utils__rosidl_typesupport_introspection_c.dir/rosidl_typesupport_introspection_c/utils/msg/detail/localisation__type_support.c.o[0m
[6.162s] [ 51%] [32mBuilding C object CMakeFiles/utils__rosidl_typesupport_introspection_c.dir/rosidl_typesupport_introspection_c/utils/msg/detail/vehicles__type_support.c.o[0m
[6.162s] [ 51%] [32mBuilding CXX object CMakeFiles/utils__rosidl_typesupport_introspection_cpp.dir/rosidl_typesupport_introspection_cpp/utils/msg/detail/localisation__type_support.cpp.o[0m
[6.169s] [ 51%] [32mBuilding C object CMakeFiles/utils__rosidl_typesupport_introspection_c.dir/rosidl_typesupport_introspection_c/utils/msg/detail/environmental__type_support.c.o[0m
[6.170s] [ 51%] [32mBuilding CXX object CMakeFiles/utils__rosidl_typesupport_introspection_cpp.dir/rosidl_typesupport_introspection_cpp/utils/msg/detail/vehicles__type_support.cpp.o[0m
[6.182s] [ 52%] [32mBuilding CXX object CMakeFiles/utils__rosidl_typesupport_cpp.dir/rosidl_typesupport_cpp/utils/msg/trafficsignprediction__type_support.cpp.o[0m
[6.202s] [ 53%] [32mBuilding CXX object CMakeFiles/utils__rosidl_typesupport_cpp.dir/rosidl_typesupport_cpp/utils/srv/subscribing__type_support.cpp.o[0m
[6.210s] [ 54%] [32mBuilding CXX object CMakeFiles/utils__rosidl_typesupport_introspection_cpp.dir/rosidl_typesupport_introspection_cpp/utils/msg/detail/environmental__type_support.cpp.o[0m
[6.211s] [ 55%] [32mBuilding CXX object CMakeFiles/utils__rosidl_typesupport_introspection_cpp.dir/rosidl_typesupport_introspection_cpp/utils/msg/detail/log__type_support.cpp.o[0m
[6.222s] [ 56%] [32mBuilding C object CMakeFiles/utils__rosidl_typesupport_introspection_c.dir/rosidl_typesupport_introspection_c/utils/msg/detail/log__type_support.c.o[0m
[6.238s] [ 56%] [32mBuilding CXX object CMakeFiles/utils__rosidl_typesupport_cpp.dir/rosidl_typesupport_cpp/utils/srv/request_param__type_support.cpp.o[0m
[6.277s] [ 57%] [32mBuilding C object CMakeFiles/utils__rosidl_typesupport_introspection_c.dir/rosidl_typesupport_introspection_c/utils/msg/detail/topic_info__type_support.c.o[0m
[6.329s] [ 58%] [32mBuilding C object CMakeFiles/utils__rosidl_typesupport_introspection_c.dir/rosidl_typesupport_introspection_c/utils/msg/detail/semaphore__type_support.c.o[0m
[6.378s] [ 58%] [32mBuilding C object CMakeFiles/utils__rosidl_typesupport_introspection_c.dir/rosidl_typesupport_introspection_c/utils/msg/detail/conditions__type_support.c.o[0m
[6.384s] [ 59%] [32mBuilding C object CMakeFiles/utils__rosidl_typesupport_introspection_c.dir/rosidl_typesupport_introspection_c/utils/msg/detail/trafficsignprediction__type_support.c.o[0m
[6.412s] [ 59%] [32mBuilding CXX object CMakeFiles/utils__rosidl_typesupport_fastrtps_cpp.dir/rosidl_typesupport_fastrtps_cpp/utils/msg/detail/dds_fastrtps/imu__type_support.cpp.o[0m
[6.435s] [ 60%] [32mBuilding CXX object CMakeFiles/utils__rosidl_typesupport_introspection_cpp.dir/rosidl_typesupport_introspection_cpp/utils/msg/detail/topic_info__type_support.cpp.o[0m
[6.436s] [ 61%] [32mBuilding C object CMakeFiles/utils__rosidl_typesupport_introspection_c.dir/rosidl_typesupport_introspection_c/utils/srv/detail/subscribing__type_support.c.o[0m
[6.476s] [ 62%] [32mBuilding CXX object CMakeFiles/utils__rosidl_typesupport_fastrtps_cpp.dir/rosidl_typesupport_fastrtps_cpp/utils/msg/detail/dds_fastrtps/localisation__type_support.cpp.o[0m
[6.506s] [ 63%] [32mBuilding C object CMakeFiles/utils__rosidl_typesupport_introspection_c.dir/rosidl_typesupport_introspection_c/utils/srv/detail/request_param__type_support.c.o[0m
[6.511s] [ 64%] [32mBuilding CXX object CMakeFiles/utils__rosidl_typesupport_fastrtps_c.dir/rosidl_typesupport_fastrtps_c/utils/msg/detail/imu__type_support_c.cpp.o[0m
[6.587s] [ 64%] [32m[1mLinking C shared library libutils__rosidl_typesupport_introspection_c.so[0m
[6.618s] [ 64%] [32mBuilding CXX object CMakeFiles/utils__rosidl_typesupport_fastrtps_c.dir/rosidl_typesupport_fastrtps_c/utils/msg/detail/localisation__type_support_c.cpp.o[0m
[6.638s] [ 64%] Built target utils__rosidl_typesupport_introspection_c
[6.639s] [ 65%] [32mBuilding CXX object CMakeFiles/utils__rosidl_typesupport_fastrtps_cpp.dir/rosidl_typesupport_fastrtps_cpp/utils/msg/detail/dds_fastrtps/vehicles__type_support.cpp.o[0m
[6.648s] [ 66%] [32mBuilding CXX object CMakeFiles/utils__rosidl_typesupport_fastrtps_c.dir/rosidl_typesupport_fastrtps_c/utils/msg/detail/vehicles__type_support_c.cpp.o[0m
[6.656s] [ 66%] [32mBuilding CXX object CMakeFiles/utils__rosidl_typesupport_introspection_cpp.dir/rosidl_typesupport_introspection_cpp/utils/msg/detail/semaphore__type_support.cpp.o[0m
[6.675s] [ 67%] [32mBuilding CXX object CMakeFiles/utils__rosidl_typesupport_fastrtps_c.dir/rosidl_typesupport_fastrtps_c/utils/msg/detail/environmental__type_support_c.cpp.o[0m
[6.692s] [ 68%] [32mBuilding CXX object CMakeFiles/utils__rosidl_typesupport_fastrtps_c.dir/rosidl_typesupport_fastrtps_c/utils/msg/detail/log__type_support_c.cpp.o[0m
[6.835s] [ 69%] [32mBuilding CXX object CMakeFiles/utils__rosidl_typesupport_fastrtps_cpp.dir/rosidl_typesupport_fastrtps_cpp/utils/msg/detail/dds_fastrtps/environmental__type_support.cpp.o[0m
[6.933s] [ 69%] [32mBuilding CXX object CMakeFiles/utils__rosidl_typesupport_fastrtps_c.dir/rosidl_typesupport_fastrtps_c/utils/msg/detail/topic_info__type_support_c.cpp.o[0m
[6.989s] [ 70%] [32m[1mLinking CXX shared library libutils__rosidl_typesupport_cpp.so[0m
[7.103s] [ 71%] [32mBuilding CXX object CMakeFiles/utils__rosidl_typesupport_introspection_cpp.dir/rosidl_typesupport_introspection_cpp/utils/msg/detail/conditions__type_support.cpp.o[0m
[7.121s] [ 71%] Built target utils__rosidl_typesupport_cpp
[7.133s] [ 71%] [32mBuilding CXX object CMakeFiles/utils__rosidl_typesupport_fastrtps_cpp.dir/rosidl_typesupport_fastrtps_cpp/utils/msg/detail/dds_fastrtps/log__type_support.cpp.o[0m
[7.178s] [ 72%] [32mBuilding CXX object CMakeFiles/utils__rosidl_typesupport_fastrtps_c.dir/rosidl_typesupport_fastrtps_c/utils/msg/detail/semaphore__type_support_c.cpp.o[0m
[7.194s] [ 73%] [32mBuilding CXX object CMakeFiles/utils__rosidl_typesupport_introspection_cpp.dir/rosidl_typesupport_introspection_cpp/utils/msg/detail/trafficsignprediction__type_support.cpp.o[0m
[7.229s] [ 74%] [32mBuilding CXX object CMakeFiles/utils__rosidl_typesupport_fastrtps_cpp.dir/rosidl_typesupport_fastrtps_cpp/utils/msg/detail/dds_fastrtps/topic_info__type_support.cpp.o[0m
[7.329s] [ 75%] [32mBuilding CXX object CMakeFiles/utils__rosidl_typesupport_fastrtps_cpp.dir/rosidl_typesupport_fastrtps_cpp/utils/msg/detail/dds_fastrtps/semaphore__type_support.cpp.o[0m
[7.353s] [ 76%] [32mBuilding CXX object CMakeFiles/utils__rosidl_typesupport_introspection_cpp.dir/rosidl_typesupport_introspection_cpp/utils/srv/detail/subscribing__type_support.cpp.o[0m
[7.380s] [ 77%] [32mBuilding CXX object CMakeFiles/utils__rosidl_typesupport_fastrtps_c.dir/rosidl_typesupport_fastrtps_c/utils/msg/detail/conditions__type_support_c.cpp.o[0m
[7.390s] [ 77%] [32mBuilding CXX object CMakeFiles/utils__rosidl_typesupport_introspection_cpp.dir/rosidl_typesupport_introspection_cpp/utils/srv/detail/request_param__type_support.cpp.o[0m
[7.409s] [ 78%] [32mBuilding CXX object CMakeFiles/utils__rosidl_typesupport_fastrtps_cpp.dir/rosidl_typesupport_fastrtps_cpp/utils/msg/detail/dds_fastrtps/conditions__type_support.cpp.o[0m
[7.551s] [ 79%] [32mBuilding CXX object CMakeFiles/utils__rosidl_typesupport_fastrtps_c.dir/rosidl_typesupport_fastrtps_c/utils/msg/detail/trafficsignprediction__type_support_c.cpp.o[0m
[7.584s] [ 79%] [32mBuilding CXX object CMakeFiles/utils__rosidl_typesupport_fastrtps_cpp.dir/rosidl_typesupport_fastrtps_cpp/utils/msg/detail/dds_fastrtps/trafficsignprediction__type_support.cpp.o[0m
[7.674s] [ 79%] [32mBuilding CXX object CMakeFiles/utils__rosidl_typesupport_fastrtps_c.dir/rosidl_typesupport_fastrtps_c/utils/srv/detail/subscribing__type_support_c.cpp.o[0m
[7.691s] [ 80%] [32mBuilding CXX object CMakeFiles/utils__rosidl_typesupport_fastrtps_cpp.dir/rosidl_typesupport_fastrtps_cpp/utils/srv/detail/dds_fastrtps/subscribing__type_support.cpp.o[0m
[7.864s] [ 81%] [32mBuilding CXX object CMakeFiles/utils__rosidl_typesupport_fastrtps_cpp.dir/rosidl_typesupport_fastrtps_cpp/utils/srv/detail/dds_fastrtps/request_param__type_support.cpp.o[0m
[7.916s] [ 82%] [32mBuilding CXX object CMakeFiles/utils__rosidl_typesupport_fastrtps_c.dir/rosidl_typesupport_fastrtps_c/utils/srv/detail/request_param__type_support_c.cpp.o[0m
[8.308s] [ 83%] [32m[1mLinking CXX shared library libutils__rosidl_typesupport_introspection_cpp.so[0m
[8.384s] [ 83%] Built target utils__rosidl_typesupport_introspection_cpp
[8.469s] [ 84%] [32m[1mLinking CXX shared library libutils__rosidl_typesupport_fastrtps_c.so[0m
[8.533s] [ 84%] Built target utils__rosidl_typesupport_fastrtps_c
[8.695s] [ 85%] [32m[1mLinking CXX shared library libutils__rosidl_typesupport_fastrtps_cpp.so[0m
[8.758s] [ 85%] Built target utils__rosidl_typesupport_fastrtps_cpp
[8.773s] [ 85%] Built target utils
[8.788s] [ 86%] [34m[1mGenerating Python code for ROS interfaces[0m
[9.939s] [ 86%] Built target utils__py
[9.956s] [ 86%] [32mBuilding C object CMakeFiles/utils__rosidl_generator_py.dir/rosidl_generator_py/utils/msg/_vehicles_s.c.o[0m
[9.957s] [ 87%] [32mBuilding C object CMakeFiles/utils__rosidl_generator_py.dir/rosidl_generator_py/utils/msg/_imu_s.c.o[0m
[9.957s] [ 88%] [32mBuilding C object CMakeFiles/utils__rosidl_generator_py.dir/rosidl_generator_py/utils/msg/_localisation_s.c.o[0m
[9.957s] [ 90%] [32mBuilding C object CMakeFiles/utils__rosidl_generator_py.dir/rosidl_generator_py/utils/msg/_log_s.c.o[0m
[9.958s] [ 90%] [32mBuilding C object CMakeFiles/utils__rosidl_generator_py.dir/rosidl_generator_py/utils/msg/_environmental_s.c.o[0m
[9.958s] [ 91%] [32mBuilding C object CMakeFiles/utils__rosidl_generator_py.dir/rosidl_generator_py/utils/msg/_semaphore_s.c.o[0m
[9.958s] [ 91%] [32mBuilding C object CMakeFiles/utils__rosidl_generator_py.dir/rosidl_generator_py/utils/msg/_topic_info_s.c.o[0m
[9.958s] [ 92%] [32mBuilding C object CMakeFiles/utils__rosidl_generator_py.dir/rosidl_generator_py/utils/msg/_conditions_s.c.o[0m
[9.958s] [ 93%] [32mBuilding C object CMakeFiles/utils__rosidl_generator_py.dir/rosidl_generator_py/utils/msg/_trafficsignprediction_s.c.o[0m
[9.958s] [ 93%] [32mBuilding C object CMakeFiles/utils__rosidl_generator_py.dir/rosidl_generator_py/utils/srv/_request_param_s.c.o[0m
[9.958s] [ 94%] [32mBuilding C object CMakeFiles/utils__rosidl_generator_py.dir/rosidl_generator_py/utils/srv/_subscribing_s.c.o[0m
[10.185s] [ 95%] [32m[1mLinking C shared library libutils__rosidl_generator_py.so[0m
[10.222s] [ 95%] Built target utils__rosidl_generator_py
[10.238s] [ 97%] [32mBuilding C object CMakeFiles/utils_s__rosidl_typesupport_fastrtps_c.dir/rosidl_generator_py/utils/_utils_s.ep.rosidl_typesupport_fastrtps_c.c.o[0m
[10.238s] [ 97%] [32mBuilding C object CMakeFiles/utils_s__rosidl_typesupport_c.dir/rosidl_generator_py/utils/_utils_s.ep.rosidl_typesupport_c.c.o[0m
[10.238s] [ 97%] [32mBuilding C object CMakeFiles/utils_s__rosidl_typesupport_introspection_c.dir/rosidl_generator_py/utils/_utils_s.ep.rosidl_typesupport_introspection_c.c.o[0m
[10.352s] [ 98%] [32m[1mLinking C shared module rosidl_generator_py/utils/utils_s__rosidl_typesupport_c.so[0m
[10.353s] [ 99%] [32m[1mLinking C shared module rosidl_generator_py/utils/utils_s__rosidl_typesupport_introspection_c.so[0m
[10.356s] [100%] [32m[1mLinking C shared module rosidl_generator_py/utils/utils_s__rosidl_typesupport_fastrtps_c.so[0m
[10.377s] [100%] Built target utils_s__rosidl_typesupport_c
[10.378s] [100%] Built target utils_s__rosidl_typesupport_introspection_c
[10.382s] [100%] Built target utils_s__rosidl_typesupport_fastrtps_c
[10.391s] Invoked command in '/home/hisham/BFMC/Brain_DEI/brain/build/utils' returned '0': CMAKE_PREFIX_PATH=${CMAKE_PREFIX_PATH}:/opt/ros/jazzy DEBUGINFOD_URLS=https://debuginfod.ubuntu.com /usr/bin/cmake --build /home/hisham/BFMC/Brain_DEI/brain/build/utils -- -j12 -l12
[10.399s] Invoking command in '/home/hisham/BFMC/Brain_DEI/brain/build/utils': CMAKE_PREFIX_PATH=${CMAKE_PREFIX_PATH}:/opt/ros/jazzy DEBUGINFOD_URLS=https://debuginfod.ubuntu.com /usr/bin/cmake --install /home/hisham/BFMC/Brain_DEI/brain/build/utils
[10.405s] -- Install configuration: ""
[10.405s] -- Installing: /home/hisham/BFMC/Brain_DEI/brain/install/utils/share/ament_index/resource_index/rosidl_interfaces/utils
[10.405s] -- Installing: /home/hisham/BFMC/Brain_DEI/brain/install/utils/share/utils/msg/IMU.json
[10.406s] -- Installing: /home/hisham/BFMC/Brain_DEI/brain/install/utils/share/utils/msg/Localisation.json
[10.406s] -- Installing: /home/hisham/BFMC/Brain_DEI/brain/install/utils/share/utils/msg/Vehicles.json
[10.406s] -- Installing: /home/hisham/BFMC/Brain_DEI/brain/install/utils/share/utils/msg/Environmental.json
[10.406s] -- Installing: /home/hisham/BFMC/Brain_DEI/brain/install/utils/share/utils/msg/Log.json
[10.406s] -- Installing: /home/hisham/BFMC/Brain_DEI/brain/install/utils/share/utils/msg/TopicInfo.json
[10.406s] -- Installing: /home/hisham/BFMC/Brain_DEI/brain/install/utils/share/utils/msg/Semaphore.json
[10.406s] -- Installing: /home/hisham/BFMC/Brain_DEI/brain/install/utils/share/utils/msg/Conditions.json
[10.406s] -- Installing: /home/hisham/BFMC/Brain_DEI/brain/install/utils/share/utils/msg/Trafficsignprediction.json
[10.406s] -- Installing: /home/hisham/BFMC/Brain_DEI/brain/install/utils/share/utils/srv/Subscribing.json
[10.406s] -- Installing: /home/hisham/BFMC/Brain_DEI/brain/install/utils/share/utils/srv/RequestParam.json
[10.406s] -- Installing: /home/hisham/BFMC/Brain_DEI/brain/install/utils/include/utils/utils
[10.407s] -- Installing: /home/hisham/BFMC/Brain_DEI/brain/install/utils/include/utils/utils/srv
[10.407s] -- Installing: /home/hisham/BFMC/Brain_DEI/brain/install/utils/include/utils/utils/srv/detail
[10.407s] -- Installing: /home/hisham/BFMC/Brain_DEI/brain/install/utils/include/utils/utils/srv/detail/request_param__functions.h
[10.407s] -- Installing: /home/hisham/BFMC/Brain_DEI/brain/install/utils/include/utils/utils/srv/detail/subscribing__functions.h
[10.407s] -- Installing: /home/hisham/BFMC/Brain_DEI/brain/install/utils/include/utils/utils/srv/detail/subscribing__type_support.c
[10.407s] -- Installing: /home/hisham/BFMC/Brain_DEI/brain/install/utils/include/utils/utils/srv/detail/request_param__functions.c
[10.407s] -- Installing: /home/hisham/BFMC/Brain_DEI/brain/install/utils/include/utils/utils/srv/detail/subscribing__type_support.h
[10.407s] -- Installing: /home/hisham/BFMC/Brain_DEI/brain/install/utils/include/utils/utils/srv/detail/subscribing__struct.h
[10.407s] -- Installing: /home/hisham/BFMC/Brain_DEI/brain/install/utils/include/utils/utils/srv/detail/subscribing__description.c
[10.407s] -- Installing: /home/hisham/BFMC/Brain_DEI/brain/install/utils/include/utils/utils/srv/detail/subscribing__functions.c
[10.407s] -- Installing: /home/hisham/BFMC/Brain_DEI/brain/install/utils/include/utils/utils/srv/detail/request_param__type_support.h
[10.407s] -- Installing: /home/hisham/BFMC/Brain_DEI/brain/install/utils/include/utils/utils/srv/detail/request_param__struct.h
[10.408s] -- Installing: /home/hisham/BFMC/Brain_DEI/brain/install/utils/include/utils/utils/srv/detail/request_param__description.c
[10.408s] -- Installing: /home/hisham/BFMC/Brain_DEI/brain/install/utils/include/utils/utils/srv/detail/request_param__type_support.c
[10.408s] -- Installing: /home/hisham/BFMC/Brain_DEI/brain/install/utils/include/utils/utils/srv/subscribing.h
[10.408s] -- Installing: /home/hisham/BFMC/Brain_DEI/brain/install/utils/include/utils/utils/srv/request_param.h
[10.408s] -- Installing: /home/hisham/BFMC/Brain_DEI/brain/install/utils/include/utils/utils/msg
[10.408s] -- Installing: /home/hisham/BFMC/Brain_DEI/brain/install/utils/include/utils/utils/msg/semaphore.h
[10.408s] -- Installing: /home/hisham/BFMC/Brain_DEI/brain/install/utils/include/utils/utils/msg/localisation.h
[10.408s] -- Installing: /home/hisham/BFMC/Brain_DEI/brain/install/utils/include/utils/utils/msg/detail
[10.408s] -- Installing: /home/hisham/BFMC/Brain_DEI/brain/install/utils/include/utils/utils/msg/detail/topic_info__functions.h
[10.408s] -- Installing: /home/hisham/BFMC/Brain_DEI/brain/install/utils/include/utils/utils/msg/detail/log__functions.h
[10.408s] -- Installing: /home/hisham/BFMC/Brain_DEI/brain/install/utils/include/utils/utils/msg/detail/semaphore__functions.c
[10.408s] -- Installing: /home/hisham/BFMC/Brain_DEI/brain/install/utils/include/utils/utils/msg/detail/imu__functions.h
[10.408s] -- Installing: /home/hisham/BFMC/Brain_DEI/brain/install/utils/include/utils/utils/msg/detail/vehicles__type_support.c
[10.409s] -- Installing: /home/hisham/BFMC/Brain_DEI/brain/install/utils/include/utils/utils/msg/detail/vehicles__struct.h
[10.409s] -- Installing: /home/hisham/BFMC/Brain_DEI/brain/install/utils/include/utils/utils/msg/detail/semaphore__type_support.c
[10.409s] -- Installing: /home/hisham/BFMC/Brain_DEI/brain/install/utils/include/utils/utils/msg/detail/localisation__type_support.c
[10.409s] -- Installing: /home/hisham/BFMC/Brain_DEI/brain/install/utils/include/utils/utils/msg/detail/imu__type_support.c
[10.409s] -- Installing: /home/hisham/BFMC/Brain_DEI/brain/install/utils/include/utils/utils/msg/detail/imu__struct.h
[10.409s] -- Installing: /home/hisham/BFMC/Brain_DEI/brain/install/utils/include/utils/utils/msg/detail/environmental__type_support.c
[10.409s] -- Installing: /home/hisham/BFMC/Brain_DEI/brain/install/utils/include/utils/utils/msg/detail/conditions__type_support.c
[10.409s] -- Installing: /home/hisham/BFMC/Brain_DEI/brain/install/utils/include/utils/utils/msg/detail/log__functions.c
[10.409s] -- Installing: /home/hisham/BFMC/Brain_DEI/brain/install/utils/include/utils/utils/msg/detail/vehicles__description.c
[10.409s] -- Installing: /home/hisham/BFMC/Brain_DEI/brain/install/utils/include/utils/utils/msg/detail/environmental__struct.h
[10.409s] -- Installing: /home/hisham/BFMC/Brain_DEI/brain/install/utils/include/utils/utils/msg/detail/topic_info__functions.c
[10.409s] -- Installing: /home/hisham/BFMC/Brain_DEI/brain/install/utils/include/utils/utils/msg/detail/localisation__functions.c
[10.409s] -- Installing: /home/hisham/BFMC/Brain_DEI/brain/install/utils/include/utils/utils/msg/detail/conditions__struct.h
[10.409s] -- Installing: /home/hisham/BFMC/Brain_DEI/brain/install/utils/include/utils/utils/msg/detail/trafficsignprediction__type_support.c
[10.410s] -- Installing: /home/hisham/BFMC/Brain_DEI/brain/install/utils/include/utils/utils/msg/detail/trafficsignprediction__functions.c
[10.410s] -- Installing: /home/hisham/BFMC/Brain_DEI/brain/install/utils/include/utils/utils/msg/detail/localisation__struct.h
[10.410s] -- Installing: /home/hisham/BFMC/Brain_DEI/brain/install/utils/include/utils/utils/msg/detail/semaphore__description.c
[10.410s] -- Installing: /home/hisham/BFMC/Brain_DEI/brain/install/utils/include/utils/utils/msg/detail/trafficsignprediction__struct.h
[10.410s] -- Installing: /home/hisham/BFMC/Brain_DEI/brain/install/utils/include/utils/utils/msg/detail/trafficsignprediction__type_support.h
[10.410s] -- Installing: /home/hisham/BFMC/Brain_DEI/brain/install/utils/include/utils/utils/msg/detail/semaphore__type_support.h
[10.410s] -- Installing: /home/hisham/BFMC/Brain_DEI/brain/install/utils/include/utils/utils/msg/detail/topic_info__type_support.c
[10.410s] -- Installing: /home/hisham/BFMC/Brain_DEI/brain/install/utils/include/utils/utils/msg/detail/imu__functions.c
[10.410s] -- Installing: /home/hisham/BFMC/Brain_DEI/brain/install/utils/include/utils/utils/msg/detail/vehicles__functions.c
[10.410s] -- Installing: /home/hisham/BFMC/Brain_DEI/brain/install/utils/include/utils/utils/msg/detail/topic_info__description.c
[10.410s] -- Installing: /home/hisham/BFMC/Brain_DEI/brain/install/utils/include/utils/utils/msg/detail/trafficsignprediction__description.c
[10.410s] -- Installing: /home/hisham/BFMC/Brain_DEI/brain/install/utils/include/utils/utils/msg/detail/conditions__functions.c
[10.410s] -- Installing: /home/hisham/BFMC/Brain_DEI/brain/install/utils/include/utils/utils/msg/detail/log__type_support.c
[10.411s] -- Installing: /home/hisham/BFMC/Brain_DEI/brain/install/utils/include/utils/utils/msg/detail/vehicles__functions.h
[10.411s] -- Installing: /home/hisham/BFMC/Brain_DEI/brain/install/utils/include/utils/utils/msg/detail/localisation__description.c
[10.411s] -- Installing: /home/hisham/BFMC/Brain_DEI/brain/install/utils/include/utils/utils/msg/detail/imu__description.c
[10.411s] -- Installing: /home/hisham/BFMC/Brain_DEI/brain/install/utils/include/utils/utils/msg/detail/log__type_support.h
[10.411s] -- Installing: /home/hisham/BFMC/Brain_DEI/brain/install/utils/include/utils/utils/msg/detail/topic_info__struct.h
[10.411s] -- Installing: /home/hisham/BFMC/Brain_DEI/brain/install/utils/include/utils/utils/msg/detail/vehicles__type_support.h
[10.411s] -- Installing: /home/hisham/BFMC/Brain_DEI/brain/install/utils/include/utils/utils/msg/detail/semaphore__functions.h
[10.411s] -- Installing: /home/hisham/BFMC/Brain_DEI/brain/install/utils/include/utils/utils/msg/detail/trafficsignprediction__functions.h
[10.411s] -- Installing: /home/hisham/BFMC/Brain_DEI/brain/install/utils/include/utils/utils/msg/detail/conditions__type_support.h
[10.411s] -- Installing: /home/hisham/BFMC/Brain_DEI/brain/install/utils/include/utils/utils/msg/detail/semaphore__struct.h
[10.411s] -- Installing: /home/hisham/BFMC/Brain_DEI/brain/install/utils/include/utils/utils/msg/detail/localisation__functions.h
[10.411s] -- Installing: /home/hisham/BFMC/Brain_DEI/brain/install/utils/include/utils/utils/msg/detail/topic_info__type_support.h
[10.411s] -- Installing: /home/hisham/BFMC/Brain_DEI/brain/install/utils/include/utils/utils/msg/detail/environmental__functions.c
[10.411s] -- Installing: /home/hisham/BFMC/Brain_DEI/brain/install/utils/include/utils/utils/msg/detail/conditions__functions.h
[10.412s] -- Installing: /home/hisham/BFMC/Brain_DEI/brain/install/utils/include/utils/utils/msg/detail/log__struct.h
[10.412s] -- Installing: /home/hisham/BFMC/Brain_DEI/brain/install/utils/include/utils/utils/msg/detail/environmental__description.c
[10.412s] -- Installing: /home/hisham/BFMC/Brain_DEI/brain/install/utils/include/utils/utils/msg/detail/environmental__type_support.h
[10.412s] -- Installing: /home/hisham/BFMC/Brain_DEI/brain/install/utils/include/utils/utils/msg/detail/imu__type_support.h
[10.412s] -- Installing: /home/hisham/BFMC/Brain_DEI/brain/install/utils/include/utils/utils/msg/detail/localisation__type_support.h
[10.412s] -- Installing: /home/hisham/BFMC/Brain_DEI/brain/install/utils/include/utils/utils/msg/detail/log__description.c
[10.412s] -- Installing: /home/hisham/BFMC/Brain_DEI/brain/install/utils/include/utils/utils/msg/detail/environmental__functions.h
[10.412s] -- Installing: /home/hisham/BFMC/Brain_DEI/brain/install/utils/include/utils/utils/msg/detail/conditions__description.c
[10.412s] -- Installing: /home/hisham/BFMC/Brain_DEI/brain/install/utils/include/utils/utils/msg/rosidl_generator_c__visibility_control.h
[10.412s] -- Installing: /home/hisham/BFMC/Brain_DEI/brain/install/utils/include/utils/utils/msg/conditions.h
[10.412s] -- Installing: /home/hisham/BFMC/Brain_DEI/brain/install/utils/include/utils/utils/msg/topic_info.h
[10.412s] -- Installing: /home/hisham/BFMC/Brain_DEI/brain/install/utils/include/utils/utils/msg/log.h
[10.412s] -- Installing: /home/hisham/BFMC/Brain_DEI/brain/install/utils/include/utils/utils/msg/imu.h
[10.412s] -- Installing: /home/hisham/BFMC/Brain_DEI/brain/install/utils/include/utils/utils/msg/environmental.h
[10.413s] -- Installing: /home/hisham/BFMC/Brain_DEI/brain/install/utils/include/utils/utils/msg/vehicles.h
[10.413s] -- Installing: /home/hisham/BFMC/Brain_DEI/brain/install/utils/include/utils/utils/msg/trafficsignprediction.h
[10.413s] -- Installing: /home/hisham/BFMC/Brain_DEI/brain/install/utils/share/utils/environment/library_path.sh
[10.413s] -- Installing: /home/hisham/BFMC/Brain_DEI/brain/install/utils/share/utils/environment/library_path.dsv
[10.413s] -- Installing: /home/hisham/BFMC/Brain_DEI/brain/install/utils/lib/libutils__rosidl_generator_c.so
[10.413s] -- Set non-toolchain portion of runtime path of "/home/hisham/BFMC/Brain_DEI/brain/install/utils/lib/libutils__rosidl_generator_c.so" to ""
[10.413s] -- Up-to-date: /home/hisham/BFMC/Brain_DEI/brain/install/utils/include/utils/utils
[10.413s] -- Up-to-date: /home/hisham/BFMC/Brain_DEI/brain/install/utils/include/utils/utils/srv
[10.413s] -- Up-to-date: /home/hisham/BFMC/Brain_DEI/brain/install/utils/include/utils/utils/srv/detail
[10.413s] -- Installing: /home/hisham/BFMC/Brain_DEI/brain/install/utils/include/utils/utils/srv/detail/request_param__rosidl_typesupport_fastrtps_c.h
[10.413s] -- Installing: /home/hisham/BFMC/Brain_DEI/brain/install/utils/include/utils/utils/srv/detail/subscribing__rosidl_typesupport_fastrtps_c.h
[10.413s] -- Up-to-date: /home/hisham/BFMC/Brain_DEI/brain/install/utils/include/utils/utils/msg
[10.413s] -- Up-to-date: /home/hisham/BFMC/Brain_DEI/brain/install/utils/include/utils/utils/msg/detail
[10.414s] -- Installing: /home/hisham/BFMC/Brain_DEI/brain/install/utils/include/utils/utils/msg/detail/imu__rosidl_typesupport_fastrtps_c.h
[10.414s] -- Installing: /home/hisham/BFMC/Brain_DEI/brain/install/utils/include/utils/utils/msg/detail/trafficsignprediction__rosidl_typesupport_fastrtps_c.h
[10.414s] -- Installing: /home/hisham/BFMC/Brain_DEI/brain/install/utils/include/utils/utils/msg/detail/vehicles__rosidl_typesupport_fastrtps_c.h
[10.414s] -- Installing: /home/hisham/BFMC/Brain_DEI/brain/install/utils/include/utils/utils/msg/detail/localisation__rosidl_typesupport_fastrtps_c.h
[10.414s] -- Installing: /home/hisham/BFMC/Brain_DEI/brain/install/utils/include/utils/utils/msg/detail/conditions__rosidl_typesupport_fastrtps_c.h
[10.414s] -- Installing: /home/hisham/BFMC/Brain_DEI/brain/install/utils/include/utils/utils/msg/detail/log__rosidl_typesupport_fastrtps_c.h
[10.414s] -- Installing: /home/hisham/BFMC/Brain_DEI/brain/install/utils/include/utils/utils/msg/detail/semaphore__rosidl_typesupport_fastrtps_c.h
[10.414s] -- Installing: /home/hisham/BFMC/Brain_DEI/brain/install/utils/include/utils/utils/msg/detail/topic_info__rosidl_typesupport_fastrtps_c.h
[10.414s] -- Installing: /home/hisham/BFMC/Brain_DEI/brain/install/utils/include/utils/utils/msg/detail/environmental__rosidl_typesupport_fastrtps_c.h
[10.414s] -- Installing: /home/hisham/BFMC/Brain_DEI/brain/install/utils/include/utils/utils/msg/rosidl_typesupport_fastrtps_c__visibility_control.h
[10.414s] -- Installing: /home/hisham/BFMC/Brain_DEI/brain/install/utils/lib/libutils__rosidl_typesupport_fastrtps_c.so
[10.414s] -- Set non-toolchain portion of runtime path of "/home/hisham/BFMC/Brain_DEI/brain/install/utils/lib/libutils__rosidl_typesupport_fastrtps_c.so" to ""
[10.414s] -- Up-to-date: /home/hisham/BFMC/Brain_DEI/brain/install/utils/include/utils/utils
[10.414s] -- Up-to-date: /home/hisham/BFMC/Brain_DEI/brain/install/utils/include/utils/utils/srv
[10.415s] -- Up-to-date: /home/hisham/BFMC/Brain_DEI/brain/install/utils/include/utils/utils/srv/detail
[10.415s] -- Installing: /home/hisham/BFMC/Brain_DEI/brain/install/utils/include/utils/utils/srv/detail/subscribing__rosidl_typesupport_introspection_c.h
[10.415s] -- Installing: /home/hisham/BFMC/Brain_DEI/brain/install/utils/include/utils/utils/srv/detail/request_param__rosidl_typesupport_introspection_c.h
[10.415s] -- Installing: /home/hisham/BFMC/Brain_DEI/brain/install/utils/include/utils/utils/srv/detail/subscribing__type_support.c
[10.415s] -- Installing: /home/hisham/BFMC/Brain_DEI/brain/install/utils/include/utils/utils/srv/detail/request_param__type_support.c
[10.415s] -- Up-to-date: /home/hisham/BFMC/Brain_DEI/brain/install/utils/include/utils/utils/msg
[10.415s] -- Up-to-date: /home/hisham/BFMC/Brain_DEI/brain/install/utils/include/utils/utils/msg/detail
[10.415s] -- Installing: /home/hisham/BFMC/Brain_DEI/brain/install/utils/include/utils/utils/msg/detail/vehicles__type_support.c
[10.415s] -- Installing: /home/hisham/BFMC/Brain_DEI/brain/install/utils/include/utils/utils/msg/detail/vehicles__rosidl_typesupport_introspection_c.h
[10.415s] -- Installing: /home/hisham/BFMC/Brain_DEI/brain/install/utils/include/utils/utils/msg/detail/conditions__rosidl_typesupport_introspection_c.h
[10.415s] -- Installing: /home/hisham/BFMC/Brain_DEI/brain/install/utils/include/utils/utils/msg/detail/semaphore__type_support.c
[10.415s] -- Installing: /home/hisham/BFMC/Brain_DEI/brain/install/utils/include/utils/utils/msg/detail/log__rosidl_typesupport_introspection_c.h
[10.415s] -- Installing: /home/hisham/BFMC/Brain_DEI/brain/install/utils/include/utils/utils/msg/detail/localisation__type_support.c
[10.415s] -- Installing: /home/hisham/BFMC/Brain_DEI/brain/install/utils/include/utils/utils/msg/detail/imu__type_support.c
[10.416s] -- Installing: /home/hisham/BFMC/Brain_DEI/brain/install/utils/include/utils/utils/msg/detail/environmental__type_support.c
[10.416s] -- Installing: /home/hisham/BFMC/Brain_DEI/brain/install/utils/include/utils/utils/msg/detail/conditions__type_support.c
[10.416s] -- Installing: /home/hisham/BFMC/Brain_DEI/brain/install/utils/include/utils/utils/msg/detail/topic_info__rosidl_typesupport_introspection_c.h
[10.416s] -- Installing: /home/hisham/BFMC/Brain_DEI/brain/install/utils/include/utils/utils/msg/detail/trafficsignprediction__type_support.c
[10.416s] -- Installing: /home/hisham/BFMC/Brain_DEI/brain/install/utils/include/utils/utils/msg/detail/semaphore__rosidl_typesupport_introspection_c.h
[10.416s] -- Installing: /home/hisham/BFMC/Brain_DEI/brain/install/utils/include/utils/utils/msg/detail/topic_info__type_support.c
[10.416s] -- Installing: /home/hisham/BFMC/Brain_DEI/brain/install/utils/include/utils/utils/msg/detail/environmental__rosidl_typesupport_introspection_c.h
[10.416s] -- Installing: /home/hisham/BFMC/Brain_DEI/brain/install/utils/include/utils/utils/msg/detail/log__type_support.c
[10.416s] -- Installing: /home/hisham/BFMC/Brain_DEI/brain/install/utils/include/utils/utils/msg/detail/localisation__rosidl_typesupport_introspection_c.h
[10.416s] -- Installing: /home/hisham/BFMC/Brain_DEI/brain/install/utils/include/utils/utils/msg/detail/imu__rosidl_typesupport_introspection_c.h
[10.416s] -- Installing: /home/hisham/BFMC/Brain_DEI/brain/install/utils/include/utils/utils/msg/detail/trafficsignprediction__rosidl_typesupport_introspection_c.h
[10.416s] -- Installing: /home/hisham/BFMC/Brain_DEI/brain/install/utils/include/utils/utils/msg/rosidl_typesupport_introspection_c__visibility_control.h
[10.416s] -- Installing: /home/hisham/BFMC/Brain_DEI/brain/install/utils/lib/libutils__rosidl_typesupport_introspection_c.so
[10.416s] -- Set non-toolchain portion of runtime path of "/home/hisham/BFMC/Brain_DEI/brain/install/utils/lib/libutils__rosidl_typesupport_introspection_c.so" to ""
[10.417s] -- Installing: /home/hisham/BFMC/Brain_DEI/brain/install/utils/lib/libutils__rosidl_typesupport_c.so
[10.417s] -- Set non-toolchain portion of runtime path of "/home/hisham/BFMC/Brain_DEI/brain/install/utils/lib/libutils__rosidl_typesupport_c.so" to ""
[10.417s] -- Up-to-date: /home/hisham/BFMC/Brain_DEI/brain/install/utils/include/utils/utils
[10.417s] -- Up-to-date: /home/hisham/BFMC/Brain_DEI/brain/install/utils/include/utils/utils/srv
[10.417s] -- Up-to-date: /home/hisham/BFMC/Brain_DEI/brain/install/utils/include/utils/utils/srv/detail
[10.417s] -- Installing: /home/hisham/BFMC/Brain_DEI/brain/install/utils/include/utils/utils/srv/detail/subscribing__builder.hpp
[10.417s] -- Installing: /home/hisham/BFMC/Brain_DEI/brain/install/utils/include/utils/utils/srv/detail/subscribing__struct.hpp
[10.417s] -- Installing: /home/hisham/BFMC/Brain_DEI/brain/install/utils/include/utils/utils/srv/detail/request_param__builder.hpp
[10.417s] -- Installing: /home/hisham/BFMC/Brain_DEI/brain/install/utils/include/utils/utils/srv/detail/subscribing__type_support.hpp
[10.417s] -- Installing: /home/hisham/BFMC/Brain_DEI/brain/install/utils/include/utils/utils/srv/detail/subscribing__traits.hpp
[10.417s] -- Installing: /home/hisham/BFMC/Brain_DEI/brain/install/utils/include/utils/utils/srv/detail/request_param__struct.hpp
[10.417s] -- Installing: /home/hisham/BFMC/Brain_DEI/brain/install/utils/include/utils/utils/srv/detail/request_param__type_support.hpp
[10.417s] -- Installing: /home/hisham/BFMC/Brain_DEI/brain/install/utils/include/utils/utils/srv/detail/request_param__traits.hpp
[10.417s] -- Installing: /home/hisham/BFMC/Brain_DEI/brain/install/utils/include/utils/utils/srv/subscribing.hpp
[10.418s] -- Installing: /home/hisham/BFMC/Brain_DEI/brain/install/utils/include/utils/utils/srv/request_param.hpp
[10.418s] -- Up-to-date: /home/hisham/BFMC/Brain_DEI/brain/install/utils/include/utils/utils/msg
[10.418s] -- Installing: /home/hisham/BFMC/Brain_DEI/brain/install/utils/include/utils/utils/msg/vehicles.hpp
[10.418s] -- Up-to-date: /home/hisham/BFMC/Brain_DEI/brain/install/utils/include/utils/utils/msg/detail
[10.418s] -- Installing: /home/hisham/BFMC/Brain_DEI/brain/install/utils/include/utils/utils/msg/detail/localisation__type_support.hpp
[10.418s] -- Installing: /home/hisham/BFMC/Brain_DEI/brain/install/utils/include/utils/utils/msg/detail/semaphore__struct.hpp
[10.418s] -- Installing: /home/hisham/BFMC/Brain_DEI/brain/install/utils/include/utils/utils/msg/detail/imu__builder.hpp
[10.418s] -- Installing: /home/hisham/BFMC/Brain_DEI/brain/install/utils/include/utils/utils/msg/detail/log__builder.hpp
[10.418s] -- Installing: /home/hisham/BFMC/Brain_DEI/brain/install/utils/include/utils/utils/msg/detail/conditions__type_support.hpp
[10.418s] -- Installing: /home/hisham/BFMC/Brain_DEI/brain/install/utils/include/utils/utils/msg/detail/trafficsignprediction__struct.hpp
[10.418s] -- Installing: /home/hisham/BFMC/Brain_DEI/brain/install/utils/include/utils/utils/msg/detail/semaphore__builder.hpp
[10.418s] -- Installing: /home/hisham/BFMC/Brain_DEI/brain/install/utils/include/utils/utils/msg/detail/localisation__struct.hpp
[10.418s] -- Installing: /home/hisham/BFMC/Brain_DEI/brain/install/utils/include/utils/utils/msg/detail/trafficsignprediction__traits.hpp
[10.418s] -- Installing: /home/hisham/BFMC/Brain_DEI/brain/install/utils/include/utils/utils/msg/detail/semaphore__type_support.hpp
[10.419s] -- Installing: /home/hisham/BFMC/Brain_DEI/brain/install/utils/include/utils/utils/msg/detail/localisation__builder.hpp
[10.419s] -- Installing: /home/hisham/BFMC/Brain_DEI/brain/install/utils/include/utils/utils/msg/detail/environmental__builder.hpp
[10.419s] -- Installing: /home/hisham/BFMC/Brain_DEI/brain/install/utils/include/utils/utils/msg/detail/semaphore__traits.hpp
[10.419s] -- Installing: /home/hisham/BFMC/Brain_DEI/brain/install/utils/include/utils/utils/msg/detail/topic_info__type_support.hpp
[10.419s] -- Installing: /home/hisham/BFMC/Brain_DEI/brain/install/utils/include/utils/utils/msg/detail/vehicles__struct.hpp
[10.419s] -- Installing: /home/hisham/BFMC/Brain_DEI/brain/install/utils/include/utils/utils/msg/detail/topic_info__struct.hpp
[10.419s] -- Installing: /home/hisham/BFMC/Brain_DEI/brain/install/utils/include/utils/utils/msg/detail/imu__type_support.hpp
[10.419s] -- Installing: /home/hisham/BFMC/Brain_DEI/brain/install/utils/include/utils/utils/msg/detail/environmental__traits.hpp
[10.419s] -- Installing: /home/hisham/BFMC/Brain_DEI/brain/install/utils/include/utils/utils/msg/detail/log__struct.hpp
[10.419s] -- Installing: /home/hisham/BFMC/Brain_DEI/brain/install/utils/include/utils/utils/msg/detail/trafficsignprediction__builder.hpp
[10.419s] -- Installing: /home/hisham/BFMC/Brain_DEI/brain/install/utils/include/utils/utils/msg/detail/imu__traits.hpp
[10.419s] -- Installing: /home/hisham/BFMC/Brain_DEI/brain/install/utils/include/utils/utils/msg/detail/vehicles__traits.hpp
[10.419s] -- Installing: /home/hisham/BFMC/Brain_DEI/brain/install/utils/include/utils/utils/msg/detail/localisation__traits.hpp
[10.419s] -- Installing: /home/hisham/BFMC/Brain_DEI/brain/install/utils/include/utils/utils/msg/detail/imu__struct.hpp
[10.420s] -- Installing: /home/hisham/BFMC/Brain_DEI/brain/install/utils/include/utils/utils/msg/detail/log__traits.hpp
[10.420s] -- Installing: /home/hisham/BFMC/Brain_DEI/brain/install/utils/include/utils/utils/msg/detail/vehicles__builder.hpp
[10.420s] -- Installing: /home/hisham/BFMC/Brain_DEI/brain/install/utils/include/utils/utils/msg/detail/log__type_support.hpp
[10.420s] -- Installing: /home/hisham/BFMC/Brain_DEI/brain/install/utils/include/utils/utils/msg/detail/topic_info__builder.hpp
[10.420s] -- Installing: /home/hisham/BFMC/Brain_DEI/brain/install/utils/include/utils/utils/msg/detail/conditions__struct.hpp
[10.420s] -- Installing: /home/hisham/BFMC/Brain_DEI/brain/install/utils/include/utils/utils/msg/detail/environmental__type_support.hpp
[10.420s] -- Installing: /home/hisham/BFMC/Brain_DEI/brain/install/utils/include/utils/utils/msg/detail/topic_info__traits.hpp
[10.420s] -- Installing: /home/hisham/BFMC/Brain_DEI/brain/install/utils/include/utils/utils/msg/detail/environmental__struct.hpp
[10.420s] -- Installing: /home/hisham/BFMC/Brain_DEI/brain/install/utils/include/utils/utils/msg/detail/vehicles__type_support.hpp
[10.420s] -- Installing: /home/hisham/BFMC/Brain_DEI/brain/install/utils/include/utils/utils/msg/detail/conditions__builder.hpp
[10.420s] -- Installing: /home/hisham/BFMC/Brain_DEI/brain/install/utils/include/utils/utils/msg/detail/trafficsignprediction__type_support.hpp
[10.420s] -- Installing: /home/hisham/BFMC/Brain_DEI/brain/install/utils/include/utils/utils/msg/detail/conditions__traits.hpp
[10.420s] -- Installing: /home/hisham/BFMC/Brain_DEI/brain/install/utils/include/utils/utils/msg/conditions.hpp
[10.420s] -- Installing: /home/hisham/BFMC/Brain_DEI/brain/install/utils/include/utils/utils/msg/imu.hpp
[10.421s] -- Installing: /home/hisham/BFMC/Brain_DEI/brain/install/utils/include/utils/utils/msg/localisation.hpp
[10.421s] -- Installing: /home/hisham/BFMC/Brain_DEI/brain/install/utils/include/utils/utils/msg/rosidl_generator_cpp__visibility_control.hpp
[10.421s] -- Installing: /home/hisham/BFMC/Brain_DEI/brain/install/utils/include/utils/utils/msg/log.hpp
[10.421s] -- Installing: /home/hisham/BFMC/Brain_DEI/brain/install/utils/include/utils/utils/msg/environmental.hpp
[10.421s] -- Installing: /home/hisham/BFMC/Brain_DEI/brain/install/utils/include/utils/utils/msg/trafficsignprediction.hpp
[10.421s] -- Installing: /home/hisham/BFMC/Brain_DEI/brain/install/utils/include/utils/utils/msg/topic_info.hpp
[10.421s] -- Installing: /home/hisham/BFMC/Brain_DEI/brain/install/utils/include/utils/utils/msg/semaphore.hpp
[10.421s] -- Up-to-date: /home/hisham/BFMC/Brain_DEI/brain/install/utils/include/utils/utils
[10.421s] -- Up-to-date: /home/hisham/BFMC/Brain_DEI/brain/install/utils/include/utils/utils/srv
[10.421s] -- Up-to-date: /home/hisham/BFMC/Brain_DEI/brain/install/utils/include/utils/utils/srv/detail
[10.421s] -- Installing: /home/hisham/BFMC/Brain_DEI/brain/install/utils/include/utils/utils/srv/detail/dds_fastrtps
[10.421s] -- Installing: /home/hisham/BFMC/Brain_DEI/brain/install/utils/include/utils/utils/srv/detail/request_param__rosidl_typesupport_fastrtps_cpp.hpp
[10.421s] -- Installing: /home/hisham/BFMC/Brain_DEI/brain/install/utils/include/utils/utils/srv/detail/subscribing__rosidl_typesupport_fastrtps_cpp.hpp
[10.422s] -- Up-to-date: /home/hisham/BFMC/Brain_DEI/brain/install/utils/include/utils/utils/msg
[10.422s] -- Up-to-date: /home/hisham/BFMC/Brain_DEI/brain/install/utils/include/utils/utils/msg/detail
[10.422s] -- Installing: /home/hisham/BFMC/Brain_DEI/brain/install/utils/include/utils/utils/msg/detail/localisation__rosidl_typesupport_fastrtps_cpp.hpp
[10.422s] -- Installing: /home/hisham/BFMC/Brain_DEI/brain/install/utils/include/utils/utils/msg/detail/dds_fastrtps
[10.422s] -- Installing: /home/hisham/BFMC/Brain_DEI/brain/install/utils/include/utils/utils/msg/detail/log__rosidl_typesupport_fastrtps_cpp.hpp
[10.422s] -- Installing: /home/hisham/BFMC/Brain_DEI/brain/install/utils/include/utils/utils/msg/detail/semaphore__rosidl_typesupport_fastrtps_cpp.hpp
[10.422s] -- Installing: /home/hisham/BFMC/Brain_DEI/brain/install/utils/include/utils/utils/msg/detail/trafficsignprediction__rosidl_typesupport_fastrtps_cpp.hpp
[10.422s] -- Installing: /home/hisham/BFMC/Brain_DEI/brain/install/utils/include/utils/utils/msg/detail/imu__rosidl_typesupport_fastrtps_cpp.hpp
[10.422s] -- Installing: /home/hisham/BFMC/Brain_DEI/brain/install/utils/include/utils/utils/msg/detail/environmental__rosidl_typesupport_fastrtps_cpp.hpp
[10.422s] -- Installing: /home/hisham/BFMC/Brain_DEI/brain/install/utils/include/utils/utils/msg/detail/conditions__rosidl_typesupport_fastrtps_cpp.hpp
[10.422s] -- Installing: /home/hisham/BFMC/Brain_DEI/brain/install/utils/include/utils/utils/msg/detail/topic_info__rosidl_typesupport_fastrtps_cpp.hpp
[10.422s] -- Installing: /home/hisham/BFMC/Brain_DEI/brain/install/utils/include/utils/utils/msg/detail/vehicles__rosidl_typesupport_fastrtps_cpp.hpp
[10.422s] -- Installing: /home/hisham/BFMC/Brain_DEI/brain/install/utils/include/utils/utils/msg/rosidl_typesupport_fastrtps_cpp__visibility_control.h
[10.422s] -- Installing: /home/hisham/BFMC/Brain_DEI/brain/install/utils/lib/libutils__rosidl_typesupport_fastrtps_cpp.so
[10.422s] -- Set non-toolchain portion of runtime path of "/home/hisham/BFMC/Brain_DEI/brain/install/utils/lib/libutils__rosidl_typesupport_fastrtps_cpp.so" to ""
[10.423s] -- Up-to-date: /home/hisham/BFMC/Brain_DEI/brain/install/utils/include/utils/utils
[10.423s] -- Up-to-date: /home/hisham/BFMC/Brain_DEI/brain/install/utils/include/utils/utils/srv
[10.423s] -- Up-to-date: /home/hisham/BFMC/Brain_DEI/brain/install/utils/include/utils/utils/srv/detail
[10.423s] -- Installing: /home/hisham/BFMC/Brain_DEI/brain/install/utils/include/utils/utils/srv/detail/request_param__rosidl_typesupport_introspection_cpp.hpp
[10.423s] -- Installing: /home/hisham/BFMC/Brain_DEI/brain/install/utils/include/utils/utils/srv/detail/request_param__type_support.cpp
[10.423s] -- Installing: /home/hisham/BFMC/Brain_DEI/brain/install/utils/include/utils/utils/srv/detail/subscribing__rosidl_typesupport_introspection_cpp.hpp
[10.423s] -- Installing: /home/hisham/BFMC/Brain_DEI/brain/install/utils/include/utils/utils/srv/detail/subscribing__type_support.cpp
[10.423s] -- Up-to-date: /home/hisham/BFMC/Brain_DEI/brain/install/utils/include/utils/utils/msg
[10.423s] -- Up-to-date: /home/hisham/BFMC/Brain_DEI/brain/install/utils/include/utils/utils/msg/detail
[10.423s] -- Installing: /home/hisham/BFMC/Brain_DEI/brain/install/utils/include/utils/utils/msg/detail/semaphore__type_support.cpp
[10.423s] -- Installing: /home/hisham/BFMC/Brain_DEI/brain/install/utils/include/utils/utils/msg/detail/environmental__type_support.cpp
[10.423s] -- Installing: /home/hisham/BFMC/Brain_DEI/brain/install/utils/include/utils/utils/msg/detail/log__type_support.cpp
[10.424s] -- Installing: /home/hisham/BFMC/Brain_DEI/brain/install/utils/include/utils/utils/msg/detail/topic_info__rosidl_typesupport_introspection_cpp.hpp
[10.424s] -- Installing: /home/hisham/BFMC/Brain_DEI/brain/install/utils/include/utils/utils/msg/detail/imu__type_support.cpp
[10.424s] -- Installing: /home/hisham/BFMC/Brain_DEI/brain/install/utils/include/utils/utils/msg/detail/log__rosidl_typesupport_introspection_cpp.hpp
[10.424s] -- Installing: /home/hisham/BFMC/Brain_DEI/brain/install/utils/include/utils/utils/msg/detail/trafficsignprediction__rosidl_typesupport_introspection_cpp.hpp
[10.424s] -- Installing: /home/hisham/BFMC/Brain_DEI/brain/install/utils/include/utils/utils/msg/detail/localisation__rosidl_typesupport_introspection_cpp.hpp
[10.424s] -- Installing: /home/hisham/BFMC/Brain_DEI/brain/install/utils/include/utils/utils/msg/detail/vehicles__type_support.cpp
[10.424s] -- Installing: /home/hisham/BFMC/Brain_DEI/brain/install/utils/include/utils/utils/msg/detail/localisation__type_support.cpp
[10.424s] -- Installing: /home/hisham/BFMC/Brain_DEI/brain/install/utils/include/utils/utils/msg/detail/vehicles__rosidl_typesupport_introspection_cpp.hpp
[10.424s] -- Installing: /home/hisham/BFMC/Brain_DEI/brain/install/utils/include/utils/utils/msg/detail/semaphore__rosidl_typesupport_introspection_cpp.hpp
[10.424s] -- Installing: /home/hisham/BFMC/Brain_DEI/brain/install/utils/include/utils/utils/msg/detail/conditions__rosidl_typesupport_introspection_cpp.hpp
[10.424s] -- Installing: /home/hisham/BFMC/Brain_DEI/brain/install/utils/include/utils/utils/msg/detail/topic_info__type_support.cpp
[10.424s] -- Installing: /home/hisham/BFMC/Brain_DEI/brain/install/utils/include/utils/utils/msg/detail/conditions__type_support.cpp
[10.424s] -- Installing: /home/hisham/BFMC/Brain_DEI/brain/install/utils/include/utils/utils/msg/detail/imu__rosidl_typesupport_introspection_cpp.hpp
[10.424s] -- Installing: /home/hisham/BFMC/Brain_DEI/brain/install/utils/include/utils/utils/msg/detail/environmental__rosidl_typesupport_introspection_cpp.hpp
[10.424s] -- Installing: /home/hisham/BFMC/Brain_DEI/brain/install/utils/include/utils/utils/msg/detail/trafficsignprediction__type_support.cpp
[10.424s] -- Installing: /home/hisham/BFMC/Brain_DEI/brain/install/utils/lib/libutils__rosidl_typesupport_introspection_cpp.so
[10.425s] -- Set non-toolchain portion of runtime path of "/home/hisham/BFMC/Brain_DEI/brain/install/utils/lib/libutils__rosidl_typesupport_introspection_cpp.so" to ""
[10.425s] -- Installing: /home/hisham/BFMC/Brain_DEI/brain/install/utils/lib/libutils__rosidl_typesupport_cpp.so
[10.425s] -- Set non-toolchain portion of runtime path of "/home/hisham/BFMC/Brain_DEI/brain/install/utils/lib/libutils__rosidl_typesupport_cpp.so" to ""
[10.425s] -- Installing: /home/hisham/BFMC/Brain_DEI/brain/install/utils/share/utils/environment/pythonpath.sh
[10.425s] -- Installing: /home/hisham/BFMC/Brain_DEI/brain/install/utils/share/utils/environment/pythonpath.dsv
[10.425s] -- Installing: /home/hisham/BFMC/Brain_DEI/brain/install/utils/lib/python3.12/site-packages/utils-0.0.0-py3.12.egg-info
[10.425s] -- Installing: /home/hisham/BFMC/Brain_DEI/brain/install/utils/lib/python3.12/site-packages/utils-0.0.0-py3.12.egg-info/top_level.txt
[10.425s] -- Installing: /home/hisham/BFMC/Brain_DEI/brain/install/utils/lib/python3.12/site-packages/utils-0.0.0-py3.12.egg-info/PKG-INFO
[10.425s] -- Installing: /home/hisham/BFMC/Brain_DEI/brain/install/utils/lib/python3.12/site-packages/utils-0.0.0-py3.12.egg-info/SOURCES.txt
[10.425s] -- Installing: /home/hisham/BFMC/Brain_DEI/brain/install/utils/lib/python3.12/site-packages/utils-0.0.0-py3.12.egg-info/dependency_links.txt
[10.425s] -- Installing: /home/hisham/BFMC/Brain_DEI/brain/install/utils/lib/python3.12/site-packages/utils
[10.425s] -- Installing: /home/hisham/BFMC/Brain_DEI/brain/install/utils/lib/python3.12/site-packages/utils/utils_s__rosidl_typesupport_c.so
[10.425s] -- Installing: /home/hisham/BFMC/Brain_DEI/brain/install/utils/lib/python3.12/site-packages/utils/__init__.py
[10.426s] -- Installing: /home/hisham/BFMC/Brain_DEI/brain/install/utils/lib/python3.12/site-packages/utils/srv
[10.426s] -- Installing: /home/hisham/BFMC/Brain_DEI/brain/install/utils/lib/python3.12/site-packages/utils/srv/_subscribing_s.c
[10.426s] -- Installing: /home/hisham/BFMC/Brain_DEI/brain/install/utils/lib/python3.12/site-packages/utils/srv/__init__.py
[10.426s] -- Installing: /home/hisham/BFMC/Brain_DEI/brain/install/utils/lib/python3.12/site-packages/utils/srv/_request_param_s.c
[10.426s] -- Installing: /home/hisham/BFMC/Brain_DEI/brain/install/utils/lib/python3.12/site-packages/utils/srv/_request_param.py
[10.426s] -- Installing: /home/hisham/BFMC/Brain_DEI/brain/install/utils/lib/python3.12/site-packages/utils/srv/_subscribing.py
[10.426s] -- Installing: /home/hisham/BFMC/Brain_DEI/brain/install/utils/lib/python3.12/site-packages/utils/msg
[10.426s] -- Installing: /home/hisham/BFMC/Brain_DEI/brain/install/utils/lib/python3.12/site-packages/utils/msg/_topic_info.py
[10.426s] -- Installing: /home/hisham/BFMC/Brain_DEI/brain/install/utils/lib/python3.12/site-packages/utils/msg/_semaphore_s.c
[10.426s] -- Installing: /home/hisham/BFMC/Brain_DEI/brain/install/utils/lib/python3.12/site-packages/utils/msg/__init__.py
[10.426s] -- Installing: /home/hisham/BFMC/Brain_DEI/brain/install/utils/lib/python3.12/site-packages/utils/msg/_vehicles_s.c
[10.426s] -- Installing: /home/hisham/BFMC/Brain_DEI/brain/install/utils/lib/python3.12/site-packages/utils/msg/_trafficsignprediction.py
[10.426s] -- Installing: /home/hisham/BFMC/Brain_DEI/brain/install/utils/lib/python3.12/site-packages/utils/msg/_environmental_s.c
[10.427s] -- Installing: /home/hisham/BFMC/Brain_DEI/brain/install/utils/lib/python3.12/site-packages/utils/msg/_conditions_s.c
[10.427s] -- Installing: /home/hisham/BFMC/Brain_DEI/brain/install/utils/lib/python3.12/site-packages/utils/msg/_log.py
[10.427s] -- Installing: /home/hisham/BFMC/Brain_DEI/brain/install/utils/lib/python3.12/site-packages/utils/msg/_localisation_s.c
[10.427s] -- Installing: /home/hisham/BFMC/Brain_DEI/brain/install/utils/lib/python3.12/site-packages/utils/msg/_environmental.py
[10.427s] -- Installing: /home/hisham/BFMC/Brain_DEI/brain/install/utils/lib/python3.12/site-packages/utils/msg/_conditions.py
[10.427s] -- Installing: /home/hisham/BFMC/Brain_DEI/brain/install/utils/lib/python3.12/site-packages/utils/msg/_semaphore.py
[10.427s] -- Installing: /home/hisham/BFMC/Brain_DEI/brain/install/utils/lib/python3.12/site-packages/utils/msg/_log_s.c
[10.427s] -- Installing: /home/hisham/BFMC/Brain_DEI/brain/install/utils/lib/python3.12/site-packages/utils/msg/_imu.py
[10.427s] -- Installing: /home/hisham/BFMC/Brain_DEI/brain/install/utils/lib/python3.12/site-packages/utils/msg/_vehicles.py
[10.427s] -- Installing: /home/hisham/BFMC/Brain_DEI/brain/install/utils/lib/python3.12/site-packages/utils/msg/_topic_info_s.c
[10.427s] -- Installing: /home/hisham/BFMC/Brain_DEI/brain/install/utils/lib/python3.12/site-packages/utils/msg/_imu_s.c
[10.427s] -- Installing: /home/hisham/BFMC/Brain_DEI/brain/install/utils/lib/python3.12/site-packages/utils/msg/_localisation.py
[10.427s] -- Installing: /home/hisham/BFMC/Brain_DEI/brain/install/utils/lib/python3.12/site-packages/utils/msg/_trafficsignprediction_s.c
[10.427s] -- Installing: /home/hisham/BFMC/Brain_DEI/brain/install/utils/lib/python3.12/site-packages/utils/utils_s__rosidl_typesupport_fastrtps_c.so
[10.428s] -- Installing: /home/hisham/BFMC/Brain_DEI/brain/install/utils/lib/python3.12/site-packages/utils/_utils_s.ep.rosidl_typesupport_fastrtps_c.c
[10.428s] -- Installing: /home/hisham/BFMC/Brain_DEI/brain/install/utils/lib/python3.12/site-packages/utils/_utils_s.ep.rosidl_typesupport_c.c
[10.428s] -- Installing: /home/hisham/BFMC/Brain_DEI/brain/install/utils/lib/python3.12/site-packages/utils/utils_s__rosidl_typesupport_introspection_c.so
[10.428s] -- Installing: /home/hisham/BFMC/Brain_DEI/brain/install/utils/lib/python3.12/site-packages/utils/_utils_s.ep.rosidl_typesupport_introspection_c.c
[10.474s] Listing '/home/hisham/BFMC/Brain_DEI/brain/install/utils/lib/python3.12/site-packages/utils'...
[10.474s] Compiling '/home/hisham/BFMC/Brain_DEI/brain/install/utils/lib/python3.12/site-packages/utils/__init__.py'...
[10.474s] Listing '/home/hisham/BFMC/Brain_DEI/brain/install/utils/lib/python3.12/site-packages/utils/msg'...
[10.474s] Compiling '/home/hisham/BFMC/Brain_DEI/brain/install/utils/lib/python3.12/site-packages/utils/msg/__init__.py'...
[10.474s] Compiling '/home/hisham/BFMC/Brain_DEI/brain/install/utils/lib/python3.12/site-packages/utils/msg/_conditions.py'...
[10.475s] Compiling '/home/hisham/BFMC/Brain_DEI/brain/install/utils/lib/python3.12/site-packages/utils/msg/_environmental.py'...
[10.475s] Compiling '/home/hisham/BFMC/Brain_DEI/brain/install/utils/lib/python3.12/site-packages/utils/msg/_imu.py'...
[10.475s] Compiling '/home/hisham/BFMC/Brain_DEI/brain/install/utils/lib/python3.12/site-packages/utils/msg/_localisation.py'...
[10.475s] Compiling '/home/hisham/BFMC/Brain_DEI/brain/install/utils/lib/python3.12/site-packages/utils/msg/_log.py'...
[10.475s] Compiling '/home/hisham/BFMC/Brain_DEI/brain/install/utils/lib/python3.12/site-packages/utils/msg/_semaphore.py'...
[10.475s] Compiling '/home/hisham/BFMC/Brain_DEI/brain/install/utils/lib/python3.12/site-packages/utils/msg/_topic_info.py'...
[10.475s] Compiling '/home/hisham/BFMC/Brain_DEI/brain/install/utils/lib/python3.12/site-packages/utils/msg/_trafficsignprediction.py'...
[10.475s] Compiling '/home/hisham/BFMC/Brain_DEI/brain/install/utils/lib/python3.12/site-packages/utils/msg/_vehicles.py'...
[10.475s] Listing '/home/hisham/BFMC/Brain_DEI/brain/install/utils/lib/python3.12/site-packages/utils/srv'...
[10.475s] Compiling '/home/hisham/BFMC/Brain_DEI/brain/install/utils/lib/python3.12/site-packages/utils/srv/__init__.py'...
[10.475s] Compiling '/home/hisham/BFMC/Brain_DEI/brain/install/utils/lib/python3.12/site-packages/utils/srv/_request_param.py'...
[10.475s] Compiling '/home/hisham/BFMC/Brain_DEI/brain/install/utils/lib/python3.12/site-packages/utils/srv/_subscribing.py'...
[10.479s] -- Installing: /home/hisham/BFMC/Brain_DEI/brain/install/utils/lib/python3.12/site-packages/utils/utils_s__rosidl_typesupport_fastrtps_c.so
[10.479s] -- Set non-toolchain portion of runtime path of "/home/hisham/BFMC/Brain_DEI/brain/install/utils/lib/python3.12/site-packages/utils/utils_s__rosidl_typesupport_fastrtps_c.so" to ""
[10.479s] -- Installing: /home/hisham/BFMC/Brain_DEI/brain/install/utils/lib/python3.12/site-packages/utils/utils_s__rosidl_typesupport_introspection_c.so
[10.479s] -- Set non-toolchain portion of runtime path of "/home/hisham/BFMC/Brain_DEI/brain/install/utils/lib/python3.12/site-packages/utils/utils_s__rosidl_typesupport_introspection_c.so" to ""
[10.479s] -- Installing: /home/hisham/BFMC/Brain_DEI/brain/install/utils/lib/python3.12/site-packages/utils/utils_s__rosidl_typesupport_c.so
[10.480s] -- Set non-toolchain portion of runtime path of "/home/hisham/BFMC/Brain_DEI/brain/install/utils/lib/python3.12/site-packages/utils/utils_s__rosidl_typesupport_c.so" to ""
[10.480s] -- Installing: /home/hisham/BFMC/Brain_DEI/brain/install/utils/lib/libutils__rosidl_generator_py.so
[10.480s] -- Set non-toolchain portion of runtime path of "/home/hisham/BFMC/Brain_DEI/brain/install/utils/lib/libutils__rosidl_generator_py.so" to ""
[10.480s] -- Installing: /home/hisham/BFMC/Brain_DEI/brain/install/utils/share/utils/msg/IMU.idl
[10.480s] -- Installing: /home/hisham/BFMC/Brain_DEI/brain/install/utils/share/utils/msg/Localisation.idl
[10.480s] -- Installing: /home/hisham/BFMC/Brain_DEI/brain/install/utils/share/utils/msg/Vehicles.idl
[10.480s] -- Installing: /home/hisham/BFMC/Brain_DEI/brain/install/utils/share/utils/msg/Environmental.idl
[10.480s] -- Installing: /home/hisham/BFMC/Brain_DEI/brain/install/utils/share/utils/msg/Log.idl
[10.481s] -- Installing: /home/hisham/BFMC/Brain_DEI/brain/install/utils/share/utils/msg/TopicInfo.idl
[10.481s] -- Installing: /home/hisham/BFMC/Brain_DEI/brain/install/utils/share/utils/msg/Semaphore.idl
[10.481s] -- Installing: /home/hisham/BFMC/Brain_DEI/brain/install/utils/share/utils/msg/Conditions.idl
[10.481s] -- Installing: /home/hisham/BFMC/Brain_DEI/brain/install/utils/share/utils/msg/Trafficsignprediction.idl
[10.481s] -- Installing: /home/hisham/BFMC/Brain_DEI/brain/install/utils/share/utils/srv/Subscribing.idl
[10.481s] -- Installing: /home/hisham/BFMC/Brain_DEI/brain/install/utils/share/utils/srv/RequestParam.idl
[10.481s] -- Installing: /home/hisham/BFMC/Brain_DEI/brain/install/utils/share/utils/msg/IMU.msg
[10.481s] -- Installing: /home/hisham/BFMC/Brain_DEI/brain/install/utils/share/utils/msg/Localisation.msg
[10.481s] -- Installing: /home/hisham/BFMC/Brain_DEI/brain/install/utils/share/utils/msg/Vehicles.msg
[10.481s] -- Installing: /home/hisham/BFMC/Brain_DEI/brain/install/utils/share/utils/msg/Environmental.msg
[10.481s] -- Installing: /home/hisham/BFMC/Brain_DEI/brain/install/utils/share/utils/msg/Log.msg
[10.482s] -- Installing: /home/hisham/BFMC/Brain_DEI/brain/install/utils/share/utils/msg/TopicInfo.msg
[10.482s] -- Installing: /home/hisham/BFMC/Brain_DEI/brain/install/utils/share/utils/msg/Semaphore.msg
[10.482s] -- Installing: /home/hisham/BFMC/Brain_DEI/brain/install/utils/share/utils/msg/Conditions.msg
[10.482s] -- Installing: /home/hisham/BFMC/Brain_DEI/brain/install/utils/share/utils/msg/Trafficsignprediction.msg
[10.482s] -- Installing: /home/hisham/BFMC/Brain_DEI/brain/install/utils/share/utils/srv/Subscribing.srv
[10.482s] -- Installing: /home/hisham/BFMC/Brain_DEI/brain/install/utils/share/utils/srv/RequestParam.srv
[10.482s] -- Installing: /home/hisham/BFMC/Brain_DEI/brain/install/utils/share/utils/launch
[10.482s] -- Installing: /home/hisham/BFMC/Brain_DEI/brain/install/utils/share/utils/launch/run_automobile.launch.py
[10.482s] -- Installing: /home/hisham/BFMC/Brain_DEI/brain/install/utils/share/ament_index/resource_index/package_run_dependencies/utils
[10.482s] -- Installing: /home/hisham/BFMC/Brain_DEI/brain/install/utils/share/ament_index/resource_index/parent_prefix_path/utils
[10.483s] -- Installing: /home/hisham/BFMC/Brain_DEI/brain/install/utils/share/utils/environment/ament_prefix_path.sh
[10.483s] -- Installing: /home/hisham/BFMC/Brain_DEI/brain/install/utils/share/utils/environment/ament_prefix_path.dsv
[10.483s] -- Installing: /home/hisham/BFMC/Brain_DEI/brain/install/utils/share/utils/environment/path.sh
[10.483s] -- Installing: /home/hisham/BFMC/Brain_DEI/brain/install/utils/share/utils/environment/path.dsv
[10.483s] -- Installing: /home/hisham/BFMC/Brain_DEI/brain/install/utils/share/utils/local_setup.bash
[10.483s] -- Installing: /home/hisham/BFMC/Brain_DEI/brain/install/utils/share/utils/local_setup.sh
[10.483s] -- Installing: /home/hisham/BFMC/Brain_DEI/brain/install/utils/share/utils/local_setup.zsh
[10.483s] -- Installing: /home/hisham/BFMC/Brain_DEI/brain/install/utils/share/utils/local_setup.dsv
[10.483s] -- Installing: /home/hisham/BFMC/Brain_DEI/brain/install/utils/share/utils/package.dsv
[10.483s] -- Installing: /home/hisham/BFMC/Brain_DEI/brain/install/utils/share/ament_index/resource_index/packages/utils
[10.484s] -- Installing: /home/hisham/BFMC/Brain_DEI/brain/install/utils/share/utils/cmake/export_utils__rosidl_generator_cExport.cmake
[10.484s] -- Installing: /home/hisham/BFMC/Brain_DEI/brain/install/utils/share/utils/cmake/export_utils__rosidl_generator_cExport-noconfig.cmake
[10.484s] -- Installing: /home/hisham/BFMC/Brain_DEI/brain/install/utils/share/utils/cmake/export_utils__rosidl_typesupport_fastrtps_cExport.cmake
[10.484s] -- Installing: /home/hisham/BFMC/Brain_DEI/brain/install/utils/share/utils/cmake/export_utils__rosidl_typesupport_fastrtps_cExport-noconfig.cmake
[10.484s] -- Installing: /home/hisham/BFMC/Brain_DEI/brain/install/utils/share/utils/cmake/utils__rosidl_typesupport_introspection_cExport.cmake
[10.484s] -- Installing: /home/hisham/BFMC/Brain_DEI/brain/install/utils/share/utils/cmake/utils__rosidl_typesupport_introspection_cExport-noconfig.cmake
[10.484s] -- Installing: /home/hisham/BFMC/Brain_DEI/brain/install/utils/share/utils/cmake/utils__rosidl_typesupport_cExport.cmake
[10.484s] -- Installing: /home/hisham/BFMC/Brain_DEI/brain/install/utils/share/utils/cmake/utils__rosidl_typesupport_cExport-noconfig.cmake
[10.484s] -- Installing: /home/hisham/BFMC/Brain_DEI/brain/install/utils/share/utils/cmake/export_utils__rosidl_generator_cppExport.cmake
[10.485s] -- Installing: /home/hisham/BFMC/Brain_DEI/brain/install/utils/share/utils/cmake/export_utils__rosidl_typesupport_fastrtps_cppExport.cmake
[10.485s] -- Installing: /home/hisham/BFMC/Brain_DEI/brain/install/utils/share/utils/cmake/export_utils__rosidl_typesupport_fastrtps_cppExport-noconfig.cmake
[10.485s] -- Installing: /home/hisham/BFMC/Brain_DEI/brain/install/utils/share/utils/cmake/utils__rosidl_typesupport_introspection_cppExport.cmake
[10.485s] -- Installing: /home/hisham/BFMC/Brain_DEI/brain/install/utils/share/utils/cmake/utils__rosidl_typesupport_introspection_cppExport-noconfig.cmake
[10.485s] -- Installing: /home/hisham/BFMC/Brain_DEI/brain/install/utils/share/utils/cmake/utils__rosidl_typesupport_cppExport.cmake
[10.485s] -- Installing: /home/hisham/BFMC/Brain_DEI/brain/install/utils/share/utils/cmake/utils__rosidl_typesupport_cppExport-noconfig.cmake
[10.485s] -- Installing: /home/hisham/BFMC/Brain_DEI/brain/install/utils/share/utils/cmake/export_utils__rosidl_generator_pyExport.cmake
[10.485s] -- Installing: /home/hisham/BFMC/Brain_DEI/brain/install/utils/share/utils/cmake/export_utils__rosidl_generator_pyExport-noconfig.cmake
[10.485s] -- Installing: /home/hisham/BFMC/Brain_DEI/brain/install/utils/share/utils/cmake/rosidl_cmake-extras.cmake
[10.485s] -- Installing: /home/hisham/BFMC/Brain_DEI/brain/install/utils/share/utils/cmake/ament_cmake_export_dependencies-extras.cmake
[10.486s] -- Installing: /home/hisham/BFMC/Brain_DEI/brain/install/utils/share/utils/cmake/ament_cmake_export_include_directories-extras.cmake
[10.486s] -- Installing: /home/hisham/BFMC/Brain_DEI/brain/install/utils/share/utils/cmake/ament_cmake_export_libraries-extras.cmake
[10.486s] -- Installing: /home/hisham/BFMC/Brain_DEI/brain/install/utils/share/utils/cmake/ament_cmake_export_targets-extras.cmake
[10.486s] -- Installing: /home/hisham/BFMC/Brain_DEI/brain/install/utils/share/utils/cmake/rosidl_cmake_export_typesupport_targets-extras.cmake
[10.486s] -- Installing: /home/hisham/BFMC/Brain_DEI/brain/install/utils/share/utils/cmake/rosidl_cmake_export_typesupport_libraries-extras.cmake
[10.486s] -- Installing: /home/hisham/BFMC/Brain_DEI/brain/install/utils/share/utils/cmake/utilsConfig.cmake
[10.486s] -- Installing: /home/hisham/BFMC/Brain_DEI/brain/install/utils/share/utils/cmake/utilsConfig-version.cmake
[10.486s] -- Installing: /home/hisham/BFMC/Brain_DEI/brain/install/utils/share/utils/package.xml
[10.488s] Invoked command in '/home/hisham/BFMC/Brain_DEI/brain/build/utils' returned '0': CMAKE_PREFIX_PATH=${CMAKE_PREFIX_PATH}:/opt/ros/jazzy DEBUGINFOD_URLS=https://debuginfod.ubuntu.com /usr/bin/cmake --install /home/hisham/BFMC/Brain_DEI/brain/build/utils
