[1.957s] Invoking command in '/uros_ws/Brain_DEI/brain/src/smart': PYTHONPATH=/uros_ws/Brain_DEI/brain/build/smart/prefix_override:/usr/lib/python3/dist-packages/colcon_core/task/python/colcon_distutils_commands:/uros_ws/Brain_DEI/brain/install/smart/lib/python3.12/site-packages:${PYTHONPATH} /usr/bin/python3 -W ignore:setup.py install is deprecated -W ignore:easy_install command is deprecated setup.py egg_info --egg-base ../../build/smart build --build-base /uros_ws/Brain_DEI/brain/build/smart/build install --record /uros_ws/Brain_DEI/brain/build/smart/install.log --single-version-externally-managed install_data
[2.602s] running egg_info
[2.645s] writing ../../build/smart/smart.egg-info/PKG-INFO
[2.646s] writing dependency_links to ../../build/smart/smart.egg-info/dependency_links.txt
[2.646s] writing entry points to ../../build/smart/smart.egg-info/entry_points.txt
[2.647s] writing requirements to ../../build/smart/smart.egg-info/requires.txt
[2.647s] writing top-level names to ../../build/smart/smart.egg-info/top_level.txt
[2.733s] reading manifest file '../../build/smart/smart.egg-info/SOURCES.txt'
[2.736s] writing manifest file '../../build/smart/smart.egg-info/SOURCES.txt'
[2.736s] running build
[2.737s] running build_py
[2.737s] running install
[2.751s] running install_lib
[2.797s] running install_data
[2.797s] running install_egg_info
[2.842s] removing '/uros_ws/Brain_DEI/brain/install/smart/lib/python3.12/site-packages/smart-0.0.0-py3.12.egg-info' (and everything under it)
[2.842s] Copying ../../build/smart/smart.egg-info to /uros_ws/Brain_DEI/brain/install/smart/lib/python3.12/site-packages/smart-0.0.0-py3.12.egg-info
[2.845s] running install_scripts
[3.138s] Installing oak_camera_node script to /uros_ws/Brain_DEI/brain/install/smart/lib/smart
[3.138s] writing list of installed files to '/uros_ws/Brain_DEI/brain/build/smart/install.log'
[3.466s] Invoked command in '/uros_ws/Brain_DEI/brain/src/smart' returned '0': PYTHONPATH=/uros_ws/Brain_DEI/brain/build/smart/prefix_override:/usr/lib/python3/dist-packages/colcon_core/task/python/colcon_distutils_commands:/uros_ws/Brain_DEI/brain/install/smart/lib/python3.12/site-packages:${PYTHONPATH} /usr/bin/python3 -W ignore:setup.py install is deprecated -W ignore:easy_install command is deprecated setup.py egg_info --egg-base ../../build/smart build --build-base /uros_ws/Brain_DEI/brain/build/smart/build install --record /uros_ws/Brain_DEI/brain/build/smart/install.log --single-version-externally-managed install_data
