[2.645s] Invoking command in '/uros_ws/Brain_DEI/brain/src/smart': PYTHONPATH=/uros_ws/Brain_DEI/brain/build/smart/prefix_override:/usr/lib/python3/dist-packages/colcon_core/task/python/colcon_distutils_commands:/uros_ws/Brain_DEI/brain/install/smart/lib/python3.12/site-packages:${PYTHONPATH} /usr/bin/python3 -W ignore:setup.py install is deprecated -W ignore:easy_install command is deprecated setup.py egg_info --egg-base ../../build/smart build --build-base /uros_ws/Brain_DEI/brain/build/smart/build install --record /uros_ws/Brain_DEI/brain/build/smart/install.log --single-version-externally-managed install_data
[3.258s] running egg_info
[3.298s] writing ../../build/smart/smart.egg-info/PKG-INFO
[3.299s] writing dependency_links to ../../build/smart/smart.egg-info/dependency_links.txt
[3.300s] writing entry points to ../../build/smart/smart.egg-info/entry_points.txt
[3.300s] writing requirements to ../../build/smart/smart.egg-info/requires.txt
[3.301s] writing top-level names to ../../build/smart/smart.egg-info/top_level.txt
[3.386s] reading manifest file '../../build/smart/smart.egg-info/SOURCES.txt'
[3.388s] writing manifest file '../../build/smart/smart.egg-info/SOURCES.txt'
[3.389s] running build
[3.389s] running build_py
[3.389s] copying oak_camera_node.py -> /uros_ws/Brain_DEI/brain/build/smart/build/lib
[3.390s] running install
[3.404s] running install_lib
[3.447s] byte-compiling /uros_ws/Brain_DEI/brain/install/smart/lib/python3.12/site-packages/oak_camera_node.py to oak_camera_node.cpython-312.pyc
[3.460s] running install_data
[3.461s] running install_egg_info
[3.505s] removing '/uros_ws/Brain_DEI/brain/install/smart/lib/python3.12/site-packages/smart-0.0.0-py3.12.egg-info' (and everything under it)
[3.506s] Copying ../../build/smart/smart.egg-info to /uros_ws/Brain_DEI/brain/install/smart/lib/python3.12/site-packages/smart-0.0.0-py3.12.egg-info
[3.509s] running install_scripts
[3.795s] Installing oak_camera_node script to /uros_ws/Brain_DEI/brain/install/smart/lib/smart
[3.796s] writing list of installed files to '/uros_ws/Brain_DEI/brain/build/smart/install.log'
[3.905s] Invoked command in '/uros_ws/Brain_DEI/brain/src/smart' returned '0': PYTHONPATH=/uros_ws/Brain_DEI/brain/build/smart/prefix_override:/usr/lib/python3/dist-packages/colcon_core/task/python/colcon_distutils_commands:/uros_ws/Brain_DEI/brain/install/smart/lib/python3.12/site-packages:${PYTHONPATH} /usr/bin/python3 -W ignore:setup.py install is deprecated -W ignore:easy_install command is deprecated setup.py egg_info --egg-base ../../build/smart build --build-base /uros_ws/Brain_DEI/brain/build/smart/build install --record /uros_ws/Brain_DEI/brain/build/smart/install.log --single-version-externally-managed install_data
