[0.226s] DEBUG:colcon:Command line arguments: ['/usr/bin/colcon', 'build']
[0.226s] DEBUG:colcon:Parsed command line arguments: Namespace(log_base=None, log_level=None, verb_name='build', build_base='build', install_base='install', merge_install=False, symlink_install=False, test_result_base=None, continue_on_error=False, executor='parallel', parallel_workers=6, event_handlers=None, ignore_user_meta=False, metas=['./colcon.meta'], base_paths=['.'], packages_ignore=None, packages_ignore_regex=None, paths=None, packages_up_to=None, packages_up_to_regex=None, packages_above=None, packages_above_and_dependencies=None, packages_above_depth=None, packages_select_by_dep=None, packages_skip_by_dep=None, packages_skip_up_to=None, packages_select_build_failed=False, packages_skip_build_finished=False, packages_select_test_failures=False, packages_skip_test_passed=False, packages_select=None, packages_skip=None, packages_select_regex=None, packages_skip_regex=None, packages_start=None, packages_end=None, allow_overriding=[], cmake_args=None, cmake_target=None, cmake_target_skip_unavailable=False, cmake_clean_cache=False, cmake_clean_first=False, cmake_force_configure=False, ament_cmake_args=None, catkin_cmake_args=None, catkin_skip_building_tests=False, verb_parser=<colcon_defaults.argument_parser.defaults.DefaultArgumentsDecorator object at 0xffff8cf65b50>, verb_extension=<colcon_core.verb.build.BuildVerb object at 0xffff8cf64860>, main=<bound method BuildVerb.main of <colcon_core.verb.build.BuildVerb object at 0xffff8cf64860>>)
[0.310s] Level 1:colcon.colcon_core.package_discovery:discover_packages(colcon_meta) check parameters
[0.311s] Level 1:colcon.colcon_core.package_discovery:discover_packages(recursive) check parameters
[0.311s] Level 1:colcon.colcon_core.package_discovery:discover_packages(ignore) check parameters
[0.311s] Level 1:colcon.colcon_core.package_discovery:discover_packages(path) check parameters
[0.311s] Level 1:colcon.colcon_core.package_discovery:discover_packages(colcon_meta) discover
[0.311s] Level 1:colcon.colcon_core.package_discovery:discover_packages(recursive) discover
[0.311s] INFO:colcon.colcon_core.package_discovery:Crawling recursively for packages in '/uros_ws/Brain_DEI/brain'
[0.311s] Level 1:colcon.colcon_core.package_identification:_identify(.) by extensions ['ignore', 'ignore_ament_install']
[0.312s] Level 1:colcon.colcon_core.package_identification:_identify(.) by extension 'ignore'
[0.312s] Level 1:colcon.colcon_core.package_identification:_identify(.) by extension 'ignore_ament_install'
[0.312s] Level 1:colcon.colcon_core.package_identification:_identify(.) by extensions ['colcon_pkg']
[0.312s] Level 1:colcon.colcon_core.package_identification:_identify(.) by extension 'colcon_pkg'
[0.312s] Level 1:colcon.colcon_core.package_identification:_identify(.) by extensions ['colcon_meta']
[0.312s] Level 1:colcon.colcon_core.package_identification:_identify(.) by extension 'colcon_meta'
[0.312s] Level 1:colcon.colcon_core.package_identification:_identify(.) by extensions ['ros']
[0.312s] Level 1:colcon.colcon_core.package_identification:_identify(.) by extension 'ros'
[0.369s] Level 1:colcon.colcon_core.package_identification:_identify(.) by extensions ['cmake', 'python']
[0.369s] Level 1:colcon.colcon_core.package_identification:_identify(.) by extension 'cmake'
[0.369s] Level 1:colcon.colcon_core.package_identification:_identify(.) by extension 'python'
[0.369s] Level 1:colcon.colcon_core.package_identification:_identify(.) by extensions ['python_setup_py']
[0.369s] Level 1:colcon.colcon_core.package_identification:_identify(.) by extension 'python_setup_py'
[0.370s] Level 1:colcon.colcon_core.package_identification:_identify(build) by extensions ['ignore', 'ignore_ament_install']
[0.370s] Level 1:colcon.colcon_core.package_identification:_identify(build) by extension 'ignore'
[0.370s] Level 1:colcon.colcon_core.package_identification:_identify(build) ignored
[0.370s] Level 1:colcon.colcon_core.package_identification:_identify(install) by extensions ['ignore', 'ignore_ament_install']
[0.371s] Level 1:colcon.colcon_core.package_identification:_identify(install) by extension 'ignore'
[0.371s] Level 1:colcon.colcon_core.package_identification:_identify(install) ignored
[0.371s] Level 1:colcon.colcon_core.package_identification:_identify(log) by extensions ['ignore', 'ignore_ament_install']
[0.371s] Level 1:colcon.colcon_core.package_identification:_identify(log) by extension 'ignore'
[0.371s] Level 1:colcon.colcon_core.package_identification:_identify(log) ignored
[0.371s] Level 1:colcon.colcon_core.package_identification:_identify(src) by extensions ['ignore', 'ignore_ament_install']
[0.372s] Level 1:colcon.colcon_core.package_identification:_identify(src) by extension 'ignore'
[0.372s] Level 1:colcon.colcon_core.package_identification:_identify(src) by extension 'ignore_ament_install'
[0.372s] Level 1:colcon.colcon_core.package_identification:_identify(src) by extensions ['colcon_pkg']
[0.372s] Level 1:colcon.colcon_core.package_identification:_identify(src) by extension 'colcon_pkg'
[0.372s] Level 1:colcon.colcon_core.package_identification:_identify(src) by extensions ['colcon_meta']
[0.372s] Level 1:colcon.colcon_core.package_identification:_identify(src) by extension 'colcon_meta'
[0.372s] Level 1:colcon.colcon_core.package_identification:_identify(src) by extensions ['ros']
[0.372s] Level 1:colcon.colcon_core.package_identification:_identify(src) by extension 'ros'
[0.373s] Level 1:colcon.colcon_core.package_identification:_identify(src) by extensions ['cmake', 'python']
[0.373s] Level 1:colcon.colcon_core.package_identification:_identify(src) by extension 'cmake'
[0.373s] Level 1:colcon.colcon_core.package_identification:_identify(src) by extension 'python'
[0.373s] Level 1:colcon.colcon_core.package_identification:_identify(src) by extensions ['python_setup_py']
[0.373s] Level 1:colcon.colcon_core.package_identification:_identify(src) by extension 'python_setup_py'
[0.373s] Level 1:colcon.colcon_core.package_identification:_identify(src/control) by extensions ['ignore', 'ignore_ament_install']
[0.373s] Level 1:colcon.colcon_core.package_identification:_identify(src/control) by extension 'ignore'
[0.373s] Level 1:colcon.colcon_core.package_identification:_identify(src/control) by extension 'ignore_ament_install'
[0.374s] Level 1:colcon.colcon_core.package_identification:_identify(src/control) by extensions ['colcon_pkg']
[0.374s] Level 1:colcon.colcon_core.package_identification:_identify(src/control) by extension 'colcon_pkg'
[0.374s] Level 1:colcon.colcon_core.package_identification:_identify(src/control) by extensions ['colcon_meta']
[0.374s] Level 1:colcon.colcon_core.package_identification:_identify(src/control) by extension 'colcon_meta'
[0.374s] Level 1:colcon.colcon_core.package_identification:_identify(src/control) by extensions ['ros']
[0.374s] Level 1:colcon.colcon_core.package_identification:_identify(src/control) by extension 'ros'
[0.374s] Level 1:colcon.colcon_core.package_identification:_identify(src/control) by extensions ['cmake', 'python']
[0.374s] Level 1:colcon.colcon_core.package_identification:_identify(src/control) by extension 'cmake'
[0.374s] Level 1:colcon.colcon_core.package_identification:_identify(src/control) by extension 'python'
[0.374s] Level 1:colcon.colcon_core.package_identification:_identify(src/control) by extensions ['python_setup_py']
[0.375s] Level 1:colcon.colcon_core.package_identification:_identify(src/control) by extension 'python_setup_py'
[0.375s] Level 1:colcon.colcon_core.package_identification:_identify(src/control/src) by extensions ['ignore', 'ignore_ament_install']
[0.375s] Level 1:colcon.colcon_core.package_identification:_identify(src/control/src) by extension 'ignore'
[0.375s] Level 1:colcon.colcon_core.package_identification:_identify(src/control/src) by extension 'ignore_ament_install'
[0.375s] Level 1:colcon.colcon_core.package_identification:_identify(src/control/src) by extensions ['colcon_pkg']
[0.375s] Level 1:colcon.colcon_core.package_identification:_identify(src/control/src) by extension 'colcon_pkg'
[0.375s] Level 1:colcon.colcon_core.package_identification:_identify(src/control/src) by extensions ['colcon_meta']
[0.375s] Level 1:colcon.colcon_core.package_identification:_identify(src/control/src) by extension 'colcon_meta'
[0.376s] Level 1:colcon.colcon_core.package_identification:_identify(src/control/src) by extensions ['ros']
[0.376s] Level 1:colcon.colcon_core.package_identification:_identify(src/control/src) by extension 'ros'
[0.376s] Level 1:colcon.colcon_core.package_identification:_identify(src/control/src) by extensions ['cmake', 'python']
[0.376s] Level 1:colcon.colcon_core.package_identification:_identify(src/control/src) by extension 'cmake'
[0.376s] Level 1:colcon.colcon_core.package_identification:_identify(src/control/src) by extension 'python'
[0.376s] Level 1:colcon.colcon_core.package_identification:_identify(src/control/src) by extensions ['python_setup_py']
[0.376s] Level 1:colcon.colcon_core.package_identification:_identify(src/control/src) by extension 'python_setup_py'
[0.376s] Level 1:colcon.colcon_core.package_identification:_identify(src/input) by extensions ['ignore', 'ignore_ament_install']
[0.377s] Level 1:colcon.colcon_core.package_identification:_identify(src/input) by extension 'ignore'
[0.377s] Level 1:colcon.colcon_core.package_identification:_identify(src/input) by extension 'ignore_ament_install'
[0.377s] Level 1:colcon.colcon_core.package_identification:_identify(src/input) by extensions ['colcon_pkg']
[0.377s] Level 1:colcon.colcon_core.package_identification:_identify(src/input) by extension 'colcon_pkg'
[0.377s] Level 1:colcon.colcon_core.package_identification:_identify(src/input) by extensions ['colcon_meta']
[0.377s] Level 1:colcon.colcon_core.package_identification:_identify(src/input) by extension 'colcon_meta'
[0.377s] Level 1:colcon.colcon_core.package_identification:_identify(src/input) by extensions ['ros']
[0.377s] Level 1:colcon.colcon_core.package_identification:_identify(src/input) by extension 'ros'
[0.384s] DEBUG:colcon.colcon_core.package_identification:Package 'src/input' with type 'ros.ament_python' and name 'input'
[0.385s] Level 1:colcon.colcon_core.package_identification:_identify(src/smart) by extensions ['ignore', 'ignore_ament_install']
[0.385s] Level 1:colcon.colcon_core.package_identification:_identify(src/smart) by extension 'ignore'
[0.385s] Level 1:colcon.colcon_core.package_identification:_identify(src/smart) by extension 'ignore_ament_install'
[0.385s] Level 1:colcon.colcon_core.package_identification:_identify(src/smart) by extensions ['colcon_pkg']
[0.385s] Level 1:colcon.colcon_core.package_identification:_identify(src/smart) by extension 'colcon_pkg'
[0.386s] Level 1:colcon.colcon_core.package_identification:_identify(src/smart) by extensions ['colcon_meta']
[0.386s] Level 1:colcon.colcon_core.package_identification:_identify(src/smart) by extension 'colcon_meta'
[0.386s] Level 1:colcon.colcon_core.package_identification:_identify(src/smart) by extensions ['ros']
[0.386s] Level 1:colcon.colcon_core.package_identification:_identify(src/smart) by extension 'ros'
[0.386s] Level 1:colcon.colcon_core.package_identification:_identify(src/smart) by extensions ['cmake', 'python']
[0.386s] Level 1:colcon.colcon_core.package_identification:_identify(src/smart) by extension 'cmake'
[0.386s] Level 1:colcon.colcon_core.package_identification:_identify(src/smart) by extension 'python'
[0.386s] Level 1:colcon.colcon_core.package_identification:_identify(src/smart) by extensions ['python_setup_py']
[0.386s] Level 1:colcon.colcon_core.package_identification:_identify(src/smart) by extension 'python_setup_py'
[0.387s] Level 1:colcon.colcon_core.package_identification:_identify(src/smart/__pycache__) by extensions ['ignore', 'ignore_ament_install']
[0.387s] Level 1:colcon.colcon_core.package_identification:_identify(src/smart/__pycache__) by extension 'ignore'
[0.387s] Level 1:colcon.colcon_core.package_identification:_identify(src/smart/__pycache__) by extension 'ignore_ament_install'
[0.387s] Level 1:colcon.colcon_core.package_identification:_identify(src/smart/__pycache__) by extensions ['colcon_pkg']
[0.388s] Level 1:colcon.colcon_core.package_identification:_identify(src/smart/__pycache__) by extension 'colcon_pkg'
[0.388s] Level 1:colcon.colcon_core.package_identification:_identify(src/smart/__pycache__) by extensions ['colcon_meta']
[0.388s] Level 1:colcon.colcon_core.package_identification:_identify(src/smart/__pycache__) by extension 'colcon_meta'
[0.388s] Level 1:colcon.colcon_core.package_identification:_identify(src/smart/__pycache__) by extensions ['ros']
[0.388s] Level 1:colcon.colcon_core.package_identification:_identify(src/smart/__pycache__) by extension 'ros'
[0.388s] Level 1:colcon.colcon_core.package_identification:_identify(src/smart/__pycache__) by extensions ['cmake', 'python']
[0.388s] Level 1:colcon.colcon_core.package_identification:_identify(src/smart/__pycache__) by extension 'cmake'
[0.388s] Level 1:colcon.colcon_core.package_identification:_identify(src/smart/__pycache__) by extension 'python'
[0.388s] Level 1:colcon.colcon_core.package_identification:_identify(src/smart/__pycache__) by extensions ['python_setup_py']
[0.388s] Level 1:colcon.colcon_core.package_identification:_identify(src/smart/__pycache__) by extension 'python_setup_py'
[0.389s] Level 1:colcon.colcon_core.package_identification:_identify(src/smart/data) by extensions ['ignore', 'ignore_ament_install']
[0.389s] Level 1:colcon.colcon_core.package_identification:_identify(src/smart/data) by extension 'ignore'
[0.389s] Level 1:colcon.colcon_core.package_identification:_identify(src/smart/data) by extension 'ignore_ament_install'
[0.389s] Level 1:colcon.colcon_core.package_identification:_identify(src/smart/data) by extensions ['colcon_pkg']
[0.389s] Level 1:colcon.colcon_core.package_identification:_identify(src/smart/data) by extension 'colcon_pkg'
[0.389s] Level 1:colcon.colcon_core.package_identification:_identify(src/smart/data) by extensions ['colcon_meta']
[0.389s] Level 1:colcon.colcon_core.package_identification:_identify(src/smart/data) by extension 'colcon_meta'
[0.389s] Level 1:colcon.colcon_core.package_identification:_identify(src/smart/data) by extensions ['ros']
[0.390s] Level 1:colcon.colcon_core.package_identification:_identify(src/smart/data) by extension 'ros'
[0.390s] Level 1:colcon.colcon_core.package_identification:_identify(src/smart/data) by extensions ['cmake', 'python']
[0.390s] Level 1:colcon.colcon_core.package_identification:_identify(src/smart/data) by extension 'cmake'
[0.390s] Level 1:colcon.colcon_core.package_identification:_identify(src/smart/data) by extension 'python'
[0.390s] Level 1:colcon.colcon_core.package_identification:_identify(src/smart/data) by extensions ['python_setup_py']
[0.390s] Level 1:colcon.colcon_core.package_identification:_identify(src/smart/data) by extension 'python_setup_py'
[0.390s] Level 1:colcon.colcon_core.package_identification:_identify(src/smart/extra) by extensions ['ignore', 'ignore_ament_install']
[0.390s] Level 1:colcon.colcon_core.package_identification:_identify(src/smart/extra) by extension 'ignore'
[0.391s] Level 1:colcon.colcon_core.package_identification:_identify(src/smart/extra) by extension 'ignore_ament_install'
[0.391s] Level 1:colcon.colcon_core.package_identification:_identify(src/smart/extra) by extensions ['colcon_pkg']
[0.391s] Level 1:colcon.colcon_core.package_identification:_identify(src/smart/extra) by extension 'colcon_pkg'
[0.391s] Level 1:colcon.colcon_core.package_identification:_identify(src/smart/extra) by extensions ['colcon_meta']
[0.391s] Level 1:colcon.colcon_core.package_identification:_identify(src/smart/extra) by extension 'colcon_meta'
[0.391s] Level 1:colcon.colcon_core.package_identification:_identify(src/smart/extra) by extensions ['ros']
[0.391s] Level 1:colcon.colcon_core.package_identification:_identify(src/smart/extra) by extension 'ros'
[0.391s] Level 1:colcon.colcon_core.package_identification:_identify(src/smart/extra) by extensions ['cmake', 'python']
[0.391s] Level 1:colcon.colcon_core.package_identification:_identify(src/smart/extra) by extension 'cmake'
[0.392s] Level 1:colcon.colcon_core.package_identification:_identify(src/smart/extra) by extension 'python'
[0.392s] Level 1:colcon.colcon_core.package_identification:_identify(src/smart/extra) by extensions ['python_setup_py']
[0.392s] Level 1:colcon.colcon_core.package_identification:_identify(src/smart/extra) by extension 'python_setup_py'
[0.392s] Level 1:colcon.colcon_core.package_identification:_identify(src/smart/extra/__pycache__) by extensions ['ignore', 'ignore_ament_install']
[0.392s] Level 1:colcon.colcon_core.package_identification:_identify(src/smart/extra/__pycache__) by extension 'ignore'
[0.392s] Level 1:colcon.colcon_core.package_identification:_identify(src/smart/extra/__pycache__) by extension 'ignore_ament_install'
[0.392s] Level 1:colcon.colcon_core.package_identification:_identify(src/smart/extra/__pycache__) by extensions ['colcon_pkg']
[0.392s] Level 1:colcon.colcon_core.package_identification:_identify(src/smart/extra/__pycache__) by extension 'colcon_pkg'
[0.393s] Level 1:colcon.colcon_core.package_identification:_identify(src/smart/extra/__pycache__) by extensions ['colcon_meta']
[0.393s] Level 1:colcon.colcon_core.package_identification:_identify(src/smart/extra/__pycache__) by extension 'colcon_meta'
[0.393s] Level 1:colcon.colcon_core.package_identification:_identify(src/smart/extra/__pycache__) by extensions ['ros']
[0.393s] Level 1:colcon.colcon_core.package_identification:_identify(src/smart/extra/__pycache__) by extension 'ros'
[0.393s] Level 1:colcon.colcon_core.package_identification:_identify(src/smart/extra/__pycache__) by extensions ['cmake', 'python']
[0.393s] Level 1:colcon.colcon_core.package_identification:_identify(src/smart/extra/__pycache__) by extension 'cmake'
[0.393s] Level 1:colcon.colcon_core.package_identification:_identify(src/smart/extra/__pycache__) by extension 'python'
[0.393s] Level 1:colcon.colcon_core.package_identification:_identify(src/smart/extra/__pycache__) by extensions ['python_setup_py']
[0.393s] Level 1:colcon.colcon_core.package_identification:_identify(src/smart/extra/__pycache__) by extension 'python_setup_py'
[0.394s] Level 1:colcon.colcon_core.package_identification:_identify(src/smart/extra/traffic_sign_camera) by extensions ['ignore', 'ignore_ament_install']
[0.394s] Level 1:colcon.colcon_core.package_identification:_identify(src/smart/extra/traffic_sign_camera) by extension 'ignore'
[0.394s] Level 1:colcon.colcon_core.package_identification:_identify(src/smart/extra/traffic_sign_camera) by extension 'ignore_ament_install'
[0.394s] Level 1:colcon.colcon_core.package_identification:_identify(src/smart/extra/traffic_sign_camera) by extensions ['colcon_pkg']
[0.394s] Level 1:colcon.colcon_core.package_identification:_identify(src/smart/extra/traffic_sign_camera) by extension 'colcon_pkg'
[0.394s] Level 1:colcon.colcon_core.package_identification:_identify(src/smart/extra/traffic_sign_camera) by extensions ['colcon_meta']
[0.394s] Level 1:colcon.colcon_core.package_identification:_identify(src/smart/extra/traffic_sign_camera) by extension 'colcon_meta'
[0.394s] Level 1:colcon.colcon_core.package_identification:_identify(src/smart/extra/traffic_sign_camera) by extensions ['ros']
[0.394s] Level 1:colcon.colcon_core.package_identification:_identify(src/smart/extra/traffic_sign_camera) by extension 'ros'
[0.395s] Level 1:colcon.colcon_core.package_identification:_identify(src/smart/extra/traffic_sign_camera) by extensions ['cmake', 'python']
[0.395s] Level 1:colcon.colcon_core.package_identification:_identify(src/smart/extra/traffic_sign_camera) by extension 'cmake'
[0.395s] Level 1:colcon.colcon_core.package_identification:_identify(src/smart/extra/traffic_sign_camera) by extension 'python'
[0.395s] Level 1:colcon.colcon_core.package_identification:_identify(src/smart/extra/traffic_sign_camera) by extensions ['python_setup_py']
[0.395s] Level 1:colcon.colcon_core.package_identification:_identify(src/smart/extra/traffic_sign_camera) by extension 'python_setup_py'
[0.395s] Level 1:colcon.colcon_core.package_identification:_identify(src/smart/logs) by extensions ['ignore', 'ignore_ament_install']
[0.395s] Level 1:colcon.colcon_core.package_identification:_identify(src/smart/logs) by extension 'ignore'
[0.396s] Level 1:colcon.colcon_core.package_identification:_identify(src/smart/logs) by extension 'ignore_ament_install'
[0.396s] Level 1:colcon.colcon_core.package_identification:_identify(src/smart/logs) by extensions ['colcon_pkg']
[0.396s] Level 1:colcon.colcon_core.package_identification:_identify(src/smart/logs) by extension 'colcon_pkg'
[0.396s] Level 1:colcon.colcon_core.package_identification:_identify(src/smart/logs) by extensions ['colcon_meta']
[0.396s] Level 1:colcon.colcon_core.package_identification:_identify(src/smart/logs) by extension 'colcon_meta'
[0.397s] Level 1:colcon.colcon_core.package_identification:_identify(src/smart/logs) by extensions ['ros']
[0.397s] Level 1:colcon.colcon_core.package_identification:_identify(src/smart/logs) by extension 'ros'
[0.397s] Level 1:colcon.colcon_core.package_identification:_identify(src/smart/logs) by extensions ['cmake', 'python']
[0.397s] Level 1:colcon.colcon_core.package_identification:_identify(src/smart/logs) by extension 'cmake'
[0.397s] Level 1:colcon.colcon_core.package_identification:_identify(src/smart/logs) by extension 'python'
[0.397s] Level 1:colcon.colcon_core.package_identification:_identify(src/smart/logs) by extensions ['python_setup_py']
[0.397s] Level 1:colcon.colcon_core.package_identification:_identify(src/smart/logs) by extension 'python_setup_py'
[0.397s] Level 1:colcon.colcon_core.package_identification:_identify(src/smart/models) by extensions ['ignore', 'ignore_ament_install']
[0.398s] Level 1:colcon.colcon_core.package_identification:_identify(src/smart/models) by extension 'ignore'
[0.398s] Level 1:colcon.colcon_core.package_identification:_identify(src/smart/models) by extension 'ignore_ament_install'
[0.398s] Level 1:colcon.colcon_core.package_identification:_identify(src/smart/models) by extensions ['colcon_pkg']
[0.398s] Level 1:colcon.colcon_core.package_identification:_identify(src/smart/models) by extension 'colcon_pkg'
[0.398s] Level 1:colcon.colcon_core.package_identification:_identify(src/smart/models) by extensions ['colcon_meta']
[0.398s] Level 1:colcon.colcon_core.package_identification:_identify(src/smart/models) by extension 'colcon_meta'
[0.398s] Level 1:colcon.colcon_core.package_identification:_identify(src/smart/models) by extensions ['ros']
[0.398s] Level 1:colcon.colcon_core.package_identification:_identify(src/smart/models) by extension 'ros'
[0.399s] Level 1:colcon.colcon_core.package_identification:_identify(src/smart/models) by extensions ['cmake', 'python']
[0.399s] Level 1:colcon.colcon_core.package_identification:_identify(src/smart/models) by extension 'cmake'
[0.399s] Level 1:colcon.colcon_core.package_identification:_identify(src/smart/models) by extension 'python'
[0.399s] Level 1:colcon.colcon_core.package_identification:_identify(src/smart/models) by extensions ['python_setup_py']
[0.399s] Level 1:colcon.colcon_core.package_identification:_identify(src/smart/models) by extension 'python_setup_py'
[0.399s] Level 1:colcon.colcon_core.package_identification:_identify(src/smart/models/obstacle_models) by extensions ['ignore', 'ignore_ament_install']
[0.399s] Level 1:colcon.colcon_core.package_identification:_identify(src/smart/models/obstacle_models) by extension 'ignore'
[0.400s] Level 1:colcon.colcon_core.package_identification:_identify(src/smart/models/obstacle_models) by extension 'ignore_ament_install'
[0.400s] Level 1:colcon.colcon_core.package_identification:_identify(src/smart/models/obstacle_models) by extensions ['colcon_pkg']
[0.400s] Level 1:colcon.colcon_core.package_identification:_identify(src/smart/models/obstacle_models) by extension 'colcon_pkg'
[0.400s] Level 1:colcon.colcon_core.package_identification:_identify(src/smart/models/obstacle_models) by extensions ['colcon_meta']
[0.400s] Level 1:colcon.colcon_core.package_identification:_identify(src/smart/models/obstacle_models) by extension 'colcon_meta'
[0.400s] Level 1:colcon.colcon_core.package_identification:_identify(src/smart/models/obstacle_models) by extensions ['ros']
[0.400s] Level 1:colcon.colcon_core.package_identification:_identify(src/smart/models/obstacle_models) by extension 'ros'
[0.400s] Level 1:colcon.colcon_core.package_identification:_identify(src/smart/models/obstacle_models) by extensions ['cmake', 'python']
[0.400s] Level 1:colcon.colcon_core.package_identification:_identify(src/smart/models/obstacle_models) by extension 'cmake'
[0.400s] Level 1:colcon.colcon_core.package_identification:_identify(src/smart/models/obstacle_models) by extension 'python'
[0.401s] Level 1:colcon.colcon_core.package_identification:_identify(src/smart/models/obstacle_models) by extensions ['python_setup_py']
[0.401s] Level 1:colcon.colcon_core.package_identification:_identify(src/smart/models/obstacle_models) by extension 'python_setup_py'
[0.401s] Level 1:colcon.colcon_core.package_identification:_identify(src/smart/models/templates) by extensions ['ignore', 'ignore_ament_install']
[0.401s] Level 1:colcon.colcon_core.package_identification:_identify(src/smart/models/templates) by extension 'ignore'
[0.401s] Level 1:colcon.colcon_core.package_identification:_identify(src/smart/models/templates) by extension 'ignore_ament_install'
[0.401s] Level 1:colcon.colcon_core.package_identification:_identify(src/smart/models/templates) by extensions ['colcon_pkg']
[0.401s] Level 1:colcon.colcon_core.package_identification:_identify(src/smart/models/templates) by extension 'colcon_pkg'
[0.401s] Level 1:colcon.colcon_core.package_identification:_identify(src/smart/models/templates) by extensions ['colcon_meta']
[0.401s] Level 1:colcon.colcon_core.package_identification:_identify(src/smart/models/templates) by extension 'colcon_meta'
[0.402s] Level 1:colcon.colcon_core.package_identification:_identify(src/smart/models/templates) by extensions ['ros']
[0.402s] Level 1:colcon.colcon_core.package_identification:_identify(src/smart/models/templates) by extension 'ros'
[0.402s] Level 1:colcon.colcon_core.package_identification:_identify(src/smart/models/templates) by extensions ['cmake', 'python']
[0.402s] Level 1:colcon.colcon_core.package_identification:_identify(src/smart/models/templates) by extension 'cmake'
[0.402s] Level 1:colcon.colcon_core.package_identification:_identify(src/smart/models/templates) by extension 'python'
[0.402s] Level 1:colcon.colcon_core.package_identification:_identify(src/smart/models/templates) by extensions ['python_setup_py']
[0.402s] Level 1:colcon.colcon_core.package_identification:_identify(src/smart/models/templates) by extension 'python_setup_py'
[0.402s] Level 1:colcon.colcon_core.package_identification:_identify(src/smart/models/traffic_signs_models) by extensions ['ignore', 'ignore_ament_install']
[0.403s] Level 1:colcon.colcon_core.package_identification:_identify(src/smart/models/traffic_signs_models) by extension 'ignore'
[0.403s] Level 1:colcon.colcon_core.package_identification:_identify(src/smart/models/traffic_signs_models) by extension 'ignore_ament_install'
[0.403s] Level 1:colcon.colcon_core.package_identification:_identify(src/smart/models/traffic_signs_models) by extensions ['colcon_pkg']
[0.403s] Level 1:colcon.colcon_core.package_identification:_identify(src/smart/models/traffic_signs_models) by extension 'colcon_pkg'
[0.403s] Level 1:colcon.colcon_core.package_identification:_identify(src/smart/models/traffic_signs_models) by extensions ['colcon_meta']
[0.403s] Level 1:colcon.colcon_core.package_identification:_identify(src/smart/models/traffic_signs_models) by extension 'colcon_meta'
[0.403s] Level 1:colcon.colcon_core.package_identification:_identify(src/smart/models/traffic_signs_models) by extensions ['ros']
[0.403s] Level 1:colcon.colcon_core.package_identification:_identify(src/smart/models/traffic_signs_models) by extension 'ros'
[0.403s] Level 1:colcon.colcon_core.package_identification:_identify(src/smart/models/traffic_signs_models) by extensions ['cmake', 'python']
[0.403s] Level 1:colcon.colcon_core.package_identification:_identify(src/smart/models/traffic_signs_models) by extension 'cmake'
[0.404s] Level 1:colcon.colcon_core.package_identification:_identify(src/smart/models/traffic_signs_models) by extension 'python'
[0.404s] Level 1:colcon.colcon_core.package_identification:_identify(src/smart/models/traffic_signs_models) by extensions ['python_setup_py']
[0.404s] Level 1:colcon.colcon_core.package_identification:_identify(src/smart/models/traffic_signs_models) by extension 'python_setup_py'
[0.404s] Level 1:colcon.colcon_core.package_identification:_identify(src/smart/output) by extensions ['ignore', 'ignore_ament_install']
[0.404s] Level 1:colcon.colcon_core.package_identification:_identify(src/smart/output) by extension 'ignore'
[0.404s] Level 1:colcon.colcon_core.package_identification:_identify(src/smart/output) by extension 'ignore_ament_install'
[0.404s] Level 1:colcon.colcon_core.package_identification:_identify(src/smart/output) by extensions ['colcon_pkg']
[0.404s] Level 1:colcon.colcon_core.package_identification:_identify(src/smart/output) by extension 'colcon_pkg'
[0.405s] Level 1:colcon.colcon_core.package_identification:_identify(src/smart/output) by extensions ['colcon_meta']
[0.405s] Level 1:colcon.colcon_core.package_identification:_identify(src/smart/output) by extension 'colcon_meta'
[0.405s] Level 1:colcon.colcon_core.package_identification:_identify(src/smart/output) by extensions ['ros']
[0.405s] Level 1:colcon.colcon_core.package_identification:_identify(src/smart/output) by extension 'ros'
[0.406s] DEBUG:colcon.colcon_core.package_identification:Package 'src/smart/output' with type 'ros.ament_python' and name 'output'
[0.406s] Level 1:colcon.colcon_core.package_identification:_identify(src/train) by extensions ['ignore', 'ignore_ament_install']
[0.407s] Level 1:colcon.colcon_core.package_identification:_identify(src/train) by extension 'ignore'
[0.407s] Level 1:colcon.colcon_core.package_identification:_identify(src/train) by extension 'ignore_ament_install'
[0.407s] Level 1:colcon.colcon_core.package_identification:_identify(src/train) by extensions ['colcon_pkg']
[0.407s] Level 1:colcon.colcon_core.package_identification:_identify(src/train) by extension 'colcon_pkg'
[0.407s] Level 1:colcon.colcon_core.package_identification:_identify(src/train) by extensions ['colcon_meta']
[0.407s] Level 1:colcon.colcon_core.package_identification:_identify(src/train) by extension 'colcon_meta'
[0.407s] Level 1:colcon.colcon_core.package_identification:_identify(src/train) by extensions ['ros']
[0.407s] Level 1:colcon.colcon_core.package_identification:_identify(src/train) by extension 'ros'
[0.408s] Level 1:colcon.colcon_core.package_identification:_identify(src/train) by extensions ['cmake', 'python']
[0.408s] Level 1:colcon.colcon_core.package_identification:_identify(src/train) by extension 'cmake'
[0.408s] Level 1:colcon.colcon_core.package_identification:_identify(src/train) by extension 'python'
[0.408s] Level 1:colcon.colcon_core.package_identification:_identify(src/train) by extensions ['python_setup_py']
[0.408s] Level 1:colcon.colcon_core.package_identification:_identify(src/train) by extension 'python_setup_py'
[0.408s] Level 1:colcon.colcon_core.package_identification:_identify(src/train/sparcs) by extensions ['ignore', 'ignore_ament_install']
[0.408s] Level 1:colcon.colcon_core.package_identification:_identify(src/train/sparcs) by extension 'ignore'
[0.408s] Level 1:colcon.colcon_core.package_identification:_identify(src/train/sparcs) by extension 'ignore_ament_install'
[0.409s] Level 1:colcon.colcon_core.package_identification:_identify(src/train/sparcs) by extensions ['colcon_pkg']
[0.409s] Level 1:colcon.colcon_core.package_identification:_identify(src/train/sparcs) by extension 'colcon_pkg'
[0.409s] Level 1:colcon.colcon_core.package_identification:_identify(src/train/sparcs) by extensions ['colcon_meta']
[0.409s] Level 1:colcon.colcon_core.package_identification:_identify(src/train/sparcs) by extension 'colcon_meta'
[0.409s] Level 1:colcon.colcon_core.package_identification:_identify(src/train/sparcs) by extensions ['ros']
[0.409s] Level 1:colcon.colcon_core.package_identification:_identify(src/train/sparcs) by extension 'ros'
[0.409s] Level 1:colcon.colcon_core.package_identification:_identify(src/train/sparcs) by extensions ['cmake', 'python']
[0.409s] Level 1:colcon.colcon_core.package_identification:_identify(src/train/sparcs) by extension 'cmake'
[0.409s] Level 1:colcon.colcon_core.package_identification:_identify(src/train/sparcs) by extension 'python'
[0.409s] Level 1:colcon.colcon_core.package_identification:_identify(src/train/sparcs) by extensions ['python_setup_py']
[0.409s] Level 1:colcon.colcon_core.package_identification:_identify(src/train/sparcs) by extension 'python_setup_py'
[0.410s] Level 1:colcon.colcon_core.package_identification:_identify(src/train/stuff) by extensions ['ignore', 'ignore_ament_install']
[0.410s] Level 1:colcon.colcon_core.package_identification:_identify(src/train/stuff) by extension 'ignore'
[0.410s] Level 1:colcon.colcon_core.package_identification:_identify(src/train/stuff) by extension 'ignore_ament_install'
[0.410s] Level 1:colcon.colcon_core.package_identification:_identify(src/train/stuff) by extensions ['colcon_pkg']
[0.410s] Level 1:colcon.colcon_core.package_identification:_identify(src/train/stuff) by extension 'colcon_pkg'
[0.410s] Level 1:colcon.colcon_core.package_identification:_identify(src/train/stuff) by extensions ['colcon_meta']
[0.410s] Level 1:colcon.colcon_core.package_identification:_identify(src/train/stuff) by extension 'colcon_meta'
[0.410s] Level 1:colcon.colcon_core.package_identification:_identify(src/train/stuff) by extensions ['ros']
[0.411s] Level 1:colcon.colcon_core.package_identification:_identify(src/train/stuff) by extension 'ros'
[0.411s] Level 1:colcon.colcon_core.package_identification:_identify(src/train/stuff) by extensions ['cmake', 'python']
[0.411s] Level 1:colcon.colcon_core.package_identification:_identify(src/train/stuff) by extension 'cmake'
[0.411s] Level 1:colcon.colcon_core.package_identification:_identify(src/train/stuff) by extension 'python'
[0.411s] Level 1:colcon.colcon_core.package_identification:_identify(src/train/stuff) by extensions ['python_setup_py']
[0.411s] Level 1:colcon.colcon_core.package_identification:_identify(src/train/stuff) by extension 'python_setup_py'
[0.411s] Level 1:colcon.colcon_core.package_identification:_identify(src/unix_out) by extensions ['ignore', 'ignore_ament_install']
[0.411s] Level 1:colcon.colcon_core.package_identification:_identify(src/unix_out) by extension 'ignore'
[0.412s] Level 1:colcon.colcon_core.package_identification:_identify(src/unix_out) by extension 'ignore_ament_install'
[0.412s] Level 1:colcon.colcon_core.package_identification:_identify(src/unix_out) by extensions ['colcon_pkg']
[0.412s] Level 1:colcon.colcon_core.package_identification:_identify(src/unix_out) by extension 'colcon_pkg'
[0.412s] Level 1:colcon.colcon_core.package_identification:_identify(src/unix_out) by extensions ['colcon_meta']
[0.412s] Level 1:colcon.colcon_core.package_identification:_identify(src/unix_out) by extension 'colcon_meta'
[0.412s] Level 1:colcon.colcon_core.package_identification:_identify(src/unix_out) by extensions ['ros']
[0.412s] Level 1:colcon.colcon_core.package_identification:_identify(src/unix_out) by extension 'ros'
[0.413s] DEBUG:colcon.colcon_core.package_identification:Package 'src/unix_out' with type 'ros.ament_python' and name 'unix_out'
[0.414s] Level 1:colcon.colcon_core.package_identification:_identify(src/utils) by extensions ['ignore', 'ignore_ament_install']
[0.414s] Level 1:colcon.colcon_core.package_identification:_identify(src/utils) by extension 'ignore'
[0.414s] Level 1:colcon.colcon_core.package_identification:_identify(src/utils) by extension 'ignore_ament_install'
[0.414s] Level 1:colcon.colcon_core.package_identification:_identify(src/utils) by extensions ['colcon_pkg']
[0.414s] Level 1:colcon.colcon_core.package_identification:_identify(src/utils) by extension 'colcon_pkg'
[0.414s] Level 1:colcon.colcon_core.package_identification:_identify(src/utils) by extensions ['colcon_meta']
[0.414s] Level 1:colcon.colcon_core.package_identification:_identify(src/utils) by extension 'colcon_meta'
[0.414s] Level 1:colcon.colcon_core.package_identification:_identify(src/utils) by extensions ['ros']
[0.414s] Level 1:colcon.colcon_core.package_identification:_identify(src/utils) by extension 'ros'
[0.416s] DEBUG:colcon.colcon_core.package_identification:Package 'src/utils' with type 'ros.ament_cmake' and name 'utils'
[0.416s] Level 1:colcon.colcon_core.package_discovery:discover_packages(recursive) using defaults
[0.416s] Level 1:colcon.colcon_core.package_discovery:discover_packages(ignore) discover
[0.416s] Level 1:colcon.colcon_core.package_discovery:discover_packages(ignore) using defaults
[0.416s] Level 1:colcon.colcon_core.package_discovery:discover_packages(path) discover
[0.416s] Level 1:colcon.colcon_core.package_discovery:discover_packages(path) using defaults
[0.455s] Level 1:colcon.colcon_core.package_discovery:discover_packages(prefix_path) check parameters
[0.456s] Level 1:colcon.colcon_core.package_discovery:discover_packages(prefix_path) discover
[0.461s] DEBUG:colcon.colcon_installed_package_information.package_discovery:Found 4 installed packages in /uros_ws/Brain_DEI/brain/install
[0.462s] DEBUG:colcon.colcon_installed_package_information.package_discovery:Found 2 installed packages in /uros_ws/install
[0.464s] DEBUG:colcon.colcon_installed_package_information.package_discovery:Found 215 installed packages in /opt/ros/jazzy
[0.465s] Level 1:colcon.colcon_core.package_discovery:discover_packages(prefix_path) using defaults
[0.532s] Level 5:colcon.colcon_core.verb:set package 'utils' build argument 'cmake_args' from command line to 'None'
[0.532s] Level 5:colcon.colcon_core.verb:set package 'utils' build argument 'cmake_target' from command line to 'None'
[0.533s] Level 5:colcon.colcon_core.verb:set package 'utils' build argument 'cmake_target_skip_unavailable' from command line to 'False'
[0.533s] Level 5:colcon.colcon_core.verb:set package 'utils' build argument 'cmake_clean_cache' from command line to 'False'
[0.533s] Level 5:colcon.colcon_core.verb:set package 'utils' build argument 'cmake_clean_first' from command line to 'False'
[0.533s] Level 5:colcon.colcon_core.verb:set package 'utils' build argument 'cmake_force_configure' from command line to 'False'
[0.533s] Level 5:colcon.colcon_core.verb:set package 'utils' build argument 'ament_cmake_args' from command line to 'None'
[0.533s] Level 5:colcon.colcon_core.verb:set package 'utils' build argument 'catkin_cmake_args' from command line to 'None'
[0.533s] Level 5:colcon.colcon_core.verb:set package 'utils' build argument 'catkin_skip_building_tests' from command line to 'False'
[0.533s] DEBUG:colcon.colcon_core.verb:Building package 'utils' with the following arguments: {'ament_cmake_args': None, 'build_base': '/uros_ws/Brain_DEI/brain/build/utils', 'catkin_cmake_args': None, 'catkin_skip_building_tests': False, 'cmake_args': None, 'cmake_clean_cache': False, 'cmake_clean_first': False, 'cmake_force_configure': False, 'cmake_target': None, 'cmake_target_skip_unavailable': False, 'install_base': '/uros_ws/Brain_DEI/brain/install/utils', 'merge_install': False, 'path': '/uros_ws/Brain_DEI/brain/src/utils', 'symlink_install': False, 'test_result_base': None}
[0.533s] Level 5:colcon.colcon_core.verb:set package 'input' build argument 'cmake_args' from command line to 'None'
[0.534s] Level 5:colcon.colcon_core.verb:set package 'input' build argument 'cmake_target' from command line to 'None'
[0.534s] Level 5:colcon.colcon_core.verb:set package 'input' build argument 'cmake_target_skip_unavailable' from command line to 'False'
[0.534s] Level 5:colcon.colcon_core.verb:set package 'input' build argument 'cmake_clean_cache' from command line to 'False'
[0.534s] Level 5:colcon.colcon_core.verb:set package 'input' build argument 'cmake_clean_first' from command line to 'False'
[0.534s] Level 5:colcon.colcon_core.verb:set package 'input' build argument 'cmake_force_configure' from command line to 'False'
[0.534s] Level 5:colcon.colcon_core.verb:set package 'input' build argument 'ament_cmake_args' from command line to 'None'
[0.534s] Level 5:colcon.colcon_core.verb:set package 'input' build argument 'catkin_cmake_args' from command line to 'None'
[0.534s] Level 5:colcon.colcon_core.verb:set package 'input' build argument 'catkin_skip_building_tests' from command line to 'False'
[0.534s] DEBUG:colcon.colcon_core.verb:Building package 'input' with the following arguments: {'ament_cmake_args': None, 'build_base': '/uros_ws/Brain_DEI/brain/build/input', 'catkin_cmake_args': None, 'catkin_skip_building_tests': False, 'cmake_args': None, 'cmake_clean_cache': False, 'cmake_clean_first': False, 'cmake_force_configure': False, 'cmake_target': None, 'cmake_target_skip_unavailable': False, 'install_base': '/uros_ws/Brain_DEI/brain/install/input', 'merge_install': False, 'path': '/uros_ws/Brain_DEI/brain/src/input', 'symlink_install': False, 'test_result_base': None}
[0.535s] Level 5:colcon.colcon_core.verb:set package 'output' build argument 'cmake_args' from command line to 'None'
[0.535s] Level 5:colcon.colcon_core.verb:set package 'output' build argument 'cmake_target' from command line to 'None'
[0.535s] Level 5:colcon.colcon_core.verb:set package 'output' build argument 'cmake_target_skip_unavailable' from command line to 'False'
[0.535s] Level 5:colcon.colcon_core.verb:set package 'output' build argument 'cmake_clean_cache' from command line to 'False'
[0.535s] Level 5:colcon.colcon_core.verb:set package 'output' build argument 'cmake_clean_first' from command line to 'False'
[0.535s] Level 5:colcon.colcon_core.verb:set package 'output' build argument 'cmake_force_configure' from command line to 'False'
[0.535s] Level 5:colcon.colcon_core.verb:set package 'output' build argument 'ament_cmake_args' from command line to 'None'
[0.535s] Level 5:colcon.colcon_core.verb:set package 'output' build argument 'catkin_cmake_args' from command line to 'None'
[0.535s] Level 5:colcon.colcon_core.verb:set package 'output' build argument 'catkin_skip_building_tests' from command line to 'False'
[0.535s] DEBUG:colcon.colcon_core.verb:Building package 'output' with the following arguments: {'ament_cmake_args': None, 'build_base': '/uros_ws/Brain_DEI/brain/build/output', 'catkin_cmake_args': None, 'catkin_skip_building_tests': False, 'cmake_args': None, 'cmake_clean_cache': False, 'cmake_clean_first': False, 'cmake_force_configure': False, 'cmake_target': None, 'cmake_target_skip_unavailable': False, 'install_base': '/uros_ws/Brain_DEI/brain/install/output', 'merge_install': False, 'path': '/uros_ws/Brain_DEI/brain/src/smart/output', 'symlink_install': False, 'test_result_base': None}
[0.536s] Level 5:colcon.colcon_core.verb:set package 'unix_out' build argument 'cmake_args' from command line to 'None'
[0.536s] Level 5:colcon.colcon_core.verb:set package 'unix_out' build argument 'cmake_target' from command line to 'None'
[0.536s] Level 5:colcon.colcon_core.verb:set package 'unix_out' build argument 'cmake_target_skip_unavailable' from command line to 'False'
[0.536s] Level 5:colcon.colcon_core.verb:set package 'unix_out' build argument 'cmake_clean_cache' from command line to 'False'
[0.536s] Level 5:colcon.colcon_core.verb:set package 'unix_out' build argument 'cmake_clean_first' from command line to 'False'
[0.536s] Level 5:colcon.colcon_core.verb:set package 'unix_out' build argument 'cmake_force_configure' from command line to 'False'
[0.536s] Level 5:colcon.colcon_core.verb:set package 'unix_out' build argument 'ament_cmake_args' from command line to 'None'
[0.536s] Level 5:colcon.colcon_core.verb:set package 'unix_out' build argument 'catkin_cmake_args' from command line to 'None'
[0.536s] Level 5:colcon.colcon_core.verb:set package 'unix_out' build argument 'catkin_skip_building_tests' from command line to 'False'
[0.537s] DEBUG:colcon.colcon_core.verb:Building package 'unix_out' with the following arguments: {'ament_cmake_args': None, 'build_base': '/uros_ws/Brain_DEI/brain/build/unix_out', 'catkin_cmake_args': None, 'catkin_skip_building_tests': False, 'cmake_args': None, 'cmake_clean_cache': False, 'cmake_clean_first': False, 'cmake_force_configure': False, 'cmake_target': None, 'cmake_target_skip_unavailable': False, 'install_base': '/uros_ws/Brain_DEI/brain/install/unix_out', 'merge_install': False, 'path': '/uros_ws/Brain_DEI/brain/src/unix_out', 'symlink_install': False, 'test_result_base': None}
[0.537s] INFO:colcon.colcon_core.executor:Executing jobs using 'parallel' executor
[0.539s] DEBUG:colcon.colcon_parallel_executor.executor.parallel:run_until_complete
[0.540s] INFO:colcon.colcon_ros.task.ament_cmake.build:Building ROS package in '/uros_ws/Brain_DEI/brain/src/utils' with build type 'ament_cmake'
[0.540s] INFO:colcon.colcon_cmake.task.cmake.build:Building CMake package in '/uros_ws/Brain_DEI/brain/src/utils'
[0.545s] INFO:colcon.colcon_core.plugin_system:Skipping extension 'colcon_core.shell.bat': Not used on non-Windows systems
[0.545s] INFO:colcon.colcon_core.shell:Skip shell extension 'powershell' for command environment: Not usable outside of PowerShell
[0.545s] DEBUG:colcon.colcon_core.shell:Skip shell extension 'dsv' for command environment
[0.566s] DEBUG:colcon.colcon_core.event_handler.log_command:Invoking command in '/uros_ws/Brain_DEI/brain/build/utils': CMAKE_PREFIX_PATH=${CMAKE_PREFIX_PATH}:/uros_ws/Brain_DEI/brain/install/unix_out:/uros_ws/Brain_DEI/brain/install/output:/uros_ws/Brain_DEI/brain/install/input:/opt/ros/jazzy /usr/bin/cmake --build /uros_ws/Brain_DEI/brain/build/utils -- -j6 -l6
[1.648s] DEBUG:colcon.colcon_core.event_handler.log_command:Invoked command in '/uros_ws/Brain_DEI/brain/build/utils' returned '0': CMAKE_PREFIX_PATH=${CMAKE_PREFIX_PATH}:/uros_ws/Brain_DEI/brain/install/unix_out:/uros_ws/Brain_DEI/brain/install/output:/uros_ws/Brain_DEI/brain/install/input:/opt/ros/jazzy /usr/bin/cmake --build /uros_ws/Brain_DEI/brain/build/utils -- -j6 -l6
[1.668s] DEBUG:colcon.colcon_core.event_handler.log_command:Invoking command in '/uros_ws/Brain_DEI/brain/build/utils': CMAKE_PREFIX_PATH=${CMAKE_PREFIX_PATH}:/uros_ws/Brain_DEI/brain/install/unix_out:/uros_ws/Brain_DEI/brain/install/output:/uros_ws/Brain_DEI/brain/install/input:/opt/ros/jazzy /usr/bin/cmake --install /uros_ws/Brain_DEI/brain/build/utils
[1.874s] Level 1:colcon.colcon_core.environment:create_environment_scripts_only(utils)
[1.891s] Level 1:colcon.colcon_core.environment:checking '/uros_ws/Brain_DEI/brain/install/utils' for CMake module files
[1.899s] DEBUG:colcon.colcon_core.event_handler.log_command:Invoked command in '/uros_ws/Brain_DEI/brain/build/utils' returned '0': CMAKE_PREFIX_PATH=${CMAKE_PREFIX_PATH}:/uros_ws/Brain_DEI/brain/install/unix_out:/uros_ws/Brain_DEI/brain/install/output:/uros_ws/Brain_DEI/brain/install/input:/opt/ros/jazzy /usr/bin/cmake --install /uros_ws/Brain_DEI/brain/build/utils
[1.899s] Level 1:colcon.colcon_core.environment:checking '/uros_ws/Brain_DEI/brain/install/utils' for CMake config files
[1.904s] Level 1:colcon.colcon_core.shell:create_environment_hook('utils', 'cmake_prefix_path')
[1.905s] INFO:colcon.colcon_core.shell:Creating environment hook '/uros_ws/Brain_DEI/brain/install/utils/share/utils/hook/cmake_prefix_path.ps1'
[1.908s] INFO:colcon.colcon_core.shell:Creating environment descriptor '/uros_ws/Brain_DEI/brain/install/utils/share/utils/hook/cmake_prefix_path.dsv'
[1.910s] INFO:colcon.colcon_core.shell:Creating environment hook '/uros_ws/Brain_DEI/brain/install/utils/share/utils/hook/cmake_prefix_path.sh'
[1.914s] Level 1:colcon.colcon_core.environment:checking '/uros_ws/Brain_DEI/brain/install/utils/lib'
[1.915s] Level 1:colcon.colcon_core.shell:create_environment_hook('utils', 'ld_library_path_lib')
[1.915s] INFO:colcon.colcon_core.shell:Creating environment hook '/uros_ws/Brain_DEI/brain/install/utils/share/utils/hook/ld_library_path_lib.ps1'
[1.919s] INFO:colcon.colcon_core.shell:Creating environment descriptor '/uros_ws/Brain_DEI/brain/install/utils/share/utils/hook/ld_library_path_lib.dsv'
[1.921s] INFO:colcon.colcon_core.shell:Creating environment hook '/uros_ws/Brain_DEI/brain/install/utils/share/utils/hook/ld_library_path_lib.sh'
[1.923s] Level 1:colcon.colcon_core.environment:checking '/uros_ws/Brain_DEI/brain/install/utils/bin'
[1.923s] Level 1:colcon.colcon_core.environment:checking '/uros_ws/Brain_DEI/brain/install/utils/lib/pkgconfig/utils.pc'
[1.924s] Level 1:colcon.colcon_core.environment:checking '/uros_ws/Brain_DEI/brain/install/utils/lib/python3.12/site-packages'
[1.924s] Level 1:colcon.colcon_core.shell:create_environment_hook('utils', 'pythonpath')
[1.926s] INFO:colcon.colcon_core.shell:Creating environment hook '/uros_ws/Brain_DEI/brain/install/utils/share/utils/hook/pythonpath.ps1'
[1.928s] INFO:colcon.colcon_core.shell:Creating environment descriptor '/uros_ws/Brain_DEI/brain/install/utils/share/utils/hook/pythonpath.dsv'
[1.929s] INFO:colcon.colcon_core.shell:Creating environment hook '/uros_ws/Brain_DEI/brain/install/utils/share/utils/hook/pythonpath.sh'
[1.931s] Level 1:colcon.colcon_core.environment:checking '/uros_ws/Brain_DEI/brain/install/utils/bin'
[1.932s] INFO:colcon.colcon_core.shell:Creating package script '/uros_ws/Brain_DEI/brain/install/utils/share/utils/package.ps1'
[1.935s] INFO:colcon.colcon_core.shell:Creating package descriptor '/uros_ws/Brain_DEI/brain/install/utils/share/utils/package.dsv'
[1.937s] INFO:colcon.colcon_core.shell:Creating package script '/uros_ws/Brain_DEI/brain/install/utils/share/utils/package.sh'
[1.939s] INFO:colcon.colcon_core.shell:Creating package script '/uros_ws/Brain_DEI/brain/install/utils/share/utils/package.bash'
[1.940s] INFO:colcon.colcon_core.shell:Creating package script '/uros_ws/Brain_DEI/brain/install/utils/share/utils/package.zsh'
[1.941s] Level 1:colcon.colcon_core.environment:create_file_with_runtime_dependencies(/uros_ws/Brain_DEI/brain/install/utils/share/colcon-core/packages/utils)
[1.943s] Level 1:colcon.colcon_core.environment:create_environment_scripts_only(utils)
[1.943s] Level 1:colcon.colcon_core.environment:checking '/uros_ws/Brain_DEI/brain/install/utils' for CMake module files
[1.947s] Level 1:colcon.colcon_core.environment:checking '/uros_ws/Brain_DEI/brain/install/utils' for CMake config files
[1.950s] Level 1:colcon.colcon_core.shell:create_environment_hook('utils', 'cmake_prefix_path')
[1.951s] INFO:colcon.colcon_core.shell:Creating environment hook '/uros_ws/Brain_DEI/brain/install/utils/share/utils/hook/cmake_prefix_path.ps1'
[1.952s] INFO:colcon.colcon_core.shell:Creating environment descriptor '/uros_ws/Brain_DEI/brain/install/utils/share/utils/hook/cmake_prefix_path.dsv'
[1.953s] INFO:colcon.colcon_core.shell:Creating environment hook '/uros_ws/Brain_DEI/brain/install/utils/share/utils/hook/cmake_prefix_path.sh'
[1.954s] Level 1:colcon.colcon_core.environment:checking '/uros_ws/Brain_DEI/brain/install/utils/lib'
[1.954s] Level 1:colcon.colcon_core.shell:create_environment_hook('utils', 'ld_library_path_lib')
[1.955s] INFO:colcon.colcon_core.shell:Creating environment hook '/uros_ws/Brain_DEI/brain/install/utils/share/utils/hook/ld_library_path_lib.ps1'
[1.956s] INFO:colcon.colcon_core.shell:Creating environment descriptor '/uros_ws/Brain_DEI/brain/install/utils/share/utils/hook/ld_library_path_lib.dsv'
[1.956s] INFO:colcon.colcon_core.shell:Creating environment hook '/uros_ws/Brain_DEI/brain/install/utils/share/utils/hook/ld_library_path_lib.sh'
[1.957s] Level 1:colcon.colcon_core.environment:checking '/uros_ws/Brain_DEI/brain/install/utils/bin'
[1.958s] Level 1:colcon.colcon_core.environment:checking '/uros_ws/Brain_DEI/brain/install/utils/lib/pkgconfig/utils.pc'
[1.958s] Level 1:colcon.colcon_core.environment:checking '/uros_ws/Brain_DEI/brain/install/utils/lib/python3.12/site-packages'
[1.959s] Level 1:colcon.colcon_core.shell:create_environment_hook('utils', 'pythonpath')
[1.959s] INFO:colcon.colcon_core.shell:Creating environment hook '/uros_ws/Brain_DEI/brain/install/utils/share/utils/hook/pythonpath.ps1'
[1.960s] INFO:colcon.colcon_core.shell:Creating environment descriptor '/uros_ws/Brain_DEI/brain/install/utils/share/utils/hook/pythonpath.dsv'
[1.961s] INFO:colcon.colcon_core.shell:Creating environment hook '/uros_ws/Brain_DEI/brain/install/utils/share/utils/hook/pythonpath.sh'
[1.963s] Level 1:colcon.colcon_core.environment:checking '/uros_ws/Brain_DEI/brain/install/utils/bin'
[1.964s] INFO:colcon.colcon_core.shell:Creating package script '/uros_ws/Brain_DEI/brain/install/utils/share/utils/package.ps1'
[1.966s] INFO:colcon.colcon_core.shell:Creating package descriptor '/uros_ws/Brain_DEI/brain/install/utils/share/utils/package.dsv'
[1.967s] INFO:colcon.colcon_core.shell:Creating package script '/uros_ws/Brain_DEI/brain/install/utils/share/utils/package.sh'
[1.969s] INFO:colcon.colcon_core.shell:Creating package script '/uros_ws/Brain_DEI/brain/install/utils/share/utils/package.bash'
[1.970s] INFO:colcon.colcon_core.shell:Creating package script '/uros_ws/Brain_DEI/brain/install/utils/share/utils/package.zsh'
[1.971s] Level 1:colcon.colcon_core.environment:create_file_with_runtime_dependencies(/uros_ws/Brain_DEI/brain/install/utils/share/colcon-core/packages/utils)
[1.973s] INFO:colcon.colcon_ros.task.ament_python.build:Building ROS package in '/uros_ws/Brain_DEI/brain/src/input' with build type 'ament_python'
[1.973s] Level 1:colcon.colcon_core.shell:create_environment_hook('input', 'ament_prefix_path')
[1.974s] INFO:colcon.colcon_core.shell:Creating environment hook '/uros_ws/Brain_DEI/brain/install/input/share/input/hook/ament_prefix_path.ps1'
[1.976s] INFO:colcon.colcon_core.shell:Creating environment descriptor '/uros_ws/Brain_DEI/brain/install/input/share/input/hook/ament_prefix_path.dsv'
[1.979s] INFO:colcon.colcon_core.shell:Creating environment hook '/uros_ws/Brain_DEI/brain/install/input/share/input/hook/ament_prefix_path.sh'
[1.982s] INFO:colcon.colcon_core.shell:Skip shell extension 'powershell' for command environment: Not usable outside of PowerShell
[1.982s] DEBUG:colcon.colcon_core.shell:Skip shell extension 'dsv' for command environment
[1.993s] INFO:colcon.colcon_ros.task.ament_python.build:Building ROS package in '/uros_ws/Brain_DEI/brain/src/smart/output' with build type 'ament_python'
[1.994s] Level 1:colcon.colcon_core.shell:create_environment_hook('output', 'ament_prefix_path')
[1.995s] INFO:colcon.colcon_core.shell:Creating environment hook '/uros_ws/Brain_DEI/brain/install/output/share/output/hook/ament_prefix_path.ps1'
[1.996s] INFO:colcon.colcon_core.shell:Creating environment descriptor '/uros_ws/Brain_DEI/brain/install/output/share/output/hook/ament_prefix_path.dsv'
[1.997s] INFO:colcon.colcon_core.shell:Creating environment hook '/uros_ws/Brain_DEI/brain/install/output/share/output/hook/ament_prefix_path.sh'
[2.000s] INFO:colcon.colcon_core.shell:Skip shell extension 'powershell' for command environment: Not usable outside of PowerShell
[2.000s] DEBUG:colcon.colcon_core.shell:Skip shell extension 'dsv' for command environment
[2.009s] INFO:colcon.colcon_ros.task.ament_python.build:Building ROS package in '/uros_ws/Brain_DEI/brain/src/unix_out' with build type 'ament_python'
[2.010s] Level 1:colcon.colcon_core.shell:create_environment_hook('unix_out', 'ament_prefix_path')
[2.011s] INFO:colcon.colcon_core.shell:Creating environment hook '/uros_ws/Brain_DEI/brain/install/unix_out/share/unix_out/hook/ament_prefix_path.ps1'
[2.013s] INFO:colcon.colcon_core.shell:Creating environment descriptor '/uros_ws/Brain_DEI/brain/install/unix_out/share/unix_out/hook/ament_prefix_path.dsv'
[2.014s] INFO:colcon.colcon_core.shell:Creating environment hook '/uros_ws/Brain_DEI/brain/install/unix_out/share/unix_out/hook/ament_prefix_path.sh'
[2.016s] INFO:colcon.colcon_core.shell:Skip shell extension 'powershell' for command environment: Not usable outside of PowerShell
[2.016s] DEBUG:colcon.colcon_core.shell:Skip shell extension 'dsv' for command environment
[2.569s] INFO:colcon.colcon_core.task.python.build:Building Python package in '/uros_ws/Brain_DEI/brain/src/input'
[2.570s] INFO:colcon.colcon_core.shell:Skip shell extension 'powershell' for command environment: Not usable outside of PowerShell
[2.570s] DEBUG:colcon.colcon_core.shell:Skip shell extension 'dsv' for command environment
[3.047s] INFO:colcon.colcon_core.task.python.build:Building Python package in '/uros_ws/Brain_DEI/brain/src/smart/output'
[3.050s] INFO:colcon.colcon_core.shell:Skip shell extension 'powershell' for command environment: Not usable outside of PowerShell
[3.050s] DEBUG:colcon.colcon_core.shell:Skip shell extension 'dsv' for command environment
[3.546s] INFO:colcon.colcon_core.task.python.build:Building Python package in '/uros_ws/Brain_DEI/brain/src/unix_out'
[3.548s] INFO:colcon.colcon_core.shell:Skip shell extension 'powershell' for command environment: Not usable outside of PowerShell
[3.548s] DEBUG:colcon.colcon_core.shell:Skip shell extension 'dsv' for command environment
[4.868s] DEBUG:colcon.colcon_core.event_handler.log_command:Invoking command in '/uros_ws/Brain_DEI/brain/src/input': PYTHONPATH=/uros_ws/Brain_DEI/brain/build/input/prefix_override:/usr/lib/python3/dist-packages/colcon_core/task/python/colcon_distutils_commands:/uros_ws/Brain_DEI/brain/install/input/lib/python3.12/site-packages:/uros_ws/Brain_DEI/brain/install/utils/lib/python3.12/site-packages:/uros_ws/Brain_DEI/brain/install/unix_out/lib/python3.12/site-packages:/uros_ws/Brain_DEI/brain/install/output/lib/python3.12/site-packages:/uros_ws/Brain_DEI/brain/install/input/lib/python3.12/site-packages:/uros_ws/install/micro_ros_msgs/lib/python3.12/site-packages:/opt/ros/jazzy/lib/python3.12/site-packages /usr/bin/python3 -W ignore:setup.py install is deprecated -W ignore:easy_install command is deprecated setup.py egg_info --egg-base ../../build/input build --build-base /uros_ws/Brain_DEI/brain/build/input/build install --record /uros_ws/Brain_DEI/brain/build/input/install.log --single-version-externally-managed install_data
[5.067s] DEBUG:colcon.colcon_core.event_handler.log_command:Invoking command in '/uros_ws/Brain_DEI/brain/src/smart/output': PYTHONPATH=/uros_ws/Brain_DEI/brain/build/output/prefix_override:/usr/lib/python3/dist-packages/colcon_core/task/python/colcon_distutils_commands:/uros_ws/Brain_DEI/brain/install/output/lib/python3.12/site-packages:/uros_ws/Brain_DEI/brain/install/utils/lib/python3.12/site-packages:/uros_ws/Brain_DEI/brain/install/unix_out/lib/python3.12/site-packages:/uros_ws/Brain_DEI/brain/install/output/lib/python3.12/site-packages:/uros_ws/Brain_DEI/brain/install/input/lib/python3.12/site-packages:/uros_ws/install/micro_ros_msgs/lib/python3.12/site-packages:/opt/ros/jazzy/lib/python3.12/site-packages /usr/bin/python3 -W ignore:setup.py install is deprecated -W ignore:easy_install command is deprecated setup.py egg_info --egg-base ../../../build/output build --build-base /uros_ws/Brain_DEI/brain/build/output/build install --record /uros_ws/Brain_DEI/brain/build/output/install.log --single-version-externally-managed install_data
[5.156s] DEBUG:colcon.colcon_core.event_handler.log_command:Invoking command in '/uros_ws/Brain_DEI/brain/src/unix_out': PYTHONPATH=/uros_ws/Brain_DEI/brain/build/unix_out/prefix_override:/usr/lib/python3/dist-packages/colcon_core/task/python/colcon_distutils_commands:/uros_ws/Brain_DEI/brain/install/unix_out/lib/python3.12/site-packages:/uros_ws/Brain_DEI/brain/install/utils/lib/python3.12/site-packages:/uros_ws/Brain_DEI/brain/install/unix_out/lib/python3.12/site-packages:/uros_ws/Brain_DEI/brain/install/output/lib/python3.12/site-packages:/uros_ws/Brain_DEI/brain/install/input/lib/python3.12/site-packages:/uros_ws/install/micro_ros_msgs/lib/python3.12/site-packages:/opt/ros/jazzy/lib/python3.12/site-packages /usr/bin/python3 -W ignore:setup.py install is deprecated -W ignore:easy_install command is deprecated setup.py egg_info --egg-base ../../build/unix_out build --build-base /uros_ws/Brain_DEI/brain/build/unix_out/build install --record /uros_ws/Brain_DEI/brain/build/unix_out/install.log --single-version-externally-managed install_data
[6.024s] Level 1:colcon.colcon_core.environment:checking '/uros_ws/Brain_DEI/brain/install/input' for CMake module files
[6.025s] DEBUG:colcon.colcon_core.event_handler.log_command:Invoked command in '/uros_ws/Brain_DEI/brain/src/input' returned '0': PYTHONPATH=/uros_ws/Brain_DEI/brain/build/input/prefix_override:/usr/lib/python3/dist-packages/colcon_core/task/python/colcon_distutils_commands:/uros_ws/Brain_DEI/brain/install/input/lib/python3.12/site-packages:/uros_ws/Brain_DEI/brain/install/utils/lib/python3.12/site-packages:/uros_ws/Brain_DEI/brain/install/unix_out/lib/python3.12/site-packages:/uros_ws/Brain_DEI/brain/install/output/lib/python3.12/site-packages:/uros_ws/Brain_DEI/brain/install/input/lib/python3.12/site-packages:/uros_ws/install/micro_ros_msgs/lib/python3.12/site-packages:/opt/ros/jazzy/lib/python3.12/site-packages /usr/bin/python3 -W ignore:setup.py install is deprecated -W ignore:easy_install command is deprecated setup.py egg_info --egg-base ../../build/input build --build-base /uros_ws/Brain_DEI/brain/build/input/build install --record /uros_ws/Brain_DEI/brain/build/input/install.log --single-version-externally-managed install_data
[6.026s] Level 1:colcon.colcon_core.environment:checking '/uros_ws/Brain_DEI/brain/install/input' for CMake config files
[6.029s] Level 1:colcon.colcon_core.environment:checking '/uros_ws/Brain_DEI/brain/install/input/lib'
[6.029s] Level 1:colcon.colcon_core.environment:checking '/uros_ws/Brain_DEI/brain/install/input/bin'
[6.030s] Level 1:colcon.colcon_core.environment:checking '/uros_ws/Brain_DEI/brain/install/input/lib/pkgconfig/input.pc'
[6.030s] Level 1:colcon.colcon_core.environment:checking '/uros_ws/Brain_DEI/brain/install/input/lib/python3.12/site-packages'
[6.030s] Level 1:colcon.colcon_core.shell:create_environment_hook('input', 'pythonpath')
[6.031s] INFO:colcon.colcon_core.shell:Creating environment hook '/uros_ws/Brain_DEI/brain/install/input/share/input/hook/pythonpath.ps1'
[6.032s] INFO:colcon.colcon_core.shell:Creating environment descriptor '/uros_ws/Brain_DEI/brain/install/input/share/input/hook/pythonpath.dsv'
[6.038s] INFO:colcon.colcon_core.shell:Creating environment hook '/uros_ws/Brain_DEI/brain/install/input/share/input/hook/pythonpath.sh'
[6.042s] Level 1:colcon.colcon_core.environment:checking '/uros_ws/Brain_DEI/brain/install/input/bin'
[6.042s] Level 1:colcon.colcon_core.environment:create_environment_scripts_only(input)
[6.043s] INFO:colcon.colcon_core.shell:Creating package script '/uros_ws/Brain_DEI/brain/install/input/share/input/package.ps1'
[6.045s] INFO:colcon.colcon_core.shell:Creating package descriptor '/uros_ws/Brain_DEI/brain/install/input/share/input/package.dsv'
[6.046s] INFO:colcon.colcon_core.shell:Creating package script '/uros_ws/Brain_DEI/brain/install/input/share/input/package.sh'
[6.048s] INFO:colcon.colcon_core.shell:Creating package script '/uros_ws/Brain_DEI/brain/install/input/share/input/package.bash'
[6.049s] INFO:colcon.colcon_core.shell:Creating package script '/uros_ws/Brain_DEI/brain/install/input/share/input/package.zsh'
[6.050s] Level 1:colcon.colcon_core.environment:create_file_with_runtime_dependencies(/uros_ws/Brain_DEI/brain/install/input/share/colcon-core/packages/input)
[6.356s] Level 1:colcon.colcon_core.environment:checking '/uros_ws/Brain_DEI/brain/install/output' for CMake module files
[6.357s] Level 1:colcon.colcon_core.environment:checking '/uros_ws/Brain_DEI/brain/install/output' for CMake config files
[6.358s] Level 1:colcon.colcon_core.environment:checking '/uros_ws/Brain_DEI/brain/install/output/lib'
[6.358s] Level 1:colcon.colcon_core.environment:checking '/uros_ws/Brain_DEI/brain/install/output/bin'
[6.358s] Level 1:colcon.colcon_core.environment:checking '/uros_ws/Brain_DEI/brain/install/output/lib/pkgconfig/output.pc'
[6.359s] Level 1:colcon.colcon_core.environment:checking '/uros_ws/Brain_DEI/brain/install/output/lib/python3.12/site-packages'
[6.359s] Level 1:colcon.colcon_core.shell:create_environment_hook('output', 'pythonpath')
[6.360s] INFO:colcon.colcon_core.shell:Creating environment hook '/uros_ws/Brain_DEI/brain/install/output/share/output/hook/pythonpath.ps1'
[6.362s] DEBUG:colcon.colcon_core.event_handler.log_command:Invoked command in '/uros_ws/Brain_DEI/brain/src/smart/output' returned '0': PYTHONPATH=/uros_ws/Brain_DEI/brain/build/output/prefix_override:/usr/lib/python3/dist-packages/colcon_core/task/python/colcon_distutils_commands:/uros_ws/Brain_DEI/brain/install/output/lib/python3.12/site-packages:/uros_ws/Brain_DEI/brain/install/utils/lib/python3.12/site-packages:/uros_ws/Brain_DEI/brain/install/unix_out/lib/python3.12/site-packages:/uros_ws/Brain_DEI/brain/install/output/lib/python3.12/site-packages:/uros_ws/Brain_DEI/brain/install/input/lib/python3.12/site-packages:/uros_ws/install/micro_ros_msgs/lib/python3.12/site-packages:/opt/ros/jazzy/lib/python3.12/site-packages /usr/bin/python3 -W ignore:setup.py install is deprecated -W ignore:easy_install command is deprecated setup.py egg_info --egg-base ../../../build/output build --build-base /uros_ws/Brain_DEI/brain/build/output/build install --record /uros_ws/Brain_DEI/brain/build/output/install.log --single-version-externally-managed install_data
[6.362s] INFO:colcon.colcon_core.shell:Creating environment descriptor '/uros_ws/Brain_DEI/brain/install/output/share/output/hook/pythonpath.dsv'
[6.364s] INFO:colcon.colcon_core.shell:Creating environment hook '/uros_ws/Brain_DEI/brain/install/output/share/output/hook/pythonpath.sh'
[6.367s] Level 1:colcon.colcon_core.environment:checking '/uros_ws/Brain_DEI/brain/install/output/bin'
[6.368s] Level 1:colcon.colcon_core.environment:create_environment_scripts_only(output)
[6.368s] INFO:colcon.colcon_core.shell:Creating package script '/uros_ws/Brain_DEI/brain/install/output/share/output/package.ps1'
[6.371s] INFO:colcon.colcon_core.shell:Creating package descriptor '/uros_ws/Brain_DEI/brain/install/output/share/output/package.dsv'
[6.373s] INFO:colcon.colcon_core.shell:Creating package script '/uros_ws/Brain_DEI/brain/install/output/share/output/package.sh'
[6.374s] INFO:colcon.colcon_core.shell:Creating package script '/uros_ws/Brain_DEI/brain/install/output/share/output/package.bash'
[6.375s] INFO:colcon.colcon_core.shell:Creating package script '/uros_ws/Brain_DEI/brain/install/output/share/output/package.zsh'
[6.375s] Level 1:colcon.colcon_core.environment:create_file_with_runtime_dependencies(/uros_ws/Brain_DEI/brain/install/output/share/colcon-core/packages/output)
[6.474s] Level 1:colcon.colcon_core.environment:checking '/uros_ws/Brain_DEI/brain/install/unix_out' for CMake module files
[6.475s] Level 1:colcon.colcon_core.environment:checking '/uros_ws/Brain_DEI/brain/install/unix_out' for CMake config files
[6.476s] DEBUG:colcon.colcon_core.event_handler.log_command:Invoked command in '/uros_ws/Brain_DEI/brain/src/unix_out' returned '0': PYTHONPATH=/uros_ws/Brain_DEI/brain/build/unix_out/prefix_override:/usr/lib/python3/dist-packages/colcon_core/task/python/colcon_distutils_commands:/uros_ws/Brain_DEI/brain/install/unix_out/lib/python3.12/site-packages:/uros_ws/Brain_DEI/brain/install/utils/lib/python3.12/site-packages:/uros_ws/Brain_DEI/brain/install/unix_out/lib/python3.12/site-packages:/uros_ws/Brain_DEI/brain/install/output/lib/python3.12/site-packages:/uros_ws/Brain_DEI/brain/install/input/lib/python3.12/site-packages:/uros_ws/install/micro_ros_msgs/lib/python3.12/site-packages:/opt/ros/jazzy/lib/python3.12/site-packages /usr/bin/python3 -W ignore:setup.py install is deprecated -W ignore:easy_install command is deprecated setup.py egg_info --egg-base ../../build/unix_out build --build-base /uros_ws/Brain_DEI/brain/build/unix_out/build install --record /uros_ws/Brain_DEI/brain/build/unix_out/install.log --single-version-externally-managed install_data
[6.478s] Level 1:colcon.colcon_core.environment:checking '/uros_ws/Brain_DEI/brain/install/unix_out/lib'
[6.478s] Level 1:colcon.colcon_core.environment:checking '/uros_ws/Brain_DEI/brain/install/unix_out/bin'
[6.478s] Level 1:colcon.colcon_core.environment:checking '/uros_ws/Brain_DEI/brain/install/unix_out/lib/pkgconfig/unix_out.pc'
[6.478s] Level 1:colcon.colcon_core.environment:checking '/uros_ws/Brain_DEI/brain/install/unix_out/lib/python3.12/site-packages'
[6.479s] Level 1:colcon.colcon_core.shell:create_environment_hook('unix_out', 'pythonpath')
[6.479s] INFO:colcon.colcon_core.shell:Creating environment hook '/uros_ws/Brain_DEI/brain/install/unix_out/share/unix_out/hook/pythonpath.ps1'
[6.480s] INFO:colcon.colcon_core.shell:Creating environment descriptor '/uros_ws/Brain_DEI/brain/install/unix_out/share/unix_out/hook/pythonpath.dsv'
[6.481s] INFO:colcon.colcon_core.shell:Creating environment hook '/uros_ws/Brain_DEI/brain/install/unix_out/share/unix_out/hook/pythonpath.sh'
[6.483s] Level 1:colcon.colcon_core.environment:checking '/uros_ws/Brain_DEI/brain/install/unix_out/bin'
[6.484s] Level 1:colcon.colcon_core.environment:create_environment_scripts_only(unix_out)
[6.484s] INFO:colcon.colcon_core.shell:Creating package script '/uros_ws/Brain_DEI/brain/install/unix_out/share/unix_out/package.ps1'
[6.486s] INFO:colcon.colcon_core.shell:Creating package descriptor '/uros_ws/Brain_DEI/brain/install/unix_out/share/unix_out/package.dsv'
[6.487s] INFO:colcon.colcon_core.shell:Creating package script '/uros_ws/Brain_DEI/brain/install/unix_out/share/unix_out/package.sh'
[6.488s] INFO:colcon.colcon_core.shell:Creating package script '/uros_ws/Brain_DEI/brain/install/unix_out/share/unix_out/package.bash'
[6.488s] INFO:colcon.colcon_core.shell:Creating package script '/uros_ws/Brain_DEI/brain/install/unix_out/share/unix_out/package.zsh'
[6.489s] Level 1:colcon.colcon_core.environment:create_file_with_runtime_dependencies(/uros_ws/Brain_DEI/brain/install/unix_out/share/colcon-core/packages/unix_out)
[6.490s] DEBUG:colcon.colcon_parallel_executor.executor.parallel:closing loop
[6.490s] DEBUG:colcon.colcon_parallel_executor.executor.parallel:loop closed
[6.491s] DEBUG:colcon.colcon_parallel_executor.executor.parallel:run_until_complete finished with '0'
[6.491s] DEBUG:colcon.colcon_core.event_reactor:joining thread
[6.517s] INFO:colcon.colcon_core.plugin_system:Skipping extension 'colcon_notification.desktop_notification.notify_send': Could not find 'notify-send'
[6.517s] INFO:colcon.colcon_core.plugin_system:Skipping extension 'colcon_notification.desktop_notification.terminal_notifier': Not used on non-Darwin systems
[6.517s] INFO:colcon.colcon_core.plugin_system:Skipping extension 'colcon_notification.desktop_notification.win32': Not used on non-Windows systems
[6.517s] INFO:colcon.colcon_notification.desktop_notification:Sending desktop notification using 'notify2'
[6.526s] DEBUG:colcon.colcon_notification.desktop_notification.notify2:Failed to initialize notify2: org.freedesktop.DBus.Error.Spawn.ExecFailed: /usr/bin/dbus-launch terminated abnormally without any error message
[6.528s] DEBUG:colcon.colcon_core.event_reactor:joined thread
[6.530s] INFO:colcon.colcon_core.shell:Creating prefix script '/uros_ws/Brain_DEI/brain/install/local_setup.ps1'
[6.533s] INFO:colcon.colcon_core.shell:Creating prefix util module '/uros_ws/Brain_DEI/brain/install/_local_setup_util_ps1.py'
[6.537s] INFO:colcon.colcon_core.shell:Creating prefix chain script '/uros_ws/Brain_DEI/brain/install/setup.ps1'
[6.546s] INFO:colcon.colcon_core.shell:Creating prefix script '/uros_ws/Brain_DEI/brain/install/local_setup.sh'
[6.548s] INFO:colcon.colcon_core.shell:Creating prefix util module '/uros_ws/Brain_DEI/brain/install/_local_setup_util_sh.py'
[6.550s] INFO:colcon.colcon_core.shell:Creating prefix chain script '/uros_ws/Brain_DEI/brain/install/setup.sh'
[6.554s] INFO:colcon.colcon_core.shell:Creating prefix script '/uros_ws/Brain_DEI/brain/install/local_setup.bash'
[6.556s] INFO:colcon.colcon_core.shell:Creating prefix chain script '/uros_ws/Brain_DEI/brain/install/setup.bash'
[6.560s] INFO:colcon.colcon_core.shell:Creating prefix script '/uros_ws/Brain_DEI/brain/install/local_setup.zsh'
[6.561s] INFO:colcon.colcon_core.shell:Creating prefix chain script '/uros_ws/Brain_DEI/brain/install/setup.zsh'
