[0.207s] DEBUG:colcon:Command line arguments: ['/usr/bin/colcon', 'build']
[0.207s] DEBUG:colcon:Parsed command line arguments: Namespace(log_base=None, log_level=None, verb_name='build', build_base='build', install_base='install', merge_install=False, symlink_install=False, test_result_base=None, continue_on_error=False, executor='parallel', parallel_workers=6, event_handlers=None, ignore_user_meta=False, metas=['./colcon.meta'], base_paths=['.'], packages_ignore=None, packages_ignore_regex=None, paths=None, packages_up_to=None, packages_up_to_regex=None, packages_above=None, packages_above_and_dependencies=None, packages_above_depth=None, packages_select_by_dep=None, packages_skip_by_dep=None, packages_skip_up_to=None, packages_select_build_failed=False, packages_skip_build_finished=False, packages_select_test_failures=False, packages_skip_test_passed=False, packages_select=None, packages_skip=None, packages_select_regex=None, packages_skip_regex=None, packages_start=None, packages_end=None, allow_overriding=[], cmake_args=None, cmake_target=None, cmake_target_skip_unavailable=False, cmake_clean_cache=False, cmake_clean_first=False, cmake_force_configure=False, ament_cmake_args=None, catkin_cmake_args=None, catkin_skip_building_tests=False, verb_parser=<colcon_defaults.argument_parser.defaults.DefaultArgumentsDecorator object at 0xffffb1e69d60>, verb_extension=<colcon_core.verb.build.BuildVerb object at 0xffffb1e69040>, main=<bound method BuildVerb.main of <colcon_core.verb.build.BuildVerb object at 0xffffb1e69040>>)
[0.282s] Level 1:colcon.colcon_core.package_discovery:discover_packages(colcon_meta) check parameters
[0.282s] Level 1:colcon.colcon_core.package_discovery:discover_packages(recursive) check parameters
[0.282s] Level 1:colcon.colcon_core.package_discovery:discover_packages(ignore) check parameters
[0.282s] Level 1:colcon.colcon_core.package_discovery:discover_packages(path) check parameters
[0.282s] Level 1:colcon.colcon_core.package_discovery:discover_packages(colcon_meta) discover
[0.283s] Level 1:colcon.colcon_core.package_discovery:discover_packages(recursive) discover
[0.283s] INFO:colcon.colcon_core.package_discovery:Crawling recursively for packages in '/uros_ws/Brain_DEI/brain'
[0.283s] Level 1:colcon.colcon_core.package_identification:_identify(.) by extensions ['ignore', 'ignore_ament_install']
[0.283s] Level 1:colcon.colcon_core.package_identification:_identify(.) by extension 'ignore'
[0.283s] Level 1:colcon.colcon_core.package_identification:_identify(.) by extension 'ignore_ament_install'
[0.283s] Level 1:colcon.colcon_core.package_identification:_identify(.) by extensions ['colcon_pkg']
[0.283s] Level 1:colcon.colcon_core.package_identification:_identify(.) by extension 'colcon_pkg'
[0.284s] Level 1:colcon.colcon_core.package_identification:_identify(.) by extensions ['colcon_meta']
[0.284s] Level 1:colcon.colcon_core.package_identification:_identify(.) by extension 'colcon_meta'
[0.284s] Level 1:colcon.colcon_core.package_identification:_identify(.) by extensions ['ros']
[0.284s] Level 1:colcon.colcon_core.package_identification:_identify(.) by extension 'ros'
[0.334s] Level 1:colcon.colcon_core.package_identification:_identify(.) by extensions ['cmake', 'python']
[0.334s] Level 1:colcon.colcon_core.package_identification:_identify(.) by extension 'cmake'
[0.334s] Level 1:colcon.colcon_core.package_identification:_identify(.) by extension 'python'
[0.334s] Level 1:colcon.colcon_core.package_identification:_identify(.) by extensions ['python_setup_py']
[0.334s] Level 1:colcon.colcon_core.package_identification:_identify(.) by extension 'python_setup_py'
[0.335s] Level 1:colcon.colcon_core.package_identification:_identify(build) by extensions ['ignore', 'ignore_ament_install']
[0.335s] Level 1:colcon.colcon_core.package_identification:_identify(build) by extension 'ignore'
[0.335s] Level 1:colcon.colcon_core.package_identification:_identify(build) ignored
[0.336s] Level 1:colcon.colcon_core.package_identification:_identify(install) by extensions ['ignore', 'ignore_ament_install']
[0.336s] Level 1:colcon.colcon_core.package_identification:_identify(install) by extension 'ignore'
[0.336s] Level 1:colcon.colcon_core.package_identification:_identify(install) ignored
[0.336s] Level 1:colcon.colcon_core.package_identification:_identify(log) by extensions ['ignore', 'ignore_ament_install']
[0.336s] Level 1:colcon.colcon_core.package_identification:_identify(log) by extension 'ignore'
[0.336s] Level 1:colcon.colcon_core.package_identification:_identify(log) ignored
[0.337s] Level 1:colcon.colcon_core.package_identification:_identify(src) by extensions ['ignore', 'ignore_ament_install']
[0.337s] Level 1:colcon.colcon_core.package_identification:_identify(src) by extension 'ignore'
[0.337s] Level 1:colcon.colcon_core.package_identification:_identify(src) by extension 'ignore_ament_install'
[0.337s] Level 1:colcon.colcon_core.package_identification:_identify(src) by extensions ['colcon_pkg']
[0.337s] Level 1:colcon.colcon_core.package_identification:_identify(src) by extension 'colcon_pkg'
[0.337s] Level 1:colcon.colcon_core.package_identification:_identify(src) by extensions ['colcon_meta']
[0.337s] Level 1:colcon.colcon_core.package_identification:_identify(src) by extension 'colcon_meta'
[0.337s] Level 1:colcon.colcon_core.package_identification:_identify(src) by extensions ['ros']
[0.337s] Level 1:colcon.colcon_core.package_identification:_identify(src) by extension 'ros'
[0.338s] Level 1:colcon.colcon_core.package_identification:_identify(src) by extensions ['cmake', 'python']
[0.338s] Level 1:colcon.colcon_core.package_identification:_identify(src) by extension 'cmake'
[0.338s] Level 1:colcon.colcon_core.package_identification:_identify(src) by extension 'python'
[0.338s] Level 1:colcon.colcon_core.package_identification:_identify(src) by extensions ['python_setup_py']
[0.338s] Level 1:colcon.colcon_core.package_identification:_identify(src) by extension 'python_setup_py'
[0.338s] Level 1:colcon.colcon_core.package_identification:_identify(src/control) by extensions ['ignore', 'ignore_ament_install']
[0.338s] Level 1:colcon.colcon_core.package_identification:_identify(src/control) by extension 'ignore'
[0.338s] Level 1:colcon.colcon_core.package_identification:_identify(src/control) by extension 'ignore_ament_install'
[0.338s] Level 1:colcon.colcon_core.package_identification:_identify(src/control) by extensions ['colcon_pkg']
[0.338s] Level 1:colcon.colcon_core.package_identification:_identify(src/control) by extension 'colcon_pkg'
[0.339s] Level 1:colcon.colcon_core.package_identification:_identify(src/control) by extensions ['colcon_meta']
[0.339s] Level 1:colcon.colcon_core.package_identification:_identify(src/control) by extension 'colcon_meta'
[0.339s] Level 1:colcon.colcon_core.package_identification:_identify(src/control) by extensions ['ros']
[0.339s] Level 1:colcon.colcon_core.package_identification:_identify(src/control) by extension 'ros'
[0.339s] Level 1:colcon.colcon_core.package_identification:_identify(src/control) by extensions ['cmake', 'python']
[0.339s] Level 1:colcon.colcon_core.package_identification:_identify(src/control) by extension 'cmake'
[0.339s] Level 1:colcon.colcon_core.package_identification:_identify(src/control) by extension 'python'
[0.339s] Level 1:colcon.colcon_core.package_identification:_identify(src/control) by extensions ['python_setup_py']
[0.339s] Level 1:colcon.colcon_core.package_identification:_identify(src/control) by extension 'python_setup_py'
[0.339s] Level 1:colcon.colcon_core.package_identification:_identify(src/control/src) by extensions ['ignore', 'ignore_ament_install']
[0.340s] Level 1:colcon.colcon_core.package_identification:_identify(src/control/src) by extension 'ignore'
[0.340s] Level 1:colcon.colcon_core.package_identification:_identify(src/control/src) by extension 'ignore_ament_install'
[0.340s] Level 1:colcon.colcon_core.package_identification:_identify(src/control/src) by extensions ['colcon_pkg']
[0.340s] Level 1:colcon.colcon_core.package_identification:_identify(src/control/src) by extension 'colcon_pkg'
[0.340s] Level 1:colcon.colcon_core.package_identification:_identify(src/control/src) by extensions ['colcon_meta']
[0.340s] Level 1:colcon.colcon_core.package_identification:_identify(src/control/src) by extension 'colcon_meta'
[0.340s] Level 1:colcon.colcon_core.package_identification:_identify(src/control/src) by extensions ['ros']
[0.340s] Level 1:colcon.colcon_core.package_identification:_identify(src/control/src) by extension 'ros'
[0.340s] Level 1:colcon.colcon_core.package_identification:_identify(src/control/src) by extensions ['cmake', 'python']
[0.341s] Level 1:colcon.colcon_core.package_identification:_identify(src/control/src) by extension 'cmake'
[0.341s] Level 1:colcon.colcon_core.package_identification:_identify(src/control/src) by extension 'python'
[0.341s] Level 1:colcon.colcon_core.package_identification:_identify(src/control/src) by extensions ['python_setup_py']
[0.341s] Level 1:colcon.colcon_core.package_identification:_identify(src/control/src) by extension 'python_setup_py'
[0.341s] Level 1:colcon.colcon_core.package_identification:_identify(src/input) by extensions ['ignore', 'ignore_ament_install']
[0.341s] Level 1:colcon.colcon_core.package_identification:_identify(src/input) by extension 'ignore'
[0.341s] Level 1:colcon.colcon_core.package_identification:_identify(src/input) by extension 'ignore_ament_install'
[0.341s] Level 1:colcon.colcon_core.package_identification:_identify(src/input) by extensions ['colcon_pkg']
[0.341s] Level 1:colcon.colcon_core.package_identification:_identify(src/input) by extension 'colcon_pkg'
[0.342s] Level 1:colcon.colcon_core.package_identification:_identify(src/input) by extensions ['colcon_meta']
[0.342s] Level 1:colcon.colcon_core.package_identification:_identify(src/input) by extension 'colcon_meta'
[0.342s] Level 1:colcon.colcon_core.package_identification:_identify(src/input) by extensions ['ros']
[0.342s] Level 1:colcon.colcon_core.package_identification:_identify(src/input) by extension 'ros'
[0.348s] DEBUG:colcon.colcon_core.package_identification:Package 'src/input' with type 'ros.ament_python' and name 'input'
[0.349s] Level 1:colcon.colcon_core.package_identification:_identify(src/smart) by extensions ['ignore', 'ignore_ament_install']
[0.349s] Level 1:colcon.colcon_core.package_identification:_identify(src/smart) by extension 'ignore'
[0.349s] Level 1:colcon.colcon_core.package_identification:_identify(src/smart) by extension 'ignore_ament_install'
[0.349s] Level 1:colcon.colcon_core.package_identification:_identify(src/smart) by extensions ['colcon_pkg']
[0.349s] Level 1:colcon.colcon_core.package_identification:_identify(src/smart) by extension 'colcon_pkg'
[0.349s] Level 1:colcon.colcon_core.package_identification:_identify(src/smart) by extensions ['colcon_meta']
[0.349s] Level 1:colcon.colcon_core.package_identification:_identify(src/smart) by extension 'colcon_meta'
[0.350s] Level 1:colcon.colcon_core.package_identification:_identify(src/smart) by extensions ['ros']
[0.350s] Level 1:colcon.colcon_core.package_identification:_identify(src/smart) by extension 'ros'
[0.350s] Level 1:colcon.colcon_core.package_identification:_identify(src/smart) by extensions ['cmake', 'python']
[0.350s] Level 1:colcon.colcon_core.package_identification:_identify(src/smart) by extension 'cmake'
[0.350s] Level 1:colcon.colcon_core.package_identification:_identify(src/smart) by extension 'python'
[0.350s] Level 1:colcon.colcon_core.package_identification:_identify(src/smart) by extensions ['python_setup_py']
[0.350s] Level 1:colcon.colcon_core.package_identification:_identify(src/smart) by extension 'python_setup_py'
[0.350s] Level 1:colcon.colcon_core.package_identification:_identify(src/smart/__pycache__) by extensions ['ignore', 'ignore_ament_install']
[0.351s] Level 1:colcon.colcon_core.package_identification:_identify(src/smart/__pycache__) by extension 'ignore'
[0.351s] Level 1:colcon.colcon_core.package_identification:_identify(src/smart/__pycache__) by extension 'ignore_ament_install'
[0.351s] Level 1:colcon.colcon_core.package_identification:_identify(src/smart/__pycache__) by extensions ['colcon_pkg']
[0.351s] Level 1:colcon.colcon_core.package_identification:_identify(src/smart/__pycache__) by extension 'colcon_pkg'
[0.351s] Level 1:colcon.colcon_core.package_identification:_identify(src/smart/__pycache__) by extensions ['colcon_meta']
[0.351s] Level 1:colcon.colcon_core.package_identification:_identify(src/smart/__pycache__) by extension 'colcon_meta'
[0.351s] Level 1:colcon.colcon_core.package_identification:_identify(src/smart/__pycache__) by extensions ['ros']
[0.351s] Level 1:colcon.colcon_core.package_identification:_identify(src/smart/__pycache__) by extension 'ros'
[0.351s] Level 1:colcon.colcon_core.package_identification:_identify(src/smart/__pycache__) by extensions ['cmake', 'python']
[0.351s] Level 1:colcon.colcon_core.package_identification:_identify(src/smart/__pycache__) by extension 'cmake'
[0.352s] Level 1:colcon.colcon_core.package_identification:_identify(src/smart/__pycache__) by extension 'python'
[0.352s] Level 1:colcon.colcon_core.package_identification:_identify(src/smart/__pycache__) by extensions ['python_setup_py']
[0.352s] Level 1:colcon.colcon_core.package_identification:_identify(src/smart/__pycache__) by extension 'python_setup_py'
[0.352s] Level 1:colcon.colcon_core.package_identification:_identify(src/smart/data) by extensions ['ignore', 'ignore_ament_install']
[0.352s] Level 1:colcon.colcon_core.package_identification:_identify(src/smart/data) by extension 'ignore'
[0.352s] Level 1:colcon.colcon_core.package_identification:_identify(src/smart/data) by extension 'ignore_ament_install'
[0.352s] Level 1:colcon.colcon_core.package_identification:_identify(src/smart/data) by extensions ['colcon_pkg']
[0.352s] Level 1:colcon.colcon_core.package_identification:_identify(src/smart/data) by extension 'colcon_pkg'
[0.352s] Level 1:colcon.colcon_core.package_identification:_identify(src/smart/data) by extensions ['colcon_meta']
[0.352s] Level 1:colcon.colcon_core.package_identification:_identify(src/smart/data) by extension 'colcon_meta'
[0.353s] Level 1:colcon.colcon_core.package_identification:_identify(src/smart/data) by extensions ['ros']
[0.353s] Level 1:colcon.colcon_core.package_identification:_identify(src/smart/data) by extension 'ros'
[0.353s] Level 1:colcon.colcon_core.package_identification:_identify(src/smart/data) by extensions ['cmake', 'python']
[0.353s] Level 1:colcon.colcon_core.package_identification:_identify(src/smart/data) by extension 'cmake'
[0.353s] Level 1:colcon.colcon_core.package_identification:_identify(src/smart/data) by extension 'python'
[0.353s] Level 1:colcon.colcon_core.package_identification:_identify(src/smart/data) by extensions ['python_setup_py']
[0.353s] Level 1:colcon.colcon_core.package_identification:_identify(src/smart/data) by extension 'python_setup_py'
[0.353s] Level 1:colcon.colcon_core.package_identification:_identify(src/smart/extra) by extensions ['ignore', 'ignore_ament_install']
[0.353s] Level 1:colcon.colcon_core.package_identification:_identify(src/smart/extra) by extension 'ignore'
[0.354s] Level 1:colcon.colcon_core.package_identification:_identify(src/smart/extra) by extension 'ignore_ament_install'
[0.354s] Level 1:colcon.colcon_core.package_identification:_identify(src/smart/extra) by extensions ['colcon_pkg']
[0.354s] Level 1:colcon.colcon_core.package_identification:_identify(src/smart/extra) by extension 'colcon_pkg'
[0.354s] Level 1:colcon.colcon_core.package_identification:_identify(src/smart/extra) by extensions ['colcon_meta']
[0.354s] Level 1:colcon.colcon_core.package_identification:_identify(src/smart/extra) by extension 'colcon_meta'
[0.354s] Level 1:colcon.colcon_core.package_identification:_identify(src/smart/extra) by extensions ['ros']
[0.354s] Level 1:colcon.colcon_core.package_identification:_identify(src/smart/extra) by extension 'ros'
[0.354s] Level 1:colcon.colcon_core.package_identification:_identify(src/smart/extra) by extensions ['cmake', 'python']
[0.354s] Level 1:colcon.colcon_core.package_identification:_identify(src/smart/extra) by extension 'cmake'
[0.354s] Level 1:colcon.colcon_core.package_identification:_identify(src/smart/extra) by extension 'python'
[0.355s] Level 1:colcon.colcon_core.package_identification:_identify(src/smart/extra) by extensions ['python_setup_py']
[0.355s] Level 1:colcon.colcon_core.package_identification:_identify(src/smart/extra) by extension 'python_setup_py'
[0.355s] Level 1:colcon.colcon_core.package_identification:_identify(src/smart/extra/__pycache__) by extensions ['ignore', 'ignore_ament_install']
[0.355s] Level 1:colcon.colcon_core.package_identification:_identify(src/smart/extra/__pycache__) by extension 'ignore'
[0.355s] Level 1:colcon.colcon_core.package_identification:_identify(src/smart/extra/__pycache__) by extension 'ignore_ament_install'
[0.355s] Level 1:colcon.colcon_core.package_identification:_identify(src/smart/extra/__pycache__) by extensions ['colcon_pkg']
[0.356s] Level 1:colcon.colcon_core.package_identification:_identify(src/smart/extra/__pycache__) by extension 'colcon_pkg'
[0.356s] Level 1:colcon.colcon_core.package_identification:_identify(src/smart/extra/__pycache__) by extensions ['colcon_meta']
[0.356s] Level 1:colcon.colcon_core.package_identification:_identify(src/smart/extra/__pycache__) by extension 'colcon_meta'
[0.356s] Level 1:colcon.colcon_core.package_identification:_identify(src/smart/extra/__pycache__) by extensions ['ros']
[0.356s] Level 1:colcon.colcon_core.package_identification:_identify(src/smart/extra/__pycache__) by extension 'ros'
[0.356s] Level 1:colcon.colcon_core.package_identification:_identify(src/smart/extra/__pycache__) by extensions ['cmake', 'python']
[0.356s] Level 1:colcon.colcon_core.package_identification:_identify(src/smart/extra/__pycache__) by extension 'cmake'
[0.356s] Level 1:colcon.colcon_core.package_identification:_identify(src/smart/extra/__pycache__) by extension 'python'
[0.356s] Level 1:colcon.colcon_core.package_identification:_identify(src/smart/extra/__pycache__) by extensions ['python_setup_py']
[0.356s] Level 1:colcon.colcon_core.package_identification:_identify(src/smart/extra/__pycache__) by extension 'python_setup_py'
[0.357s] Level 1:colcon.colcon_core.package_identification:_identify(src/smart/extra/traffic_sign_camera) by extensions ['ignore', 'ignore_ament_install']
[0.357s] Level 1:colcon.colcon_core.package_identification:_identify(src/smart/extra/traffic_sign_camera) by extension 'ignore'
[0.357s] Level 1:colcon.colcon_core.package_identification:_identify(src/smart/extra/traffic_sign_camera) by extension 'ignore_ament_install'
[0.357s] Level 1:colcon.colcon_core.package_identification:_identify(src/smart/extra/traffic_sign_camera) by extensions ['colcon_pkg']
[0.357s] Level 1:colcon.colcon_core.package_identification:_identify(src/smart/extra/traffic_sign_camera) by extension 'colcon_pkg'
[0.357s] Level 1:colcon.colcon_core.package_identification:_identify(src/smart/extra/traffic_sign_camera) by extensions ['colcon_meta']
[0.357s] Level 1:colcon.colcon_core.package_identification:_identify(src/smart/extra/traffic_sign_camera) by extension 'colcon_meta'
[0.357s] Level 1:colcon.colcon_core.package_identification:_identify(src/smart/extra/traffic_sign_camera) by extensions ['ros']
[0.357s] Level 1:colcon.colcon_core.package_identification:_identify(src/smart/extra/traffic_sign_camera) by extension 'ros'
[0.357s] Level 1:colcon.colcon_core.package_identification:_identify(src/smart/extra/traffic_sign_camera) by extensions ['cmake', 'python']
[0.358s] Level 1:colcon.colcon_core.package_identification:_identify(src/smart/extra/traffic_sign_camera) by extension 'cmake'
[0.358s] Level 1:colcon.colcon_core.package_identification:_identify(src/smart/extra/traffic_sign_camera) by extension 'python'
[0.358s] Level 1:colcon.colcon_core.package_identification:_identify(src/smart/extra/traffic_sign_camera) by extensions ['python_setup_py']
[0.358s] Level 1:colcon.colcon_core.package_identification:_identify(src/smart/extra/traffic_sign_camera) by extension 'python_setup_py'
[0.358s] Level 1:colcon.colcon_core.package_identification:_identify(src/smart/logs) by extensions ['ignore', 'ignore_ament_install']
[0.358s] Level 1:colcon.colcon_core.package_identification:_identify(src/smart/logs) by extension 'ignore'
[0.358s] Level 1:colcon.colcon_core.package_identification:_identify(src/smart/logs) by extension 'ignore_ament_install'
[0.358s] Level 1:colcon.colcon_core.package_identification:_identify(src/smart/logs) by extensions ['colcon_pkg']
[0.358s] Level 1:colcon.colcon_core.package_identification:_identify(src/smart/logs) by extension 'colcon_pkg'
[0.359s] Level 1:colcon.colcon_core.package_identification:_identify(src/smart/logs) by extensions ['colcon_meta']
[0.359s] Level 1:colcon.colcon_core.package_identification:_identify(src/smart/logs) by extension 'colcon_meta'
[0.359s] Level 1:colcon.colcon_core.package_identification:_identify(src/smart/logs) by extensions ['ros']
[0.359s] Level 1:colcon.colcon_core.package_identification:_identify(src/smart/logs) by extension 'ros'
[0.359s] Level 1:colcon.colcon_core.package_identification:_identify(src/smart/logs) by extensions ['cmake', 'python']
[0.359s] Level 1:colcon.colcon_core.package_identification:_identify(src/smart/logs) by extension 'cmake'
[0.359s] Level 1:colcon.colcon_core.package_identification:_identify(src/smart/logs) by extension 'python'
[0.359s] Level 1:colcon.colcon_core.package_identification:_identify(src/smart/logs) by extensions ['python_setup_py']
[0.359s] Level 1:colcon.colcon_core.package_identification:_identify(src/smart/logs) by extension 'python_setup_py'
[0.359s] Level 1:colcon.colcon_core.package_identification:_identify(src/smart/models) by extensions ['ignore', 'ignore_ament_install']
[0.360s] Level 1:colcon.colcon_core.package_identification:_identify(src/smart/models) by extension 'ignore'
[0.360s] Level 1:colcon.colcon_core.package_identification:_identify(src/smart/models) by extension 'ignore_ament_install'
[0.360s] Level 1:colcon.colcon_core.package_identification:_identify(src/smart/models) by extensions ['colcon_pkg']
[0.360s] Level 1:colcon.colcon_core.package_identification:_identify(src/smart/models) by extension 'colcon_pkg'
[0.360s] Level 1:colcon.colcon_core.package_identification:_identify(src/smart/models) by extensions ['colcon_meta']
[0.360s] Level 1:colcon.colcon_core.package_identification:_identify(src/smart/models) by extension 'colcon_meta'
[0.360s] Level 1:colcon.colcon_core.package_identification:_identify(src/smart/models) by extensions ['ros']
[0.360s] Level 1:colcon.colcon_core.package_identification:_identify(src/smart/models) by extension 'ros'
[0.360s] Level 1:colcon.colcon_core.package_identification:_identify(src/smart/models) by extensions ['cmake', 'python']
[0.360s] Level 1:colcon.colcon_core.package_identification:_identify(src/smart/models) by extension 'cmake'
[0.360s] Level 1:colcon.colcon_core.package_identification:_identify(src/smart/models) by extension 'python'
[0.361s] Level 1:colcon.colcon_core.package_identification:_identify(src/smart/models) by extensions ['python_setup_py']
[0.361s] Level 1:colcon.colcon_core.package_identification:_identify(src/smart/models) by extension 'python_setup_py'
[0.361s] Level 1:colcon.colcon_core.package_identification:_identify(src/smart/models/obstacle_models) by extensions ['ignore', 'ignore_ament_install']
[0.361s] Level 1:colcon.colcon_core.package_identification:_identify(src/smart/models/obstacle_models) by extension 'ignore'
[0.361s] Level 1:colcon.colcon_core.package_identification:_identify(src/smart/models/obstacle_models) by extension 'ignore_ament_install'
[0.361s] Level 1:colcon.colcon_core.package_identification:_identify(src/smart/models/obstacle_models) by extensions ['colcon_pkg']
[0.361s] Level 1:colcon.colcon_core.package_identification:_identify(src/smart/models/obstacle_models) by extension 'colcon_pkg'
[0.361s] Level 1:colcon.colcon_core.package_identification:_identify(src/smart/models/obstacle_models) by extensions ['colcon_meta']
[0.361s] Level 1:colcon.colcon_core.package_identification:_identify(src/smart/models/obstacle_models) by extension 'colcon_meta'
[0.362s] Level 1:colcon.colcon_core.package_identification:_identify(src/smart/models/obstacle_models) by extensions ['ros']
[0.362s] Level 1:colcon.colcon_core.package_identification:_identify(src/smart/models/obstacle_models) by extension 'ros'
[0.362s] Level 1:colcon.colcon_core.package_identification:_identify(src/smart/models/obstacle_models) by extensions ['cmake', 'python']
[0.362s] Level 1:colcon.colcon_core.package_identification:_identify(src/smart/models/obstacle_models) by extension 'cmake'
[0.362s] Level 1:colcon.colcon_core.package_identification:_identify(src/smart/models/obstacle_models) by extension 'python'
[0.362s] Level 1:colcon.colcon_core.package_identification:_identify(src/smart/models/obstacle_models) by extensions ['python_setup_py']
[0.362s] Level 1:colcon.colcon_core.package_identification:_identify(src/smart/models/obstacle_models) by extension 'python_setup_py'
[0.362s] Level 1:colcon.colcon_core.package_identification:_identify(src/smart/models/templates) by extensions ['ignore', 'ignore_ament_install']
[0.362s] Level 1:colcon.colcon_core.package_identification:_identify(src/smart/models/templates) by extension 'ignore'
[0.363s] Level 1:colcon.colcon_core.package_identification:_identify(src/smart/models/templates) by extension 'ignore_ament_install'
[0.363s] Level 1:colcon.colcon_core.package_identification:_identify(src/smart/models/templates) by extensions ['colcon_pkg']
[0.363s] Level 1:colcon.colcon_core.package_identification:_identify(src/smart/models/templates) by extension 'colcon_pkg'
[0.363s] Level 1:colcon.colcon_core.package_identification:_identify(src/smart/models/templates) by extensions ['colcon_meta']
[0.363s] Level 1:colcon.colcon_core.package_identification:_identify(src/smart/models/templates) by extension 'colcon_meta'
[0.363s] Level 1:colcon.colcon_core.package_identification:_identify(src/smart/models/templates) by extensions ['ros']
[0.363s] Level 1:colcon.colcon_core.package_identification:_identify(src/smart/models/templates) by extension 'ros'
[0.363s] Level 1:colcon.colcon_core.package_identification:_identify(src/smart/models/templates) by extensions ['cmake', 'python']
[0.363s] Level 1:colcon.colcon_core.package_identification:_identify(src/smart/models/templates) by extension 'cmake'
[0.363s] Level 1:colcon.colcon_core.package_identification:_identify(src/smart/models/templates) by extension 'python'
[0.363s] Level 1:colcon.colcon_core.package_identification:_identify(src/smart/models/templates) by extensions ['python_setup_py']
[0.363s] Level 1:colcon.colcon_core.package_identification:_identify(src/smart/models/templates) by extension 'python_setup_py'
[0.364s] Level 1:colcon.colcon_core.package_identification:_identify(src/smart/models/traffic_signs_models) by extensions ['ignore', 'ignore_ament_install']
[0.364s] Level 1:colcon.colcon_core.package_identification:_identify(src/smart/models/traffic_signs_models) by extension 'ignore'
[0.364s] Level 1:colcon.colcon_core.package_identification:_identify(src/smart/models/traffic_signs_models) by extension 'ignore_ament_install'
[0.364s] Level 1:colcon.colcon_core.package_identification:_identify(src/smart/models/traffic_signs_models) by extensions ['colcon_pkg']
[0.364s] Level 1:colcon.colcon_core.package_identification:_identify(src/smart/models/traffic_signs_models) by extension 'colcon_pkg'
[0.364s] Level 1:colcon.colcon_core.package_identification:_identify(src/smart/models/traffic_signs_models) by extensions ['colcon_meta']
[0.364s] Level 1:colcon.colcon_core.package_identification:_identify(src/smart/models/traffic_signs_models) by extension 'colcon_meta'
[0.364s] Level 1:colcon.colcon_core.package_identification:_identify(src/smart/models/traffic_signs_models) by extensions ['ros']
[0.364s] Level 1:colcon.colcon_core.package_identification:_identify(src/smart/models/traffic_signs_models) by extension 'ros'
[0.365s] Level 1:colcon.colcon_core.package_identification:_identify(src/smart/models/traffic_signs_models) by extensions ['cmake', 'python']
[0.365s] Level 1:colcon.colcon_core.package_identification:_identify(src/smart/models/traffic_signs_models) by extension 'cmake'
[0.365s] Level 1:colcon.colcon_core.package_identification:_identify(src/smart/models/traffic_signs_models) by extension 'python'
[0.365s] Level 1:colcon.colcon_core.package_identification:_identify(src/smart/models/traffic_signs_models) by extensions ['python_setup_py']
[0.365s] Level 1:colcon.colcon_core.package_identification:_identify(src/smart/models/traffic_signs_models) by extension 'python_setup_py'
[0.365s] Level 1:colcon.colcon_core.package_identification:_identify(src/smart/output) by extensions ['ignore', 'ignore_ament_install']
[0.365s] Level 1:colcon.colcon_core.package_identification:_identify(src/smart/output) by extension 'ignore'
[0.365s] Level 1:colcon.colcon_core.package_identification:_identify(src/smart/output) by extension 'ignore_ament_install'
[0.366s] Level 1:colcon.colcon_core.package_identification:_identify(src/smart/output) by extensions ['colcon_pkg']
[0.366s] Level 1:colcon.colcon_core.package_identification:_identify(src/smart/output) by extension 'colcon_pkg'
[0.366s] Level 1:colcon.colcon_core.package_identification:_identify(src/smart/output) by extensions ['colcon_meta']
[0.366s] Level 1:colcon.colcon_core.package_identification:_identify(src/smart/output) by extension 'colcon_meta'
[0.366s] Level 1:colcon.colcon_core.package_identification:_identify(src/smart/output) by extensions ['ros']
[0.366s] Level 1:colcon.colcon_core.package_identification:_identify(src/smart/output) by extension 'ros'
[0.367s] DEBUG:colcon.colcon_core.package_identification:Package 'src/smart/output' with type 'ros.ament_python' and name 'output'
[0.367s] Level 1:colcon.colcon_core.package_identification:_identify(src/train) by extensions ['ignore', 'ignore_ament_install']
[0.367s] Level 1:colcon.colcon_core.package_identification:_identify(src/train) by extension 'ignore'
[0.368s] Level 1:colcon.colcon_core.package_identification:_identify(src/train) by extension 'ignore_ament_install'
[0.368s] Level 1:colcon.colcon_core.package_identification:_identify(src/train) by extensions ['colcon_pkg']
[0.368s] Level 1:colcon.colcon_core.package_identification:_identify(src/train) by extension 'colcon_pkg'
[0.368s] Level 1:colcon.colcon_core.package_identification:_identify(src/train) by extensions ['colcon_meta']
[0.368s] Level 1:colcon.colcon_core.package_identification:_identify(src/train) by extension 'colcon_meta'
[0.368s] Level 1:colcon.colcon_core.package_identification:_identify(src/train) by extensions ['ros']
[0.368s] Level 1:colcon.colcon_core.package_identification:_identify(src/train) by extension 'ros'
[0.368s] Level 1:colcon.colcon_core.package_identification:_identify(src/train) by extensions ['cmake', 'python']
[0.368s] Level 1:colcon.colcon_core.package_identification:_identify(src/train) by extension 'cmake'
[0.368s] Level 1:colcon.colcon_core.package_identification:_identify(src/train) by extension 'python'
[0.368s] Level 1:colcon.colcon_core.package_identification:_identify(src/train) by extensions ['python_setup_py']
[0.369s] Level 1:colcon.colcon_core.package_identification:_identify(src/train) by extension 'python_setup_py'
[0.369s] Level 1:colcon.colcon_core.package_identification:_identify(src/train/sparcs) by extensions ['ignore', 'ignore_ament_install']
[0.369s] Level 1:colcon.colcon_core.package_identification:_identify(src/train/sparcs) by extension 'ignore'
[0.369s] Level 1:colcon.colcon_core.package_identification:_identify(src/train/sparcs) by extension 'ignore_ament_install'
[0.369s] Level 1:colcon.colcon_core.package_identification:_identify(src/train/sparcs) by extensions ['colcon_pkg']
[0.369s] Level 1:colcon.colcon_core.package_identification:_identify(src/train/sparcs) by extension 'colcon_pkg'
[0.369s] Level 1:colcon.colcon_core.package_identification:_identify(src/train/sparcs) by extensions ['colcon_meta']
[0.369s] Level 1:colcon.colcon_core.package_identification:_identify(src/train/sparcs) by extension 'colcon_meta'
[0.369s] Level 1:colcon.colcon_core.package_identification:_identify(src/train/sparcs) by extensions ['ros']
[0.369s] Level 1:colcon.colcon_core.package_identification:_identify(src/train/sparcs) by extension 'ros'
[0.370s] Level 1:colcon.colcon_core.package_identification:_identify(src/train/sparcs) by extensions ['cmake', 'python']
[0.370s] Level 1:colcon.colcon_core.package_identification:_identify(src/train/sparcs) by extension 'cmake'
[0.370s] Level 1:colcon.colcon_core.package_identification:_identify(src/train/sparcs) by extension 'python'
[0.370s] Level 1:colcon.colcon_core.package_identification:_identify(src/train/sparcs) by extensions ['python_setup_py']
[0.370s] Level 1:colcon.colcon_core.package_identification:_identify(src/train/sparcs) by extension 'python_setup_py'
[0.370s] Level 1:colcon.colcon_core.package_identification:_identify(src/train/stuff) by extensions ['ignore', 'ignore_ament_install']
[0.370s] Level 1:colcon.colcon_core.package_identification:_identify(src/train/stuff) by extension 'ignore'
[0.370s] Level 1:colcon.colcon_core.package_identification:_identify(src/train/stuff) by extension 'ignore_ament_install'
[0.371s] Level 1:colcon.colcon_core.package_identification:_identify(src/train/stuff) by extensions ['colcon_pkg']
[0.371s] Level 1:colcon.colcon_core.package_identification:_identify(src/train/stuff) by extension 'colcon_pkg'
[0.371s] Level 1:colcon.colcon_core.package_identification:_identify(src/train/stuff) by extensions ['colcon_meta']
[0.371s] Level 1:colcon.colcon_core.package_identification:_identify(src/train/stuff) by extension 'colcon_meta'
[0.371s] Level 1:colcon.colcon_core.package_identification:_identify(src/train/stuff) by extensions ['ros']
[0.371s] Level 1:colcon.colcon_core.package_identification:_identify(src/train/stuff) by extension 'ros'
[0.371s] Level 1:colcon.colcon_core.package_identification:_identify(src/train/stuff) by extensions ['cmake', 'python']
[0.371s] Level 1:colcon.colcon_core.package_identification:_identify(src/train/stuff) by extension 'cmake'
[0.371s] Level 1:colcon.colcon_core.package_identification:_identify(src/train/stuff) by extension 'python'
[0.371s] Level 1:colcon.colcon_core.package_identification:_identify(src/train/stuff) by extensions ['python_setup_py']
[0.371s] Level 1:colcon.colcon_core.package_identification:_identify(src/train/stuff) by extension 'python_setup_py'
[0.372s] Level 1:colcon.colcon_core.package_identification:_identify(src/unix_out) by extensions ['ignore', 'ignore_ament_install']
[0.372s] Level 1:colcon.colcon_core.package_identification:_identify(src/unix_out) by extension 'ignore'
[0.372s] Level 1:colcon.colcon_core.package_identification:_identify(src/unix_out) by extension 'ignore_ament_install'
[0.372s] Level 1:colcon.colcon_core.package_identification:_identify(src/unix_out) by extensions ['colcon_pkg']
[0.372s] Level 1:colcon.colcon_core.package_identification:_identify(src/unix_out) by extension 'colcon_pkg'
[0.372s] Level 1:colcon.colcon_core.package_identification:_identify(src/unix_out) by extensions ['colcon_meta']
[0.372s] Level 1:colcon.colcon_core.package_identification:_identify(src/unix_out) by extension 'colcon_meta'
[0.372s] Level 1:colcon.colcon_core.package_identification:_identify(src/unix_out) by extensions ['ros']
[0.372s] Level 1:colcon.colcon_core.package_identification:_identify(src/unix_out) by extension 'ros'
[0.373s] DEBUG:colcon.colcon_core.package_identification:Package 'src/unix_out' with type 'ros.ament_python' and name 'unix_out'
[0.373s] Level 1:colcon.colcon_core.package_identification:_identify(src/utils) by extensions ['ignore', 'ignore_ament_install']
[0.374s] Level 1:colcon.colcon_core.package_identification:_identify(src/utils) by extension 'ignore'
[0.374s] Level 1:colcon.colcon_core.package_identification:_identify(src/utils) by extension 'ignore_ament_install'
[0.374s] Level 1:colcon.colcon_core.package_identification:_identify(src/utils) by extensions ['colcon_pkg']
[0.374s] Level 1:colcon.colcon_core.package_identification:_identify(src/utils) by extension 'colcon_pkg'
[0.374s] Level 1:colcon.colcon_core.package_identification:_identify(src/utils) by extensions ['colcon_meta']
[0.374s] Level 1:colcon.colcon_core.package_identification:_identify(src/utils) by extension 'colcon_meta'
[0.374s] Level 1:colcon.colcon_core.package_identification:_identify(src/utils) by extensions ['ros']
[0.374s] Level 1:colcon.colcon_core.package_identification:_identify(src/utils) by extension 'ros'
[0.375s] DEBUG:colcon.colcon_core.package_identification:Package 'src/utils' with type 'ros.ament_cmake' and name 'utils'
[0.375s] Level 1:colcon.colcon_core.package_discovery:discover_packages(recursive) using defaults
[0.375s] Level 1:colcon.colcon_core.package_discovery:discover_packages(ignore) discover
[0.375s] Level 1:colcon.colcon_core.package_discovery:discover_packages(ignore) using defaults
[0.376s] Level 1:colcon.colcon_core.package_discovery:discover_packages(path) discover
[0.376s] Level 1:colcon.colcon_core.package_discovery:discover_packages(path) using defaults
[0.411s] Level 1:colcon.colcon_core.package_discovery:discover_packages(prefix_path) check parameters
[0.411s] Level 1:colcon.colcon_core.package_discovery:discover_packages(prefix_path) discover
[0.415s] DEBUG:colcon.colcon_installed_package_information.package_discovery:Found 4 installed packages in /uros_ws/Brain_DEI/brain/install
[0.416s] DEBUG:colcon.colcon_installed_package_information.package_discovery:Found 2 installed packages in /uros_ws/install
[0.418s] DEBUG:colcon.colcon_installed_package_information.package_discovery:Found 215 installed packages in /opt/ros/jazzy
[0.419s] Level 1:colcon.colcon_core.package_discovery:discover_packages(prefix_path) using defaults
[0.481s] Level 5:colcon.colcon_core.verb:set package 'utils' build argument 'cmake_args' from command line to 'None'
[0.481s] Level 5:colcon.colcon_core.verb:set package 'utils' build argument 'cmake_target' from command line to 'None'
[0.482s] Level 5:colcon.colcon_core.verb:set package 'utils' build argument 'cmake_target_skip_unavailable' from command line to 'False'
[0.482s] Level 5:colcon.colcon_core.verb:set package 'utils' build argument 'cmake_clean_cache' from command line to 'False'
[0.482s] Level 5:colcon.colcon_core.verb:set package 'utils' build argument 'cmake_clean_first' from command line to 'False'
[0.482s] Level 5:colcon.colcon_core.verb:set package 'utils' build argument 'cmake_force_configure' from command line to 'False'
[0.482s] Level 5:colcon.colcon_core.verb:set package 'utils' build argument 'ament_cmake_args' from command line to 'None'
[0.482s] Level 5:colcon.colcon_core.verb:set package 'utils' build argument 'catkin_cmake_args' from command line to 'None'
[0.482s] Level 5:colcon.colcon_core.verb:set package 'utils' build argument 'catkin_skip_building_tests' from command line to 'False'
[0.482s] DEBUG:colcon.colcon_core.verb:Building package 'utils' with the following arguments: {'ament_cmake_args': None, 'build_base': '/uros_ws/Brain_DEI/brain/build/utils', 'catkin_cmake_args': None, 'catkin_skip_building_tests': False, 'cmake_args': None, 'cmake_clean_cache': False, 'cmake_clean_first': False, 'cmake_force_configure': False, 'cmake_target': None, 'cmake_target_skip_unavailable': False, 'install_base': '/uros_ws/Brain_DEI/brain/install/utils', 'merge_install': False, 'path': '/uros_ws/Brain_DEI/brain/src/utils', 'symlink_install': False, 'test_result_base': None}
[0.483s] Level 5:colcon.colcon_core.verb:set package 'input' build argument 'cmake_args' from command line to 'None'
[0.483s] Level 5:colcon.colcon_core.verb:set package 'input' build argument 'cmake_target' from command line to 'None'
[0.483s] Level 5:colcon.colcon_core.verb:set package 'input' build argument 'cmake_target_skip_unavailable' from command line to 'False'
[0.483s] Level 5:colcon.colcon_core.verb:set package 'input' build argument 'cmake_clean_cache' from command line to 'False'
[0.483s] Level 5:colcon.colcon_core.verb:set package 'input' build argument 'cmake_clean_first' from command line to 'False'
[0.483s] Level 5:colcon.colcon_core.verb:set package 'input' build argument 'cmake_force_configure' from command line to 'False'
[0.483s] Level 5:colcon.colcon_core.verb:set package 'input' build argument 'ament_cmake_args' from command line to 'None'
[0.483s] Level 5:colcon.colcon_core.verb:set package 'input' build argument 'catkin_cmake_args' from command line to 'None'
[0.483s] Level 5:colcon.colcon_core.verb:set package 'input' build argument 'catkin_skip_building_tests' from command line to 'False'
[0.483s] DEBUG:colcon.colcon_core.verb:Building package 'input' with the following arguments: {'ament_cmake_args': None, 'build_base': '/uros_ws/Brain_DEI/brain/build/input', 'catkin_cmake_args': None, 'catkin_skip_building_tests': False, 'cmake_args': None, 'cmake_clean_cache': False, 'cmake_clean_first': False, 'cmake_force_configure': False, 'cmake_target': None, 'cmake_target_skip_unavailable': False, 'install_base': '/uros_ws/Brain_DEI/brain/install/input', 'merge_install': False, 'path': '/uros_ws/Brain_DEI/brain/src/input', 'symlink_install': False, 'test_result_base': None}
[0.483s] Level 5:colcon.colcon_core.verb:set package 'output' build argument 'cmake_args' from command line to 'None'
[0.483s] Level 5:colcon.colcon_core.verb:set package 'output' build argument 'cmake_target' from command line to 'None'
[0.484s] Level 5:colcon.colcon_core.verb:set package 'output' build argument 'cmake_target_skip_unavailable' from command line to 'False'
[0.484s] Level 5:colcon.colcon_core.verb:set package 'output' build argument 'cmake_clean_cache' from command line to 'False'
[0.484s] Level 5:colcon.colcon_core.verb:set package 'output' build argument 'cmake_clean_first' from command line to 'False'
[0.484s] Level 5:colcon.colcon_core.verb:set package 'output' build argument 'cmake_force_configure' from command line to 'False'
[0.484s] Level 5:colcon.colcon_core.verb:set package 'output' build argument 'ament_cmake_args' from command line to 'None'
[0.484s] Level 5:colcon.colcon_core.verb:set package 'output' build argument 'catkin_cmake_args' from command line to 'None'
[0.484s] Level 5:colcon.colcon_core.verb:set package 'output' build argument 'catkin_skip_building_tests' from command line to 'False'
[0.484s] DEBUG:colcon.colcon_core.verb:Building package 'output' with the following arguments: {'ament_cmake_args': None, 'build_base': '/uros_ws/Brain_DEI/brain/build/output', 'catkin_cmake_args': None, 'catkin_skip_building_tests': False, 'cmake_args': None, 'cmake_clean_cache': False, 'cmake_clean_first': False, 'cmake_force_configure': False, 'cmake_target': None, 'cmake_target_skip_unavailable': False, 'install_base': '/uros_ws/Brain_DEI/brain/install/output', 'merge_install': False, 'path': '/uros_ws/Brain_DEI/brain/src/smart/output', 'symlink_install': False, 'test_result_base': None}
[0.484s] Level 5:colcon.colcon_core.verb:set package 'unix_out' build argument 'cmake_args' from command line to 'None'
[0.484s] Level 5:colcon.colcon_core.verb:set package 'unix_out' build argument 'cmake_target' from command line to 'None'
[0.484s] Level 5:colcon.colcon_core.verb:set package 'unix_out' build argument 'cmake_target_skip_unavailable' from command line to 'False'
[0.484s] Level 5:colcon.colcon_core.verb:set package 'unix_out' build argument 'cmake_clean_cache' from command line to 'False'
[0.484s] Level 5:colcon.colcon_core.verb:set package 'unix_out' build argument 'cmake_clean_first' from command line to 'False'
[0.484s] Level 5:colcon.colcon_core.verb:set package 'unix_out' build argument 'cmake_force_configure' from command line to 'False'
[0.485s] Level 5:colcon.colcon_core.verb:set package 'unix_out' build argument 'ament_cmake_args' from command line to 'None'
[0.485s] Level 5:colcon.colcon_core.verb:set package 'unix_out' build argument 'catkin_cmake_args' from command line to 'None'
[0.485s] Level 5:colcon.colcon_core.verb:set package 'unix_out' build argument 'catkin_skip_building_tests' from command line to 'False'
[0.485s] DEBUG:colcon.colcon_core.verb:Building package 'unix_out' with the following arguments: {'ament_cmake_args': None, 'build_base': '/uros_ws/Brain_DEI/brain/build/unix_out', 'catkin_cmake_args': None, 'catkin_skip_building_tests': False, 'cmake_args': None, 'cmake_clean_cache': False, 'cmake_clean_first': False, 'cmake_force_configure': False, 'cmake_target': None, 'cmake_target_skip_unavailable': False, 'install_base': '/uros_ws/Brain_DEI/brain/install/unix_out', 'merge_install': False, 'path': '/uros_ws/Brain_DEI/brain/src/unix_out', 'symlink_install': False, 'test_result_base': None}
[0.485s] INFO:colcon.colcon_core.executor:Executing jobs using 'parallel' executor
[0.487s] DEBUG:colcon.colcon_parallel_executor.executor.parallel:run_until_complete
[0.487s] INFO:colcon.colcon_ros.task.ament_cmake.build:Building ROS package in '/uros_ws/Brain_DEI/brain/src/utils' with build type 'ament_cmake'
[0.488s] INFO:colcon.colcon_cmake.task.cmake.build:Building CMake package in '/uros_ws/Brain_DEI/brain/src/utils'
[0.493s] INFO:colcon.colcon_core.plugin_system:Skipping extension 'colcon_core.shell.bat': Not used on non-Windows systems
[0.493s] INFO:colcon.colcon_core.shell:Skip shell extension 'powershell' for command environment: Not usable outside of PowerShell
[0.494s] DEBUG:colcon.colcon_core.shell:Skip shell extension 'dsv' for command environment
[0.516s] DEBUG:colcon.colcon_core.event_handler.log_command:Invoking command in '/uros_ws/Brain_DEI/brain/build/utils': CMAKE_PREFIX_PATH=${CMAKE_PREFIX_PATH}:/uros_ws/Brain_DEI/brain/install/unix_out:/uros_ws/Brain_DEI/brain/install/output:/uros_ws/Brain_DEI/brain/install/input:/opt/ros/jazzy /usr/bin/cmake --build /uros_ws/Brain_DEI/brain/build/utils -- -j6 -l6
[1.350s] DEBUG:colcon.colcon_core.event_handler.log_command:Invoked command in '/uros_ws/Brain_DEI/brain/build/utils' returned '0': CMAKE_PREFIX_PATH=${CMAKE_PREFIX_PATH}:/uros_ws/Brain_DEI/brain/install/unix_out:/uros_ws/Brain_DEI/brain/install/output:/uros_ws/Brain_DEI/brain/install/input:/opt/ros/jazzy /usr/bin/cmake --build /uros_ws/Brain_DEI/brain/build/utils -- -j6 -l6
[1.372s] DEBUG:colcon.colcon_core.event_handler.log_command:Invoking command in '/uros_ws/Brain_DEI/brain/build/utils': CMAKE_PREFIX_PATH=${CMAKE_PREFIX_PATH}:/uros_ws/Brain_DEI/brain/install/unix_out:/uros_ws/Brain_DEI/brain/install/output:/uros_ws/Brain_DEI/brain/install/input:/opt/ros/jazzy /usr/bin/cmake --install /uros_ws/Brain_DEI/brain/build/utils
[1.540s] Level 1:colcon.colcon_core.environment:create_environment_scripts_only(utils)
[1.561s] Level 1:colcon.colcon_core.environment:checking '/uros_ws/Brain_DEI/brain/install/utils' for CMake module files
[1.564s] DEBUG:colcon.colcon_core.event_handler.log_command:Invoked command in '/uros_ws/Brain_DEI/brain/build/utils' returned '0': CMAKE_PREFIX_PATH=${CMAKE_PREFIX_PATH}:/uros_ws/Brain_DEI/brain/install/unix_out:/uros_ws/Brain_DEI/brain/install/output:/uros_ws/Brain_DEI/brain/install/input:/opt/ros/jazzy /usr/bin/cmake --install /uros_ws/Brain_DEI/brain/build/utils
[1.566s] Level 1:colcon.colcon_core.environment:checking '/uros_ws/Brain_DEI/brain/install/utils' for CMake config files
[1.569s] Level 1:colcon.colcon_core.shell:create_environment_hook('utils', 'cmake_prefix_path')
[1.569s] INFO:colcon.colcon_core.shell:Creating environment hook '/uros_ws/Brain_DEI/brain/install/utils/share/utils/hook/cmake_prefix_path.ps1'
[1.571s] INFO:colcon.colcon_core.shell:Creating environment descriptor '/uros_ws/Brain_DEI/brain/install/utils/share/utils/hook/cmake_prefix_path.dsv'
[1.572s] INFO:colcon.colcon_core.shell:Creating environment hook '/uros_ws/Brain_DEI/brain/install/utils/share/utils/hook/cmake_prefix_path.sh'
[1.576s] Level 1:colcon.colcon_core.environment:checking '/uros_ws/Brain_DEI/brain/install/utils/lib'
[1.576s] Level 1:colcon.colcon_core.shell:create_environment_hook('utils', 'ld_library_path_lib')
[1.577s] INFO:colcon.colcon_core.shell:Creating environment hook '/uros_ws/Brain_DEI/brain/install/utils/share/utils/hook/ld_library_path_lib.ps1'
[1.578s] INFO:colcon.colcon_core.shell:Creating environment descriptor '/uros_ws/Brain_DEI/brain/install/utils/share/utils/hook/ld_library_path_lib.dsv'
[1.580s] INFO:colcon.colcon_core.shell:Creating environment hook '/uros_ws/Brain_DEI/brain/install/utils/share/utils/hook/ld_library_path_lib.sh'
[1.580s] Level 1:colcon.colcon_core.environment:checking '/uros_ws/Brain_DEI/brain/install/utils/bin'
[1.580s] Level 1:colcon.colcon_core.environment:checking '/uros_ws/Brain_DEI/brain/install/utils/lib/pkgconfig/utils.pc'
[1.581s] Level 1:colcon.colcon_core.environment:checking '/uros_ws/Brain_DEI/brain/install/utils/lib/python3.12/site-packages'
[1.581s] Level 1:colcon.colcon_core.shell:create_environment_hook('utils', 'pythonpath')
[1.582s] INFO:colcon.colcon_core.shell:Creating environment hook '/uros_ws/Brain_DEI/brain/install/utils/share/utils/hook/pythonpath.ps1'
[1.583s] INFO:colcon.colcon_core.shell:Creating environment descriptor '/uros_ws/Brain_DEI/brain/install/utils/share/utils/hook/pythonpath.dsv'
[1.585s] INFO:colcon.colcon_core.shell:Creating environment hook '/uros_ws/Brain_DEI/brain/install/utils/share/utils/hook/pythonpath.sh'
[1.587s] Level 1:colcon.colcon_core.environment:checking '/uros_ws/Brain_DEI/brain/install/utils/bin'
[1.589s] INFO:colcon.colcon_core.shell:Creating package script '/uros_ws/Brain_DEI/brain/install/utils/share/utils/package.ps1'
[1.593s] INFO:colcon.colcon_core.shell:Creating package descriptor '/uros_ws/Brain_DEI/brain/install/utils/share/utils/package.dsv'
[1.595s] INFO:colcon.colcon_core.shell:Creating package script '/uros_ws/Brain_DEI/brain/install/utils/share/utils/package.sh'
[1.598s] INFO:colcon.colcon_core.shell:Creating package script '/uros_ws/Brain_DEI/brain/install/utils/share/utils/package.bash'
[1.599s] INFO:colcon.colcon_core.shell:Creating package script '/uros_ws/Brain_DEI/brain/install/utils/share/utils/package.zsh'
[1.600s] Level 1:colcon.colcon_core.environment:create_file_with_runtime_dependencies(/uros_ws/Brain_DEI/brain/install/utils/share/colcon-core/packages/utils)
[1.603s] Level 1:colcon.colcon_core.environment:create_environment_scripts_only(utils)
[1.603s] Level 1:colcon.colcon_core.environment:checking '/uros_ws/Brain_DEI/brain/install/utils' for CMake module files
[1.605s] Level 1:colcon.colcon_core.environment:checking '/uros_ws/Brain_DEI/brain/install/utils' for CMake config files
[1.608s] Level 1:colcon.colcon_core.shell:create_environment_hook('utils', 'cmake_prefix_path')
[1.608s] INFO:colcon.colcon_core.shell:Creating environment hook '/uros_ws/Brain_DEI/brain/install/utils/share/utils/hook/cmake_prefix_path.ps1'
[1.609s] INFO:colcon.colcon_core.shell:Creating environment descriptor '/uros_ws/Brain_DEI/brain/install/utils/share/utils/hook/cmake_prefix_path.dsv'
[1.610s] INFO:colcon.colcon_core.shell:Creating environment hook '/uros_ws/Brain_DEI/brain/install/utils/share/utils/hook/cmake_prefix_path.sh'
[1.611s] Level 1:colcon.colcon_core.environment:checking '/uros_ws/Brain_DEI/brain/install/utils/lib'
[1.612s] Level 1:colcon.colcon_core.shell:create_environment_hook('utils', 'ld_library_path_lib')
[1.612s] INFO:colcon.colcon_core.shell:Creating environment hook '/uros_ws/Brain_DEI/brain/install/utils/share/utils/hook/ld_library_path_lib.ps1'
[1.614s] INFO:colcon.colcon_core.shell:Creating environment descriptor '/uros_ws/Brain_DEI/brain/install/utils/share/utils/hook/ld_library_path_lib.dsv'
[1.615s] INFO:colcon.colcon_core.shell:Creating environment hook '/uros_ws/Brain_DEI/brain/install/utils/share/utils/hook/ld_library_path_lib.sh'
[1.616s] Level 1:colcon.colcon_core.environment:checking '/uros_ws/Brain_DEI/brain/install/utils/bin'
[1.616s] Level 1:colcon.colcon_core.environment:checking '/uros_ws/Brain_DEI/brain/install/utils/lib/pkgconfig/utils.pc'
[1.617s] Level 1:colcon.colcon_core.environment:checking '/uros_ws/Brain_DEI/brain/install/utils/lib/python3.12/site-packages'
[1.617s] Level 1:colcon.colcon_core.shell:create_environment_hook('utils', 'pythonpath')
[1.618s] INFO:colcon.colcon_core.shell:Creating environment hook '/uros_ws/Brain_DEI/brain/install/utils/share/utils/hook/pythonpath.ps1'
[1.619s] INFO:colcon.colcon_core.shell:Creating environment descriptor '/uros_ws/Brain_DEI/brain/install/utils/share/utils/hook/pythonpath.dsv'
[1.620s] INFO:colcon.colcon_core.shell:Creating environment hook '/uros_ws/Brain_DEI/brain/install/utils/share/utils/hook/pythonpath.sh'
[1.622s] Level 1:colcon.colcon_core.environment:checking '/uros_ws/Brain_DEI/brain/install/utils/bin'
[1.623s] INFO:colcon.colcon_core.shell:Creating package script '/uros_ws/Brain_DEI/brain/install/utils/share/utils/package.ps1'
[1.624s] INFO:colcon.colcon_core.shell:Creating package descriptor '/uros_ws/Brain_DEI/brain/install/utils/share/utils/package.dsv'
[1.626s] INFO:colcon.colcon_core.shell:Creating package script '/uros_ws/Brain_DEI/brain/install/utils/share/utils/package.sh'
[1.627s] INFO:colcon.colcon_core.shell:Creating package script '/uros_ws/Brain_DEI/brain/install/utils/share/utils/package.bash'
[1.628s] INFO:colcon.colcon_core.shell:Creating package script '/uros_ws/Brain_DEI/brain/install/utils/share/utils/package.zsh'
[1.629s] Level 1:colcon.colcon_core.environment:create_file_with_runtime_dependencies(/uros_ws/Brain_DEI/brain/install/utils/share/colcon-core/packages/utils)
[1.630s] INFO:colcon.colcon_ros.task.ament_python.build:Building ROS package in '/uros_ws/Brain_DEI/brain/src/input' with build type 'ament_python'
[1.631s] Level 1:colcon.colcon_core.shell:create_environment_hook('input', 'ament_prefix_path')
[1.631s] INFO:colcon.colcon_core.shell:Creating environment hook '/uros_ws/Brain_DEI/brain/install/input/share/input/hook/ament_prefix_path.ps1'
[1.634s] INFO:colcon.colcon_core.shell:Creating environment descriptor '/uros_ws/Brain_DEI/brain/install/input/share/input/hook/ament_prefix_path.dsv'
[1.636s] INFO:colcon.colcon_core.shell:Creating environment hook '/uros_ws/Brain_DEI/brain/install/input/share/input/hook/ament_prefix_path.sh'
[1.637s] INFO:colcon.colcon_core.shell:Skip shell extension 'powershell' for command environment: Not usable outside of PowerShell
[1.638s] DEBUG:colcon.colcon_core.shell:Skip shell extension 'dsv' for command environment
[1.645s] INFO:colcon.colcon_ros.task.ament_python.build:Building ROS package in '/uros_ws/Brain_DEI/brain/src/smart/output' with build type 'ament_python'
[1.646s] Level 1:colcon.colcon_core.shell:create_environment_hook('output', 'ament_prefix_path')
[1.646s] INFO:colcon.colcon_core.shell:Creating environment hook '/uros_ws/Brain_DEI/brain/install/output/share/output/hook/ament_prefix_path.ps1'
[1.648s] INFO:colcon.colcon_core.shell:Creating environment descriptor '/uros_ws/Brain_DEI/brain/install/output/share/output/hook/ament_prefix_path.dsv'
[1.649s] INFO:colcon.colcon_core.shell:Creating environment hook '/uros_ws/Brain_DEI/brain/install/output/share/output/hook/ament_prefix_path.sh'
[1.650s] INFO:colcon.colcon_core.shell:Skip shell extension 'powershell' for command environment: Not usable outside of PowerShell
[1.650s] DEBUG:colcon.colcon_core.shell:Skip shell extension 'dsv' for command environment
[1.659s] INFO:colcon.colcon_ros.task.ament_python.build:Building ROS package in '/uros_ws/Brain_DEI/brain/src/unix_out' with build type 'ament_python'
[1.660s] Level 1:colcon.colcon_core.shell:create_environment_hook('unix_out', 'ament_prefix_path')
[1.660s] INFO:colcon.colcon_core.shell:Creating environment hook '/uros_ws/Brain_DEI/brain/install/unix_out/share/unix_out/hook/ament_prefix_path.ps1'
[1.662s] INFO:colcon.colcon_core.shell:Creating environment descriptor '/uros_ws/Brain_DEI/brain/install/unix_out/share/unix_out/hook/ament_prefix_path.dsv'
[1.663s] INFO:colcon.colcon_core.shell:Creating environment hook '/uros_ws/Brain_DEI/brain/install/unix_out/share/unix_out/hook/ament_prefix_path.sh'
[1.664s] INFO:colcon.colcon_core.shell:Skip shell extension 'powershell' for command environment: Not usable outside of PowerShell
[1.664s] DEBUG:colcon.colcon_core.shell:Skip shell extension 'dsv' for command environment
[2.215s] INFO:colcon.colcon_core.task.python.build:Building Python package in '/uros_ws/Brain_DEI/brain/src/input'
[2.216s] INFO:colcon.colcon_core.shell:Skip shell extension 'powershell' for command environment: Not usable outside of PowerShell
[2.216s] DEBUG:colcon.colcon_core.shell:Skip shell extension 'dsv' for command environment
[2.679s] INFO:colcon.colcon_core.task.python.build:Building Python package in '/uros_ws/Brain_DEI/brain/src/smart/output'
[2.680s] INFO:colcon.colcon_core.shell:Skip shell extension 'powershell' for command environment: Not usable outside of PowerShell
[2.680s] DEBUG:colcon.colcon_core.shell:Skip shell extension 'dsv' for command environment
[3.181s] INFO:colcon.colcon_core.task.python.build:Building Python package in '/uros_ws/Brain_DEI/brain/src/unix_out'
[3.181s] INFO:colcon.colcon_core.shell:Skip shell extension 'powershell' for command environment: Not usable outside of PowerShell
[3.181s] DEBUG:colcon.colcon_core.shell:Skip shell extension 'dsv' for command environment
[4.342s] DEBUG:colcon.colcon_core.event_handler.log_command:Invoking command in '/uros_ws/Brain_DEI/brain/src/unix_out': PYTHONPATH=/uros_ws/Brain_DEI/brain/build/unix_out/prefix_override:/usr/lib/python3/dist-packages/colcon_core/task/python/colcon_distutils_commands:/uros_ws/Brain_DEI/brain/install/unix_out/lib/python3.12/site-packages:/uros_ws/Brain_DEI/brain/install/utils/lib/python3.12/site-packages:/uros_ws/Brain_DEI/brain/install/unix_out/lib/python3.12/site-packages:/uros_ws/Brain_DEI/brain/install/output/lib/python3.12/site-packages:/uros_ws/Brain_DEI/brain/install/input/lib/python3.12/site-packages:/uros_ws/install/micro_ros_msgs/lib/python3.12/site-packages:/opt/ros/jazzy/lib/python3.12/site-packages /usr/bin/python3 -W ignore:setup.py install is deprecated -W ignore:easy_install command is deprecated setup.py egg_info --egg-base ../../build/unix_out build --build-base /uros_ws/Brain_DEI/brain/build/unix_out/build install --record /uros_ws/Brain_DEI/brain/build/unix_out/install.log --single-version-externally-managed install_data
[4.349s] DEBUG:colcon.colcon_core.event_handler.log_command:Invoking command in '/uros_ws/Brain_DEI/brain/src/smart/output': PYTHONPATH=/uros_ws/Brain_DEI/brain/build/output/prefix_override:/usr/lib/python3/dist-packages/colcon_core/task/python/colcon_distutils_commands:/uros_ws/Brain_DEI/brain/install/output/lib/python3.12/site-packages:/uros_ws/Brain_DEI/brain/install/utils/lib/python3.12/site-packages:/uros_ws/Brain_DEI/brain/install/unix_out/lib/python3.12/site-packages:/uros_ws/Brain_DEI/brain/install/output/lib/python3.12/site-packages:/uros_ws/Brain_DEI/brain/install/input/lib/python3.12/site-packages:/uros_ws/install/micro_ros_msgs/lib/python3.12/site-packages:/opt/ros/jazzy/lib/python3.12/site-packages /usr/bin/python3 -W ignore:setup.py install is deprecated -W ignore:easy_install command is deprecated setup.py egg_info --egg-base ../../../build/output build --build-base /uros_ws/Brain_DEI/brain/build/output/build install --record /uros_ws/Brain_DEI/brain/build/output/install.log --single-version-externally-managed install_data
[4.447s] DEBUG:colcon.colcon_core.event_handler.log_command:Invoking command in '/uros_ws/Brain_DEI/brain/src/input': PYTHONPATH=/uros_ws/Brain_DEI/brain/build/input/prefix_override:/usr/lib/python3/dist-packages/colcon_core/task/python/colcon_distutils_commands:/uros_ws/Brain_DEI/brain/install/input/lib/python3.12/site-packages:/uros_ws/Brain_DEI/brain/install/utils/lib/python3.12/site-packages:/uros_ws/Brain_DEI/brain/install/unix_out/lib/python3.12/site-packages:/uros_ws/Brain_DEI/brain/install/output/lib/python3.12/site-packages:/uros_ws/Brain_DEI/brain/install/input/lib/python3.12/site-packages:/uros_ws/install/micro_ros_msgs/lib/python3.12/site-packages:/opt/ros/jazzy/lib/python3.12/site-packages /usr/bin/python3 -W ignore:setup.py install is deprecated -W ignore:easy_install command is deprecated setup.py egg_info --egg-base ../../build/input build --build-base /uros_ws/Brain_DEI/brain/build/input/build install --record /uros_ws/Brain_DEI/brain/build/input/install.log --single-version-externally-managed install_data
[5.390s] Level 1:colcon.colcon_core.environment:checking '/uros_ws/Brain_DEI/brain/install/unix_out' for CMake module files
[5.391s] DEBUG:colcon.colcon_core.event_handler.log_command:Invoked command in '/uros_ws/Brain_DEI/brain/src/unix_out' returned '0': PYTHONPATH=/uros_ws/Brain_DEI/brain/build/unix_out/prefix_override:/usr/lib/python3/dist-packages/colcon_core/task/python/colcon_distutils_commands:/uros_ws/Brain_DEI/brain/install/unix_out/lib/python3.12/site-packages:/uros_ws/Brain_DEI/brain/install/utils/lib/python3.12/site-packages:/uros_ws/Brain_DEI/brain/install/unix_out/lib/python3.12/site-packages:/uros_ws/Brain_DEI/brain/install/output/lib/python3.12/site-packages:/uros_ws/Brain_DEI/brain/install/input/lib/python3.12/site-packages:/uros_ws/install/micro_ros_msgs/lib/python3.12/site-packages:/opt/ros/jazzy/lib/python3.12/site-packages /usr/bin/python3 -W ignore:setup.py install is deprecated -W ignore:easy_install command is deprecated setup.py egg_info --egg-base ../../build/unix_out build --build-base /uros_ws/Brain_DEI/brain/build/unix_out/build install --record /uros_ws/Brain_DEI/brain/build/unix_out/install.log --single-version-externally-managed install_data
[5.392s] Level 1:colcon.colcon_core.environment:checking '/uros_ws/Brain_DEI/brain/install/unix_out' for CMake config files
[5.394s] Level 1:colcon.colcon_core.environment:checking '/uros_ws/Brain_DEI/brain/install/unix_out/lib'
[5.394s] Level 1:colcon.colcon_core.environment:checking '/uros_ws/Brain_DEI/brain/install/unix_out/bin'
[5.394s] Level 1:colcon.colcon_core.environment:checking '/uros_ws/Brain_DEI/brain/install/unix_out/lib/pkgconfig/unix_out.pc'
[5.395s] Level 1:colcon.colcon_core.environment:checking '/uros_ws/Brain_DEI/brain/install/unix_out/lib/python3.12/site-packages'
[5.395s] Level 1:colcon.colcon_core.shell:create_environment_hook('unix_out', 'pythonpath')
[5.395s] INFO:colcon.colcon_core.shell:Creating environment hook '/uros_ws/Brain_DEI/brain/install/unix_out/share/unix_out/hook/pythonpath.ps1'
[5.397s] INFO:colcon.colcon_core.shell:Creating environment descriptor '/uros_ws/Brain_DEI/brain/install/unix_out/share/unix_out/hook/pythonpath.dsv'
[5.398s] INFO:colcon.colcon_core.shell:Creating environment hook '/uros_ws/Brain_DEI/brain/install/unix_out/share/unix_out/hook/pythonpath.sh'
[5.399s] Level 1:colcon.colcon_core.environment:checking '/uros_ws/Brain_DEI/brain/install/unix_out/bin'
[5.399s] Level 1:colcon.colcon_core.environment:create_environment_scripts_only(unix_out)
[5.400s] INFO:colcon.colcon_core.shell:Creating package script '/uros_ws/Brain_DEI/brain/install/unix_out/share/unix_out/package.ps1'
[5.401s] INFO:colcon.colcon_core.shell:Creating package descriptor '/uros_ws/Brain_DEI/brain/install/unix_out/share/unix_out/package.dsv'
[5.402s] INFO:colcon.colcon_core.shell:Creating package script '/uros_ws/Brain_DEI/brain/install/unix_out/share/unix_out/package.sh'
[5.403s] INFO:colcon.colcon_core.shell:Creating package script '/uros_ws/Brain_DEI/brain/install/unix_out/share/unix_out/package.bash'
[5.404s] INFO:colcon.colcon_core.shell:Creating package script '/uros_ws/Brain_DEI/brain/install/unix_out/share/unix_out/package.zsh'
[5.404s] Level 1:colcon.colcon_core.environment:create_file_with_runtime_dependencies(/uros_ws/Brain_DEI/brain/install/unix_out/share/colcon-core/packages/unix_out)
[5.455s] Level 1:colcon.colcon_core.environment:checking '/uros_ws/Brain_DEI/brain/install/output' for CMake module files
[5.456s] DEBUG:colcon.colcon_core.event_handler.log_command:Invoked command in '/uros_ws/Brain_DEI/brain/src/smart/output' returned '0': PYTHONPATH=/uros_ws/Brain_DEI/brain/build/output/prefix_override:/usr/lib/python3/dist-packages/colcon_core/task/python/colcon_distutils_commands:/uros_ws/Brain_DEI/brain/install/output/lib/python3.12/site-packages:/uros_ws/Brain_DEI/brain/install/utils/lib/python3.12/site-packages:/uros_ws/Brain_DEI/brain/install/unix_out/lib/python3.12/site-packages:/uros_ws/Brain_DEI/brain/install/output/lib/python3.12/site-packages:/uros_ws/Brain_DEI/brain/install/input/lib/python3.12/site-packages:/uros_ws/install/micro_ros_msgs/lib/python3.12/site-packages:/opt/ros/jazzy/lib/python3.12/site-packages /usr/bin/python3 -W ignore:setup.py install is deprecated -W ignore:easy_install command is deprecated setup.py egg_info --egg-base ../../../build/output build --build-base /uros_ws/Brain_DEI/brain/build/output/build install --record /uros_ws/Brain_DEI/brain/build/output/install.log --single-version-externally-managed install_data
[5.457s] Level 1:colcon.colcon_core.environment:checking '/uros_ws/Brain_DEI/brain/install/output' for CMake config files
[5.458s] Level 1:colcon.colcon_core.environment:checking '/uros_ws/Brain_DEI/brain/install/output/lib'
[5.458s] Level 1:colcon.colcon_core.environment:checking '/uros_ws/Brain_DEI/brain/install/output/bin'
[5.459s] Level 1:colcon.colcon_core.environment:checking '/uros_ws/Brain_DEI/brain/install/output/lib/pkgconfig/output.pc'
[5.459s] Level 1:colcon.colcon_core.environment:checking '/uros_ws/Brain_DEI/brain/install/output/lib/python3.12/site-packages'
[5.459s] Level 1:colcon.colcon_core.shell:create_environment_hook('output', 'pythonpath')
[5.460s] INFO:colcon.colcon_core.shell:Creating environment hook '/uros_ws/Brain_DEI/brain/install/output/share/output/hook/pythonpath.ps1'
[5.461s] INFO:colcon.colcon_core.shell:Creating environment descriptor '/uros_ws/Brain_DEI/brain/install/output/share/output/hook/pythonpath.dsv'
[5.461s] INFO:colcon.colcon_core.shell:Creating environment hook '/uros_ws/Brain_DEI/brain/install/output/share/output/hook/pythonpath.sh'
[5.463s] Level 1:colcon.colcon_core.environment:checking '/uros_ws/Brain_DEI/brain/install/output/bin'
[5.463s] Level 1:colcon.colcon_core.environment:create_environment_scripts_only(output)
[5.463s] INFO:colcon.colcon_core.shell:Creating package script '/uros_ws/Brain_DEI/brain/install/output/share/output/package.ps1'
[5.464s] INFO:colcon.colcon_core.shell:Creating package descriptor '/uros_ws/Brain_DEI/brain/install/output/share/output/package.dsv'
[5.465s] INFO:colcon.colcon_core.shell:Creating package script '/uros_ws/Brain_DEI/brain/install/output/share/output/package.sh'
[5.466s] INFO:colcon.colcon_core.shell:Creating package script '/uros_ws/Brain_DEI/brain/install/output/share/output/package.bash'
[5.467s] INFO:colcon.colcon_core.shell:Creating package script '/uros_ws/Brain_DEI/brain/install/output/share/output/package.zsh'
[5.467s] Level 1:colcon.colcon_core.environment:create_file_with_runtime_dependencies(/uros_ws/Brain_DEI/brain/install/output/share/colcon-core/packages/output)
[5.615s] Level 1:colcon.colcon_core.environment:checking '/uros_ws/Brain_DEI/brain/install/input' for CMake module files
[5.616s] DEBUG:colcon.colcon_core.event_handler.log_command:Invoked command in '/uros_ws/Brain_DEI/brain/src/input' returned '0': PYTHONPATH=/uros_ws/Brain_DEI/brain/build/input/prefix_override:/usr/lib/python3/dist-packages/colcon_core/task/python/colcon_distutils_commands:/uros_ws/Brain_DEI/brain/install/input/lib/python3.12/site-packages:/uros_ws/Brain_DEI/brain/install/utils/lib/python3.12/site-packages:/uros_ws/Brain_DEI/brain/install/unix_out/lib/python3.12/site-packages:/uros_ws/Brain_DEI/brain/install/output/lib/python3.12/site-packages:/uros_ws/Brain_DEI/brain/install/input/lib/python3.12/site-packages:/uros_ws/install/micro_ros_msgs/lib/python3.12/site-packages:/opt/ros/jazzy/lib/python3.12/site-packages /usr/bin/python3 -W ignore:setup.py install is deprecated -W ignore:easy_install command is deprecated setup.py egg_info --egg-base ../../build/input build --build-base /uros_ws/Brain_DEI/brain/build/input/build install --record /uros_ws/Brain_DEI/brain/build/input/install.log --single-version-externally-managed install_data
[5.618s] Level 1:colcon.colcon_core.environment:checking '/uros_ws/Brain_DEI/brain/install/input' for CMake config files
[5.622s] Level 1:colcon.colcon_core.environment:checking '/uros_ws/Brain_DEI/brain/install/input/lib'
[5.622s] Level 1:colcon.colcon_core.environment:checking '/uros_ws/Brain_DEI/brain/install/input/bin'
[5.623s] Level 1:colcon.colcon_core.environment:checking '/uros_ws/Brain_DEI/brain/install/input/lib/pkgconfig/input.pc'
[5.624s] Level 1:colcon.colcon_core.environment:checking '/uros_ws/Brain_DEI/brain/install/input/lib/python3.12/site-packages'
[5.624s] Level 1:colcon.colcon_core.shell:create_environment_hook('input', 'pythonpath')
[5.625s] INFO:colcon.colcon_core.shell:Creating environment hook '/uros_ws/Brain_DEI/brain/install/input/share/input/hook/pythonpath.ps1'
[5.626s] INFO:colcon.colcon_core.shell:Creating environment descriptor '/uros_ws/Brain_DEI/brain/install/input/share/input/hook/pythonpath.dsv'
[5.627s] INFO:colcon.colcon_core.shell:Creating environment hook '/uros_ws/Brain_DEI/brain/install/input/share/input/hook/pythonpath.sh'
[5.628s] Level 1:colcon.colcon_core.environment:checking '/uros_ws/Brain_DEI/brain/install/input/bin'
[5.629s] Level 1:colcon.colcon_core.environment:create_environment_scripts_only(input)
[5.629s] INFO:colcon.colcon_core.shell:Creating package script '/uros_ws/Brain_DEI/brain/install/input/share/input/package.ps1'
[5.632s] INFO:colcon.colcon_core.shell:Creating package descriptor '/uros_ws/Brain_DEI/brain/install/input/share/input/package.dsv'
[5.633s] INFO:colcon.colcon_core.shell:Creating package script '/uros_ws/Brain_DEI/brain/install/input/share/input/package.sh'
[5.634s] INFO:colcon.colcon_core.shell:Creating package script '/uros_ws/Brain_DEI/brain/install/input/share/input/package.bash'
[5.634s] INFO:colcon.colcon_core.shell:Creating package script '/uros_ws/Brain_DEI/brain/install/input/share/input/package.zsh'
[5.636s] Level 1:colcon.colcon_core.environment:create_file_with_runtime_dependencies(/uros_ws/Brain_DEI/brain/install/input/share/colcon-core/packages/input)
[5.637s] DEBUG:colcon.colcon_parallel_executor.executor.parallel:closing loop
[5.637s] DEBUG:colcon.colcon_parallel_executor.executor.parallel:loop closed
[5.638s] DEBUG:colcon.colcon_parallel_executor.executor.parallel:run_until_complete finished with '0'
[5.638s] DEBUG:colcon.colcon_core.event_reactor:joining thread
[5.658s] INFO:colcon.colcon_core.plugin_system:Skipping extension 'colcon_notification.desktop_notification.notify_send': Could not find 'notify-send'
[5.658s] INFO:colcon.colcon_core.plugin_system:Skipping extension 'colcon_notification.desktop_notification.terminal_notifier': Not used on non-Darwin systems
[5.659s] INFO:colcon.colcon_core.plugin_system:Skipping extension 'colcon_notification.desktop_notification.win32': Not used on non-Windows systems
[5.659s] INFO:colcon.colcon_notification.desktop_notification:Sending desktop notification using 'notify2'
[5.667s] DEBUG:colcon.colcon_notification.desktop_notification.notify2:Failed to initialize notify2: org.freedesktop.DBus.Error.Spawn.ExecFailed: /usr/bin/dbus-launch terminated abnormally without any error message
[5.667s] DEBUG:colcon.colcon_core.event_reactor:joined thread
[5.668s] INFO:colcon.colcon_core.shell:Creating prefix script '/uros_ws/Brain_DEI/brain/install/local_setup.ps1'
[5.671s] INFO:colcon.colcon_core.shell:Creating prefix util module '/uros_ws/Brain_DEI/brain/install/_local_setup_util_ps1.py'
[5.675s] INFO:colcon.colcon_core.shell:Creating prefix chain script '/uros_ws/Brain_DEI/brain/install/setup.ps1'
[5.680s] INFO:colcon.colcon_core.shell:Creating prefix script '/uros_ws/Brain_DEI/brain/install/local_setup.sh'
[5.682s] INFO:colcon.colcon_core.shell:Creating prefix util module '/uros_ws/Brain_DEI/brain/install/_local_setup_util_sh.py'
[5.684s] INFO:colcon.colcon_core.shell:Creating prefix chain script '/uros_ws/Brain_DEI/brain/install/setup.sh'
[5.687s] INFO:colcon.colcon_core.shell:Creating prefix script '/uros_ws/Brain_DEI/brain/install/local_setup.bash'
[5.692s] INFO:colcon.colcon_core.shell:Creating prefix chain script '/uros_ws/Brain_DEI/brain/install/setup.bash'
[5.695s] INFO:colcon.colcon_core.shell:Creating prefix script '/uros_ws/Brain_DEI/brain/install/local_setup.zsh'
[5.697s] INFO:colcon.colcon_core.shell:Creating prefix chain script '/uros_ws/Brain_DEI/brain/install/setup.zsh'
