running egg_info
writing ../../build/unix_out/unix_out.egg-info/PKG-INFO
writing dependency_links to ../../build/unix_out/unix_out.egg-info/dependency_links.txt
writing entry points to ../../build/unix_out/unix_out.egg-info/entry_points.txt
writing requirements to ../../build/unix_out/unix_out.egg-info/requires.txt
writing top-level names to ../../build/unix_out/unix_out.egg-info/top_level.txt
reading manifest file '../../build/unix_out/unix_out.egg-info/SOURCES.txt'
writing manifest file '../../build/unix_out/unix_out.egg-info/SOURCES.txt'
running build
running build_py
running install
running install_lib
running install_data
running install_egg_info
removing '/uros_ws/Brain_DEI/brain/install/unix_out/lib/python3.12/site-packages/unix_out-0.0.0-py3.12.egg-info' (and everything under it)
Copying ../../build/unix_out/unix_out.egg-info to /uros_ws/Brain_DEI/brain/install/unix_out/lib/python3.12/site-packages/unix_out-0.0.0-py3.12.egg-info
running install_scripts
Installing camera_to_socket script to /uros_ws/Brain_DEI/brain/install/unix_out/lib/unix_out
Installing lidar_to_socket script to /uros_ws/Brain_DEI/brain/install/unix_out/lib/unix_out
Installing metrics_to_socket script to /uros_ws/Brain_DEI/brain/install/unix_out/lib/unix_out
writing list of installed files to '/uros_ws/Brain_DEI/brain/build/unix_out/install.log'
