[1.901s] Invoking command in '/uros_ws/Brain_DEI/brain/src/smart': PYTHONPATH=/uros_ws/Brain_DEI/brain/build/smart/prefix_override:/usr/lib/python3/dist-packages/colcon_core/task/python/colcon_distutils_commands:/uros_ws/Brain_DEI/brain/install/smart/lib/python3.12/site-packages:${PYTHONPATH} /usr/bin/python3 -W ignore:setup.py install is deprecated -W ignore:easy_install command is deprecated setup.py egg_info --egg-base ../../build/smart build --build-base /uros_ws/Brain_DEI/brain/build/smart/build install --record /uros_ws/Brain_DEI/brain/build/smart/install.log --single-version-externally-managed install_data
[2.516s] running egg_info
[2.516s] creating ../../build/smart/smart.egg-info
[2.558s] writing ../../build/smart/smart.egg-info/PKG-INFO
[2.559s] writing dependency_links to ../../build/smart/smart.egg-info/dependency_links.txt
[2.559s] writing entry points to ../../build/smart/smart.egg-info/entry_points.txt
[2.559s] writing requirements to ../../build/smart/smart.egg-info/requires.txt
[2.560s] writing top-level names to ../../build/smart/smart.egg-info/top_level.txt
[2.560s] writing manifest file '../../build/smart/smart.egg-info/SOURCES.txt'
[2.645s] reading manifest file '../../build/smart/smart.egg-info/SOURCES.txt'
[2.647s] writing manifest file '../../build/smart/smart.egg-info/SOURCES.txt'
[2.648s] running build
[2.649s] running build_py
[2.649s] creating /uros_ws/Brain_DEI/brain/build/smart/build
[2.649s] creating /uros_ws/Brain_DEI/brain/build/smart/build/lib
[2.650s] copying oak_camera_node.py -> /uros_ws/Brain_DEI/brain/build/smart/build/lib
[2.650s] running install
[2.663s] running install_lib
[2.705s] copying /uros_ws/Brain_DEI/brain/build/smart/build/lib/oak_camera_node.py -> /uros_ws/Brain_DEI/brain/install/smart/lib/python3.12/site-packages
[2.707s] byte-compiling /uros_ws/Brain_DEI/brain/install/smart/lib/python3.12/site-packages/oak_camera_node.py to oak_camera_node.cpython-312.pyc
[2.719s] running install_data
[2.719s] creating /uros_ws/Brain_DEI/brain/install/smart/share/ament_index
[2.719s] creating /uros_ws/Brain_DEI/brain/install/smart/share/ament_index/resource_index
[2.720s] creating /uros_ws/Brain_DEI/brain/install/smart/share/ament_index/resource_index/packages
[2.720s] copying resource/smart -> /uros_ws/Brain_DEI/brain/install/smart/share/ament_index/resource_index/packages
[2.721s] copying package.xml -> /uros_ws/Brain_DEI/brain/install/smart/share/smart
[2.721s] creating /uros_ws/Brain_DEI/brain/install/smart/share/smart/models
[2.721s] copying models/about.onnx -> /uros_ws/Brain_DEI/brain/install/smart/share/smart/models
[2.722s] copying models/he_right_wide.onnx -> /uros_ws/Brain_DEI/brain/install/smart/share/smart/models
[2.722s] copying models/he_left_wide.onnx -> /uros_ws/Brain_DEI/brain/install/smart/share/smart/models
[2.722s] copying models/lane_keeper_ahead.onnx -> /uros_ws/Brain_DEI/brain/install/smart/share/smart/models
[2.723s] copying models/forward.onnx -> /uros_ws/Brain_DEI/brain/install/smart/share/smart/models
[2.724s] copying models/about_dif_wide.onnx -> /uros_ws/Brain_DEI/brain/install/smart/share/smart/models
[2.725s] copying models/round_in.onnx -> /uros_ws/Brain_DEI/brain/install/smart/share/smart/models
[2.726s] copying models/lane_keeper_small.onnx -> /uros_ws/Brain_DEI/brain/install/smart/share/smart/models
[2.727s] copying models/he_straight_wide.onnx -> /uros_ws/Brain_DEI/brain/install/smart/share/smart/models
[2.727s] copying models/sign_classifier.onnx -> /uros_ws/Brain_DEI/brain/install/smart/share/smart/models
[2.729s] copying models/he_left.onnx -> /uros_ws/Brain_DEI/brain/install/smart/share/smart/models
[2.730s] copying models/he_straight.onnx -> /uros_ws/Brain_DEI/brain/install/smart/share/smart/models
[2.731s] copying models/stopline_estimator_advanced.onnx -> /uros_ws/Brain_DEI/brain/install/smart/share/smart/models
[2.732s] copying models/left.onnx -> /uros_ws/Brain_DEI/brain/install/smart/share/smart/models
[2.734s] copying models/right.onnx -> /uros_ws/Brain_DEI/brain/install/smart/share/smart/models
[2.735s] copying models/stopline_estimator.onnx -> /uros_ws/Brain_DEI/brain/install/smart/share/smart/models
[2.736s] copying models/about_dif.onnx -> /uros_ws/Brain_DEI/brain/install/smart/share/smart/models
[2.740s] copying models/round_about8001.onnx -> /uros_ws/Brain_DEI/brain/install/smart/share/smart/models
[2.741s] copying models/he_right.onnx -> /uros_ws/Brain_DEI/brain/install/smart/share/smart/models
[2.741s] copying models/round_out.onnx -> /uros_ws/Brain_DEI/brain/install/smart/share/smart/models
[2.741s] copying models/sign_yolo.onnx -> /uros_ws/Brain_DEI/brain/install/smart/share/smart/models
[2.774s] running install_egg_info
[2.822s] Copying ../../build/smart/smart.egg-info to /uros_ws/Brain_DEI/brain/install/smart/lib/python3.12/site-packages/smart-0.0.0-py3.12.egg-info
[2.824s] running install_scripts
[3.114s] Installing oak_camera_node script to /uros_ws/Brain_DEI/brain/install/smart/lib/smart
[3.114s] writing list of installed files to '/uros_ws/Brain_DEI/brain/build/smart/install.log'
[3.226s] Invoked command in '/uros_ws/Brain_DEI/brain/src/smart' returned '0': PYTHONPATH=/uros_ws/Brain_DEI/brain/build/smart/prefix_override:/usr/lib/python3/dist-packages/colcon_core/task/python/colcon_distutils_commands:/uros_ws/Brain_DEI/brain/install/smart/lib/python3.12/site-packages:${PYTHONPATH} /usr/bin/python3 -W ignore:setup.py install is deprecated -W ignore:easy_install command is deprecated setup.py egg_info --egg-base ../../build/smart build --build-base /uros_ws/Brain_DEI/brain/build/smart/build install --record /uros_ws/Brain_DEI/brain/build/smart/install.log --single-version-externally-managed install_data
