[2.470s] Invoking command in '/uros_ws/Brain_DEI/brain/src/input': PYTHONPATH=/uros_ws/Brain_DEI/brain/build/input/prefix_override:/usr/lib/python3/dist-packages/colcon_core/task/python/colcon_distutils_commands:/uros_ws/Brain_DEI/brain/install/input/lib/python3.12/site-packages:/uros_ws/Brain_DEI/brain/install/utils/lib/python3.12/site-packages:/uros_ws/Brain_DEI/brain/install/unix_out/lib/python3.12/site-packages:/uros_ws/Brain_DEI/brain/install/output/lib/python3.12/site-packages:/uros_ws/Brain_DEI/brain/install/input/lib/python3.12/site-packages:/uros_ws/Brain_DEI/brain/install/smart/lib/python3.12/site-packages:/uros_ws/install/micro_ros_msgs/lib/python3.12/site-packages:/opt/ros/jazzy/lib/python3.12/site-packages /usr/bin/python3 -W ignore:setup.py install is deprecated -W ignore:easy_install command is deprecated setup.py egg_info --egg-base ../../build/input build --build-base /uros_ws/Brain_DEI/brain/build/input/build install --record /uros_ws/Brain_DEI/brain/build/input/install.log --single-version-externally-managed install_data
[3.108s] running egg_info
[3.149s] writing ../../build/input/input.egg-info/PKG-INFO
[3.150s] writing dependency_links to ../../build/input/input.egg-info/dependency_links.txt
[3.150s] writing entry points to ../../build/input/input.egg-info/entry_points.txt
[3.151s] writing requirements to ../../build/input/input.egg-info/requires.txt
[3.151s] writing top-level names to ../../build/input/input.egg-info/top_level.txt
[3.243s] reading manifest file '../../build/input/input.egg-info/SOURCES.txt'
[3.245s] writing manifest file '../../build/input/input.egg-info/SOURCES.txt'
[3.246s] running build
[3.246s] running build_py
[3.248s] copying src/data/trafficBridge.py -> /uros_ws/Brain_DEI/brain/build/input/build/lib/data
[3.252s] copying src/data/trafficBridge.py -> /uros_ws/Brain_DEI/brain/build/input/build/lib/src/data
[3.259s] running install
[3.273s] running install_lib
[3.319s] copying /uros_ws/Brain_DEI/brain/build/input/build/lib/data/trafficBridge.py -> /uros_ws/Brain_DEI/brain/install/input/lib/python3.12/site-packages/data
[3.324s] copying /uros_ws/Brain_DEI/brain/build/input/build/lib/src/data/trafficBridge.py -> /uros_ws/Brain_DEI/brain/install/input/lib/python3.12/site-packages/src/data
[3.327s] byte-compiling /uros_ws/Brain_DEI/brain/install/input/lib/python3.12/site-packages/data/trafficBridge.py to trafficBridge.cpython-312.pyc
[3.333s] byte-compiling /uros_ws/Brain_DEI/brain/install/input/lib/python3.12/site-packages/src/data/trafficBridge.py to trafficBridge.cpython-312.pyc
[3.336s] running install_data
[3.336s] running install_egg_info
[3.384s] removing '/uros_ws/Brain_DEI/brain/install/input/lib/python3.12/site-packages/input-0.0.0-py3.12.egg-info' (and everything under it)
[3.385s] Copying ../../build/input/input.egg-info to /uros_ws/Brain_DEI/brain/install/input/lib/python3.12/site-packages/input-0.0.0-py3.12.egg-info
[3.388s] running install_scripts
[3.686s] Installing gpstrackerNODE script to /uros_ws/Brain_DEI/brain/install/input/lib/input
[3.687s] Installing imuNODE script to /uros_ws/Brain_DEI/brain/install/input/lib/input
[3.687s] Installing semaphoreBridgeNODE script to /uros_ws/Brain_DEI/brain/install/input/lib/input
[3.688s] Installing semaphoreNODE script to /uros_ws/Brain_DEI/brain/install/input/lib/input
[3.688s] Installing sonarNODE script to /uros_ws/Brain_DEI/brain/install/input/lib/input
[3.688s] Installing trafficBridgeNODE script to /uros_ws/Brain_DEI/brain/install/input/lib/input
[3.692s] writing list of installed files to '/uros_ws/Brain_DEI/brain/build/input/install.log'
[3.800s] Invoked command in '/uros_ws/Brain_DEI/brain/src/input' returned '0': PYTHONPATH=/uros_ws/Brain_DEI/brain/build/input/prefix_override:/usr/lib/python3/dist-packages/colcon_core/task/python/colcon_distutils_commands:/uros_ws/Brain_DEI/brain/install/input/lib/python3.12/site-packages:/uros_ws/Brain_DEI/brain/install/utils/lib/python3.12/site-packages:/uros_ws/Brain_DEI/brain/install/unix_out/lib/python3.12/site-packages:/uros_ws/Brain_DEI/brain/install/output/lib/python3.12/site-packages:/uros_ws/Brain_DEI/brain/install/input/lib/python3.12/site-packages:/uros_ws/Brain_DEI/brain/install/smart/lib/python3.12/site-packages:/uros_ws/install/micro_ros_msgs/lib/python3.12/site-packages:/opt/ros/jazzy/lib/python3.12/site-packages /usr/bin/python3 -W ignore:setup.py install is deprecated -W ignore:easy_install command is deprecated setup.py egg_info --egg-base ../../build/input build --build-base /uros_ws/Brain_DEI/brain/build/input/build install --record /uros_ws/Brain_DEI/brain/build/input/install.log --single-version-externally-managed install_data
